<html>
<body>
<pre>
<h1>µVision Build Log</h1>
<h2>Tool Versions:</h2>
IDE-Version: ¦ÌVision V5.39.0.0
Copyright (C) 2023 ARM Ltd and ARM Germany GmbH. All rights reserved.
License Information: 1 Administrator, 1, LIC=21E4T-RVWDP-GK0BG-VCE8G-36TJP-PCQZM
 
Tool Versions:
Toolchain:       MDK-ARM Plus  Version: 5.39.0.0
Toolchain Path:  D:\Keil_v5\ARM\ARMCC\Bin
C Compiler:      Armcc.exe V5.06 update 7 (build 960)
Assembler:       Armasm.exe V5.06 update 7 (build 960)
Linker/Locator:  ArmLink.exe V5.06 update 7 (build 960)
Library Manager: ArmAr.exe V5.06 update 7 (build 960)
Hex Converter:   FromElf.exe V5.06 update 7 (build 960)
CPU DLL:         SARMCM3.DLL V5.39.0.0
Dialog DLL:      DARMCM1.DLL V1.19.6.0
Target DLL:      Segger\JL2CM3.dll V2.99.38.0
Dialog DLL:      TARMCM1.DLL V1.14.6.0
 
<h2>Project:</h2>
E:\svn\HMI\DigiTech\K71\02-Soft\BOOT\V0.0.0\Printf.uvprojx
Project File Date:  10/22/2024

<h2>Output:</h2>
*** Using Compiler 'V5.06 update 7 (build 960)', folder: 'D:\Keil_v5\ARM\ARMCC\Bin'
*** Note: Rebuilding project, since 'Options->Output->Create Batch File' is selected.
Rebuild target 'N32G003'
assembling startup_n32g003.s...
compiling main.c...
compiling n32g003_it.c...
compiling delay.c...
compiling UartDrive.c...
compiling UartProtocol.c...
compiling iap.c...
compiling Timer.c...
compiling System.c...
compiling Param.c...
compiling state.c...
compiling misc.c...
compiling n32g003_adc.c...
compiling n32g003_rcc.c...
compiling n32g003_gpio.c...
compiling n32g003_tim.c...
compiling n32g003_uart.c...
compiling n32g003_flash.c...
compiling system_n32g003.c...
linking...
Program Size: Code=10904 RO-data=176 RW-data=76 ZI-data=2844  
FromELF: creating hex file...
After Build - User command #1: fromelf.exe --bin .\Objects\_5Button.axf -o  ./Output/_5Button.bin
".\Objects\_5Button.axf" - 0 Error(s), 0 Warning(s).

<h2>Software Packages used:</h2>

Package Vendor: Nationstech
                http://www.keil.com/pack/Nationstech.N32G003_DFP.1.0.1.pack
                Nationstech::N32G003_DFP@1.0.1
                Nationstech N32G003 Series Device Support, Drivers and Examples

<h2>Collection of Component include folders:</h2>
  D:/Keil_v5/Packs/Nations/N32G003_DFP/1.0.0/firmware/CMSIS/device

<h2>Collection of Component Files used:</h2>
Build Time Elapsed:  00:00:14
</pre>
</body>
</html>
