Component: ARM Compiler 5.06 update 7 (build 960) Tool: armlink [4d3601]

==============================================================================

Section Cross References

    startup_n32g003.o(RESET) refers to startup_n32g003.o(STACK) for __initial_sp
    startup_n32g003.o(RESET) refers to startup_n32g003.o(.text) for Reset_Handler
    startup_n32g003.o(RESET) refers to n32g003_it.o(.text) for NMI_Handler
    startup_n32g003.o(RESET) refers to timer.o(.text) for TIM3_IRQHandler
    startup_n32g003.o(RESET) refers to uartdrive.o(.text) for UART1_IRQHandler
    startup_n32g003.o(.text) refers to system_n32g003.o(.text) for System_Initializes
    startup_n32g003.o(.text) refers to entry.o(.ARM.Collect$$$$00000000) for __main
    main.o(.text) refers to system.o(.text) for SYSTEM_Init
    main.o(.text) refers to uartdrive.o(.text) for UART_DRIVE_Init
    main.o(.text) refers to uartprotocol.o(.text) for UART_PROTOCOL_Init
    main.o(.text) refers to timer.o(.text) for TIMER_Init
    uartdrive.o(.text) refers to n32g003_rcc.o(.text) for RCC_APB_Peripheral_Clock_Enable
    uartdrive.o(.text) refers to n32g003_gpio.o(.text) for GPIO_Structure_Initialize
    uartdrive.o(.text) refers to n32g003_uart.o(.text) for UART_Initializes
    uartdrive.o(.text) refers to misc.o(.text) for NVIC_Initializes
    uartdrive.o(.text) refers to uartdrive.o(.bss) for .bss
    uartprotocol.o(.text) refers to uidiv.o(.text) for __aeabi_uidivmod
    uartprotocol.o(.text) refers to uartdrive.o(.text) for UART_DRIVE_RegisterDataSendService
    uartprotocol.o(.text) refers to iap.o(.text) for IAP_EraseAPPArea
    uartprotocol.o(.text) refers to uartprotocol.o(.bss) for .bss
    uartprotocol.o(.text) refers to uartprotocol.o(.data) for .data
    iap.o(.text) refers to n32g003_flash.o(.text) for FLASH_Word_Program
    iap.o(.text) refers to malloc.o(i.malloc) for malloc
    iap.o(.text) refers to malloc.o(i.free) for free
    iap.o(.text) refers to iap.o(.data) for .data
    timer.o(.text) refers to n32g003_rcc.o(.text) for RCC_APB_Peripheral_Clock_Enable
    timer.o(.text) refers to misc.o(.text) for NVIC_Initializes
    timer.o(.text) refers to n32g003_tim.o(.text) for TIM_Base_Struct_Initialize
    timer.o(.text) refers to uidiv.o(.text) for __aeabi_uidivmod
    timer.o(.text) refers to timer.o(.bss) for .bss
    system.o(.text) refers to n32g003_rcc.o(.text) for RCC_Reset
    system.o(.text) refers to system_n32g003.o(.text) for System_Core_Clock_Frequency_Update
    system.o(.text) refers to n32g003_tim.o(.text) for TIM_Interrupt_Disable
    system.o(.text) refers to n32g003_uart.o(.text) for UART_Interrput_Disable
    state.o(.text) refers to timer.o(.text) for TIMER_AddTask
    state.o(.text) refers to iap.o(.text) for IAP_FlashReadWord
    state.o(.text) refers to memseta.o(.text) for __aeabi_memclr4
    state.o(.text) refers to state.o(.data) for .data
    n32g003_adc.o(.text) refers to n32g003_rcc.o(.text) for RCC_Peripheral_Reset
    n32g003_rcc.o(.text) refers to uidiv.o(.text) for __aeabi_uidivmod
    n32g003_rcc.o(.text) refers to n32g003_rcc.o(.data) for .data
    n32g003_gpio.o(.text) refers to n32g003_rcc.o(.text) for RCC_Peripheral_Reset
    n32g003_tim.o(.text) refers to n32g003_rcc.o(.text) for RCC_Peripheral_Reset
    n32g003_uart.o(.text) refers to n32g003_rcc.o(.text) for RCC_Peripheral_Reset
    n32g003_uart.o(.text) refers to uidiv.o(.text) for __aeabi_uidivmod
    system_n32g003.o(.text) refers to uidiv.o(.text) for __aeabi_uidivmod
    system_n32g003.o(.text) refers to n32g003_rcc.o(.text) for RCC_Sysclk_Config
    system_n32g003.o(.text) refers to system_n32g003.o(.data) for .data
    system_n32g003.o(.text) refers to system_n32g003.o(.constdata) for .constdata
    entry.o(.ARM.Collect$$$$00000000) refers (Special) to entry10a.o(.ARM.Collect$$$$0000000F) for __rt_final_cpp
    entry.o(.ARM.Collect$$$$00000000) refers (Special) to entry11a.o(.ARM.Collect$$$$00000011) for __rt_final_exit
    entry.o(.ARM.Collect$$$$00000000) refers (Special) to entry12b.o(.ARM.Collect$$$$0000000E) for __rt_lib_shutdown_fini
    entry.o(.ARM.Collect$$$$00000000) refers (Special) to entry7b.o(.ARM.Collect$$$$00000008) for _main_clock
    entry.o(.ARM.Collect$$$$00000000) refers (Special) to entry8b.o(.ARM.Collect$$$$0000000A) for _main_cpp_init
    entry.o(.ARM.Collect$$$$00000000) refers (Special) to entry9a.o(.ARM.Collect$$$$0000000B) for _main_init
    entry.o(.ARM.Collect$$$$00000000) refers (Special) to entry5.o(.ARM.Collect$$$$00000004) for _main_scatterload
    entry.o(.ARM.Collect$$$$00000000) refers (Special) to entry2.o(.ARM.Collect$$$$00000001) for _main_stk
    malloc.o(i.free) refers to mvars.o(.data) for __microlib_freelist
    malloc.o(i.malloc) refers to mvars.o(.data) for __microlib_freelist_initialised
    malloc.o(i.malloc) refers to mvars.o(.data) for __microlib_freelist
    malloc.o(i.malloc) refers to startup_n32g003.o(HEAP) for __heap_base
    mallocr.o(i.__free$realloc) refers to mvars.o(.data) for __microlib_freelist
    mallocr.o(i.__malloc$realloc) refers to mallocr.o(i.internal_alloc) for internal_alloc
    mallocr.o(i.__malloc$realloc) refers to mvars.o(.data) for __microlib_freelist_initialised
    mallocr.o(i.__malloc$realloc) refers to startup_n32g003.o(HEAP) for __heap_base
    mallocr.o(i.__malloc$realloc) refers to mvars.o(.data) for __microlib_freelist
    mallocr.o(i.internal_alloc) refers to memcpya.o(.text) for __aeabi_memcpy
    mallocr.o(i.internal_alloc) refers to mvars.o(.data) for __microlib_freelist
    mallocr.o(i.realloc) refers to mallocr.o(i.__free$realloc) for __free$realloc
    mallocr.o(i.realloc) refers to mallocr.o(i.internal_alloc) for internal_alloc
    mallocr.o(i.realloc) refers to mallocr.o(i.__malloc$realloc) for __malloc$realloc
    mallocr.o(i.realloc) refers to mvars.o(.data) for __microlib_freelist
    malloca.o(i.__aligned_malloc) refers to mvars.o(.data) for __microlib_freelist
    malloca.o(i.__aligned_malloc) refers to mvars.o(.data) for __microlib_freelist_initialised
    malloca.o(i.__aligned_malloc) refers to startup_n32g003.o(HEAP) for __heap_base
    malloca.o(i.__free$memalign) refers to mvars.o(.data) for __microlib_freelist
    malloca.o(i.__malloc$memalign) refers to malloca.o(i.__aligned_malloc) for __aligned_malloc
    mallocra.o(i.__aligned_malloc$realloc) refers to mallocra.o(i.internal_alloc) for internal_alloc
    mallocra.o(i.__aligned_malloc$realloc) refers to startup_n32g003.o(HEAP) for __heap_base
    mallocra.o(i.__aligned_malloc$realloc) refers to mvars.o(.data) for __microlib_freelist
    mallocra.o(i.__aligned_malloc$realloc) refers to mvars.o(.data) for __microlib_freelist_initialised
    mallocra.o(i.__free$realloc$memalign) refers to mvars.o(.data) for __microlib_freelist
    mallocra.o(i.__malloc$realloc$memalign) refers to mallocra.o(i.__aligned_malloc$realloc) for __aligned_malloc$realloc
    mallocra.o(i.__realloc$memalign) refers to mallocra.o(i.__free$realloc$memalign) for __free$realloc$memalign
    mallocra.o(i.__realloc$memalign) refers to mallocra.o(i.internal_alloc) for internal_alloc
    mallocra.o(i.__realloc$memalign) refers to mallocra.o(i.__malloc$realloc$memalign) for __malloc$realloc$memalign
    mallocra.o(i.__realloc$memalign) refers to mvars.o(.data) for __microlib_freelist
    mallocra.o(i.internal_alloc) refers to memcpya.o(.text) for __aeabi_memcpy
    mallocra.o(i.internal_alloc) refers to mvars.o(.data) for __microlib_freelist
    entry2.o(.ARM.Collect$$$$00000001) refers to entry2.o(.ARM.Collect$$$$00002712) for __lit__00000000
    entry2.o(.ARM.Collect$$$$00002712) refers to startup_n32g003.o(STACK) for __initial_sp
    entry2.o(__vectab_stack_and_reset_area) refers to startup_n32g003.o(STACK) for __initial_sp
    entry2.o(__vectab_stack_and_reset_area) refers to entry.o(.ARM.Collect$$$$00000000) for __main
    entry5.o(.ARM.Collect$$$$00000004) refers to init.o(.text) for __scatterload
    entry9a.o(.ARM.Collect$$$$0000000B) refers to main.o(.text) for main
    entry9b.o(.ARM.Collect$$$$0000000C) refers to main.o(.text) for main
    init.o(.text) refers to entry5.o(.ARM.Collect$$$$00000004) for __main_after_scatterload


==============================================================================

Removing Unused input sections from the image.

    Removing main.o(.emb_text), (8 bytes).
    Removing main.o(.data), (4 bytes).
    Removing main.o(.data), (8 bytes).
    Removing n32g003_it.o(.emb_text), (8 bytes).
    Removing delay.o(.emb_text), (8 bytes).
    Removing delay.o(.text), (72 bytes).
    Removing uartdrive.o(.emb_text), (8 bytes).
    Removing uartprotocol.o(.emb_text), (8 bytes).
    Removing iap.o(.emb_text), (8 bytes).
    Removing iap.o(.bss), (16 bytes).
    Removing timer.o(.emb_text), (8 bytes).
    Removing system.o(.emb_text), (8 bytes).
    Removing param.o(.emb_text), (8 bytes).
    Removing state.o(.emb_text), (8 bytes).
    Removing state.o(.text), (152 bytes).
    Removing state.o(.data), (9 bytes).
    Removing misc.o(.emb_text), (8 bytes).
    Removing n32g003_adc.o(.emb_text), (8 bytes).
    Removing n32g003_adc.o(.text), (648 bytes).
    Removing n32g003_rcc.o(.emb_text), (8 bytes).
    Removing n32g003_gpio.o(.emb_text), (8 bytes).
    Removing n32g003_tim.o(.emb_text), (8 bytes).
    Removing n32g003_uart.o(.emb_text), (8 bytes).
    Removing n32g003_flash.o(.emb_text), (8 bytes).
    Removing system_n32g003.o(.emb_text), (8 bytes).

25 unused section(s) (total 1053 bytes) removed from the image.

==============================================================================

Image Symbol Table

    Local Symbols

    Symbol Name                              Value     Ov Type        Size  Object(Section)

    ../clib/microlib/division.c              0x00000000   Number         0  uidiv.o ABSOLUTE
    ../clib/microlib/init/entry.s            0x00000000   Number         0  entry2.o ABSOLUTE
    ../clib/microlib/init/entry.s            0x00000000   Number         0  entry9b.o ABSOLUTE
    ../clib/microlib/init/entry.s            0x00000000   Number         0  entry10a.o ABSOLUTE
    ../clib/microlib/init/entry.s            0x00000000   Number         0  entry10b.o ABSOLUTE
    ../clib/microlib/init/entry.s            0x00000000   Number         0  entry11a.o ABSOLUTE
    ../clib/microlib/init/entry.s            0x00000000   Number         0  entry12a.o ABSOLUTE
    ../clib/microlib/init/entry.s            0x00000000   Number         0  entry.o ABSOLUTE
    ../clib/microlib/init/entry.s            0x00000000   Number         0  entry12b.o ABSOLUTE
    ../clib/microlib/init/entry.s            0x00000000   Number         0  entry11b.o ABSOLUTE
    ../clib/microlib/init/entry.s            0x00000000   Number         0  entry9a.o ABSOLUTE
    ../clib/microlib/init/entry.s            0x00000000   Number         0  entry8b.o ABSOLUTE
    ../clib/microlib/init/entry.s            0x00000000   Number         0  entry8a.o ABSOLUTE
    ../clib/microlib/init/entry.s            0x00000000   Number         0  entry7b.o ABSOLUTE
    ../clib/microlib/init/entry.s            0x00000000   Number         0  entry7a.o ABSOLUTE
    ../clib/microlib/init/entry.s            0x00000000   Number         0  entry5.o ABSOLUTE
    ../clib/microlib/malloc/malloc.c         0x00000000   Number         0  mallocra.o ABSOLUTE
    ../clib/microlib/malloc/malloc.c         0x00000000   Number         0  malloca.o ABSOLUTE
    ../clib/microlib/malloc/malloc.c         0x00000000   Number         0  mallocr.o ABSOLUTE
    ../clib/microlib/malloc/malloc.c         0x00000000   Number         0  malloc.o ABSOLUTE
    ../clib/microlib/malloc/mvars.c          0x00000000   Number         0  mvars.o ABSOLUTE
    ../clib/microlib/string/memcpy.c         0x00000000   Number         0  memcpya.o ABSOLUTE
    ../clib/microlib/string/memcpy.c         0x00000000   Number         0  memcpyb.o ABSOLUTE
    ../clib/microlib/string/memset.c         0x00000000   Number         0  memseta.o ABSOLUTE
    CMSIS\\device\\system_n32g003.c          0x00000000   Number         0  system_n32g003.o ABSOLUTE
    CMSIS\device\startup\startup_n32g003.s   0x00000000   Number         0  startup_n32g003.o ABSOLUTE
    CMSIS\device\system_n32g003.c            0x00000000   Number         0  system_n32g003.o ABSOLUTE
    Libraries\\src\\misc.c                   0x00000000   Number         0  misc.o ABSOLUTE
    Libraries\\src\\n32g003_adc.c            0x00000000   Number         0  n32g003_adc.o ABSOLUTE
    Libraries\\src\\n32g003_flash.c          0x00000000   Number         0  n32g003_flash.o ABSOLUTE
    Libraries\\src\\n32g003_gpio.c           0x00000000   Number         0  n32g003_gpio.o ABSOLUTE
    Libraries\\src\\n32g003_rcc.c            0x00000000   Number         0  n32g003_rcc.o ABSOLUTE
    Libraries\\src\\n32g003_tim.c            0x00000000   Number         0  n32g003_tim.o ABSOLUTE
    Libraries\\src\\n32g003_uart.c           0x00000000   Number         0  n32g003_uart.o ABSOLUTE
    Libraries\src\misc.c                     0x00000000   Number         0  misc.o ABSOLUTE
    Libraries\src\n32g003_adc.c              0x00000000   Number         0  n32g003_adc.o ABSOLUTE
    Libraries\src\n32g003_flash.c            0x00000000   Number         0  n32g003_flash.o ABSOLUTE
    Libraries\src\n32g003_gpio.c             0x00000000   Number         0  n32g003_gpio.o ABSOLUTE
    Libraries\src\n32g003_rcc.c              0x00000000   Number         0  n32g003_rcc.o ABSOLUTE
    Libraries\src\n32g003_tim.c              0x00000000   Number         0  n32g003_tim.o ABSOLUTE
    Libraries\src\n32g003_uart.c             0x00000000   Number         0  n32g003_uart.o ABSOLUTE
    USER\Main\main.c                         0x00000000   Number         0  main.o ABSOLUTE
    USER\Param.c                             0x00000000   Number         0  param.o ABSOLUTE
    USER\System.c                            0x00000000   Number         0  system.o ABSOLUTE
    USER\Timer\Timer.c                       0x00000000   Number         0  timer.o ABSOLUTE
    USER\Uart\UartDrive.c                    0x00000000   Number         0  uartdrive.o ABSOLUTE
    USER\Uart\UartProtocol.c                 0x00000000   Number         0  uartprotocol.o ABSOLUTE
    USER\\Main\\main.c                       0x00000000   Number         0  main.o ABSOLUTE
    USER\\Param.c                            0x00000000   Number         0  param.o ABSOLUTE
    USER\\System.c                           0x00000000   Number         0  system.o ABSOLUTE
    USER\\Timer\\Timer.c                     0x00000000   Number         0  timer.o ABSOLUTE
    USER\\Uart\\UartDrive.c                  0x00000000   Number         0  uartdrive.o ABSOLUTE
    USER\\Uart\\UartProtocol.c               0x00000000   Number         0  uartprotocol.o ABSOLUTE
    USER\\delay\\delay.c                     0x00000000   Number         0  delay.o ABSOLUTE
    USER\\iap.c                              0x00000000   Number         0  iap.o ABSOLUTE
    USER\\n32g003_it.c                       0x00000000   Number         0  n32g003_it.o ABSOLUTE
    USER\\state.c                            0x00000000   Number         0  state.o ABSOLUTE
    USER\delay\delay.c                       0x00000000   Number         0  delay.o ABSOLUTE
    USER\iap.c                               0x00000000   Number         0  iap.o ABSOLUTE
    USER\n32g003_it.c                        0x00000000   Number         0  n32g003_it.o ABSOLUTE
    USER\state.c                             0x00000000   Number         0  state.o ABSOLUTE
    dc.s                                     0x00000000   Number         0  dc.o ABSOLUTE
    handlers.s                               0x00000000   Number         0  handlers.o ABSOLUTE
    init.s                                   0x00000000   Number         0  init.o ABSOLUTE
    RESET                                    0x08000000   Section      128  startup_n32g003.o(RESET)
    .ARM.Collect$$$$00000000                 0x08000080   Section        0  entry.o(.ARM.Collect$$$$00000000)
    .ARM.Collect$$$$00000001                 0x08000080   Section        4  entry2.o(.ARM.Collect$$$$00000001)
    .ARM.Collect$$$$00000004                 0x08000084   Section        4  entry5.o(.ARM.Collect$$$$00000004)
    .ARM.Collect$$$$00000008                 0x08000088   Section        0  entry7b.o(.ARM.Collect$$$$00000008)
    .ARM.Collect$$$$0000000A                 0x08000088   Section        0  entry8b.o(.ARM.Collect$$$$0000000A)
    .ARM.Collect$$$$0000000B                 0x08000088   Section        8  entry9a.o(.ARM.Collect$$$$0000000B)
    .ARM.Collect$$$$0000000E                 0x08000090   Section        4  entry12b.o(.ARM.Collect$$$$0000000E)
    .ARM.Collect$$$$0000000F                 0x08000094   Section        0  entry10a.o(.ARM.Collect$$$$0000000F)
    .ARM.Collect$$$$00000011                 0x08000094   Section        0  entry11a.o(.ARM.Collect$$$$00000011)
    .ARM.Collect$$$$00002712                 0x08000094   Section        4  entry2.o(.ARM.Collect$$$$00002712)
    __lit__00000000                          0x08000094   Data           4  entry2.o(.ARM.Collect$$$$00002712)
    .text                                    0x08000098   Section       28  startup_n32g003.o(.text)
    .text                                    0x080000b4   Section        0  main.o(.text)
    .text                                    0x080000f4   Section        0  n32g003_it.o(.text)
    .text                                    0x08000100   Section        0  uartdrive.o(.text)
    .text                                    0x080003a8   Section        0  uartprotocol.o(.text)
    .text                                    0x0800080c   Section        0  iap.o(.text)
    .text                                    0x08000d1c   Section        0  timer.o(.text)
    .text                                    0x08000fa0   Section        0  system.o(.text)
    .text                                    0x08000ff0   Section        0  misc.o(.text)
    .text                                    0x08001090   Section        0  n32g003_rcc.o(.text)
    .text                                    0x080012f8   Section        0  n32g003_gpio.o(.text)
    .text                                    0x080015d8   Section        0  n32g003_tim.o(.text)
    .text                                    0x08001ff0   Section        0  n32g003_uart.o(.text)
    .text                                    0x080021ec   Section        0  n32g003_flash.o(.text)
    .text                                    0x08002794   Section        0  system_n32g003.o(.text)
    System_Clock_Set                         0x08002835   Thumb Code    90  system_n32g003.o(.text)
    .text                                    0x080028c0   Section        0  uidiv.o(.text)
    .text                                    0x080028ec   Section       36  init.o(.text)
    i.__scatterload_copy                     0x08002910   Section       14  handlers.o(i.__scatterload_copy)
    i.__scatterload_null                     0x0800291e   Section        2  handlers.o(i.__scatterload_null)
    i.__scatterload_zeroinit                 0x08002920   Section       14  handlers.o(i.__scatterload_zeroinit)
    i.free                                   0x08002930   Section        0  malloc.o(i.free)
    i.malloc                                 0x08002984   Section        0  malloc.o(i.malloc)
    .constdata                               0x080029f0   Section       16  system_n32g003.o(.constdata)
    .data                                    0x20000000   Section        3  uartprotocol.o(.data)
    arrbuf                                   0x20000000   Data           3  uartprotocol.o(.data)
    .data                                    0x20000004   Section        4  iap.o(.data)
    .data                                    0x20000008   Section       44  n32g003_rcc.o(.data)
    ADC1MCLKPresTable                        0x20000008   Data           4  n32g003_rcc.o(.data)
    APBPresTable                             0x2000000c   Data           8  n32g003_rcc.o(.data)
    AHBPresTable                             0x20000014   Data          16  n32g003_rcc.o(.data)
    ADCCLKPresTable                          0x20000024   Data          16  n32g003_rcc.o(.data)
    .data                                    0x20000034   Section        4  system_n32g003.o(.data)
    .data                                    0x20000038   Section        4  mvars.o(.data)
    .data                                    0x2000003c   Section        4  mvars.o(.data)
    .bss                                     0x20000040   Section      220  uartdrive.o(.bss)
    .bss                                     0x2000011c   Section      872  uartprotocol.o(.bss)
    .bss                                     0x20000484   Section      132  timer.o(.bss)
    HEAP                                     0x20000508   Section      512  startup_n32g003.o(HEAP)
    STACK                                    0x20000708   Section     1024  startup_n32g003.o(STACK)

    Global Symbols

    Symbol Name                              Value     Ov Type        Size  Object(Section)

    BuildAttributes$$THM_ISAv3M$S$PE$A:L22$X:L11$S22$IEEE1$IW$USESV6$~STKCKD$USESV7$~SHL$OSPACE$EBA8$MICROLIB$REQ8$PRES8$EABIv2 0x00000000   Number         0  anon$$obj.o ABSOLUTE
    __ARM_use_no_argv                        0x00000000   Number         0  main.o ABSOLUTE
    __arm_fini_                               - Undefined Weak Reference
    __cpp_initialize__aeabi_                  - Undefined Weak Reference
    __cxa_finalize                            - Undefined Weak Reference
    __decompress                              - Undefined Weak Reference
    _clock_init                               - Undefined Weak Reference
    _microlib_exit                            - Undefined Weak Reference
    __Vectors_Size                           0x00000080   Number         0  startup_n32g003.o ABSOLUTE
    __Vectors                                0x08000000   Data           4  startup_n32g003.o(RESET)
    __Vectors_End                            0x08000080   Data           0  startup_n32g003.o(RESET)
    __main                                   0x08000081   Thumb Code     0  entry.o(.ARM.Collect$$$$00000000)
    _main_stk                                0x08000081   Thumb Code     0  entry2.o(.ARM.Collect$$$$00000001)
    _main_scatterload                        0x08000085   Thumb Code     0  entry5.o(.ARM.Collect$$$$00000004)
    __main_after_scatterload                 0x08000089   Thumb Code     0  entry5.o(.ARM.Collect$$$$00000004)
    _main_clock                              0x08000089   Thumb Code     0  entry7b.o(.ARM.Collect$$$$00000008)
    _main_cpp_init                           0x08000089   Thumb Code     0  entry8b.o(.ARM.Collect$$$$0000000A)
    _main_init                               0x08000089   Thumb Code     0  entry9a.o(.ARM.Collect$$$$0000000B)
    __rt_lib_shutdown_fini                   0x08000091   Thumb Code     0  entry12b.o(.ARM.Collect$$$$0000000E)
    __rt_final_cpp                           0x08000095   Thumb Code     0  entry10a.o(.ARM.Collect$$$$0000000F)
    __rt_final_exit                          0x08000095   Thumb Code     0  entry11a.o(.ARM.Collect$$$$00000011)
    Reset_Handler                            0x08000099   Thumb Code     8  startup_n32g003.o(.text)
    ADC_IRQHandler                           0x080000ab   Thumb Code     0  startup_n32g003.o(.text)
    COMP_IRQHandler                          0x080000ab   Thumb Code     0  startup_n32g003.o(.text)
    EXTI0_1_IRQHandler                       0x080000ab   Thumb Code     0  startup_n32g003.o(.text)
    EXTI2_3_IRQHandler                       0x080000ab   Thumb Code     0  startup_n32g003.o(.text)
    EXTI4_17_IRQHandler                      0x080000ab   Thumb Code     0  startup_n32g003.o(.text)
    FLASH_IRQHandler                         0x080000ab   Thumb Code     0  startup_n32g003.o(.text)
    I2C_ER_IRQHandler                        0x080000ab   Thumb Code     0  startup_n32g003.o(.text)
    I2C_EV_IRQHandler                        0x080000ab   Thumb Code     0  startup_n32g003.o(.text)
    PVD_IRQHandler                           0x080000ab   Thumb Code     0  startup_n32g003.o(.text)
    SPI_IRQHandler                           0x080000ab   Thumb Code     0  startup_n32g003.o(.text)
    TIM1_BRK_UP_TRG_COM_IRQHandler           0x080000ab   Thumb Code     0  startup_n32g003.o(.text)
    TIM1_CC_IRQHandler                       0x080000ab   Thumb Code     0  startup_n32g003.o(.text)
    TIM6_IRQHandler                          0x080000ab   Thumb Code     0  startup_n32g003.o(.text)
    UART2_IRQHandler                         0x080000ab   Thumb Code     0  startup_n32g003.o(.text)
    main                                     0x080000b5   Thumb Code    58  main.o(.text)
    NMI_Handler                              0x080000f5   Thumb Code     2  n32g003_it.o(.text)
    HardFault_Handler                        0x080000f7   Thumb Code     2  n32g003_it.o(.text)
    SVC_Handler                              0x080000f9   Thumb Code     2  n32g003_it.o(.text)
    PendSV_Handler                           0x080000fb   Thumb Code     2  n32g003_it.o(.text)
    SysTick_Handler                          0x080000fd   Thumb Code     2  n32g003_it.o(.text)
    UART_DRIVE_DataStructInit                0x08000101   Thumb Code    40  uartdrive.o(.text)
    UART_DRIVE_HwInit                        0x08000129   Thumb Code   116  uartdrive.o(.text)
    UART_DRIVE_Init                          0x0800019d   Thumb Code    14  uartdrive.o(.text)
    UART_DRIVE_IR_StartSendData              0x080001ab   Thumb Code    22  uartdrive.o(.text)
    UART_DRIVE_TxProcess                     0x080001c1   Thumb Code    68  uartdrive.o(.text)
    UART_DRIVE_Process                       0x08000205   Thumb Code     4  uartdrive.o(.text)
    UART_DRIVE_RegisterDataSendService       0x08000209   Thumb Code     6  uartdrive.o(.text)
    UART1_IRQHandler                         0x0800020f   Thumb Code   188  uartdrive.o(.text)
    UART_DRIVE_BC_SendData                   0x080002cb   Thumb Code    26  uartdrive.o(.text)
    UART_DRIVE_BC_StartTx                    0x080002e5   Thumb Code    76  uartdrive.o(.text)
    UART_DRIVE_AddTxArray                    0x08000331   Thumb Code    96  uartdrive.o(.text)
    UART_PROTOCOL_StartTimeoutCheckTask      0x080003a9   Thumb Code     2  uartprotocol.o(.text)
    UART_PROTOCOL_RegisterDataSendService    0x080003ab   Thumb Code     6  uartprotocol.o(.text)
    UART_PROTOCOL_MacProcess                 0x080003b1   Thumb Code    46  uartprotocol.o(.text)
    UART_PROTOCOL_DataStructInit             0x080003df   Thumb Code    86  uartprotocol.o(.text)
    UART_PROTOCOL_Init                       0x08000435   Thumb Code    24  uartprotocol.o(.text)
    UART_PROTOCOL_TxStateProcess             0x0800044d   Thumb Code    70  uartprotocol.o(.text)
    UART_PROTOCOL_TxAddFrame                 0x08000493   Thumb Code   148  uartprotocol.o(.text)
    UART_PROTOCOL_TxAddData                  0x08000527   Thumb Code    54  uartprotocol.o(.text)
    UART_PROTOCOL_SendCmdWithResult          0x0800055d   Thumb Code    42  uartprotocol.o(.text)
    UART_PROTOCOL_CmdFrameProcess            0x08000587   Thumb Code   198  uartprotocol.o(.text)
    UART_PROTOCOL_ConfirmTempCmdFrameBuff    0x0800064d   Thumb Code    58  uartprotocol.o(.text)
    UART_PROTOCOL_CheckSUM                   0x08000687   Thumb Code    60  uartprotocol.o(.text)
    UART_PROTOCOL_RxFIFOProcess              0x080006c3   Thumb Code   250  uartprotocol.o(.text)
    UART_PROTOCOL_Process                    0x080007bd   Thumb Code    20  uartprotocol.o(.text)
    UART_PROTOCOL_SetTxAtOnceRequest         0x080007d1   Thumb Code     2  uartprotocol.o(.text)
    UART_PROTOCOL_CALLBACK_SetTxPeriodRequest 0x080007d3   Thumb Code     2  uartprotocol.o(.text)
    UART_PROTOCOL_DataCommunicationSequenceProcess 0x080007d5   Thumb Code     2  uartprotocol.o(.text)
    UART_PROTOCOL_CALLBACK_UartBusError      0x080007d7   Thumb Code     2  uartprotocol.o(.text)
    UART_PROTOCOL_ReportCmd                  0x080007d9   Thumb Code    34  uartprotocol.o(.text)
    UART_PROTOCOL_SendCmdCheckKeyValue       0x080007fb   Thumb Code     6  uartprotocol.o(.text)
    UP_Finish_Report                         0x08000801   Thumb Code     6  uartprotocol.o(.text)
    IAP_RunAPP                               0x0800080d   Thumb Code    38  iap.o(.text)
    IAP_JumpToAppFun                         0x08000833   Thumb Code    30  iap.o(.text)
    IAP_CmpareN                              0x08000851   Thumb Code    30  iap.o(.text)
    IAP_Init                                 0x0800086f   Thumb Code     2  iap.o(.text)
    IAP_FlashReadWord                        0x08000871   Thumb Code     4  iap.o(.text)
    IAP_FlashWriteWordArrayAndCheck          0x08000875   Thumb Code    64  iap.o(.text)
    IAP_FlashWriteWordArray                  0x080008b5   Thumb Code    70  iap.o(.text)
    IAP_WriteAppBin                          0x080008fb   Thumb Code   112  iap.o(.text)
    IAP_EraseAPPArea                         0x0800096b   Thumb Code    50  iap.o(.text)
    IAP_FlashReadWordArray                   0x0800099d   Thumb Code   212  iap.o(.text)
    IAP_FlashReadByteArray                   0x08000a71   Thumb Code   176  iap.o(.text)
    IAP_FlashWriteWordArrayWithErase         0x08000b21   Thumb Code   286  iap.o(.text)
    IAP_FLASH_WriteByteWithErase             0x08000c3f   Thumb Code   176  iap.o(.text)
    app_flag_write                           0x08000cef   Thumb Code    44  iap.o(.text)
    Time3_Init                               0x08000d1d   Thumb Code    74  timer.o(.text)
    TIMER_AddToQueue                         0x08000d67   Thumb Code    66  timer.o(.text)
    TIMER_CALLBACK_OnTimer                   0x08000da9   Thumb Code    96  timer.o(.text)
    TIM3_IRQHandler                          0x08000e09   Thumb Code    30  timer.o(.text)
    TIMER_StartTimerx                        0x08000e27   Thumb Code    10  timer.o(.text)
    TIMER_StopTimerx                         0x08000e31   Thumb Code    10  timer.o(.text)
    TIMER_DoNothing                          0x08000e3b   Thumb Code     2  timer.o(.text)
    TIMER_Init                               0x08000e3d   Thumb Code    60  timer.o(.text)
    TIMER_AddTask                            0x08000e79   Thumb Code    48  timer.o(.text)
    TIMER_KillTask                           0x08000ea9   Thumb Code    70  timer.o(.text)
    TIMER_TaskQueueProcess                   0x08000eef   Thumb Code    42  timer.o(.text)
    TIMER_Pause                              0x08000f19   Thumb Code    22  timer.o(.text)
    TIMER_Resume                             0x08000f2f   Thumb Code    22  timer.o(.text)
    TIMER_KillAllTimer                       0x08000f45   Thumb Code    36  timer.o(.text)
    TIMER_ResetTimer                         0x08000f69   Thumb Code    22  timer.o(.text)
    TIMER_ChangeTime                         0x08000f7f   Thumb Code    16  timer.o(.text)
    SYSTEM_Init                              0x08000fa1   Thumb Code    12  system.o(.text)
    SYSTEM_Rst                               0x08000fad   Thumb Code    48  system.o(.text)
    NVIC_Initializes                         0x08000ff1   Thumb Code   102  misc.o(.text)
    NVIC_System_LowPower_Enable              0x08001057   Thumb Code    10  misc.o(.text)
    NVIC_System_Low_Power_Disable            0x08001061   Thumb Code    10  misc.o(.text)
    SysTick_Clock_Source_Set                 0x0800106b   Thumb Code    20  misc.o(.text)
    RCC_Reset                                0x08001091   Thumb Code    46  n32g003_rcc.o(.text)
    RCC_HSI_Calibration_Value_Set            0x080010bf   Thumb Code    16  n32g003_rcc.o(.text)
    RCC_LSI_Calibration_Value_Set            0x080010cf   Thumb Code    16  n32g003_rcc.o(.text)
    RCC_Sysclk_Config                        0x080010df   Thumb Code    16  n32g003_rcc.o(.text)
    RCC_Hclk_Config                          0x080010ef   Thumb Code    14  n32g003_rcc.o(.text)
    RCC_Pclk_Config                          0x080010fd   Thumb Code    16  n32g003_rcc.o(.text)
    RCC_TIM1_Clock_Config                    0x0800110d   Thumb Code    14  n32g003_rcc.o(.text)
    RCC_ADC_1M_Clock_Config                  0x0800111b   Thumb Code    16  n32g003_rcc.o(.text)
    RCC_ADC_Clock_Config                     0x0800112b   Thumb Code    14  n32g003_rcc.o(.text)
    RCC_TIM6_Clock_Config                    0x08001139   Thumb Code    14  n32g003_rcc.o(.text)
    RCC_Clocks_Frequencies_Value_Get         0x08001147   Thumb Code   162  n32g003_rcc.o(.text)
    RCC_AHB_Peripheral_Clock_Enable          0x080011e9   Thumb Code    10  n32g003_rcc.o(.text)
    RCC_AHB_Peripheral_Clock_Disable         0x080011f3   Thumb Code    10  n32g003_rcc.o(.text)
    RCC_APB_Peripheral_Clock_Enable          0x080011fd   Thumb Code    10  n32g003_rcc.o(.text)
    RCC_APB_Peripheral_Clock_Disable         0x08001207   Thumb Code    10  n32g003_rcc.o(.text)
    RCC_Peripheral_Reset                     0x08001211   Thumb Code    16  n32g003_rcc.o(.text)
    RCC_MCO_Prescaler_Config                 0x08001221   Thumb Code    14  n32g003_rcc.o(.text)
    RCC_MCO_Source_Config                    0x0800122f   Thumb Code    16  n32g003_rcc.o(.text)
    RCC_Flag_Status_Get                      0x0800123f   Thumb Code    42  n32g003_rcc.o(.text)
    RCC_Reset_Flag_Clear                     0x08001269   Thumb Code    18  n32g003_rcc.o(.text)
    RCC_EMC_Reset_Disable                    0x0800127b   Thumb Code    12  n32g003_rcc.o(.text)
    RCC_EMC_Reset_Enable                     0x08001287   Thumb Code    12  n32g003_rcc.o(.text)
    RCC_EMC_Detect_Disable                   0x08001293   Thumb Code    12  n32g003_rcc.o(.text)
    RCC_EMC_Detect_Enable                    0x0800129f   Thumb Code    12  n32g003_rcc.o(.text)
    RCC_LSI_Detect_Disable                   0x080012ab   Thumb Code    12  n32g003_rcc.o(.text)
    RCC_LSI_Detect_Enable                    0x080012b7   Thumb Code    12  n32g003_rcc.o(.text)
    RCC_LSI_Clocks_Frequencies_Get           0x080012c3   Thumb Code    10  n32g003_rcc.o(.text)
    GPIO_Reset                               0x080012f9   Thumb Code    26  n32g003_gpio.o(.text)
    GPIO_Alternate_Function_Reset            0x08001313   Thumb Code    10  n32g003_gpio.o(.text)
    GPIOA_Pin_Reset                          0x0800131d   Thumb Code   170  n32g003_gpio.o(.text)
    GPIOB_Pin_Reset                          0x080013c7   Thumb Code    76  n32g003_gpio.o(.text)
    GPIO_Alternate_Set                       0x08001413   Thumb Code    38  n32g003_gpio.o(.text)
    GPIO_Mode_Set                            0x08001439   Thumb Code    58  n32g003_gpio.o(.text)
    GPIO_Pull_Set                            0x08001473   Thumb Code    20  n32g003_gpio.o(.text)
    GPIO_SlewRate_Set                        0x08001487   Thumb Code    18  n32g003_gpio.o(.text)
    GPIO_Driver_Set                          0x08001499   Thumb Code    18  n32g003_gpio.o(.text)
    GPIO_Peripheral_Initialize               0x080014ab   Thumb Code    80  n32g003_gpio.o(.text)
    GPIO_Structure_Initialize                0x080014fb   Thumb Code    20  n32g003_gpio.o(.text)
    GPIO_Input_Pin_Data_Get                  0x0800150f   Thumb Code    10  n32g003_gpio.o(.text)
    GPIO_Input_Data_Get                      0x08001519   Thumb Code     6  n32g003_gpio.o(.text)
    GPIO_Output_Pin_Data_Get                 0x0800151f   Thumb Code    10  n32g003_gpio.o(.text)
    GPIO_Output_Data_Get                     0x08001529   Thumb Code     6  n32g003_gpio.o(.text)
    GPIO_Pins_Set                            0x0800152f   Thumb Code     4  n32g003_gpio.o(.text)
    GPIO_Pins_Reset                          0x08001533   Thumb Code     4  n32g003_gpio.o(.text)
    GPIO_PBSC_Pins_Reset                     0x08001537   Thumb Code     6  n32g003_gpio.o(.text)
    GPIO_PBC_Pins_Reset                      0x0800153d   Thumb Code     4  n32g003_gpio.o(.text)
    GPIO_Write                               0x08001541   Thumb Code     4  n32g003_gpio.o(.text)
    GPIO_Pin_Toggle                          0x08001545   Thumb Code     8  n32g003_gpio.o(.text)
    GPIO_Pin_Lock_Set                        0x0800154d   Thumb Code    18  n32g003_gpio.o(.text)
    GPIO_Pin_Remap_Set                       0x0800155f   Thumb Code    48  n32g003_gpio.o(.text)
    AFIO_ADC_External_Trigger_Set            0x0800158f   Thumb Code    14  n32g003_gpio.o(.text)
    AFIO_SPI_NSS_Mode_Set                    0x0800159d   Thumb Code    22  n32g003_gpio.o(.text)
    AFIO_TIM3CH2_Remap                       0x080015b3   Thumb Code    22  n32g003_gpio.o(.text)
    TIM_Reset                                0x080015d9   Thumb Code    36  n32g003_tim.o(.text)
    TIM_Base_Count_Mode_Set                  0x080015fd   Thumb Code    12  n32g003_tim.o(.text)
    TIM_Base_Auto_Reload_Set                 0x08001609   Thumb Code     4  n32g003_tim.o(.text)
    TIM_Base_Prescaler_Set                   0x0800160d   Thumb Code     4  n32g003_tim.o(.text)
    TIM_Base_Reload_Mode_Set                 0x08001611   Thumb Code     4  n32g003_tim.o(.text)
    TIM_Base_Repeat_Count_Set                0x08001615   Thumb Code     4  n32g003_tim.o(.text)
    TIM_Base_Channel1                        0x08001619   Thumb Code    20  n32g003_tim.o(.text)
    TIM_Base_OCrefClear                      0x0800162d   Thumb Code    20  n32g003_tim.o(.text)
    TIM_Clock_Division_Set                   0x08001641   Thumb Code    18  n32g003_tim.o(.text)
    TIM_Base_Initialize                      0x08001653   Thumb Code    80  n32g003_tim.o(.text)
    TIM_Base_Struct_Initialize               0x080016a3   Thumb Code    22  n32g003_tim.o(.text)
    TIM_Base_Count_Set                       0x080016b9   Thumb Code     4  n32g003_tim.o(.text)
    TIM_Base_Count_Get                       0x080016bd   Thumb Code     4  n32g003_tim.o(.text)
    TIM_Auto_Reload_Get                      0x080016c1   Thumb Code     4  n32g003_tim.o(.text)
    TIM_Base_Prescaler_Get                   0x080016c5   Thumb Code     4  n32g003_tim.o(.text)
    TIM_On                                   0x080016c9   Thumb Code    10  n32g003_tim.o(.text)
    TIM_Off                                  0x080016d3   Thumb Code    10  n32g003_tim.o(.text)
    TIM_Output_Channel1_Preload_Set          0x080016dd   Thumb Code    12  n32g003_tim.o(.text)
    TIM_Output_Channel2_Preload_Set          0x080016e9   Thumb Code    14  n32g003_tim.o(.text)
    TIM_Output_Channel3_Preload_Set          0x080016f7   Thumb Code    12  n32g003_tim.o(.text)
    TIM_Output_Channel4_Preload_Set          0x08001703   Thumb Code    14  n32g003_tim.o(.text)
    TIM_Output_Channel5_Preload_Set          0x08001711   Thumb Code    14  n32g003_tim.o(.text)
    TIM_Auto_Reload_Preload_Enable           0x0800171f   Thumb Code    10  n32g003_tim.o(.text)
    TIM_Auto_Reload_Preload_Disable          0x08001729   Thumb Code    10  n32g003_tim.o(.text)
    TIM_Update_Event_Enable                  0x08001733   Thumb Code    10  n32g003_tim.o(.text)
    TIM_Update_Event_Disable                 0x0800173d   Thumb Code    10  n32g003_tim.o(.text)
    TIM_Update_Request_Source_Set            0x08001747   Thumb Code    18  n32g003_tim.o(.text)
    TIM_Event_Generate                       0x08001759   Thumb Code     4  n32g003_tim.o(.text)
    TIM_Commutation_Event_Enable             0x0800175d   Thumb Code    10  n32g003_tim.o(.text)
    TIM_Commutation_Event_Disable            0x08001767   Thumb Code    10  n32g003_tim.o(.text)
    TIM_Capture_Compare_Control_Preload_Enable 0x08001771   Thumb Code    10  n32g003_tim.o(.text)
    TIM_Capture_Compare_Control_Preload_Disable 0x0800177b   Thumb Code    10  n32g003_tim.o(.text)
    TIM_Compare1_Set                         0x08001785   Thumb Code     4  n32g003_tim.o(.text)
    TIM_Compare2_Set                         0x08001789   Thumb Code     4  n32g003_tim.o(.text)
    TIM_Compare3_Set                         0x0800178d   Thumb Code     4  n32g003_tim.o(.text)
    TIM_Compare4_Set                         0x08001791   Thumb Code     6  n32g003_tim.o(.text)
    TIM_Compare5_Set                         0x08001797   Thumb Code     6  n32g003_tim.o(.text)
    TIM_Compare_Capture1_Get                 0x0800179d   Thumb Code     4  n32g003_tim.o(.text)
    TIM_Compare_Capture2_Get                 0x080017a1   Thumb Code     4  n32g003_tim.o(.text)
    TIM_Compare_Capture3_Get                 0x080017a5   Thumb Code     4  n32g003_tim.o(.text)
    TIM_Compare_Capture4_Get                 0x080017a9   Thumb Code     6  n32g003_tim.o(.text)
    TIM_Compare_Capture5_Get                 0x080017af   Thumb Code     6  n32g003_tim.o(.text)
    TIM_Trigger_Source_Select                0x080017b5   Thumb Code    12  n32g003_tim.o(.text)
    Input_Channel1_Config                    0x080017c1   Thumb Code    58  n32g003_tim.o(.text)
    Input_Channel2_Config                    0x080017fb   Thumb Code    70  n32g003_tim.o(.text)
    Input_Channel3_Config                    0x08001841   Thumb Code    64  n32g003_tim.o(.text)
    Input_Channel4_Config                    0x08001881   Thumb Code    64  n32g003_tim.o(.text)
    TIM_External_Trigger_Filter_Set          0x080018c1   Thumb Code    14  n32g003_tim.o(.text)
    TIM_External_Trigger_Prescaler_Set       0x080018cf   Thumb Code    12  n32g003_tim.o(.text)
    TIM_External_Trigger_Polarity_Set        0x080018db   Thumb Code    22  n32g003_tim.o(.text)
    TIM_Internal_Clock_Set                   0x080018f1   Thumb Code    10  n32g003_tim.o(.text)
    TIM_Input_Capture1_Prescaler_Set         0x080018fb   Thumb Code    16  n32g003_tim.o(.text)
    TIM_Input_Capture2_Prescaler_Set         0x0800190b   Thumb Code    18  n32g003_tim.o(.text)
    TIM_Input_Capture3_Prescaler_Set         0x0800191d   Thumb Code    16  n32g003_tim.o(.text)
    TIM_Input_Capture4_Prescaler_Set         0x0800192d   Thumb Code    18  n32g003_tim.o(.text)
    TIM_Internal_Trig_To_Ext_Set             0x0800193f   Thumb Code    18  n32g003_tim.o(.text)
    TIM_Trigger_As_External_Clock            0x08001951   Thumb Code    48  n32g003_tim.o(.text)
    TIM_External_Clock_Mode1_Set             0x08001981   Thumb Code    50  n32g003_tim.o(.text)
    TIM_External_Clock_Mode2_Set             0x080019b3   Thumb Code    76  n32g003_tim.o(.text)
    TIM_Slave_Mode_Select                    0x080019ff   Thumb Code    16  n32g003_tim.o(.text)
    TIM_Master_Slave_Mode_Set                0x08001a0f   Thumb Code    16  n32g003_tim.o(.text)
    TIM_Output_Trigger_Select                0x08001a1f   Thumb Code    16  n32g003_tim.o(.text)
    TIM_One_Pulse_Mode_Select                0x08001a2f   Thumb Code    16  n32g003_tim.o(.text)
    TIM_Input_Struct_Initialize              0x08001a3f   Thumb Code    14  n32g003_tim.o(.text)
    TIM_Input_Channel_Initialize             0x08001a4d   Thumb Code    88  n32g003_tim.o(.text)
    TIM_PWM_Input_Channel_Config             0x08001aa5   Thumb Code   104  n32g003_tim.o(.text)
    TIM_Output_Channel_Polarity_Set          0x08001b0d   Thumb Code    18  n32g003_tim.o(.text)
    TIM_Output_Channel_N_Polarity_Set        0x08001b1f   Thumb Code    18  n32g003_tim.o(.text)
    TIM_Capture_Compare_Ch_Enable            0x08001b31   Thumb Code    12  n32g003_tim.o(.text)
    TIM_Capture_Compare_Ch_Disable           0x08001b3d   Thumb Code    12  n32g003_tim.o(.text)
    TIM_Capture_Compare_Ch_N_Enable          0x08001b49   Thumb Code    12  n32g003_tim.o(.text)
    TIM_Capture_Compare_Ch_N_Disable         0x08001b55   Thumb Code    12  n32g003_tim.o(.text)
    TIM_CCEN_Status_Get                      0x08001b61   Thumb Code    10  n32g003_tim.o(.text)
    TIM_Output_Channel_Mode_Set              0x08001b6b   Thumb Code    74  n32g003_tim.o(.text)
    TIM_Forced_Output_Channel1_Set           0x08001bb5   Thumb Code    12  n32g003_tim.o(.text)
    TIM_Forced_Output_Channel2_Set           0x08001bc1   Thumb Code    14  n32g003_tim.o(.text)
    TIM_Forced_Output_Channel3_Set           0x08001bcf   Thumb Code    12  n32g003_tim.o(.text)
    TIM_Forced_Output_Channel4_Set           0x08001bdb   Thumb Code    14  n32g003_tim.o(.text)
    TIM_Forced_Output_Channel5_Set           0x08001be9   Thumb Code    14  n32g003_tim.o(.text)
    TIM_Output_Channel1_Fast_Set             0x08001bf7   Thumb Code    12  n32g003_tim.o(.text)
    TIM_Output_Channel2_Fast_Set             0x08001c03   Thumb Code    14  n32g003_tim.o(.text)
    TIM_Output_Channel3_Fast_Set             0x08001c11   Thumb Code    12  n32g003_tim.o(.text)
    TIM_Output_Channel4_Fast_Set             0x08001c1d   Thumb Code    14  n32g003_tim.o(.text)
    TIM_Output_Channel5_Fast_Set             0x08001c2b   Thumb Code    14  n32g003_tim.o(.text)
    TIM_Output_Channel1_Reference_Clear      0x08001c39   Thumb Code    12  n32g003_tim.o(.text)
    TIM_Output_Channel2_Reference_Clear      0x08001c45   Thumb Code    14  n32g003_tim.o(.text)
    TIM_Output_Channel3_Reference_Clear      0x08001c53   Thumb Code    12  n32g003_tim.o(.text)
    TIM_Output_Channel4_Reference_Clear      0x08001c5f   Thumb Code    14  n32g003_tim.o(.text)
    TIM_Output_Channel5_Reference_Clear      0x08001c6d   Thumb Code    14  n32g003_tim.o(.text)
    TIM_Output_Channel1_Initialize           0x08001c7b   Thumb Code   126  n32g003_tim.o(.text)
    TIM_Output_Channel2_Initialize           0x08001cf9   Thumb Code   130  n32g003_tim.o(.text)
    TIM_Output_Channel3_Initialize           0x08001d7b   Thumb Code   130  n32g003_tim.o(.text)
    TIM_Output_Channel4_Initialize           0x08001dfd   Thumb Code    92  n32g003_tim.o(.text)
    TIM_Output_Channel5_Initialize           0x08001e59   Thumb Code    94  n32g003_tim.o(.text)
    TIM_PWM_Output_Enable                    0x08001eb7   Thumb Code    14  n32g003_tim.o(.text)
    TIM_PWM_Output_Disable                   0x08001ec5   Thumb Code    12  n32g003_tim.o(.text)
    TIM_Output_Channel_Struct_Initialize     0x08001ed1   Thumb Code    20  n32g003_tim.o(.text)
    TIM_Lock_Up_Break_Enable                 0x08001ee5   Thumb Code    12  n32g003_tim.o(.text)
    TIM_Lock_Up_Break_Disable                0x08001ef1   Thumb Code    12  n32g003_tim.o(.text)
    TIM_Pvd_Break_Enable                     0x08001efd   Thumb Code    12  n32g003_tim.o(.text)
    TIM_Pvd_Break_Disable                    0x08001f09   Thumb Code    12  n32g003_tim.o(.text)
    TIM_IOM_Comp_Break                       0x08001f15   Thumb Code    20  n32g003_tim.o(.text)
    TIM_Break_And_Dead_Time_Set              0x08001f29   Thumb Code    96  n32g003_tim.o(.text)
    TIM_Break_And_Dead_Time_Struct_Initialize 0x08001f89   Thumb Code    40  n32g003_tim.o(.text)
    TIM_Interrupt_Enable                     0x08001fb1   Thumb Code     8  n32g003_tim.o(.text)
    TIM_Interrupt_Disable                    0x08001fb9   Thumb Code     8  n32g003_tim.o(.text)
    TIM_Interrupt_Status_Get                 0x08001fc1   Thumb Code    24  n32g003_tim.o(.text)
    TIM_Interrupt_Status_Clear               0x08001fd9   Thumb Code     6  n32g003_tim.o(.text)
    TIM_Flag_Status_Get                      0x08001fdf   Thumb Code    10  n32g003_tim.o(.text)
    TIM_Flag_Clear                           0x08001fe9   Thumb Code     6  n32g003_tim.o(.text)
    UART_Reset                               0x08001ff1   Thumb Code    26  n32g003_uart.o(.text)
    UART_Mode_Config                         0x0800200b   Thumb Code    12  n32g003_uart.o(.text)
    UART_Parity_Config                       0x08002017   Thumb Code    14  n32g003_uart.o(.text)
    UART_Stop_Bits_Config                    0x08002025   Thumb Code    14  n32g003_uart.o(.text)
    UART_Word_Length_Config                  0x08002033   Thumb Code    14  n32g003_uart.o(.text)
    UART_Baud_Rate_Config                    0x08002041   Thumb Code    64  n32g003_uart.o(.text)
    UART_Initializes                         0x08002081   Thumb Code    46  n32g003_uart.o(.text)
    UART_Structure_Initializes               0x080020af   Thumb Code    20  n32g003_uart.o(.text)
    UART_Enable                              0x080020c3   Thumb Code    12  n32g003_uart.o(.text)
    UART_Disable                             0x080020cf   Thumb Code    12  n32g003_uart.o(.text)
    UART_Interrput_Enable                    0x080020db   Thumb Code    38  n32g003_uart.o(.text)
    UART_Interrput_Disable                   0x08002101   Thumb Code    38  n32g003_uart.o(.text)
    UART_Address_Set                         0x08002127   Thumb Code    16  n32g003_uart.o(.text)
    UART_WakeUp_Mode_Set                     0x08002137   Thumb Code    18  n32g003_uart.o(.text)
    UART_Receiver_Wakeup_Enable              0x08002149   Thumb Code    10  n32g003_uart.o(.text)
    UART_Receiver_Wakeup_Disable             0x08002153   Thumb Code    10  n32g003_uart.o(.text)
    UART_Data_Send                           0x0800215d   Thumb Code     8  n32g003_uart.o(.text)
    UART_Data_Receive                        0x08002165   Thumb Code     8  n32g003_uart.o(.text)
    UART_Break_Frame_Send                    0x0800216d   Thumb Code    10  n32g003_uart.o(.text)
    UART_Half_Duplex_Enable                  0x08002177   Thumb Code    10  n32g003_uart.o(.text)
    UART_Half_Duplex_Disable                 0x08002181   Thumb Code    10  n32g003_uart.o(.text)
    UART_Flag_Status_Get                     0x0800218b   Thumb Code    10  n32g003_uart.o(.text)
    UART_Flag_Clear                          0x08002195   Thumb Code     6  n32g003_uart.o(.text)
    UART_Interrupt_Status_Get                0x0800219b   Thumb Code    60  n32g003_uart.o(.text)
    UART_Interrupt_Status_Clear              0x080021d7   Thumb Code    12  n32g003_uart.o(.text)
    FLASH_Latency_Set                        0x080021ed   Thumb Code    14  n32g003_flash.o(.text)
    FLASH_Latency_Get                        0x080021fb   Thumb Code    10  n32g003_flash.o(.text)
    FLASH_Prefetch_Buffer_Enable             0x08002205   Thumb Code    12  n32g003_flash.o(.text)
    FLASH_Prefetch_Buffer_Disable            0x08002211   Thumb Code    12  n32g003_flash.o(.text)
    FLASH_Unlock                             0x0800221d   Thumb Code    12  n32g003_flash.o(.text)
    FLASH_Lock                               0x08002229   Thumb Code    12  n32g003_flash.o(.text)
    Option_Bytes_Unlock                      0x08002235   Thumb Code    12  n32g003_flash.o(.text)
    Option_Bytes_Lock                        0x08002241   Thumb Code    12  n32g003_flash.o(.text)
    Option_Bytes_Lock_Status_Get             0x0800224d   Thumb Code    16  n32g003_flash.o(.text)
    FLASH_Status_Get                         0x0800225d   Thumb Code    34  n32g003_flash.o(.text)
    FLASH_Last_Operation_Wait                0x0800227f   Thumb Code    34  n32g003_flash.o(.text)
    FLASH_Flag_Status_Clear                  0x080022a1   Thumb Code    10  n32g003_flash.o(.text)
    FLASH_One_Page_Erase                     0x080022ab   Thumb Code    58  n32g003_flash.o(.text)
    FLASH_Mass_Erase                         0x080022e5   Thumb Code    54  n32g003_flash.o(.text)
    FLASH_48Page_Mass_Erase                  0x0800231b   Thumb Code    54  n32g003_flash.o(.text)
    FLASH_Word_Program                       0x08002351   Thumb Code    62  n32g003_flash.o(.text)
    FLASH_Read_Out_Protection_L2_Status_Get  0x0800238f   Thumb Code    16  n32g003_flash.o(.text)
    FLASH_Option_Bytes_Erase                 0x0800239f   Thumb Code    92  n32g003_flash.o(.text)
    FLASH_Option_Bytes_User_RDP1_Program     0x080023fb   Thumb Code    96  n32g003_flash.o(.text)
    FLASH_Option_Bytes_DATA_Program          0x0800245b   Thumb Code    76  n32g003_flash.o(.text)
    FLASH_Option_Bytes_User2_User3_Program   0x080024a7   Thumb Code    96  n32g003_flash.o(.text)
    FLASH_Option_Bytes_User4_RDP2_Program    0x08002507   Thumb Code    76  n32g003_flash.o(.text)
    FLASH_Read_Out_Protection_L1_Enable      0x08002553   Thumb Code   138  n32g003_flash.o(.text)
    FLASH_Read_Out_Protection_L1_Disable     0x080025dd   Thumb Code   120  n32g003_flash.o(.text)
    FLASH_Read_Out_Protection_Status_Get     0x08002655   Thumb Code    16  n32g003_flash.o(.text)
    FLASH_Read_Out_Protection_L2_Enable      0x08002665   Thumb Code   150  n32g003_flash.o(.text)
    FLASH_Option_Bytes_User_Get              0x080026fb   Thumb Code    18  n32g003_flash.o(.text)
    FLASH_Option_Bytes_User2_Get             0x0800270d   Thumb Code     8  n32g003_flash.o(.text)
    FLASH_User_LVRLS_Get                     0x08002715   Thumb Code    10  n32g003_flash.o(.text)
    FLASH_Option_Bytes_User3_Get             0x0800271f   Thumb Code    18  n32g003_flash.o(.text)
    FLASH_Option_Bytes_User4_Get             0x08002731   Thumb Code    10  n32g003_flash.o(.text)
    FLASH_Prefetch_Buffer_Status_Get         0x0800273b   Thumb Code    16  n32g003_flash.o(.text)
    FLASH_Interrupt_Enable                   0x0800274b   Thumb Code    10  n32g003_flash.o(.text)
    FLASH_Interrupt_Disable                  0x08002755   Thumb Code    10  n32g003_flash.o(.text)
    FLASH_Flag_Status_Get                    0x0800275f   Thumb Code    16  n32g003_flash.o(.text)
    FLASH_Option_Bytes_Flag_Get              0x0800276f   Thumb Code    16  n32g003_flash.o(.text)
    FLASH_VTOR_Address_Set                   0x0800277f   Thumb Code     8  n32g003_flash.o(.text)
    System_Initializes                       0x08002795   Thumb Code    78  system_n32g003.o(.text)
    System_Core_Clock_Frequency_Update       0x080027e3   Thumb Code    82  system_n32g003.o(.text)
    __aeabi_uidiv                            0x080028c1   Thumb Code     0  uidiv.o(.text)
    __aeabi_uidivmod                         0x080028c1   Thumb Code    44  uidiv.o(.text)
    __scatterload                            0x080028ed   Thumb Code    28  init.o(.text)
    __scatterload_rt2                        0x080028ed   Thumb Code     0  init.o(.text)
    __scatterload_copy                       0x08002911   Thumb Code    14  handlers.o(i.__scatterload_copy)
    __scatterload_null                       0x0800291f   Thumb Code     2  handlers.o(i.__scatterload_null)
    __scatterload_zeroinit                   0x08002921   Thumb Code    14  handlers.o(i.__scatterload_zeroinit)
    free                                     0x08002931   Thumb Code    80  malloc.o(i.free)
    malloc                                   0x08002985   Thumb Code    92  malloc.o(i.malloc)
    AHBPrescTable                            0x080029f0   Data          16  system_n32g003.o(.constdata)
    Region$$Table$$Base                      0x08002a00   Number         0  anon$$obj.o(Region$$Table)
    Region$$Table$$Limit                     0x08002a20   Number         0  anon$$obj.o(Region$$Table)
    jump2app                                 0x20000004   Data           4  iap.o(.data)
    SystemCoreClockFrequency                 0x20000034   Data           4  system_n32g003.o(.data)
    __microlib_freelist                      0x20000038   Data           4  mvars.o(.data)
    __microlib_freelist_initialised          0x2000003c   Data           4  mvars.o(.data)
    uartDriveCB                              0x20000040   Data         220  uartdrive.o(.bss)
    uartProtocolCB                           0x2000011c   Data         872  uartprotocol.o(.bss)
    timerCB                                  0x20000484   Data         132  timer.o(.bss)
    __heap_base                              0x20000508   Data           0  startup_n32g003.o(HEAP)
    __heap_limit                             0x20000708   Data           0  startup_n32g003.o(HEAP)
    __initial_sp                             0x20000b08   Data           0  startup_n32g003.o(STACK)



==============================================================================

Memory Map of the image

  Image Entry point : 0x08000081

  Load Region LR_IROM1 (Base: 0x08000000, Size: 0x00002a60, Max: 0x00003400, ABSOLUTE)

    Execution Region ER_IROM1 (Exec base: 0x08000000, Load base: 0x08000000, Size: 0x00002a20, Max: 0x00003400, ABSOLUTE)

    Exec Addr    Load Addr    Size         Type   Attr      Idx    E Section Name        Object

    0x08000000   0x08000000   0x00000080   Data   RO            3    RESET               startup_n32g003.o
    0x08000080   0x08000080   0x00000000   Code   RO          535  * .ARM.Collect$$$$00000000  mc_p.l(entry.o)
    0x08000080   0x08000080   0x00000004   Code   RO          570    .ARM.Collect$$$$00000001  mc_p.l(entry2.o)
    0x08000084   0x08000084   0x00000004   Code   RO          573    .ARM.Collect$$$$00000004  mc_p.l(entry5.o)
    0x08000088   0x08000088   0x00000000   Code   RO          575    .ARM.Collect$$$$00000008  mc_p.l(entry7b.o)
    0x08000088   0x08000088   0x00000000   Code   RO          577    .ARM.Collect$$$$0000000A  mc_p.l(entry8b.o)
    0x08000088   0x08000088   0x00000008   Code   RO          578    .ARM.Collect$$$$0000000B  mc_p.l(entry9a.o)
    0x08000090   0x08000090   0x00000004   Code   RO          585    .ARM.Collect$$$$0000000E  mc_p.l(entry12b.o)
    0x08000094   0x08000094   0x00000000   Code   RO          580    .ARM.Collect$$$$0000000F  mc_p.l(entry10a.o)
    0x08000094   0x08000094   0x00000000   Code   RO          582    .ARM.Collect$$$$00000011  mc_p.l(entry11a.o)
    0x08000094   0x08000094   0x00000004   Code   RO          571    .ARM.Collect$$$$00002712  mc_p.l(entry2.o)
    0x08000098   0x08000098   0x0000001c   Code   RO            4    .text               startup_n32g003.o
    0x080000b4   0x080000b4   0x00000040   Code   RO           11    .text               main.o
    0x080000f4   0x080000f4   0x0000000a   Code   RO          163    .text               n32g003_it.o
    0x080000fe   0x080000fe   0x00000002   PAD
    0x08000100   0x08000100   0x000002a8   Code   RO          205    .text               uartdrive.o
    0x080003a8   0x080003a8   0x00000464   Code   RO          232    .text               uartprotocol.o
    0x0800080c   0x0800080c   0x0000050e   Code   RO          256    .text               iap.o
    0x08000d1a   0x08000d1a   0x00000002   PAD
    0x08000d1c   0x08000d1c   0x00000284   Code   RO          283    .text               timer.o
    0x08000fa0   0x08000fa0   0x00000050   Code   RO          306    .text               system.o
    0x08000ff0   0x08000ff0   0x000000a0   Code   RO          373    .text               misc.o
    0x08001090   0x08001090   0x00000268   Code   RO          409    .text               n32g003_rcc.o
    0x080012f8   0x080012f8   0x000002e0   Code   RO          427    .text               n32g003_gpio.o
    0x080015d8   0x080015d8   0x00000a16   Code   RO          444    .text               n32g003_tim.o
    0x08001fee   0x08001fee   0x00000002   PAD
    0x08001ff0   0x08001ff0   0x000001fc   Code   RO          461    .text               n32g003_uart.o
    0x080021ec   0x080021ec   0x000005a8   Code   RO          478    .text               n32g003_flash.o
    0x08002794   0x08002794   0x0000012c   Code   RO          495    .text               system_n32g003.o
    0x080028c0   0x080028c0   0x0000002c   Code   RO          538    .text               mc_p.l(uidiv.o)
    0x080028ec   0x080028ec   0x00000024   Code   RO          592    .text               mc_p.l(init.o)
    0x08002910   0x08002910   0x0000000e   Code   RO          596    i.__scatterload_copy  mc_p.l(handlers.o)
    0x0800291e   0x0800291e   0x00000002   Code   RO          597    i.__scatterload_null  mc_p.l(handlers.o)
    0x08002920   0x08002920   0x0000000e   Code   RO          598    i.__scatterload_zeroinit  mc_p.l(handlers.o)
    0x0800292e   0x0800292e   0x00000002   PAD
    0x08002930   0x08002930   0x00000054   Code   RO          542    i.free              mc_p.l(malloc.o)
    0x08002984   0x08002984   0x0000006c   Code   RO          543    i.malloc            mc_p.l(malloc.o)
    0x080029f0   0x080029f0   0x00000010   Data   RO          496    .constdata          system_n32g003.o
    0x08002a00   0x08002a00   0x00000020   Data   RO          594    Region$$Table       anon$$obj.o


    Execution Region RW_IRAM1 (Exec base: 0x20000000, Load base: 0x08002a20, Size: 0x00000b08, Max: 0x00000c00, ABSOLUTE)

    Exec Addr    Load Addr    Size         Type   Attr      Idx    E Section Name        Object

    0x20000000   0x08002a20   0x00000003   Data   RW          234    .data               uartprotocol.o
    0x20000003   0x08002a23   0x00000001   PAD
    0x20000004   0x08002a24   0x00000004   Data   RW          258    .data               iap.o
    0x20000008   0x08002a28   0x0000002c   Data   RW          410    .data               n32g003_rcc.o
    0x20000034   0x08002a54   0x00000004   Data   RW          497    .data               system_n32g003.o
    0x20000038   0x08002a58   0x00000004   Data   RW          590    .data               mc_p.l(mvars.o)
    0x2000003c   0x08002a5c   0x00000004   Data   RW          591    .data               mc_p.l(mvars.o)
    0x20000040        -       0x000000dc   Zero   RW          206    .bss                uartdrive.o
    0x2000011c        -       0x00000368   Zero   RW          233    .bss                uartprotocol.o
    0x20000484        -       0x00000084   Zero   RW          284    .bss                timer.o
    0x20000508        -       0x00000200   Zero   RW            2    HEAP                startup_n32g003.o
    0x20000708        -       0x00000400   Zero   RW            1    STACK               startup_n32g003.o


==============================================================================

Image component sizes


      Code (inc. data)   RO Data    RW Data    ZI Data      Debug   Object Name

      1294         20          0          4          0       9972   iap.o
        64          6          0          0          0     103599   main.o
       160         18          0          0          0       7238   misc.o
      1448         30          0          0          0      10512   n32g003_flash.o
       736         16          0          0          0       6947   n32g003_gpio.o
        10          0          0          0          0        759   n32g003_it.o
       616         44          0         44          0       5779   n32g003_rcc.o
      2582         48          0          0          0      28489   n32g003_tim.o
       508         10          0          0          0       6555   n32g003_uart.o
        28          8        128          0       1536        648   startup_n32g003.o
        80         20          0          0          0       6581   system.o
       300         50         16          4          0       1933   system_n32g003.o
       644         18          0          0        132       5229   timer.o
       680         24          0          0        220       4937   uartdrive.o
      1124         30          0          3        872      11561   uartprotocol.o

    ----------------------------------------------------------------------
     10280        342        176         56       2760     210739   Object Totals
         0          0         32          0          0          0   (incl. Generated)
         6          0          0          1          0          0   (incl. Padding)

    ----------------------------------------------------------------------

      Code (inc. data)   RO Data    RW Data    ZI Data      Debug   Library Member Name

         0          0          0          0          0          0   entry.o
         0          0          0          0          0          0   entry10a.o
         0          0          0          0          0          0   entry11a.o
         4          0          0          0          0          0   entry12b.o
         8          4          0          0          0          0   entry2.o
         4          0          0          0          0          0   entry5.o
         0          0          0          0          0          0   entry7b.o
         0          0          0          0          0          0   entry8b.o
         8          4          0          0          0          0   entry9a.o
        30          0          0          0          0          0   handlers.o
        36          8          0          0          0         68   init.o
       192         20          0          0          0        144   malloc.o
         0          0          0          8          0          0   mvars.o
        44          0          0          0          0         72   uidiv.o

    ----------------------------------------------------------------------
       328         36          0          8          0        284   Library Totals
         2          0          0          0          0          0   (incl. Padding)

    ----------------------------------------------------------------------

      Code (inc. data)   RO Data    RW Data    ZI Data      Debug   Library Name

       326         36          0          8          0        284   mc_p.l

    ----------------------------------------------------------------------
       328         36          0          8          0        284   Library Totals

    ----------------------------------------------------------------------

==============================================================================


      Code (inc. data)   RO Data    RW Data    ZI Data      Debug   

     10608        378        176         64       2760     209239   Grand Totals
     10608        378        176         64       2760     209239   ELF Image Totals
     10608        378        176         64          0          0   ROM Totals

==============================================================================

    Total RO  Size (Code + RO Data)                10784 (  10.53kB)
    Total RW  Size (RW Data + ZI Data)              2824 (   2.76kB)
    Total ROM Size (Code + RO Data + RW Data)      10848 (  10.59kB)

==============================================================================

