<!doctype html public "-//w3c//dtd html 4.0 transitional//en">
<html><head>
<title>Static Call Graph - [.\Output\APP.axf]</title></head>
<body><HR>
<H1>Static Call Graph for image .\Output\APP.axf</H1><HR>
<BR><P>#&#060CALLGRAPH&#062# ARM Linker, 5060960: Last Updated: Tue Oct 22 15:35:22 2024
<BR><P>
<H3>Maximum Stack Usage =        392 bytes + Unknown(Cycles, Untraceable Function Pointers)</H3><H3>
Call chain for Maximum Stack Depth:</H3>
main &rArr; STATE_Process &rArr; STEP_Process_SegUartUpgrade &rArr; uartProtocol_SendOnePacket &rArr; SPI_FLASH_ReadArray &rArr; SPI_FLASH_SendByte
<P>
<H3>
Mutually Recursive functions
</H3> <LI><a href="#[9]">SysTick_Handler</a>&nbsp;&nbsp;&nbsp;&rArr;&nbsp;&nbsp;&nbsp;<a href="#[9]">SysTick_Handler</a><BR>
 <LI><a href="#[1c]">ADC0_1_IRQHandler</a>&nbsp;&nbsp;&nbsp;&rArr;&nbsp;&nbsp;&nbsp;<a href="#[1c]">ADC0_1_IRQHandler</a><BR>
 <LI><a href="#[4]">BusFault_Handler</a>&nbsp;&nbsp;&nbsp;&rArr;&nbsp;&nbsp;&nbsp;<a href="#[4]">BusFault_Handler</a><BR>
 <LI><a href="#[2]">HardFault_Handler</a>&nbsp;&nbsp;&nbsp;&rArr;&nbsp;&nbsp;&nbsp;<a href="#[2]">HardFault_Handler</a><BR>
 <LI><a href="#[3]">MemManage_Handler</a>&nbsp;&nbsp;&nbsp;&rArr;&nbsp;&nbsp;&nbsp;<a href="#[3]">MemManage_Handler</a><BR>
 <LI><a href="#[5]">UsageFault_Handler</a>&nbsp;&nbsp;&nbsp;&rArr;&nbsp;&nbsp;&nbsp;<a href="#[5]">UsageFault_Handler</a><BR>
</UL>
<P>
<H3>
Function Pointers
</H3><UL>
 <LI><a href="#[1c]">ADC0_1_IRQHandler</a> from startup_gd32f10x_xd.o(.text) referenced from startup_gd32f10x_xd.o(RESET)
 <LI><a href="#[39]">ADC2_IRQHandler</a> from startup_gd32f10x_xd.o(.text) referenced from startup_gd32f10x_xd.o(RESET)
 <LI><a href="#[49]">ADC_CALLBACK_SetScanRequest</a> from adc.o(i.ADC_CALLBACK_SetScanRequest) referenced from adc.o(i.ADC_Start)
 <LI><a href="#[4a]">AVO_PROTOCOL_MacProcess</a> from avoprotocol.o(i.AVO_PROTOCOL_MacProcess) referenced from avoprotocol.o(i.AVO_PROTOCOL_Init)
 <LI><a href="#[4b]">AVO_UART_AddTxArray</a> from avodrive.o(i.AVO_UART_AddTxArray) referenced from avoprotocol.o(i.AVO_PROTOCOL_Init)
 <LI><a href="#[4]">BusFault_Handler</a> from gd32f10x_it.o(i.BusFault_Handler) referenced from startup_gd32f10x_xd.o(RESET)
 <LI><a href="#[20]">CAN0_EWMC_IRQHandler</a> from startup_gd32f10x_xd.o(.text) referenced from startup_gd32f10x_xd.o(RESET)
 <LI><a href="#[1f]">CAN0_RX1_IRQHandler</a> from startup_gd32f10x_xd.o(.text) referenced from startup_gd32f10x_xd.o(RESET)
 <LI><a href="#[4d]">CAN_DRIVE_AddTxArray</a> from canprotocolupdt.o(i.CAN_DRIVE_AddTxArray) referenced from canprotocol_3a.o(i.CAN_PROTOCOL1_Init)
 <LI><a href="#[4d]">CAN_DRIVE_AddTxArray</a> from canprotocolupdt.o(i.CAN_DRIVE_AddTxArray) referenced from canprotocolupgb.o(i.CAN_PROTOCOL_Init)
 <LI><a href="#[56]">CAN_PROTOCOL1_SendCmdChangeColor</a> from canprotocol_3a.o(i.CAN_PROTOCOL1_SendCmdChangeColor) referenced from state.o(i.STEP_Process_CmCanUpgrade)
 <LI><a href="#[15]">DMA0_Channel0_IRQHandler</a> from startup_gd32f10x_xd.o(.text) referenced from startup_gd32f10x_xd.o(RESET)
 <LI><a href="#[16]">DMA0_Channel1_IRQHandler</a> from spiflash.o(i.DMA0_Channel1_IRQHandler) referenced from startup_gd32f10x_xd.o(RESET)
 <LI><a href="#[17]">DMA0_Channel2_IRQHandler</a> from spiflash.o(i.DMA0_Channel2_IRQHandler) referenced from startup_gd32f10x_xd.o(RESET)
 <LI><a href="#[18]">DMA0_Channel3_IRQHandler</a> from startup_gd32f10x_xd.o(.text) referenced from startup_gd32f10x_xd.o(RESET)
 <LI><a href="#[19]">DMA0_Channel4_IRQHandler</a> from startup_gd32f10x_xd.o(.text) referenced from startup_gd32f10x_xd.o(RESET)
 <LI><a href="#[1a]">DMA0_Channel5_IRQHandler</a> from startup_gd32f10x_xd.o(.text) referenced from startup_gd32f10x_xd.o(RESET)
 <LI><a href="#[1b]">DMA0_Channel6_IRQHandler</a> from startup_gd32f10x_xd.o(.text) referenced from startup_gd32f10x_xd.o(RESET)
 <LI><a href="#[42]">DMA1_Channel0_IRQHandler</a> from startup_gd32f10x_xd.o(.text) referenced from startup_gd32f10x_xd.o(RESET)
 <LI><a href="#[43]">DMA1_Channel1_IRQHandler</a> from startup_gd32f10x_xd.o(.text) referenced from startup_gd32f10x_xd.o(RESET)
 <LI><a href="#[44]">DMA1_Channel2_IRQHandler</a> from startup_gd32f10x_xd.o(.text) referenced from startup_gd32f10x_xd.o(RESET)
 <LI><a href="#[45]">DMA1_Channel3_4_IRQHandler</a> from startup_gd32f10x_xd.o(.text) referenced from startup_gd32f10x_xd.o(RESET)
 <LI><a href="#[4e]">DUT_PROTOCOL_MacProcess</a> from dutuartprotocol.o(i.DUT_PROTOCOL_MacProcess) referenced from dutuartprotocol.o(i.DUT_PROTOCOL_Init)
 <LI><a href="#[7]">DebugMon_Handler</a> from gd32f10x_it.o(i.DebugMon_Handler) referenced from startup_gd32f10x_xd.o(RESET)
 <LI><a href="#[53]">DutTimeOut</a> from stsprotocol.o(i.DutTimeOut) referenced from main.o(i.Key_Info)
 <LI><a href="#[53]">DutTimeOut</a> from stsprotocol.o(i.DutTimeOut) referenced 2 times from stsprotocol.o(i.STS_PROTOCOL_CmdFrameProcess)
 <LI><a href="#[3a]">EXMC_IRQHandler</a> from startup_gd32f10x_xd.o(.text) referenced from startup_gd32f10x_xd.o(RESET)
 <LI><a href="#[10]">EXTI0_IRQHandler</a> from startup_gd32f10x_xd.o(.text) referenced from startup_gd32f10x_xd.o(RESET)
 <LI><a href="#[32]">EXTI10_15_IRQHandler</a> from startup_gd32f10x_xd.o(.text) referenced from startup_gd32f10x_xd.o(RESET)
 <LI><a href="#[11]">EXTI1_IRQHandler</a> from startup_gd32f10x_xd.o(.text) referenced from startup_gd32f10x_xd.o(RESET)
 <LI><a href="#[12]">EXTI2_IRQHandler</a> from startup_gd32f10x_xd.o(.text) referenced from startup_gd32f10x_xd.o(RESET)
 <LI><a href="#[13]">EXTI3_IRQHandler</a> from startup_gd32f10x_xd.o(.text) referenced from startup_gd32f10x_xd.o(RESET)
 <LI><a href="#[14]">EXTI4_IRQHandler</a> from startup_gd32f10x_xd.o(.text) referenced from startup_gd32f10x_xd.o(RESET)
 <LI><a href="#[21]">EXTI5_9_IRQHandler</a> from startup_gd32f10x_xd.o(.text) referenced from startup_gd32f10x_xd.o(RESET)
 <LI><a href="#[e]">FMC_IRQHandler</a> from startup_gd32f10x_xd.o(.text) referenced from startup_gd32f10x_xd.o(RESET)
 <LI><a href="#[2]">HardFault_Handler</a> from gd32f10x_it.o(i.HardFault_Handler) referenced from startup_gd32f10x_xd.o(RESET)
 <LI><a href="#[2a]">I2C0_ER_IRQHandler</a> from startup_gd32f10x_xd.o(.text) referenced from startup_gd32f10x_xd.o(RESET)
 <LI><a href="#[29]">I2C0_EV_IRQHandler</a> from startup_gd32f10x_xd.o(.text) referenced from startup_gd32f10x_xd.o(RESET)
 <LI><a href="#[2c]">I2C1_ER_IRQHandler</a> from startup_gd32f10x_xd.o(.text) referenced from startup_gd32f10x_xd.o(RESET)
 <LI><a href="#[2b]">I2C1_EV_IRQHandler</a> from startup_gd32f10x_xd.o(.text) referenced from startup_gd32f10x_xd.o(RESET)
 <LI><a href="#[59]">IAP_JumpToAppFun</a> from iap.o(i.IAP_JumpToAppFun) referenced from stsprotocol.o(i.STS_PROTOCOL_CmdFrameProcess)
 <LI><a href="#[50]">KEYMSG_CALLBACK_Scan</a> from keymsgprocess.o(i.KEYMSG_CALLBACK_Scan) referenced from keymsgprocess.o(i.KEYMSG_Init)
 <LI><a href="#[51]">KEYMSG_ServiceDoNothing</a> from keymsgprocess.o(i.KEYMSG_ServiceDoNothing) referenced from keymsgprocess.o(i.KEYMSG_StopAllService)
 <LI><a href="#[52]">KEY_CALLBACK_Scan</a> from key.o(i.KEY_CALLBACK_Scan) referenced from key.o(i.KEY_Init)
 <LI><a href="#[60]">Key_Info</a> from main.o(i.Key_Info) referenced from main.o(i.main)
 <LI><a href="#[b]">LVD_IRQHandler</a> from startup_gd32f10x_xd.o(.text) referenced from startup_gd32f10x_xd.o(RESET)
 <LI><a href="#[3]">MemManage_Handler</a> from gd32f10x_it.o(i.MemManage_Handler) referenced from startup_gd32f10x_xd.o(RESET)
 <LI><a href="#[1]">NMI_Handler</a> from gd32f10x_it.o(i.NMI_Handler) referenced from startup_gd32f10x_xd.o(RESET)
 <LI><a href="#[58]">OperateVerTimeOut</a> from stsprotocol.o(i.OperateVerTimeOut) referenced from stsprotocol.o(i.STS_PROTOCOL_CmdFrameProcess)
 <LI><a href="#[54]">POWER_PROTOCOL_MacProcess</a> from powerprotocol.o(i.POWER_PROTOCOL_MacProcess) referenced from powerprotocol.o(i.POWER_PROTOCOL_Init)
 <LI><a href="#[55]">POWER_UART_AddTxArray</a> from powerdrive.o(i.POWER_UART_AddTxArray) referenced from powerprotocol.o(i.POWER_PROTOCOL_Init)
 <LI><a href="#[8]">PendSV_Handler</a> from gd32f10x_it.o(i.PendSV_Handler) referenced from startup_gd32f10x_xd.o(RESET)
 <LI><a href="#[f]">RCU_IRQHandler</a> from startup_gd32f10x_xd.o(.text) referenced from startup_gd32f10x_xd.o(RESET)
 <LI><a href="#[33]">RTC_Alarm_IRQHandler</a> from startup_gd32f10x_xd.o(.text) referenced from startup_gd32f10x_xd.o(RESET)
 <LI><a href="#[d]">RTC_IRQHandler</a> from startup_gd32f10x_xd.o(.text) referenced from startup_gd32f10x_xd.o(RESET)
 <LI><a href="#[61]">Report_Identity</a> from stsprotocol.o(i.Report_Identity) referenced from main.o(i.main)
 <LI><a href="#[0]">Reset_Handler</a> from startup_gd32f10x_xd.o(.text) referenced from startup_gd32f10x_xd.o(RESET)
 <LI><a href="#[3b]">SDIO_IRQHandler</a> from startup_gd32f10x_xd.o(.text) referenced from startup_gd32f10x_xd.o(RESET)
 <LI><a href="#[2d]">SPI0_IRQHandler</a> from startup_gd32f10x_xd.o(.text) referenced from startup_gd32f10x_xd.o(RESET)
 <LI><a href="#[2e]">SPI1_IRQHandler</a> from startup_gd32f10x_xd.o(.text) referenced from startup_gd32f10x_xd.o(RESET)
 <LI><a href="#[3d]">SPI2_IRQHandler</a> from startup_gd32f10x_xd.o(.text) referenced from startup_gd32f10x_xd.o(RESET)
 <LI><a href="#[4c]">STATE_SwitchStep</a> from state.o(i.STATE_SwitchStep) referenced from state.o(i.All_GND_Test)
 <LI><a href="#[4c]">STATE_SwitchStep</a> from state.o(i.STATE_SwitchStep) referenced from canprotocolupdt.o(i.CAN_CmdFrameProcess)
 <LI><a href="#[4c]">STATE_SwitchStep</a> from state.o(i.STATE_SwitchStep) referenced from powerprotocol.o(i.POWER_PROTOCOL_CmdFrameProcess)
 <LI><a href="#[4c]">STATE_SwitchStep</a> from state.o(i.STATE_SwitchStep) referenced from state.o(i.STEP_Process_BrakeCanTest)
 <LI><a href="#[4c]">STATE_SwitchStep</a> from state.o(i.STATE_SwitchStep) referenced from state.o(i.STEP_Process_BrakeUartTest)
 <LI><a href="#[4c]">STATE_SwitchStep</a> from state.o(i.STATE_SwitchStep) referenced from state.o(i.STEP_Process_CalibrationCanTest)
 <LI><a href="#[4c]">STATE_SwitchStep</a> from state.o(i.STATE_SwitchStep) referenced from state.o(i.STEP_Process_CalibrationUartTest)
 <LI><a href="#[4c]">STATE_SwitchStep</a> from state.o(i.STATE_SwitchStep) referenced 2 times from state.o(i.STEP_Process_CmCanUpgrade)
 <LI><a href="#[4c]">STATE_SwitchStep</a> from state.o(i.STATE_SwitchStep) referenced from state.o(i.STEP_Process_DerailleurCanTest)
 <LI><a href="#[4c]">STATE_SwitchStep</a> from state.o(i.STATE_SwitchStep) referenced from state.o(i.STEP_Process_DerailleurUartTest)
 <LI><a href="#[4c]">STATE_SwitchStep</a> from state.o(i.STATE_SwitchStep) referenced from state.o(i.STEP_Process_HbeamCanTest)
 <LI><a href="#[4c]">STATE_SwitchStep</a> from state.o(i.STATE_SwitchStep) referenced from state.o(i.STEP_Process_HbeamUartTest)
 <LI><a href="#[4c]">STATE_SwitchStep</a> from state.o(i.STATE_SwitchStep) referenced from state.o(i.STEP_Process_HeadLightCanTest)
 <LI><a href="#[4c]">STATE_SwitchStep</a> from state.o(i.STATE_SwitchStep) referenced from state.o(i.STEP_Process_HeadLightUartTest)
 <LI><a href="#[4c]">STATE_SwitchStep</a> from state.o(i.STATE_SwitchStep) referenced from state.o(i.STEP_Process_LbeamCanTest)
 <LI><a href="#[4c]">STATE_SwitchStep</a> from state.o(i.STATE_SwitchStep) referenced from state.o(i.STEP_Process_LbeamUartTest)
 <LI><a href="#[4c]">STATE_SwitchStep</a> from state.o(i.STATE_SwitchStep) referenced from state.o(i.STEP_Process_Left_TurnSignalCanTest)
 <LI><a href="#[4c]">STATE_SwitchStep</a> from state.o(i.STATE_SwitchStep) referenced from state.o(i.STEP_Process_Left_TurnSignalUartTest)
 <LI><a href="#[4c]">STATE_SwitchStep</a> from state.o(i.STATE_SwitchStep) referenced from state.o(i.STEP_Process_Right_TurnSignalCanTest)
 <LI><a href="#[4c]">STATE_SwitchStep</a> from state.o(i.STATE_SwitchStep) referenced from state.o(i.STEP_Process_Right_TurnSignalUartTest)
 <LI><a href="#[4c]">STATE_SwitchStep</a> from state.o(i.STATE_SwitchStep) referenced from state.o(i.STEP_Process_SegUartUpgrade)
 <LI><a href="#[4c]">STATE_SwitchStep</a> from state.o(i.STATE_SwitchStep) referenced from state.o(i.STEP_Process_ThrottleCanTest)
 <LI><a href="#[4c]">STATE_SwitchStep</a> from state.o(i.STATE_SwitchStep) referenced from state.o(i.STEP_Process_ThrottleUartTest)
 <LI><a href="#[4c]">STATE_SwitchStep</a> from state.o(i.STATE_SwitchStep) referenced from state.o(i.STEP_Process_VlkCanTest)
 <LI><a href="#[4c]">STATE_SwitchStep</a> from state.o(i.STATE_SwitchStep) referenced from state.o(i.STEP_Process_VlkUartTest)
 <LI><a href="#[4c]">STATE_SwitchStep</a> from state.o(i.STATE_SwitchStep) referenced from state.o(i.STEP_Process_XM_BrakeUartTest)
 <LI><a href="#[4c]">STATE_SwitchStep</a> from state.o(i.STATE_SwitchStep) referenced from state.o(i.STEP_Process_XM_HeadLightUartTest)
 <LI><a href="#[4c]">STATE_SwitchStep</a> from state.o(i.STATE_SwitchStep) referenced from state.o(i.STEP_Process_XM_Left_TurnSignalUartTest)
 <LI><a href="#[4c]">STATE_SwitchStep</a> from state.o(i.STATE_SwitchStep) referenced from state.o(i.STEP_Process_XM_Right_TurnSignalUartTest)
 <LI><a href="#[4c]">STATE_SwitchStep</a> from state.o(i.STATE_SwitchStep) referenced from state.o(i.STEP_Process_XM_ThrottleUartTest)
 <LI><a href="#[4c]">STATE_SwitchStep</a> from state.o(i.STATE_SwitchStep) referenced from state.o(i.UART_Test)
 <LI><a href="#[4c]">STATE_SwitchStep</a> from state.o(i.STATE_SwitchStep) referenced from state.o(i.addTimeOutTimer)
 <LI><a href="#[5a]">STS_PROTOCOL_MacProcess</a> from stsprotocol.o(i.STS_PROTOCOL_MacProcess) referenced from stsprotocol.o(i.STS_PROTOCOL_Init)
 <LI><a href="#[5b]">STS_UART_AddTxArray</a> from stsdrive.o(i.STS_UART_AddTxArray) referenced from stsprotocol.o(i.STS_PROTOCOL_Init)
 <LI><a href="#[6]">SVC_Handler</a> from gd32f10x_it.o(i.SVC_Handler) referenced from startup_gd32f10x_xd.o(RESET)
 <LI><a href="#[9]">SysTick_Handler</a> from startup_gd32f10x_xd.o(.text) referenced from startup_gd32f10x_xd.o(RESET)
 <LI><a href="#[47]">SystemInit</a> from system_gd32f10x.o(i.SystemInit) referenced from startup_gd32f10x_xd.o(.text)
 <LI><a href="#[c]">TAMPER_IRQHandler</a> from startup_gd32f10x_xd.o(.text) referenced from startup_gd32f10x_xd.o(RESET)
 <LI><a href="#[22]">TIMER0_BRK_TIMER8_IRQHandler</a> from startup_gd32f10x_xd.o(.text) referenced from startup_gd32f10x_xd.o(RESET)
 <LI><a href="#[25]">TIMER0_Channel_IRQHandler</a> from startup_gd32f10x_xd.o(.text) referenced from startup_gd32f10x_xd.o(RESET)
 <LI><a href="#[24]">TIMER0_TRG_CMT_TIMER10_IRQHandler</a> from startup_gd32f10x_xd.o(.text) referenced from startup_gd32f10x_xd.o(RESET)
 <LI><a href="#[23]">TIMER0_UP_TIMER9_IRQHandler</a> from startup_gd32f10x_xd.o(.text) referenced from startup_gd32f10x_xd.o(RESET)
 <LI><a href="#[26]">TIMER1_IRQHandler</a> from timer.o(i.TIMER1_IRQHandler) referenced from startup_gd32f10x_xd.o(RESET)
 <LI><a href="#[27]">TIMER2_IRQHandler</a> from startup_gd32f10x_xd.o(.text) referenced from startup_gd32f10x_xd.o(RESET)
 <LI><a href="#[28]">TIMER3_IRQHandler</a> from startup_gd32f10x_xd.o(.text) referenced from startup_gd32f10x_xd.o(RESET)
 <LI><a href="#[3c]">TIMER4_IRQHandler</a> from startup_gd32f10x_xd.o(.text) referenced from startup_gd32f10x_xd.o(RESET)
 <LI><a href="#[40]">TIMER5_IRQHandler</a> from startup_gd32f10x_xd.o(.text) referenced from startup_gd32f10x_xd.o(RESET)
 <LI><a href="#[41]">TIMER6_IRQHandler</a> from startup_gd32f10x_xd.o(.text) referenced from startup_gd32f10x_xd.o(RESET)
 <LI><a href="#[35]">TIMER7_BRK_TIMER11_IRQHandler</a> from startup_gd32f10x_xd.o(.text) referenced from startup_gd32f10x_xd.o(RESET)
 <LI><a href="#[38]">TIMER7_Channel_IRQHandler</a> from startup_gd32f10x_xd.o(.text) referenced from startup_gd32f10x_xd.o(RESET)
 <LI><a href="#[37]">TIMER7_TRG_CMT_TIMER13_IRQHandler</a> from startup_gd32f10x_xd.o(.text) referenced from startup_gd32f10x_xd.o(RESET)
 <LI><a href="#[36]">TIMER7_UP_TIMER12_IRQHandler</a> from startup_gd32f10x_xd.o(.text) referenced from startup_gd32f10x_xd.o(RESET)
 <LI><a href="#[5c]">TIMER_DoNothing</a> from timer.o(i.TIMER_DoNothing) referenced from timer.o(i.TIMER_Init)
 <LI><a href="#[5c]">TIMER_DoNothing</a> from timer.o(i.TIMER_DoNothing) referenced from timer.o(i.TIMER_KillTask)
 <LI><a href="#[3e]">UART3_IRQHandler</a> from dutuartdrive.o(i.UART3_IRQHandler) referenced from startup_gd32f10x_xd.o(RESET)
 <LI><a href="#[3f]">UART4_IRQHandler</a> from startup_gd32f10x_xd.o(.text) referenced from startup_gd32f10x_xd.o(RESET)
 <LI><a href="#[4f]">UART_DRIVE_AddTxArray</a> from dutuartdrive.o(i.UART_DRIVE_AddTxArray) referenced from dutuartprotocol.o(i.DUT_PROTOCOL_Init)
 <LI><a href="#[4f]">UART_DRIVE_AddTxArray</a> from dutuartdrive.o(i.UART_DRIVE_AddTxArray) referenced from uartprotocol3.o(i.UART_PROTOCOL4_Init)
 <LI><a href="#[4f]">UART_DRIVE_AddTxArray</a> from dutuartdrive.o(i.UART_DRIVE_AddTxArray) referenced from uartprotocol.o(i.UART_PROTOCOL_Init)
 <LI><a href="#[4f]">UART_DRIVE_AddTxArray</a> from dutuartdrive.o(i.UART_DRIVE_AddTxArray) referenced from uartprotocolxm.o(i.UART_PROTOCOL_XM_Init)
 <LI><a href="#[5d]">UART_PROTOCOL4_MacProcess</a> from uartprotocol3.o(i.UART_PROTOCOL4_MacProcess) referenced from uartprotocol3.o(i.UART_PROTOCOL4_Init)
 <LI><a href="#[5e]">UART_PROTOCOL_XM_MacProcess</a> from uartprotocolxm.o(i.UART_PROTOCOL_XM_MacProcess) referenced from uartprotocolxm.o(i.UART_PROTOCOL_XM_Init)
 <LI><a href="#[2f]">USART0_IRQHandler</a> from avodrive.o(i.USART0_IRQHandler) referenced from startup_gd32f10x_xd.o(RESET)
 <LI><a href="#[30]">USART1_IRQHandler</a> from stsdrive.o(i.USART1_IRQHandler) referenced from startup_gd32f10x_xd.o(RESET)
 <LI><a href="#[31]">USART2_IRQHandler</a> from powerdrive.o(i.USART2_IRQHandler) referenced from startup_gd32f10x_xd.o(RESET)
 <LI><a href="#[1d]">USBD_HP_CAN0_TX_IRQHandler</a> from canprotocoltest.o(i.USBD_HP_CAN0_TX_IRQHandler) referenced from startup_gd32f10x_xd.o(RESET)
 <LI><a href="#[1e]">USBD_LP_CAN0_RX0_IRQHandler</a> from canprotocoltest.o(i.USBD_LP_CAN0_RX0_IRQHandler) referenced from startup_gd32f10x_xd.o(RESET)
 <LI><a href="#[34]">USBD_WKUP_IRQHandler</a> from startup_gd32f10x_xd.o(.text) referenced from startup_gd32f10x_xd.o(RESET)
 <LI><a href="#[5]">UsageFault_Handler</a> from gd32f10x_it.o(i.UsageFault_Handler) referenced from startup_gd32f10x_xd.o(RESET)
 <LI><a href="#[a]">WWDGT_IRQHandler</a> from startup_gd32f10x_xd.o(.text) referenced from startup_gd32f10x_xd.o(RESET)
 <LI><a href="#[57]">WriteFlagTimeOut</a> from stsprotocol.o(i.WriteFlagTimeOut) referenced from stsprotocol.o(i.STS_PROTOCOL_CmdFrameProcess)
 <LI><a href="#[48]">__main</a> from entry.o(.ARM.Collect$$$$00000000) referenced from startup_gd32f10x_xd.o(.text)
 <LI><a href="#[5f]">_snputc</a> from printfa.o(i._snputc) referenced from printfa.o(i.__0snprintf)
 <LI><a href="#[5f]">_snputc</a> from printfa.o(i._snputc) referenced from printfa.o(i.__0vsnprintf)
 <LI><a href="#[46]">main</a> from main.o(i.main) referenced from entry9a.o(.ARM.Collect$$$$0000000B)
</UL>
<P>
<H3>
Global Symbols
</H3>
<P><STRONG><a name="[48]"></a>__main</STRONG> (Thumb, 0 bytes, Stack size unknown bytes, entry.o(.ARM.Collect$$$$00000000))
<BR>[Address Reference Count : 1]<UL><LI> startup_gd32f10x_xd.o(.text)
</UL>
<P><STRONG><a name="[214]"></a>_main_stk</STRONG> (Thumb, 0 bytes, Stack size unknown bytes, entry2.o(.ARM.Collect$$$$00000001))

<P><STRONG><a name="[62]"></a>_main_scatterload</STRONG> (Thumb, 0 bytes, Stack size unknown bytes, entry5.o(.ARM.Collect$$$$00000004))
<BR><BR>[Calls]<UL><LI><a href="#[63]">&gt;&gt;</a>&nbsp;&nbsp;&nbsp;__scatterload
</UL>

<P><STRONG><a name="[75]"></a>__main_after_scatterload</STRONG> (Thumb, 0 bytes, Stack size unknown bytes, entry5.o(.ARM.Collect$$$$00000004))
<BR><BR>[Called By]<UL><LI><a href="#[63]">&gt;&gt;</a>&nbsp;&nbsp;&nbsp;__scatterload
</UL>

<P><STRONG><a name="[215]"></a>_main_clock</STRONG> (Thumb, 0 bytes, Stack size unknown bytes, entry7b.o(.ARM.Collect$$$$00000008))

<P><STRONG><a name="[216]"></a>_main_cpp_init</STRONG> (Thumb, 0 bytes, Stack size unknown bytes, entry8b.o(.ARM.Collect$$$$0000000A))

<P><STRONG><a name="[217]"></a>_main_init</STRONG> (Thumb, 0 bytes, Stack size unknown bytes, entry9a.o(.ARM.Collect$$$$0000000B))

<P><STRONG><a name="[218]"></a>__rt_lib_shutdown_fini</STRONG> (Thumb, 0 bytes, Stack size unknown bytes, entry12b.o(.ARM.Collect$$$$0000000E))

<P><STRONG><a name="[219]"></a>__rt_final_cpp</STRONG> (Thumb, 0 bytes, Stack size unknown bytes, entry10a.o(.ARM.Collect$$$$0000000F))

<P><STRONG><a name="[21a]"></a>__rt_final_exit</STRONG> (Thumb, 0 bytes, Stack size unknown bytes, entry11a.o(.ARM.Collect$$$$00000011))

<P><STRONG><a name="[0]"></a>Reset_Handler</STRONG> (Thumb, 8 bytes, Stack size 0 bytes, startup_gd32f10x_xd.o(.text))
<BR>[Address Reference Count : 1]<UL><LI> startup_gd32f10x_xd.o(RESET)
</UL>
<P><STRONG><a name="[9]"></a>SysTick_Handler</STRONG> (Thumb, 2 bytes, Stack size 0 bytes, startup_gd32f10x_xd.o(.text))
<BR><BR>[Calls]<UL><LI><a href="#[9]">&gt;&gt;</a>&nbsp;&nbsp;&nbsp;SysTick_Handler
</UL>
<BR>[Called By]<UL><LI><a href="#[9]">&gt;&gt;</a>&nbsp;&nbsp;&nbsp;SysTick_Handler
</UL>
<BR>[Address Reference Count : 1]<UL><LI> startup_gd32f10x_xd.o(RESET)
</UL>
<P><STRONG><a name="[1c]"></a>ADC0_1_IRQHandler</STRONG> (Thumb, 0 bytes, Stack size 0 bytes, startup_gd32f10x_xd.o(.text))
<BR><BR>[Calls]<UL><LI><a href="#[1c]">&gt;&gt;</a>&nbsp;&nbsp;&nbsp;ADC0_1_IRQHandler
</UL>
<BR>[Called By]<UL><LI><a href="#[1c]">&gt;&gt;</a>&nbsp;&nbsp;&nbsp;ADC0_1_IRQHandler
</UL>
<BR>[Address Reference Count : 1]<UL><LI> startup_gd32f10x_xd.o(RESET)
</UL>
<P><STRONG><a name="[39]"></a>ADC2_IRQHandler</STRONG> (Thumb, 0 bytes, Stack size 0 bytes, startup_gd32f10x_xd.o(.text))
<BR>[Address Reference Count : 1]<UL><LI> startup_gd32f10x_xd.o(RESET)
</UL>
<P><STRONG><a name="[20]"></a>CAN0_EWMC_IRQHandler</STRONG> (Thumb, 0 bytes, Stack size 0 bytes, startup_gd32f10x_xd.o(.text))
<BR>[Address Reference Count : 1]<UL><LI> startup_gd32f10x_xd.o(RESET)
</UL>
<P><STRONG><a name="[1f]"></a>CAN0_RX1_IRQHandler</STRONG> (Thumb, 0 bytes, Stack size 0 bytes, startup_gd32f10x_xd.o(.text))
<BR>[Address Reference Count : 1]<UL><LI> startup_gd32f10x_xd.o(RESET)
</UL>
<P><STRONG><a name="[15]"></a>DMA0_Channel0_IRQHandler</STRONG> (Thumb, 0 bytes, Stack size 0 bytes, startup_gd32f10x_xd.o(.text))
<BR>[Address Reference Count : 1]<UL><LI> startup_gd32f10x_xd.o(RESET)
</UL>
<P><STRONG><a name="[18]"></a>DMA0_Channel3_IRQHandler</STRONG> (Thumb, 0 bytes, Stack size 0 bytes, startup_gd32f10x_xd.o(.text))
<BR>[Address Reference Count : 1]<UL><LI> startup_gd32f10x_xd.o(RESET)
</UL>
<P><STRONG><a name="[19]"></a>DMA0_Channel4_IRQHandler</STRONG> (Thumb, 0 bytes, Stack size 0 bytes, startup_gd32f10x_xd.o(.text))
<BR>[Address Reference Count : 1]<UL><LI> startup_gd32f10x_xd.o(RESET)
</UL>
<P><STRONG><a name="[1a]"></a>DMA0_Channel5_IRQHandler</STRONG> (Thumb, 0 bytes, Stack size 0 bytes, startup_gd32f10x_xd.o(.text))
<BR>[Address Reference Count : 1]<UL><LI> startup_gd32f10x_xd.o(RESET)
</UL>
<P><STRONG><a name="[1b]"></a>DMA0_Channel6_IRQHandler</STRONG> (Thumb, 0 bytes, Stack size 0 bytes, startup_gd32f10x_xd.o(.text))
<BR>[Address Reference Count : 1]<UL><LI> startup_gd32f10x_xd.o(RESET)
</UL>
<P><STRONG><a name="[42]"></a>DMA1_Channel0_IRQHandler</STRONG> (Thumb, 0 bytes, Stack size 0 bytes, startup_gd32f10x_xd.o(.text))
<BR>[Address Reference Count : 1]<UL><LI> startup_gd32f10x_xd.o(RESET)
</UL>
<P><STRONG><a name="[43]"></a>DMA1_Channel1_IRQHandler</STRONG> (Thumb, 0 bytes, Stack size 0 bytes, startup_gd32f10x_xd.o(.text))
<BR>[Address Reference Count : 1]<UL><LI> startup_gd32f10x_xd.o(RESET)
</UL>
<P><STRONG><a name="[44]"></a>DMA1_Channel2_IRQHandler</STRONG> (Thumb, 0 bytes, Stack size 0 bytes, startup_gd32f10x_xd.o(.text))
<BR>[Address Reference Count : 1]<UL><LI> startup_gd32f10x_xd.o(RESET)
</UL>
<P><STRONG><a name="[45]"></a>DMA1_Channel3_4_IRQHandler</STRONG> (Thumb, 0 bytes, Stack size 0 bytes, startup_gd32f10x_xd.o(.text))
<BR>[Address Reference Count : 1]<UL><LI> startup_gd32f10x_xd.o(RESET)
</UL>
<P><STRONG><a name="[3a]"></a>EXMC_IRQHandler</STRONG> (Thumb, 0 bytes, Stack size 0 bytes, startup_gd32f10x_xd.o(.text))
<BR>[Address Reference Count : 1]<UL><LI> startup_gd32f10x_xd.o(RESET)
</UL>
<P><STRONG><a name="[10]"></a>EXTI0_IRQHandler</STRONG> (Thumb, 0 bytes, Stack size 0 bytes, startup_gd32f10x_xd.o(.text))
<BR>[Address Reference Count : 1]<UL><LI> startup_gd32f10x_xd.o(RESET)
</UL>
<P><STRONG><a name="[32]"></a>EXTI10_15_IRQHandler</STRONG> (Thumb, 0 bytes, Stack size 0 bytes, startup_gd32f10x_xd.o(.text))
<BR>[Address Reference Count : 1]<UL><LI> startup_gd32f10x_xd.o(RESET)
</UL>
<P><STRONG><a name="[11]"></a>EXTI1_IRQHandler</STRONG> (Thumb, 0 bytes, Stack size 0 bytes, startup_gd32f10x_xd.o(.text))
<BR>[Address Reference Count : 1]<UL><LI> startup_gd32f10x_xd.o(RESET)
</UL>
<P><STRONG><a name="[12]"></a>EXTI2_IRQHandler</STRONG> (Thumb, 0 bytes, Stack size 0 bytes, startup_gd32f10x_xd.o(.text))
<BR>[Address Reference Count : 1]<UL><LI> startup_gd32f10x_xd.o(RESET)
</UL>
<P><STRONG><a name="[13]"></a>EXTI3_IRQHandler</STRONG> (Thumb, 0 bytes, Stack size 0 bytes, startup_gd32f10x_xd.o(.text))
<BR>[Address Reference Count : 1]<UL><LI> startup_gd32f10x_xd.o(RESET)
</UL>
<P><STRONG><a name="[14]"></a>EXTI4_IRQHandler</STRONG> (Thumb, 0 bytes, Stack size 0 bytes, startup_gd32f10x_xd.o(.text))
<BR>[Address Reference Count : 1]<UL><LI> startup_gd32f10x_xd.o(RESET)
</UL>
<P><STRONG><a name="[21]"></a>EXTI5_9_IRQHandler</STRONG> (Thumb, 0 bytes, Stack size 0 bytes, startup_gd32f10x_xd.o(.text))
<BR>[Address Reference Count : 1]<UL><LI> startup_gd32f10x_xd.o(RESET)
</UL>
<P><STRONG><a name="[e]"></a>FMC_IRQHandler</STRONG> (Thumb, 0 bytes, Stack size 0 bytes, startup_gd32f10x_xd.o(.text))
<BR>[Address Reference Count : 1]<UL><LI> startup_gd32f10x_xd.o(RESET)
</UL>
<P><STRONG><a name="[2a]"></a>I2C0_ER_IRQHandler</STRONG> (Thumb, 0 bytes, Stack size 0 bytes, startup_gd32f10x_xd.o(.text))
<BR>[Address Reference Count : 1]<UL><LI> startup_gd32f10x_xd.o(RESET)
</UL>
<P><STRONG><a name="[29]"></a>I2C0_EV_IRQHandler</STRONG> (Thumb, 0 bytes, Stack size 0 bytes, startup_gd32f10x_xd.o(.text))
<BR>[Address Reference Count : 1]<UL><LI> startup_gd32f10x_xd.o(RESET)
</UL>
<P><STRONG><a name="[2c]"></a>I2C1_ER_IRQHandler</STRONG> (Thumb, 0 bytes, Stack size 0 bytes, startup_gd32f10x_xd.o(.text))
<BR>[Address Reference Count : 1]<UL><LI> startup_gd32f10x_xd.o(RESET)
</UL>
<P><STRONG><a name="[2b]"></a>I2C1_EV_IRQHandler</STRONG> (Thumb, 0 bytes, Stack size 0 bytes, startup_gd32f10x_xd.o(.text))
<BR>[Address Reference Count : 1]<UL><LI> startup_gd32f10x_xd.o(RESET)
</UL>
<P><STRONG><a name="[b]"></a>LVD_IRQHandler</STRONG> (Thumb, 0 bytes, Stack size 0 bytes, startup_gd32f10x_xd.o(.text))
<BR>[Address Reference Count : 1]<UL><LI> startup_gd32f10x_xd.o(RESET)
</UL>
<P><STRONG><a name="[f]"></a>RCU_IRQHandler</STRONG> (Thumb, 0 bytes, Stack size 0 bytes, startup_gd32f10x_xd.o(.text))
<BR>[Address Reference Count : 1]<UL><LI> startup_gd32f10x_xd.o(RESET)
</UL>
<P><STRONG><a name="[33]"></a>RTC_Alarm_IRQHandler</STRONG> (Thumb, 0 bytes, Stack size 0 bytes, startup_gd32f10x_xd.o(.text))
<BR>[Address Reference Count : 1]<UL><LI> startup_gd32f10x_xd.o(RESET)
</UL>
<P><STRONG><a name="[d]"></a>RTC_IRQHandler</STRONG> (Thumb, 0 bytes, Stack size 0 bytes, startup_gd32f10x_xd.o(.text))
<BR>[Address Reference Count : 1]<UL><LI> startup_gd32f10x_xd.o(RESET)
</UL>
<P><STRONG><a name="[3b]"></a>SDIO_IRQHandler</STRONG> (Thumb, 0 bytes, Stack size 0 bytes, startup_gd32f10x_xd.o(.text))
<BR>[Address Reference Count : 1]<UL><LI> startup_gd32f10x_xd.o(RESET)
</UL>
<P><STRONG><a name="[2d]"></a>SPI0_IRQHandler</STRONG> (Thumb, 0 bytes, Stack size 0 bytes, startup_gd32f10x_xd.o(.text))
<BR>[Address Reference Count : 1]<UL><LI> startup_gd32f10x_xd.o(RESET)
</UL>
<P><STRONG><a name="[2e]"></a>SPI1_IRQHandler</STRONG> (Thumb, 0 bytes, Stack size 0 bytes, startup_gd32f10x_xd.o(.text))
<BR>[Address Reference Count : 1]<UL><LI> startup_gd32f10x_xd.o(RESET)
</UL>
<P><STRONG><a name="[3d]"></a>SPI2_IRQHandler</STRONG> (Thumb, 0 bytes, Stack size 0 bytes, startup_gd32f10x_xd.o(.text))
<BR>[Address Reference Count : 1]<UL><LI> startup_gd32f10x_xd.o(RESET)
</UL>
<P><STRONG><a name="[c]"></a>TAMPER_IRQHandler</STRONG> (Thumb, 0 bytes, Stack size 0 bytes, startup_gd32f10x_xd.o(.text))
<BR>[Address Reference Count : 1]<UL><LI> startup_gd32f10x_xd.o(RESET)
</UL>
<P><STRONG><a name="[22]"></a>TIMER0_BRK_TIMER8_IRQHandler</STRONG> (Thumb, 0 bytes, Stack size 0 bytes, startup_gd32f10x_xd.o(.text))
<BR>[Address Reference Count : 1]<UL><LI> startup_gd32f10x_xd.o(RESET)
</UL>
<P><STRONG><a name="[25]"></a>TIMER0_Channel_IRQHandler</STRONG> (Thumb, 0 bytes, Stack size 0 bytes, startup_gd32f10x_xd.o(.text))
<BR>[Address Reference Count : 1]<UL><LI> startup_gd32f10x_xd.o(RESET)
</UL>
<P><STRONG><a name="[24]"></a>TIMER0_TRG_CMT_TIMER10_IRQHandler</STRONG> (Thumb, 0 bytes, Stack size 0 bytes, startup_gd32f10x_xd.o(.text))
<BR>[Address Reference Count : 1]<UL><LI> startup_gd32f10x_xd.o(RESET)
</UL>
<P><STRONG><a name="[23]"></a>TIMER0_UP_TIMER9_IRQHandler</STRONG> (Thumb, 0 bytes, Stack size 0 bytes, startup_gd32f10x_xd.o(.text))
<BR>[Address Reference Count : 1]<UL><LI> startup_gd32f10x_xd.o(RESET)
</UL>
<P><STRONG><a name="[27]"></a>TIMER2_IRQHandler</STRONG> (Thumb, 0 bytes, Stack size 0 bytes, startup_gd32f10x_xd.o(.text))
<BR>[Address Reference Count : 1]<UL><LI> startup_gd32f10x_xd.o(RESET)
</UL>
<P><STRONG><a name="[28]"></a>TIMER3_IRQHandler</STRONG> (Thumb, 0 bytes, Stack size 0 bytes, startup_gd32f10x_xd.o(.text))
<BR>[Address Reference Count : 1]<UL><LI> startup_gd32f10x_xd.o(RESET)
</UL>
<P><STRONG><a name="[3c]"></a>TIMER4_IRQHandler</STRONG> (Thumb, 0 bytes, Stack size 0 bytes, startup_gd32f10x_xd.o(.text))
<BR>[Address Reference Count : 1]<UL><LI> startup_gd32f10x_xd.o(RESET)
</UL>
<P><STRONG><a name="[40]"></a>TIMER5_IRQHandler</STRONG> (Thumb, 0 bytes, Stack size 0 bytes, startup_gd32f10x_xd.o(.text))
<BR>[Address Reference Count : 1]<UL><LI> startup_gd32f10x_xd.o(RESET)
</UL>
<P><STRONG><a name="[41]"></a>TIMER6_IRQHandler</STRONG> (Thumb, 0 bytes, Stack size 0 bytes, startup_gd32f10x_xd.o(.text))
<BR>[Address Reference Count : 1]<UL><LI> startup_gd32f10x_xd.o(RESET)
</UL>
<P><STRONG><a name="[35]"></a>TIMER7_BRK_TIMER11_IRQHandler</STRONG> (Thumb, 0 bytes, Stack size 0 bytes, startup_gd32f10x_xd.o(.text))
<BR>[Address Reference Count : 1]<UL><LI> startup_gd32f10x_xd.o(RESET)
</UL>
<P><STRONG><a name="[38]"></a>TIMER7_Channel_IRQHandler</STRONG> (Thumb, 0 bytes, Stack size 0 bytes, startup_gd32f10x_xd.o(.text))
<BR>[Address Reference Count : 1]<UL><LI> startup_gd32f10x_xd.o(RESET)
</UL>
<P><STRONG><a name="[37]"></a>TIMER7_TRG_CMT_TIMER13_IRQHandler</STRONG> (Thumb, 0 bytes, Stack size 0 bytes, startup_gd32f10x_xd.o(.text))
<BR>[Address Reference Count : 1]<UL><LI> startup_gd32f10x_xd.o(RESET)
</UL>
<P><STRONG><a name="[36]"></a>TIMER7_UP_TIMER12_IRQHandler</STRONG> (Thumb, 0 bytes, Stack size 0 bytes, startup_gd32f10x_xd.o(.text))
<BR>[Address Reference Count : 1]<UL><LI> startup_gd32f10x_xd.o(RESET)
</UL>
<P><STRONG><a name="[3f]"></a>UART4_IRQHandler</STRONG> (Thumb, 0 bytes, Stack size 0 bytes, startup_gd32f10x_xd.o(.text))
<BR>[Address Reference Count : 1]<UL><LI> startup_gd32f10x_xd.o(RESET)
</UL>
<P><STRONG><a name="[34]"></a>USBD_WKUP_IRQHandler</STRONG> (Thumb, 0 bytes, Stack size 0 bytes, startup_gd32f10x_xd.o(.text))
<BR>[Address Reference Count : 1]<UL><LI> startup_gd32f10x_xd.o(RESET)
</UL>
<P><STRONG><a name="[a]"></a>WWDGT_IRQHandler</STRONG> (Thumb, 0 bytes, Stack size 0 bytes, startup_gd32f10x_xd.o(.text))
<BR>[Address Reference Count : 1]<UL><LI> startup_gd32f10x_xd.o(RESET)
</UL>
<P><STRONG><a name="[65]"></a>__aeabi_memset</STRONG> (Thumb, 14 bytes, Stack size 0 bytes, memseta.o(.text))
<BR><BR>[Called By]<UL><LI><a href="#[142]">&gt;&gt;</a>&nbsp;&nbsp;&nbsp;KEY_Init
<LI><a href="#[ce]">&gt;&gt;</a>&nbsp;&nbsp;&nbsp;CAN_PROTOCOL_DataStructInit
<LI><a href="#[cf]">&gt;&gt;</a>&nbsp;&nbsp;&nbsp;CAN_PROTOCOL_Init
<LI><a href="#[66]">&gt;&gt;</a>&nbsp;&nbsp;&nbsp;_memset$wrapper
<LI><a href="#[64]">&gt;&gt;</a>&nbsp;&nbsp;&nbsp;__aeabi_memclr
</UL>

<P><STRONG><a name="[21b]"></a>__aeabi_memset4</STRONG> (Thumb, 0 bytes, Stack size 0 bytes, memseta.o(.text), UNUSED)

<P><STRONG><a name="[21c]"></a>__aeabi_memset8</STRONG> (Thumb, 0 bytes, Stack size 0 bytes, memseta.o(.text), UNUSED)

<P><STRONG><a name="[64]"></a>__aeabi_memclr</STRONG> (Thumb, 4 bytes, Stack size 0 bytes, memseta.o(.text), UNUSED)
<BR><BR>[Calls]<UL><LI><a href="#[65]">&gt;&gt;</a>&nbsp;&nbsp;&nbsp;__aeabi_memset
</UL>

<P><STRONG><a name="[e6]"></a>__aeabi_memclr4</STRONG> (Thumb, 0 bytes, Stack size 0 bytes, memseta.o(.text))
<BR><BR>[Called By]<UL><LI><a href="#[117]">&gt;&gt;</a>&nbsp;&nbsp;&nbsp;DUT_PROTOCOL_CmdFrameProcess
<LI><a href="#[12a]">&gt;&gt;</a>&nbsp;&nbsp;&nbsp;DutInfoUpdata
<LI><a href="#[1ae]">&gt;&gt;</a>&nbsp;&nbsp;&nbsp;uartProtocol_SendOnePacket_Hex
<LI><a href="#[1b3]">&gt;&gt;</a>&nbsp;&nbsp;&nbsp;uartProtocol_SendOnePacket
<LI><a href="#[1a4]">&gt;&gt;</a>&nbsp;&nbsp;&nbsp;STEP_Process_SegUartUpgrade
<LI><a href="#[1a1]">&gt;&gt;</a>&nbsp;&nbsp;&nbsp;STEP_Process_CmCanUpgrade
<LI><a href="#[1be]">&gt;&gt;</a>&nbsp;&nbsp;&nbsp;USB_CURRENT_Read
<LI><a href="#[1bd]">&gt;&gt;</a>&nbsp;&nbsp;&nbsp;USB_ADC_Read
<LI><a href="#[13e]">&gt;&gt;</a>&nbsp;&nbsp;&nbsp;KEY_ADC_Read
<LI><a href="#[1b7]">&gt;&gt;</a>&nbsp;&nbsp;&nbsp;STS_PROTOCOL_CmdFrameProcess
<LI><a href="#[1f2]">&gt;&gt;</a>&nbsp;&nbsp;&nbsp;UART_PROTOCOL_XM_CmdFrameProcess
<LI><a href="#[d8]">&gt;&gt;</a>&nbsp;&nbsp;&nbsp;CAN_TEST_CmdFrameProcess
</UL>

<P><STRONG><a name="[21d]"></a>__aeabi_memclr8</STRONG> (Thumb, 0 bytes, Stack size 0 bytes, memseta.o(.text), UNUSED)

<P><STRONG><a name="[66]"></a>_memset$wrapper</STRONG> (Thumb, 18 bytes, Stack size 8 bytes, memseta.o(.text), UNUSED)
<BR><BR>[Calls]<UL><LI><a href="#[65]">&gt;&gt;</a>&nbsp;&nbsp;&nbsp;__aeabi_memset
</UL>

<P><STRONG><a name="[ea]"></a>strstr</STRONG> (Thumb, 36 bytes, Stack size 12 bytes, strstr.o(.text))
<BR><BR>[Stack]<UL><LI>Max Depth = 12<LI>Call Chain = strstr
</UL>
<BR>[Called By]<UL><LI><a href="#[117]">&gt;&gt;</a>&nbsp;&nbsp;&nbsp;DUT_PROTOCOL_CmdFrameProcess
<LI><a href="#[1f2]">&gt;&gt;</a>&nbsp;&nbsp;&nbsp;UART_PROTOCOL_XM_CmdFrameProcess
<LI><a href="#[d8]">&gt;&gt;</a>&nbsp;&nbsp;&nbsp;CAN_TEST_CmdFrameProcess
</UL>

<P><STRONG><a name="[127]"></a>strlen</STRONG> (Thumb, 14 bytes, Stack size 0 bytes, strlen.o(.text))
<BR><BR>[Called By]<UL><LI><a href="#[b7]">&gt;&gt;</a>&nbsp;&nbsp;&nbsp;Display_Centered
<LI><a href="#[ba]">&gt;&gt;</a>&nbsp;&nbsp;&nbsp;Display_YX_Format
</UL>

<P><STRONG><a name="[12d]"></a>strcmp</STRONG> (Thumb, 28 bytes, Stack size 8 bytes, strcmp.o(.text))
<BR><BR>[Stack]<UL><LI>Max Depth = 8<LI>Call Chain = strcmp
</UL>
<BR>[Called By]<UL><LI><a href="#[12a]">&gt;&gt;</a>&nbsp;&nbsp;&nbsp;DutInfoUpdata
</UL>

<P><STRONG><a name="[e7]"></a>strcpy</STRONG> (Thumb, 18 bytes, Stack size 0 bytes, strcpy.o(.text))
<BR><BR>[Called By]<UL><LI><a href="#[117]">&gt;&gt;</a>&nbsp;&nbsp;&nbsp;DUT_PROTOCOL_CmdFrameProcess
<LI><a href="#[1b7]">&gt;&gt;</a>&nbsp;&nbsp;&nbsp;STS_PROTOCOL_CmdFrameProcess
<LI><a href="#[1f2]">&gt;&gt;</a>&nbsp;&nbsp;&nbsp;UART_PROTOCOL_XM_CmdFrameProcess
<LI><a href="#[d8]">&gt;&gt;</a>&nbsp;&nbsp;&nbsp;CAN_TEST_CmdFrameProcess
</UL>

<P><STRONG><a name="[94]"></a>__aeabi_fmul</STRONG> (Thumb, 100 bytes, Stack size 8 bytes, fmul.o(.text))
<BR><BR>[Stack]<UL><LI>Max Depth = 8<LI>Call Chain = __aeabi_fmul
</UL>
<BR>[Called By]<UL><LI><a href="#[93]">&gt;&gt;</a>&nbsp;&nbsp;&nbsp;AVO_PROTOCOL_CmdFrameProcess
</UL>

<P><STRONG><a name="[67]"></a>__aeabi_ui2f</STRONG> (Thumb, 10 bytes, Stack size 0 bytes, ffltui.o(.text))
<BR><BR>[Stack]<UL><LI>Max Depth = 4<LI>Call Chain = __aeabi_ui2f &rArr; _float_epilogue
</UL>
<BR>[Calls]<UL><LI><a href="#[68]">&gt;&gt;</a>&nbsp;&nbsp;&nbsp;_float_epilogue
</UL>
<BR>[Called By]<UL><LI><a href="#[1a9]">&gt;&gt;</a>&nbsp;&nbsp;&nbsp;STEP_Process_XM_ThrottleUartTest
<LI><a href="#[1a8]">&gt;&gt;</a>&nbsp;&nbsp;&nbsp;STEP_Process_XM_Right_TurnSignalUartTest
<LI><a href="#[1a7]">&gt;&gt;</a>&nbsp;&nbsp;&nbsp;STEP_Process_XM_Left_TurnSignalUartTest
<LI><a href="#[1a6]">&gt;&gt;</a>&nbsp;&nbsp;&nbsp;STEP_Process_XM_HeadLightUartTest
<LI><a href="#[1aa]">&gt;&gt;</a>&nbsp;&nbsp;&nbsp;STEP_Process_XM_BrakeUartTest
<LI><a href="#[195]">&gt;&gt;</a>&nbsp;&nbsp;&nbsp;STEP_Process_VlkUartTest
<LI><a href="#[19f]">&gt;&gt;</a>&nbsp;&nbsp;&nbsp;STEP_Process_VlkCanTest
<LI><a href="#[192]">&gt;&gt;</a>&nbsp;&nbsp;&nbsp;STEP_Process_ThrottleUartTest
<LI><a href="#[19c]">&gt;&gt;</a>&nbsp;&nbsp;&nbsp;STEP_Process_ThrottleCanTest
<LI><a href="#[191]">&gt;&gt;</a>&nbsp;&nbsp;&nbsp;STEP_Process_Right_TurnSignalUartTest
<LI><a href="#[19b]">&gt;&gt;</a>&nbsp;&nbsp;&nbsp;STEP_Process_Right_TurnSignalCanTest
<LI><a href="#[190]">&gt;&gt;</a>&nbsp;&nbsp;&nbsp;STEP_Process_Left_TurnSignalUartTest
<LI><a href="#[19a]">&gt;&gt;</a>&nbsp;&nbsp;&nbsp;STEP_Process_Left_TurnSignalCanTest
<LI><a href="#[18e]">&gt;&gt;</a>&nbsp;&nbsp;&nbsp;STEP_Process_LbeamUartTest
<LI><a href="#[198]">&gt;&gt;</a>&nbsp;&nbsp;&nbsp;STEP_Process_LbeamCanTest
<LI><a href="#[18d]">&gt;&gt;</a>&nbsp;&nbsp;&nbsp;STEP_Process_HeadLightUartTest
<LI><a href="#[197]">&gt;&gt;</a>&nbsp;&nbsp;&nbsp;STEP_Process_HeadLightCanTest
<LI><a href="#[18f]">&gt;&gt;</a>&nbsp;&nbsp;&nbsp;STEP_Process_HbeamUartTest
<LI><a href="#[199]">&gt;&gt;</a>&nbsp;&nbsp;&nbsp;STEP_Process_HbeamCanTest
<LI><a href="#[194]">&gt;&gt;</a>&nbsp;&nbsp;&nbsp;STEP_Process_DerailleurUartTest
<LI><a href="#[19e]">&gt;&gt;</a>&nbsp;&nbsp;&nbsp;STEP_Process_DerailleurCanTest
<LI><a href="#[193]">&gt;&gt;</a>&nbsp;&nbsp;&nbsp;STEP_Process_BrakeUartTest
<LI><a href="#[19d]">&gt;&gt;</a>&nbsp;&nbsp;&nbsp;STEP_Process_BrakeCanTest
</UL>

<P><STRONG><a name="[1b6]"></a>__aeabi_f2uiz</STRONG> (Thumb, 40 bytes, Stack size 0 bytes, ffixui.o(.text))
<BR><BR>[Called By]<UL><LI><a href="#[1a8]">&gt;&gt;</a>&nbsp;&nbsp;&nbsp;STEP_Process_XM_Right_TurnSignalUartTest
<LI><a href="#[1a7]">&gt;&gt;</a>&nbsp;&nbsp;&nbsp;STEP_Process_XM_Left_TurnSignalUartTest
</UL>

<P><STRONG><a name="[1b2]"></a>__aeabi_f2d</STRONG> (Thumb, 38 bytes, Stack size 0 bytes, f2d.o(.text))
<BR><BR>[Called By]<UL><LI><a href="#[18c]">&gt;&gt;</a>&nbsp;&nbsp;&nbsp;UART_Test
<LI><a href="#[1a8]">&gt;&gt;</a>&nbsp;&nbsp;&nbsp;STEP_Process_XM_Right_TurnSignalUartTest
<LI><a href="#[1a7]">&gt;&gt;</a>&nbsp;&nbsp;&nbsp;STEP_Process_XM_Left_TurnSignalUartTest
<LI><a href="#[1a6]">&gt;&gt;</a>&nbsp;&nbsp;&nbsp;STEP_Process_XM_HeadLightUartTest
<LI><a href="#[191]">&gt;&gt;</a>&nbsp;&nbsp;&nbsp;STEP_Process_Right_TurnSignalUartTest
<LI><a href="#[19b]">&gt;&gt;</a>&nbsp;&nbsp;&nbsp;STEP_Process_Right_TurnSignalCanTest
<LI><a href="#[190]">&gt;&gt;</a>&nbsp;&nbsp;&nbsp;STEP_Process_Left_TurnSignalUartTest
<LI><a href="#[19a]">&gt;&gt;</a>&nbsp;&nbsp;&nbsp;STEP_Process_Left_TurnSignalCanTest
<LI><a href="#[18e]">&gt;&gt;</a>&nbsp;&nbsp;&nbsp;STEP_Process_LbeamUartTest
<LI><a href="#[198]">&gt;&gt;</a>&nbsp;&nbsp;&nbsp;STEP_Process_LbeamCanTest
<LI><a href="#[18d]">&gt;&gt;</a>&nbsp;&nbsp;&nbsp;STEP_Process_HeadLightUartTest
<LI><a href="#[197]">&gt;&gt;</a>&nbsp;&nbsp;&nbsp;STEP_Process_HeadLightCanTest
<LI><a href="#[18f]">&gt;&gt;</a>&nbsp;&nbsp;&nbsp;STEP_Process_HbeamUartTest
<LI><a href="#[199]">&gt;&gt;</a>&nbsp;&nbsp;&nbsp;STEP_Process_HbeamCanTest
</UL>

<P><STRONG><a name="[21e]"></a>__aeabi_cfcmpeq</STRONG> (Thumb, 0 bytes, Stack size 0 bytes, cfcmple.o(.text), UNUSED)

<P><STRONG><a name="[1ab]"></a>__aeabi_cfcmple</STRONG> (Thumb, 20 bytes, Stack size 0 bytes, cfcmple.o(.text))
<BR><BR>[Called By]<UL><LI><a href="#[1a9]">&gt;&gt;</a>&nbsp;&nbsp;&nbsp;STEP_Process_XM_ThrottleUartTest
<LI><a href="#[1a8]">&gt;&gt;</a>&nbsp;&nbsp;&nbsp;STEP_Process_XM_Right_TurnSignalUartTest
<LI><a href="#[1a7]">&gt;&gt;</a>&nbsp;&nbsp;&nbsp;STEP_Process_XM_Left_TurnSignalUartTest
<LI><a href="#[1a6]">&gt;&gt;</a>&nbsp;&nbsp;&nbsp;STEP_Process_XM_HeadLightUartTest
<LI><a href="#[1aa]">&gt;&gt;</a>&nbsp;&nbsp;&nbsp;STEP_Process_XM_BrakeUartTest
<LI><a href="#[195]">&gt;&gt;</a>&nbsp;&nbsp;&nbsp;STEP_Process_VlkUartTest
<LI><a href="#[19f]">&gt;&gt;</a>&nbsp;&nbsp;&nbsp;STEP_Process_VlkCanTest
<LI><a href="#[192]">&gt;&gt;</a>&nbsp;&nbsp;&nbsp;STEP_Process_ThrottleUartTest
<LI><a href="#[19c]">&gt;&gt;</a>&nbsp;&nbsp;&nbsp;STEP_Process_ThrottleCanTest
<LI><a href="#[191]">&gt;&gt;</a>&nbsp;&nbsp;&nbsp;STEP_Process_Right_TurnSignalUartTest
<LI><a href="#[19b]">&gt;&gt;</a>&nbsp;&nbsp;&nbsp;STEP_Process_Right_TurnSignalCanTest
<LI><a href="#[190]">&gt;&gt;</a>&nbsp;&nbsp;&nbsp;STEP_Process_Left_TurnSignalUartTest
<LI><a href="#[19a]">&gt;&gt;</a>&nbsp;&nbsp;&nbsp;STEP_Process_Left_TurnSignalCanTest
<LI><a href="#[18e]">&gt;&gt;</a>&nbsp;&nbsp;&nbsp;STEP_Process_LbeamUartTest
<LI><a href="#[198]">&gt;&gt;</a>&nbsp;&nbsp;&nbsp;STEP_Process_LbeamCanTest
<LI><a href="#[18d]">&gt;&gt;</a>&nbsp;&nbsp;&nbsp;STEP_Process_HeadLightUartTest
<LI><a href="#[197]">&gt;&gt;</a>&nbsp;&nbsp;&nbsp;STEP_Process_HeadLightCanTest
<LI><a href="#[18f]">&gt;&gt;</a>&nbsp;&nbsp;&nbsp;STEP_Process_HbeamUartTest
<LI><a href="#[199]">&gt;&gt;</a>&nbsp;&nbsp;&nbsp;STEP_Process_HbeamCanTest
<LI><a href="#[194]">&gt;&gt;</a>&nbsp;&nbsp;&nbsp;STEP_Process_DerailleurUartTest
<LI><a href="#[19e]">&gt;&gt;</a>&nbsp;&nbsp;&nbsp;STEP_Process_DerailleurCanTest
<LI><a href="#[193]">&gt;&gt;</a>&nbsp;&nbsp;&nbsp;STEP_Process_BrakeUartTest
<LI><a href="#[19d]">&gt;&gt;</a>&nbsp;&nbsp;&nbsp;STEP_Process_BrakeCanTest
</UL>

<P><STRONG><a name="[1ac]"></a>__aeabi_cfrcmple</STRONG> (Thumb, 20 bytes, Stack size 0 bytes, cfrcmple.o(.text))
<BR><BR>[Called By]<UL><LI><a href="#[1a9]">&gt;&gt;</a>&nbsp;&nbsp;&nbsp;STEP_Process_XM_ThrottleUartTest
<LI><a href="#[1a8]">&gt;&gt;</a>&nbsp;&nbsp;&nbsp;STEP_Process_XM_Right_TurnSignalUartTest
<LI><a href="#[1a7]">&gt;&gt;</a>&nbsp;&nbsp;&nbsp;STEP_Process_XM_Left_TurnSignalUartTest
<LI><a href="#[1a6]">&gt;&gt;</a>&nbsp;&nbsp;&nbsp;STEP_Process_XM_HeadLightUartTest
<LI><a href="#[1aa]">&gt;&gt;</a>&nbsp;&nbsp;&nbsp;STEP_Process_XM_BrakeUartTest
<LI><a href="#[195]">&gt;&gt;</a>&nbsp;&nbsp;&nbsp;STEP_Process_VlkUartTest
<LI><a href="#[19f]">&gt;&gt;</a>&nbsp;&nbsp;&nbsp;STEP_Process_VlkCanTest
<LI><a href="#[192]">&gt;&gt;</a>&nbsp;&nbsp;&nbsp;STEP_Process_ThrottleUartTest
<LI><a href="#[19c]">&gt;&gt;</a>&nbsp;&nbsp;&nbsp;STEP_Process_ThrottleCanTest
<LI><a href="#[191]">&gt;&gt;</a>&nbsp;&nbsp;&nbsp;STEP_Process_Right_TurnSignalUartTest
<LI><a href="#[19b]">&gt;&gt;</a>&nbsp;&nbsp;&nbsp;STEP_Process_Right_TurnSignalCanTest
<LI><a href="#[190]">&gt;&gt;</a>&nbsp;&nbsp;&nbsp;STEP_Process_Left_TurnSignalUartTest
<LI><a href="#[19a]">&gt;&gt;</a>&nbsp;&nbsp;&nbsp;STEP_Process_Left_TurnSignalCanTest
<LI><a href="#[18e]">&gt;&gt;</a>&nbsp;&nbsp;&nbsp;STEP_Process_LbeamUartTest
<LI><a href="#[198]">&gt;&gt;</a>&nbsp;&nbsp;&nbsp;STEP_Process_LbeamCanTest
<LI><a href="#[18d]">&gt;&gt;</a>&nbsp;&nbsp;&nbsp;STEP_Process_HeadLightUartTest
<LI><a href="#[197]">&gt;&gt;</a>&nbsp;&nbsp;&nbsp;STEP_Process_HeadLightCanTest
<LI><a href="#[18f]">&gt;&gt;</a>&nbsp;&nbsp;&nbsp;STEP_Process_HbeamUartTest
<LI><a href="#[199]">&gt;&gt;</a>&nbsp;&nbsp;&nbsp;STEP_Process_HbeamCanTest
<LI><a href="#[194]">&gt;&gt;</a>&nbsp;&nbsp;&nbsp;STEP_Process_DerailleurUartTest
<LI><a href="#[19e]">&gt;&gt;</a>&nbsp;&nbsp;&nbsp;STEP_Process_DerailleurCanTest
<LI><a href="#[193]">&gt;&gt;</a>&nbsp;&nbsp;&nbsp;STEP_Process_BrakeUartTest
<LI><a href="#[19d]">&gt;&gt;</a>&nbsp;&nbsp;&nbsp;STEP_Process_BrakeCanTest
</UL>

<P><STRONG><a name="[21f]"></a>__aeabi_uidiv</STRONG> (Thumb, 0 bytes, Stack size 12 bytes, uidiv.o(.text), UNUSED)

<P><STRONG><a name="[20a]"></a>__aeabi_uidivmod</STRONG> (Thumb, 44 bytes, Stack size 12 bytes, uidiv.o(.text), UNUSED)
<BR><BR>[Called By]<UL><LI><a href="#[204]">&gt;&gt;</a>&nbsp;&nbsp;&nbsp;_printf_core
</UL>

<P><STRONG><a name="[69]"></a>__aeabi_uldivmod</STRONG> (Thumb, 98 bytes, Stack size 40 bytes, uldiv.o(.text), UNUSED)
<BR><BR>[Calls]<UL><LI><a href="#[6a]">&gt;&gt;</a>&nbsp;&nbsp;&nbsp;__aeabi_llsr
<LI><a href="#[6b]">&gt;&gt;</a>&nbsp;&nbsp;&nbsp;__aeabi_llsl
</UL>
<BR>[Called By]<UL><LI><a href="#[204]">&gt;&gt;</a>&nbsp;&nbsp;&nbsp;_printf_core
<LI><a href="#[206]">&gt;&gt;</a>&nbsp;&nbsp;&nbsp;_fp_digits
</UL>

<P><STRONG><a name="[220]"></a>__I$use$fp</STRONG> (Thumb, 0 bytes, Stack size 0 bytes, iusefp.o(.text), UNUSED)

<P><STRONG><a name="[221]"></a>_float_round</STRONG> (Thumb, 18 bytes, Stack size 0 bytes, fepilogue.o(.text), UNUSED)

<P><STRONG><a name="[68]"></a>_float_epilogue</STRONG> (Thumb, 92 bytes, Stack size 4 bytes, fepilogue.o(.text))
<BR><BR>[Stack]<UL><LI>Max Depth = 4<LI>Call Chain = _float_epilogue
</UL>
<BR>[Called By]<UL><LI><a href="#[67]">&gt;&gt;</a>&nbsp;&nbsp;&nbsp;__aeabi_ui2f
</UL>

<P><STRONG><a name="[6c]"></a>__aeabi_dadd</STRONG> (Thumb, 322 bytes, Stack size 48 bytes, dadd.o(.text), UNUSED)
<BR><BR>[Calls]<UL><LI><a href="#[6d]">&gt;&gt;</a>&nbsp;&nbsp;&nbsp;__aeabi_lasr
<LI><a href="#[6b]">&gt;&gt;</a>&nbsp;&nbsp;&nbsp;__aeabi_llsl
<LI><a href="#[6f]">&gt;&gt;</a>&nbsp;&nbsp;&nbsp;_double_round
<LI><a href="#[6e]">&gt;&gt;</a>&nbsp;&nbsp;&nbsp;_double_epilogue
</UL>
<BR>[Called By]<UL><LI><a href="#[71]">&gt;&gt;</a>&nbsp;&nbsp;&nbsp;__aeabi_drsub
<LI><a href="#[70]">&gt;&gt;</a>&nbsp;&nbsp;&nbsp;__aeabi_dsub
<LI><a href="#[206]">&gt;&gt;</a>&nbsp;&nbsp;&nbsp;_fp_digits
</UL>

<P><STRONG><a name="[70]"></a>__aeabi_dsub</STRONG> (Thumb, 6 bytes, Stack size 0 bytes, dadd.o(.text), UNUSED)
<BR><BR>[Calls]<UL><LI><a href="#[6c]">&gt;&gt;</a>&nbsp;&nbsp;&nbsp;__aeabi_dadd
</UL>

<P><STRONG><a name="[71]"></a>__aeabi_drsub</STRONG> (Thumb, 6 bytes, Stack size 0 bytes, dadd.o(.text), UNUSED)
<BR><BR>[Calls]<UL><LI><a href="#[6c]">&gt;&gt;</a>&nbsp;&nbsp;&nbsp;__aeabi_dadd
</UL>

<P><STRONG><a name="[72]"></a>__aeabi_dmul</STRONG> (Thumb, 228 bytes, Stack size 48 bytes, dmul.o(.text), UNUSED)
<BR><BR>[Calls]<UL><LI><a href="#[6e]">&gt;&gt;</a>&nbsp;&nbsp;&nbsp;_double_epilogue
</UL>
<BR>[Called By]<UL><LI><a href="#[206]">&gt;&gt;</a>&nbsp;&nbsp;&nbsp;_fp_digits
</UL>

<P><STRONG><a name="[73]"></a>__aeabi_ddiv</STRONG> (Thumb, 222 bytes, Stack size 32 bytes, ddiv.o(.text), UNUSED)
<BR><BR>[Calls]<UL><LI><a href="#[6f]">&gt;&gt;</a>&nbsp;&nbsp;&nbsp;_double_round
</UL>
<BR>[Called By]<UL><LI><a href="#[206]">&gt;&gt;</a>&nbsp;&nbsp;&nbsp;_fp_digits
</UL>

<P><STRONG><a name="[74]"></a>__aeabi_d2ulz</STRONG> (Thumb, 48 bytes, Stack size 0 bytes, dfixul.o(.text), UNUSED)
<BR><BR>[Calls]<UL><LI><a href="#[6a]">&gt;&gt;</a>&nbsp;&nbsp;&nbsp;__aeabi_llsr
<LI><a href="#[6b]">&gt;&gt;</a>&nbsp;&nbsp;&nbsp;__aeabi_llsl
</UL>
<BR>[Called By]<UL><LI><a href="#[206]">&gt;&gt;</a>&nbsp;&nbsp;&nbsp;_fp_digits
</UL>

<P><STRONG><a name="[207]"></a>__aeabi_cdrcmple</STRONG> (Thumb, 48 bytes, Stack size 0 bytes, cdrcmple.o(.text), UNUSED)
<BR><BR>[Called By]<UL><LI><a href="#[206]">&gt;&gt;</a>&nbsp;&nbsp;&nbsp;_fp_digits
</UL>

<P><STRONG><a name="[63]"></a>__scatterload</STRONG> (Thumb, 28 bytes, Stack size 0 bytes, init.o(.text))
<BR><BR>[Calls]<UL><LI><a href="#[75]">&gt;&gt;</a>&nbsp;&nbsp;&nbsp;__main_after_scatterload
</UL>
<BR>[Called By]<UL><LI><a href="#[62]">&gt;&gt;</a>&nbsp;&nbsp;&nbsp;_main_scatterload
</UL>

<P><STRONG><a name="[222]"></a>__scatterload_rt2</STRONG> (Thumb, 0 bytes, Stack size 0 bytes, init.o(.text), UNUSED)

<P><STRONG><a name="[6b]"></a>__aeabi_llsl</STRONG> (Thumb, 30 bytes, Stack size 0 bytes, llshl.o(.text), UNUSED)
<BR><BR>[Called By]<UL><LI><a href="#[6e]">&gt;&gt;</a>&nbsp;&nbsp;&nbsp;_double_epilogue
<LI><a href="#[69]">&gt;&gt;</a>&nbsp;&nbsp;&nbsp;__aeabi_uldivmod
<LI><a href="#[6c]">&gt;&gt;</a>&nbsp;&nbsp;&nbsp;__aeabi_dadd
<LI><a href="#[74]">&gt;&gt;</a>&nbsp;&nbsp;&nbsp;__aeabi_d2ulz
</UL>

<P><STRONG><a name="[223]"></a>_ll_shift_l</STRONG> (Thumb, 0 bytes, Stack size 0 bytes, llshl.o(.text), UNUSED)

<P><STRONG><a name="[6a]"></a>__aeabi_llsr</STRONG> (Thumb, 32 bytes, Stack size 0 bytes, llushr.o(.text), UNUSED)
<BR><BR>[Called By]<UL><LI><a href="#[6e]">&gt;&gt;</a>&nbsp;&nbsp;&nbsp;_double_epilogue
<LI><a href="#[69]">&gt;&gt;</a>&nbsp;&nbsp;&nbsp;__aeabi_uldivmod
<LI><a href="#[74]">&gt;&gt;</a>&nbsp;&nbsp;&nbsp;__aeabi_d2ulz
</UL>

<P><STRONG><a name="[224]"></a>_ll_ushift_r</STRONG> (Thumb, 0 bytes, Stack size 0 bytes, llushr.o(.text), UNUSED)

<P><STRONG><a name="[6d]"></a>__aeabi_lasr</STRONG> (Thumb, 36 bytes, Stack size 0 bytes, llsshr.o(.text), UNUSED)
<BR><BR>[Called By]<UL><LI><a href="#[6c]">&gt;&gt;</a>&nbsp;&nbsp;&nbsp;__aeabi_dadd
</UL>

<P><STRONG><a name="[225]"></a>_ll_sshift_r</STRONG> (Thumb, 0 bytes, Stack size 0 bytes, llsshr.o(.text), UNUSED)

<P><STRONG><a name="[6f]"></a>_double_round</STRONG> (Thumb, 30 bytes, Stack size 8 bytes, depilogue.o(.text), UNUSED)
<BR><BR>[Called By]<UL><LI><a href="#[6e]">&gt;&gt;</a>&nbsp;&nbsp;&nbsp;_double_epilogue
<LI><a href="#[73]">&gt;&gt;</a>&nbsp;&nbsp;&nbsp;__aeabi_ddiv
<LI><a href="#[6c]">&gt;&gt;</a>&nbsp;&nbsp;&nbsp;__aeabi_dadd
</UL>

<P><STRONG><a name="[6e]"></a>_double_epilogue</STRONG> (Thumb, 156 bytes, Stack size 32 bytes, depilogue.o(.text), UNUSED)
<BR><BR>[Calls]<UL><LI><a href="#[6a]">&gt;&gt;</a>&nbsp;&nbsp;&nbsp;__aeabi_llsr
<LI><a href="#[6b]">&gt;&gt;</a>&nbsp;&nbsp;&nbsp;__aeabi_llsl
<LI><a href="#[6f]">&gt;&gt;</a>&nbsp;&nbsp;&nbsp;_double_round
</UL>
<BR>[Called By]<UL><LI><a href="#[72]">&gt;&gt;</a>&nbsp;&nbsp;&nbsp;__aeabi_dmul
<LI><a href="#[6c]">&gt;&gt;</a>&nbsp;&nbsp;&nbsp;__aeabi_dadd
</UL>

<P><STRONG><a name="[226]"></a>__decompress</STRONG> (Thumb, 0 bytes, Stack size unknown bytes, __dczerorl2.o(.text), UNUSED)

<P><STRONG><a name="[227]"></a>__decompress1</STRONG> (Thumb, 86 bytes, Stack size unknown bytes, __dczerorl2.o(.text), UNUSED)

<P><STRONG><a name="[8d]"></a>ADC_AddDataToBuff</STRONG> (Thumb, 402 bytes, Stack size 16 bytes, adc.o(i.ADC_AddDataToBuff))
<BR><BR>[Stack]<UL><LI>Max Depth = 16<LI>Call Chain = ADC_AddDataToBuff
</UL>
<BR>[Called By]<UL><LI><a href="#[8a]">&gt;&gt;</a>&nbsp;&nbsp;&nbsp;ADC_Process
</UL>

<P><STRONG><a name="[76]"></a>ADC_BaseInit</STRONG> (Thumb, 18 bytes, Stack size 8 bytes, adc.o(i.ADC_BaseInit))
<BR><BR>[Stack]<UL><LI>Max Depth = 52<LI>Call Chain = ADC_BaseInit &rArr; ADC_LevelHwInit &rArr; gpio_init
</UL>
<BR>[Calls]<UL><LI><a href="#[79]">&gt;&gt;</a>&nbsp;&nbsp;&nbsp;ADC_Start
<LI><a href="#[77]">&gt;&gt;</a>&nbsp;&nbsp;&nbsp;ADC_LevelHwInit
<LI><a href="#[78]">&gt;&gt;</a>&nbsp;&nbsp;&nbsp;ADC_InitStruct
</UL>
<BR>[Called By]<UL><LI><a href="#[46]">&gt;&gt;</a>&nbsp;&nbsp;&nbsp;main
</UL>

<P><STRONG><a name="[49]"></a>ADC_CALLBACK_SetScanRequest</STRONG> (Thumb, 8 bytes, Stack size 0 bytes, adc.o(i.ADC_CALLBACK_SetScanRequest))
<BR>[Address Reference Count : 1]<UL><LI> adc.o(i.ADC_Start)
</UL>
<P><STRONG><a name="[7a]"></a>ADC_HwInit</STRONG> (Thumb, 164 bytes, Stack size 8 bytes, avopin.o(i.ADC_HwInit))
<BR><BR>[Stack]<UL><LI>Max Depth = 36<LI>Call Chain = ADC_HwInit &rArr; gpio_init
</UL>
<BR>[Calls]<UL><LI><a href="#[7b]">&gt;&gt;</a>&nbsp;&nbsp;&nbsp;rcu_periph_clock_enable
<LI><a href="#[7e]">&gt;&gt;</a>&nbsp;&nbsp;&nbsp;gpio_init
<LI><a href="#[86]">&gt;&gt;</a>&nbsp;&nbsp;&nbsp;Delayms
<LI><a href="#[7d]">&gt;&gt;</a>&nbsp;&nbsp;&nbsp;rcu_adc_clock_config
<LI><a href="#[80]">&gt;&gt;</a>&nbsp;&nbsp;&nbsp;adc_special_function_config
<LI><a href="#[89]">&gt;&gt;</a>&nbsp;&nbsp;&nbsp;adc_software_trigger_enable
<LI><a href="#[84]">&gt;&gt;</a>&nbsp;&nbsp;&nbsp;adc_regular_channel_config
<LI><a href="#[7f]">&gt;&gt;</a>&nbsp;&nbsp;&nbsp;adc_mode_config
<LI><a href="#[81]">&gt;&gt;</a>&nbsp;&nbsp;&nbsp;adc_external_trigger_source_config
<LI><a href="#[88]">&gt;&gt;</a>&nbsp;&nbsp;&nbsp;adc_external_trigger_config
<LI><a href="#[85]">&gt;&gt;</a>&nbsp;&nbsp;&nbsp;adc_enable
<LI><a href="#[7c]">&gt;&gt;</a>&nbsp;&nbsp;&nbsp;adc_deinit
<LI><a href="#[82]">&gt;&gt;</a>&nbsp;&nbsp;&nbsp;adc_data_alignment_config
<LI><a href="#[83]">&gt;&gt;</a>&nbsp;&nbsp;&nbsp;adc_channel_length_config
<LI><a href="#[87]">&gt;&gt;</a>&nbsp;&nbsp;&nbsp;adc_calibration_enable
</UL>
<BR>[Called By]<UL><LI><a href="#[46]">&gt;&gt;</a>&nbsp;&nbsp;&nbsp;main
</UL>

<P><STRONG><a name="[78]"></a>ADC_InitStruct</STRONG> (Thumb, 136 bytes, Stack size 0 bytes, adc.o(i.ADC_InitStruct))
<BR><BR>[Called By]<UL><LI><a href="#[76]">&gt;&gt;</a>&nbsp;&nbsp;&nbsp;ADC_BaseInit
</UL>

<P><STRONG><a name="[77]"></a>ADC_LevelHwInit</STRONG> (Thumb, 206 bytes, Stack size 16 bytes, adc.o(i.ADC_LevelHwInit))
<BR><BR>[Stack]<UL><LI>Max Depth = 44<LI>Call Chain = ADC_LevelHwInit &rArr; gpio_init
</UL>
<BR>[Calls]<UL><LI><a href="#[7b]">&gt;&gt;</a>&nbsp;&nbsp;&nbsp;rcu_periph_clock_enable
<LI><a href="#[7e]">&gt;&gt;</a>&nbsp;&nbsp;&nbsp;gpio_init
<LI><a href="#[86]">&gt;&gt;</a>&nbsp;&nbsp;&nbsp;Delayms
<LI><a href="#[7d]">&gt;&gt;</a>&nbsp;&nbsp;&nbsp;rcu_adc_clock_config
<LI><a href="#[80]">&gt;&gt;</a>&nbsp;&nbsp;&nbsp;adc_special_function_config
<LI><a href="#[89]">&gt;&gt;</a>&nbsp;&nbsp;&nbsp;adc_software_trigger_enable
<LI><a href="#[84]">&gt;&gt;</a>&nbsp;&nbsp;&nbsp;adc_regular_channel_config
<LI><a href="#[7f]">&gt;&gt;</a>&nbsp;&nbsp;&nbsp;adc_mode_config
<LI><a href="#[81]">&gt;&gt;</a>&nbsp;&nbsp;&nbsp;adc_external_trigger_source_config
<LI><a href="#[88]">&gt;&gt;</a>&nbsp;&nbsp;&nbsp;adc_external_trigger_config
<LI><a href="#[85]">&gt;&gt;</a>&nbsp;&nbsp;&nbsp;adc_enable
<LI><a href="#[7c]">&gt;&gt;</a>&nbsp;&nbsp;&nbsp;adc_deinit
<LI><a href="#[82]">&gt;&gt;</a>&nbsp;&nbsp;&nbsp;adc_data_alignment_config
<LI><a href="#[83]">&gt;&gt;</a>&nbsp;&nbsp;&nbsp;adc_channel_length_config
<LI><a href="#[87]">&gt;&gt;</a>&nbsp;&nbsp;&nbsp;adc_calibration_enable
</UL>
<BR>[Called By]<UL><LI><a href="#[76]">&gt;&gt;</a>&nbsp;&nbsp;&nbsp;ADC_BaseInit
</UL>

<P><STRONG><a name="[8a]"></a>ADC_Process</STRONG> (Thumb, 286 bytes, Stack size 16 bytes, adc.o(i.ADC_Process))
<BR><BR>[Stack]<UL><LI>Max Depth = 32<LI>Call Chain = ADC_Process &rArr; ADC_AddDataToBuff
</UL>
<BR>[Calls]<UL><LI><a href="#[89]">&gt;&gt;</a>&nbsp;&nbsp;&nbsp;adc_software_trigger_enable
<LI><a href="#[8c]">&gt;&gt;</a>&nbsp;&nbsp;&nbsp;adc_regular_data_read
<LI><a href="#[84]">&gt;&gt;</a>&nbsp;&nbsp;&nbsp;adc_regular_channel_config
<LI><a href="#[8b]">&gt;&gt;</a>&nbsp;&nbsp;&nbsp;adc_flag_get
<LI><a href="#[8d]">&gt;&gt;</a>&nbsp;&nbsp;&nbsp;ADC_AddDataToBuff
</UL>
<BR>[Called By]<UL><LI><a href="#[46]">&gt;&gt;</a>&nbsp;&nbsp;&nbsp;main
</UL>

<P><STRONG><a name="[79]"></a>ADC_Start</STRONG> (Thumb, 44 bytes, Stack size 16 bytes, adc.o(i.ADC_Start))
<BR><BR>[Stack]<UL><LI>Max Depth = 36<LI>Call Chain = ADC_Start &rArr; TIMER_KillTask
</UL>
<BR>[Calls]<UL><LI><a href="#[8e]">&gt;&gt;</a>&nbsp;&nbsp;&nbsp;TIMER_KillTask
<LI><a href="#[8f]">&gt;&gt;</a>&nbsp;&nbsp;&nbsp;TIMER_AddTask
<LI><a href="#[89]">&gt;&gt;</a>&nbsp;&nbsp;&nbsp;adc_software_trigger_enable
</UL>
<BR>[Called By]<UL><LI><a href="#[76]">&gt;&gt;</a>&nbsp;&nbsp;&nbsp;ADC_BaseInit
</UL>

<P><STRONG><a name="[90]"></a>AVO_PIN_Init</STRONG> (Thumb, 472 bytes, Stack size 40 bytes, avopin.o(i.AVO_PIN_Init))
<BR><BR>[Stack]<UL><LI>Max Depth = 68<LI>Call Chain = AVO_PIN_Init &rArr; gpio_init
</UL>
<BR>[Calls]<UL><LI><a href="#[7b]">&gt;&gt;</a>&nbsp;&nbsp;&nbsp;rcu_periph_clock_enable
<LI><a href="#[7e]">&gt;&gt;</a>&nbsp;&nbsp;&nbsp;gpio_init
</UL>
<BR>[Called By]<UL><LI><a href="#[46]">&gt;&gt;</a>&nbsp;&nbsp;&nbsp;main
</UL>

<P><STRONG><a name="[91]"></a>AVO_PIN_Reset</STRONG> (Thumb, 170 bytes, Stack size 24 bytes, avopin.o(i.AVO_PIN_Reset))
<BR><BR>[Stack]<UL><LI>Max Depth = 24<LI>Call Chain = AVO_PIN_Reset
</UL>
<BR>[Calls]<UL><LI><a href="#[92]">&gt;&gt;</a>&nbsp;&nbsp;&nbsp;gpio_bit_reset
</UL>
<BR>[Called By]<UL><LI><a href="#[93]">&gt;&gt;</a>&nbsp;&nbsp;&nbsp;AVO_PROTOCOL_CmdFrameProcess
<LI><a href="#[18c]">&gt;&gt;</a>&nbsp;&nbsp;&nbsp;UART_Test
<LI><a href="#[1a9]">&gt;&gt;</a>&nbsp;&nbsp;&nbsp;STEP_Process_XM_ThrottleUartTest
<LI><a href="#[1a8]">&gt;&gt;</a>&nbsp;&nbsp;&nbsp;STEP_Process_XM_Right_TurnSignalUartTest
<LI><a href="#[1a7]">&gt;&gt;</a>&nbsp;&nbsp;&nbsp;STEP_Process_XM_Left_TurnSignalUartTest
<LI><a href="#[1a6]">&gt;&gt;</a>&nbsp;&nbsp;&nbsp;STEP_Process_XM_HeadLightUartTest
<LI><a href="#[1aa]">&gt;&gt;</a>&nbsp;&nbsp;&nbsp;STEP_Process_XM_BrakeUartTest
<LI><a href="#[195]">&gt;&gt;</a>&nbsp;&nbsp;&nbsp;STEP_Process_VlkUartTest
<LI><a href="#[19f]">&gt;&gt;</a>&nbsp;&nbsp;&nbsp;STEP_Process_VlkCanTest
<LI><a href="#[192]">&gt;&gt;</a>&nbsp;&nbsp;&nbsp;STEP_Process_ThrottleUartTest
<LI><a href="#[19c]">&gt;&gt;</a>&nbsp;&nbsp;&nbsp;STEP_Process_ThrottleCanTest
<LI><a href="#[191]">&gt;&gt;</a>&nbsp;&nbsp;&nbsp;STEP_Process_Right_TurnSignalUartTest
<LI><a href="#[19b]">&gt;&gt;</a>&nbsp;&nbsp;&nbsp;STEP_Process_Right_TurnSignalCanTest
<LI><a href="#[190]">&gt;&gt;</a>&nbsp;&nbsp;&nbsp;STEP_Process_Left_TurnSignalUartTest
<LI><a href="#[19a]">&gt;&gt;</a>&nbsp;&nbsp;&nbsp;STEP_Process_Left_TurnSignalCanTest
<LI><a href="#[18e]">&gt;&gt;</a>&nbsp;&nbsp;&nbsp;STEP_Process_LbeamUartTest
<LI><a href="#[198]">&gt;&gt;</a>&nbsp;&nbsp;&nbsp;STEP_Process_LbeamCanTest
<LI><a href="#[18d]">&gt;&gt;</a>&nbsp;&nbsp;&nbsp;STEP_Process_HeadLightUartTest
<LI><a href="#[197]">&gt;&gt;</a>&nbsp;&nbsp;&nbsp;STEP_Process_HeadLightCanTest
<LI><a href="#[18f]">&gt;&gt;</a>&nbsp;&nbsp;&nbsp;STEP_Process_HbeamUartTest
<LI><a href="#[199]">&gt;&gt;</a>&nbsp;&nbsp;&nbsp;STEP_Process_HbeamCanTest
<LI><a href="#[194]">&gt;&gt;</a>&nbsp;&nbsp;&nbsp;STEP_Process_DerailleurUartTest
<LI><a href="#[19e]">&gt;&gt;</a>&nbsp;&nbsp;&nbsp;STEP_Process_DerailleurCanTest
<LI><a href="#[193]">&gt;&gt;</a>&nbsp;&nbsp;&nbsp;STEP_Process_BrakeUartTest
<LI><a href="#[19d]">&gt;&gt;</a>&nbsp;&nbsp;&nbsp;STEP_Process_BrakeCanTest
<LI><a href="#[b5]">&gt;&gt;</a>&nbsp;&nbsp;&nbsp;All_GND_Test
</UL>

<P><STRONG><a name="[9d]"></a>AVO_PROTOCOL_CheckSUM</STRONG> (Thumb, 56 bytes, Stack size 12 bytes, avoprotocol.o(i.AVO_PROTOCOL_CheckSUM))
<BR><BR>[Stack]<UL><LI>Max Depth = 12<LI>Call Chain = AVO_PROTOCOL_CheckSUM
</UL>
<BR>[Called By]<UL><LI><a href="#[9b]">&gt;&gt;</a>&nbsp;&nbsp;&nbsp;AVO_PROTOCOL_RxFIFOProcess
</UL>

<P><STRONG><a name="[93]"></a>AVO_PROTOCOL_CmdFrameProcess</STRONG> (Thumb, 1162 bytes, Stack size 32 bytes, avoprotocol.o(i.AVO_PROTOCOL_CmdFrameProcess))
<BR><BR>[Stack]<UL><LI>Max Depth = 104<LI>Call Chain = AVO_PROTOCOL_CmdFrameProcess &rArr; Vertical_Scrolling_Display &rArr; Display_YX &rArr; wr_lcd &rArr; Delayms
</UL>
<BR>[Calls]<UL><LI><a href="#[94]">&gt;&gt;</a>&nbsp;&nbsp;&nbsp;__aeabi_fmul
<LI><a href="#[95]">&gt;&gt;</a>&nbsp;&nbsp;&nbsp;Vertical_Scrolling_Display
<LI><a href="#[4c]">&gt;&gt;</a>&nbsp;&nbsp;&nbsp;STATE_SwitchStep
<LI><a href="#[91]">&gt;&gt;</a>&nbsp;&nbsp;&nbsp;AVO_PIN_Reset
</UL>
<BR>[Called By]<UL><LI><a href="#[9a]">&gt;&gt;</a>&nbsp;&nbsp;&nbsp;AVO_PROTOCOL_Process
</UL>

<P><STRONG><a name="[9e]"></a>AVO_PROTOCOL_ConfirmTempCmdFrameBuff</STRONG> (Thumb, 74 bytes, Stack size 0 bytes, avoprotocol.o(i.AVO_PROTOCOL_ConfirmTempCmdFrameBuff))
<BR><BR>[Called By]<UL><LI><a href="#[9b]">&gt;&gt;</a>&nbsp;&nbsp;&nbsp;AVO_PROTOCOL_RxFIFOProcess
</UL>

<P><STRONG><a name="[97]"></a>AVO_PROTOCOL_DataStructInit</STRONG> (Thumb, 94 bytes, Stack size 0 bytes, avoprotocol.o(i.AVO_PROTOCOL_DataStructInit))
<BR><BR>[Called By]<UL><LI><a href="#[96]">&gt;&gt;</a>&nbsp;&nbsp;&nbsp;AVO_PROTOCOL_Init
</UL>

<P><STRONG><a name="[96]"></a>AVO_PROTOCOL_Init</STRONG> (Thumb, 24 bytes, Stack size 8 bytes, avoprotocol.o(i.AVO_PROTOCOL_Init))
<BR><BR>[Stack]<UL><LI>Max Depth = 8<LI>Call Chain = AVO_PROTOCOL_Init
</UL>
<BR>[Calls]<UL><LI><a href="#[99]">&gt;&gt;</a>&nbsp;&nbsp;&nbsp;AVO_PROTOCOL_RegisterDataSendService
<LI><a href="#[97]">&gt;&gt;</a>&nbsp;&nbsp;&nbsp;AVO_PROTOCOL_DataStructInit
<LI><a href="#[98]">&gt;&gt;</a>&nbsp;&nbsp;&nbsp;AVO_UART_RegisterDataSendService
</UL>
<BR>[Called By]<UL><LI><a href="#[46]">&gt;&gt;</a>&nbsp;&nbsp;&nbsp;main
</UL>

<P><STRONG><a name="[4a]"></a>AVO_PROTOCOL_MacProcess</STRONG> (Thumb, 54 bytes, Stack size 16 bytes, avoprotocol.o(i.AVO_PROTOCOL_MacProcess))
<BR><BR>[Stack]<UL><LI>Max Depth = 16<LI>Call Chain = AVO_PROTOCOL_MacProcess
</UL>
<BR>[Address Reference Count : 1]<UL><LI> avoprotocol.o(i.AVO_PROTOCOL_Init)
</UL>
<P><STRONG><a name="[9a]"></a>AVO_PROTOCOL_Process</STRONG> (Thumb, 22 bytes, Stack size 8 bytes, avoprotocol.o(i.AVO_PROTOCOL_Process))
<BR><BR>[Stack]<UL><LI>Max Depth = 112<LI>Call Chain = AVO_PROTOCOL_Process &rArr; AVO_PROTOCOL_CmdFrameProcess &rArr; Vertical_Scrolling_Display &rArr; Display_YX &rArr; wr_lcd &rArr; Delayms
</UL>
<BR>[Calls]<UL><LI><a href="#[9c]">&gt;&gt;</a>&nbsp;&nbsp;&nbsp;AVO_PROTOCOL_TxStateProcess
<LI><a href="#[9b]">&gt;&gt;</a>&nbsp;&nbsp;&nbsp;AVO_PROTOCOL_RxFIFOProcess
<LI><a href="#[93]">&gt;&gt;</a>&nbsp;&nbsp;&nbsp;AVO_PROTOCOL_CmdFrameProcess
</UL>
<BR>[Called By]<UL><LI><a href="#[46]">&gt;&gt;</a>&nbsp;&nbsp;&nbsp;main
</UL>

<P><STRONG><a name="[99]"></a>AVO_PROTOCOL_RegisterDataSendService</STRONG> (Thumb, 8 bytes, Stack size 0 bytes, avoprotocol.o(i.AVO_PROTOCOL_RegisterDataSendService))
<BR><BR>[Called By]<UL><LI><a href="#[96]">&gt;&gt;</a>&nbsp;&nbsp;&nbsp;AVO_PROTOCOL_Init
</UL>

<P><STRONG><a name="[9b]"></a>AVO_PROTOCOL_RxFIFOProcess</STRONG> (Thumb, 346 bytes, Stack size 24 bytes, avoprotocol.o(i.AVO_PROTOCOL_RxFIFOProcess))
<BR><BR>[Stack]<UL><LI>Max Depth = 36<LI>Call Chain = AVO_PROTOCOL_RxFIFOProcess &rArr; AVO_PROTOCOL_CheckSUM
</UL>
<BR>[Calls]<UL><LI><a href="#[9e]">&gt;&gt;</a>&nbsp;&nbsp;&nbsp;AVO_PROTOCOL_ConfirmTempCmdFrameBuff
<LI><a href="#[9d]">&gt;&gt;</a>&nbsp;&nbsp;&nbsp;AVO_PROTOCOL_CheckSUM
</UL>
<BR>[Called By]<UL><LI><a href="#[9a]">&gt;&gt;</a>&nbsp;&nbsp;&nbsp;AVO_PROTOCOL_Process
</UL>

<P><STRONG><a name="[9f]"></a>AVO_PROTOCOL_Send_Type_Chl</STRONG> (Thumb, 62 bytes, Stack size 12 bytes, avoprotocol.o(i.AVO_PROTOCOL_Send_Type_Chl))
<BR><BR>[Stack]<UL><LI>Max Depth = 32<LI>Call Chain = AVO_PROTOCOL_Send_Type_Chl &rArr; AVO_PROTOCOL_TxAddFrame
</UL>
<BR>[Calls]<UL><LI><a href="#[a1]">&gt;&gt;</a>&nbsp;&nbsp;&nbsp;AVO_PROTOCOL_TxAddFrame
<LI><a href="#[a0]">&gt;&gt;</a>&nbsp;&nbsp;&nbsp;AVO_PROTOCOL_TxAddData
</UL>
<BR>[Called By]<UL><LI><a href="#[18c]">&gt;&gt;</a>&nbsp;&nbsp;&nbsp;UART_Test
<LI><a href="#[1a9]">&gt;&gt;</a>&nbsp;&nbsp;&nbsp;STEP_Process_XM_ThrottleUartTest
<LI><a href="#[1a8]">&gt;&gt;</a>&nbsp;&nbsp;&nbsp;STEP_Process_XM_Right_TurnSignalUartTest
<LI><a href="#[1a7]">&gt;&gt;</a>&nbsp;&nbsp;&nbsp;STEP_Process_XM_Left_TurnSignalUartTest
<LI><a href="#[1a6]">&gt;&gt;</a>&nbsp;&nbsp;&nbsp;STEP_Process_XM_HeadLightUartTest
<LI><a href="#[1aa]">&gt;&gt;</a>&nbsp;&nbsp;&nbsp;STEP_Process_XM_BrakeUartTest
<LI><a href="#[195]">&gt;&gt;</a>&nbsp;&nbsp;&nbsp;STEP_Process_VlkUartTest
<LI><a href="#[19f]">&gt;&gt;</a>&nbsp;&nbsp;&nbsp;STEP_Process_VlkCanTest
<LI><a href="#[192]">&gt;&gt;</a>&nbsp;&nbsp;&nbsp;STEP_Process_ThrottleUartTest
<LI><a href="#[19c]">&gt;&gt;</a>&nbsp;&nbsp;&nbsp;STEP_Process_ThrottleCanTest
<LI><a href="#[191]">&gt;&gt;</a>&nbsp;&nbsp;&nbsp;STEP_Process_Right_TurnSignalUartTest
<LI><a href="#[19b]">&gt;&gt;</a>&nbsp;&nbsp;&nbsp;STEP_Process_Right_TurnSignalCanTest
<LI><a href="#[190]">&gt;&gt;</a>&nbsp;&nbsp;&nbsp;STEP_Process_Left_TurnSignalUartTest
<LI><a href="#[19a]">&gt;&gt;</a>&nbsp;&nbsp;&nbsp;STEP_Process_Left_TurnSignalCanTest
<LI><a href="#[18e]">&gt;&gt;</a>&nbsp;&nbsp;&nbsp;STEP_Process_LbeamUartTest
<LI><a href="#[198]">&gt;&gt;</a>&nbsp;&nbsp;&nbsp;STEP_Process_LbeamCanTest
<LI><a href="#[18d]">&gt;&gt;</a>&nbsp;&nbsp;&nbsp;STEP_Process_HeadLightUartTest
<LI><a href="#[197]">&gt;&gt;</a>&nbsp;&nbsp;&nbsp;STEP_Process_HeadLightCanTest
<LI><a href="#[18f]">&gt;&gt;</a>&nbsp;&nbsp;&nbsp;STEP_Process_HbeamUartTest
<LI><a href="#[199]">&gt;&gt;</a>&nbsp;&nbsp;&nbsp;STEP_Process_HbeamCanTest
<LI><a href="#[194]">&gt;&gt;</a>&nbsp;&nbsp;&nbsp;STEP_Process_DerailleurUartTest
<LI><a href="#[19e]">&gt;&gt;</a>&nbsp;&nbsp;&nbsp;STEP_Process_DerailleurCanTest
<LI><a href="#[193]">&gt;&gt;</a>&nbsp;&nbsp;&nbsp;STEP_Process_BrakeUartTest
<LI><a href="#[19d]">&gt;&gt;</a>&nbsp;&nbsp;&nbsp;STEP_Process_BrakeCanTest
<LI><a href="#[b5]">&gt;&gt;</a>&nbsp;&nbsp;&nbsp;All_GND_Test
</UL>

<P><STRONG><a name="[a0]"></a>AVO_PROTOCOL_TxAddData</STRONG> (Thumb, 66 bytes, Stack size 12 bytes, avoprotocol.o(i.AVO_PROTOCOL_TxAddData))
<BR><BR>[Stack]<UL><LI>Max Depth = 12<LI>Call Chain = AVO_PROTOCOL_TxAddData
</UL>
<BR>[Called By]<UL><LI><a href="#[9f]">&gt;&gt;</a>&nbsp;&nbsp;&nbsp;AVO_PROTOCOL_Send_Type_Chl
</UL>

<P><STRONG><a name="[a1]"></a>AVO_PROTOCOL_TxAddFrame</STRONG> (Thumb, 126 bytes, Stack size 20 bytes, avoprotocol.o(i.AVO_PROTOCOL_TxAddFrame))
<BR><BR>[Stack]<UL><LI>Max Depth = 20<LI>Call Chain = AVO_PROTOCOL_TxAddFrame
</UL>
<BR>[Called By]<UL><LI><a href="#[9f]">&gt;&gt;</a>&nbsp;&nbsp;&nbsp;AVO_PROTOCOL_Send_Type_Chl
</UL>

<P><STRONG><a name="[9c]"></a>AVO_PROTOCOL_TxStateProcess</STRONG> (Thumb, 86 bytes, Stack size 16 bytes, avoprotocol.o(i.AVO_PROTOCOL_TxStateProcess))
<BR><BR>[Stack]<UL><LI>Max Depth = 16<LI>Call Chain = AVO_PROTOCOL_TxStateProcess
</UL>
<BR>[Called By]<UL><LI><a href="#[9a]">&gt;&gt;</a>&nbsp;&nbsp;&nbsp;AVO_PROTOCOL_Process
</UL>

<P><STRONG><a name="[4b]"></a>AVO_UART_AddTxArray</STRONG> (Thumb, 112 bytes, Stack size 16 bytes, avodrive.o(i.AVO_UART_AddTxArray))
<BR><BR>[Stack]<UL><LI>Max Depth = 16<LI>Call Chain = AVO_UART_AddTxArray
</UL>
<BR>[Address Reference Count : 1]<UL><LI> avoprotocol.o(i.AVO_PROTOCOL_Init)
</UL>
<P><STRONG><a name="[b2]"></a>AVO_UART_DataStructureInit</STRONG> (Thumb, 52 bytes, Stack size 0 bytes, avodrive.o(i.AVO_UART_DataStructureInit))
<BR><BR>[Called By]<UL><LI><a href="#[b1]">&gt;&gt;</a>&nbsp;&nbsp;&nbsp;AVO_UART_Init
</UL>

<P><STRONG><a name="[a2]"></a>AVO_UART_HwInit</STRONG> (Thumb, 150 bytes, Stack size 16 bytes, avodrive.o(i.AVO_UART_HwInit))
<BR><BR>[Stack]<UL><LI>Max Depth = 80<LI>Call Chain = AVO_UART_HwInit &rArr; usart_baudrate_set &rArr; rcu_clock_freq_get
</UL>
<BR>[Calls]<UL><LI><a href="#[7b]">&gt;&gt;</a>&nbsp;&nbsp;&nbsp;rcu_periph_clock_enable
<LI><a href="#[ac]">&gt;&gt;</a>&nbsp;&nbsp;&nbsp;nvic_irq_enable
<LI><a href="#[7e]">&gt;&gt;</a>&nbsp;&nbsp;&nbsp;gpio_init
<LI><a href="#[a5]">&gt;&gt;</a>&nbsp;&nbsp;&nbsp;usart_word_length_set
<LI><a href="#[aa]">&gt;&gt;</a>&nbsp;&nbsp;&nbsp;usart_transmit_config
<LI><a href="#[a6]">&gt;&gt;</a>&nbsp;&nbsp;&nbsp;usart_stop_bit_set
<LI><a href="#[ab]">&gt;&gt;</a>&nbsp;&nbsp;&nbsp;usart_receive_config
<LI><a href="#[a7]">&gt;&gt;</a>&nbsp;&nbsp;&nbsp;usart_parity_config
<LI><a href="#[ad]">&gt;&gt;</a>&nbsp;&nbsp;&nbsp;usart_interrupt_enable
<LI><a href="#[a8]">&gt;&gt;</a>&nbsp;&nbsp;&nbsp;usart_hardware_flow_rts_config
<LI><a href="#[a9]">&gt;&gt;</a>&nbsp;&nbsp;&nbsp;usart_hardware_flow_cts_config
<LI><a href="#[ae]">&gt;&gt;</a>&nbsp;&nbsp;&nbsp;usart_enable
<LI><a href="#[a3]">&gt;&gt;</a>&nbsp;&nbsp;&nbsp;usart_deinit
<LI><a href="#[a4]">&gt;&gt;</a>&nbsp;&nbsp;&nbsp;usart_baudrate_set
</UL>
<BR>[Called By]<UL><LI><a href="#[b1]">&gt;&gt;</a>&nbsp;&nbsp;&nbsp;AVO_UART_Init
</UL>

<P><STRONG><a name="[af]"></a>AVO_UART_IR_StartSendData</STRONG> (Thumb, 26 bytes, Stack size 8 bytes, avodrive.o(i.AVO_UART_IR_StartSendData))
<BR><BR>[Stack]<UL><LI>Max Depth = 16<LI>Call Chain = AVO_UART_IR_StartSendData &rArr; usart_interrupt_enable
</UL>
<BR>[Calls]<UL><LI><a href="#[ad]">&gt;&gt;</a>&nbsp;&nbsp;&nbsp;usart_interrupt_enable
<LI><a href="#[b0]">&gt;&gt;</a>&nbsp;&nbsp;&nbsp;usart_data_transmit
</UL>
<BR>[Called By]<UL><LI><a href="#[b4]">&gt;&gt;</a>&nbsp;&nbsp;&nbsp;AVO_UART_TxProcess
</UL>

<P><STRONG><a name="[b1]"></a>AVO_UART_Init</STRONG> (Thumb, 20 bytes, Stack size 8 bytes, avodrive.o(i.AVO_UART_Init))
<BR><BR>[Stack]<UL><LI>Max Depth = 88<LI>Call Chain = AVO_UART_Init &rArr; AVO_UART_HwInit &rArr; usart_baudrate_set &rArr; rcu_clock_freq_get
</UL>
<BR>[Calls]<UL><LI><a href="#[a2]">&gt;&gt;</a>&nbsp;&nbsp;&nbsp;AVO_UART_HwInit
<LI><a href="#[b2]">&gt;&gt;</a>&nbsp;&nbsp;&nbsp;AVO_UART_DataStructureInit
</UL>
<BR>[Called By]<UL><LI><a href="#[46]">&gt;&gt;</a>&nbsp;&nbsp;&nbsp;main
</UL>

<P><STRONG><a name="[b3]"></a>AVO_UART_Process</STRONG> (Thumb, 6 bytes, Stack size 0 bytes, avodrive.o(i.AVO_UART_Process))
<BR><BR>[Stack]<UL><LI>Max Depth = 24<LI>Call Chain = AVO_UART_Process &rArr; AVO_UART_TxProcess &rArr; AVO_UART_IR_StartSendData &rArr; usart_interrupt_enable
</UL>
<BR>[Calls]<UL><LI><a href="#[b4]">&gt;&gt;</a>&nbsp;&nbsp;&nbsp;AVO_UART_TxProcess
</UL>
<BR>[Called By]<UL><LI><a href="#[46]">&gt;&gt;</a>&nbsp;&nbsp;&nbsp;main
</UL>

<P><STRONG><a name="[98]"></a>AVO_UART_RegisterDataSendService</STRONG> (Thumb, 6 bytes, Stack size 0 bytes, avodrive.o(i.AVO_UART_RegisterDataSendService))
<BR><BR>[Called By]<UL><LI><a href="#[96]">&gt;&gt;</a>&nbsp;&nbsp;&nbsp;AVO_PROTOCOL_Init
</UL>

<P><STRONG><a name="[b4]"></a>AVO_UART_TxProcess</STRONG> (Thumb, 86 bytes, Stack size 8 bytes, avodrive.o(i.AVO_UART_TxProcess))
<BR><BR>[Stack]<UL><LI>Max Depth = 24<LI>Call Chain = AVO_UART_TxProcess &rArr; AVO_UART_IR_StartSendData &rArr; usart_interrupt_enable
</UL>
<BR>[Calls]<UL><LI><a href="#[af]">&gt;&gt;</a>&nbsp;&nbsp;&nbsp;AVO_UART_IR_StartSendData
</UL>
<BR>[Called By]<UL><LI><a href="#[b3]">&gt;&gt;</a>&nbsp;&nbsp;&nbsp;AVO_UART_Process
</UL>

<P><STRONG><a name="[b5]"></a>All_GND_Test</STRONG> (Thumb, 928 bytes, Stack size 24 bytes, state.o(i.All_GND_Test))
<BR><BR>[Stack]<UL><LI>Max Depth = 112<LI>Call Chain = All_GND_Test &rArr; Display_YX_Format &rArr; vsnprintf
</UL>
<BR>[Calls]<UL><LI><a href="#[b9]">&gt;&gt;</a>&nbsp;&nbsp;&nbsp;TIMER_ResetTimer
<LI><a href="#[8e]">&gt;&gt;</a>&nbsp;&nbsp;&nbsp;TIMER_KillTask
<LI><a href="#[7e]">&gt;&gt;</a>&nbsp;&nbsp;&nbsp;gpio_init
<LI><a href="#[b8]">&gt;&gt;</a>&nbsp;&nbsp;&nbsp;gpio_bit_set
<LI><a href="#[8f]">&gt;&gt;</a>&nbsp;&nbsp;&nbsp;TIMER_AddTask
<LI><a href="#[b7]">&gt;&gt;</a>&nbsp;&nbsp;&nbsp;Display_Centered
<LI><a href="#[b6]">&gt;&gt;</a>&nbsp;&nbsp;&nbsp;Clear_All_Lines
<LI><a href="#[bb]">&gt;&gt;</a>&nbsp;&nbsp;&nbsp;STS_PROTOCOL_SendCmdParamAck
<LI><a href="#[95]">&gt;&gt;</a>&nbsp;&nbsp;&nbsp;Vertical_Scrolling_Display
<LI><a href="#[4c]">&gt;&gt;</a>&nbsp;&nbsp;&nbsp;STATE_SwitchStep
<LI><a href="#[91]">&gt;&gt;</a>&nbsp;&nbsp;&nbsp;AVO_PIN_Reset
<LI><a href="#[9f]">&gt;&gt;</a>&nbsp;&nbsp;&nbsp;AVO_PROTOCOL_Send_Type_Chl
<LI><a href="#[ba]">&gt;&gt;</a>&nbsp;&nbsp;&nbsp;Display_YX_Format
<LI><a href="#[bc]">&gt;&gt;</a>&nbsp;&nbsp;&nbsp;STATE_EnterState
</UL>
<BR>[Called By]<UL><LI><a href="#[18a]">&gt;&gt;</a>&nbsp;&nbsp;&nbsp;STATE_Process
</UL>

<P><STRONG><a name="[4]"></a>BusFault_Handler</STRONG> (Thumb, 2 bytes, Stack size 0 bytes, gd32f10x_it.o(i.BusFault_Handler))
<BR><BR>[Calls]<UL><LI><a href="#[4]">&gt;&gt;</a>&nbsp;&nbsp;&nbsp;BusFault_Handler
</UL>
<BR>[Called By]<UL><LI><a href="#[4]">&gt;&gt;</a>&nbsp;&nbsp;&nbsp;BusFault_Handler
</UL>
<BR>[Address Reference Count : 1]<UL><LI> startup_gd32f10x_xd.o(RESET)
</UL>
<P><STRONG><a name="[133]"></a>CAN_AddSum</STRONG> (Thumb, 32 bytes, Stack size 8 bytes, canprotocolupdt.o(i.CAN_AddSum))
<BR><BR>[Stack]<UL><LI>Max Depth = 8<LI>Call Chain = CAN_AddSum
</UL>
<BR>[Called By]<UL><LI><a href="#[131]">&gt;&gt;</a>&nbsp;&nbsp;&nbsp;IAP_CTRL_CAN_TxAddFrame
</UL>

<P><STRONG><a name="[e4]"></a>CAN_CheckSum</STRONG> (Thumb, 52 bytes, Stack size 12 bytes, canprotocolupdt.o(i.CAN_CheckSum))
<BR><BR>[Stack]<UL><LI>Max Depth = 12<LI>Call Chain = CAN_CheckSum
</UL>
<BR>[Called By]<UL><LI><a href="#[d4]">&gt;&gt;</a>&nbsp;&nbsp;&nbsp;CAN_RxFIFOProcess
</UL>

<P><STRONG><a name="[bd]"></a>CAN_CmdFrameProcess</STRONG> (Thumb, 1224 bytes, Stack size 48 bytes, canprotocolupdt.o(i.CAN_CmdFrameProcess))
<BR><BR>[Stack]<UL><LI>Max Depth = 68<LI>Call Chain = CAN_CmdFrameProcess &rArr; TIMER_KillTask
</UL>
<BR>[Calls]<UL><LI><a href="#[b9]">&gt;&gt;</a>&nbsp;&nbsp;&nbsp;TIMER_ResetTimer
<LI><a href="#[8e]">&gt;&gt;</a>&nbsp;&nbsp;&nbsp;TIMER_KillTask
<LI><a href="#[8f]">&gt;&gt;</a>&nbsp;&nbsp;&nbsp;TIMER_AddTask
<LI><a href="#[4c]">&gt;&gt;</a>&nbsp;&nbsp;&nbsp;STATE_SwitchStep
</UL>
<BR>[Called By]<UL><LI><a href="#[d3]">&gt;&gt;</a>&nbsp;&nbsp;&nbsp;CAN_PROTOCOL_Process_DT
</UL>

<P><STRONG><a name="[e5]"></a>CAN_ConfirmTempCmdFrameBuff</STRONG> (Thumb, 84 bytes, Stack size 0 bytes, canprotocolupdt.o(i.CAN_ConfirmTempCmdFrameBuff))
<BR><BR>[Called By]<UL><LI><a href="#[d4]">&gt;&gt;</a>&nbsp;&nbsp;&nbsp;CAN_RxFIFOProcess
</UL>

<P><STRONG><a name="[4d]"></a>CAN_DRIVE_AddTxArray</STRONG> (Thumb, 134 bytes, Stack size 20 bytes, canprotocolupdt.o(i.CAN_DRIVE_AddTxArray))
<BR><BR>[Stack]<UL><LI>Max Depth = 20<LI>Call Chain = CAN_DRIVE_AddTxArray
</UL>
<BR>[Address Reference Count : 2]<UL><LI> canprotocolupgb.o(i.CAN_PROTOCOL_Init)
<LI> canprotocol_3a.o(i.CAN_PROTOCOL1_Init)
</UL>
<P><STRONG><a name="[12e]"></a>CAN_DataStructureInit</STRONG> (Thumb, 136 bytes, Stack size 12 bytes, canprotocolupdt.o(i.CAN_DataStructureInit))
<BR><BR>[Stack]<UL><LI>Max Depth = 12<LI>Call Chain = CAN_DataStructureInit
</UL>
<BR>[Called By]<UL><LI><a href="#[113]">&gt;&gt;</a>&nbsp;&nbsp;&nbsp;IAP_CTRL_CAN_Init
</UL>

<P><STRONG><a name="[be]"></a>CAN_HW_Init</STRONG> (Thumb, 262 bytes, Stack size 56 bytes, canprotocolupdt.o(i.CAN_HW_Init))
<BR><BR>[Stack]<UL><LI>Max Depth = 84<LI>Call Chain = CAN_HW_Init &rArr; gpio_init
</UL>
<BR>[Calls]<UL><LI><a href="#[7b]">&gt;&gt;</a>&nbsp;&nbsp;&nbsp;rcu_periph_clock_enable
<LI><a href="#[ac]">&gt;&gt;</a>&nbsp;&nbsp;&nbsp;nvic_irq_enable
<LI><a href="#[bf]">&gt;&gt;</a>&nbsp;&nbsp;&nbsp;gpio_pin_remap_config
<LI><a href="#[7e]">&gt;&gt;</a>&nbsp;&nbsp;&nbsp;gpio_init
<LI><a href="#[c0]">&gt;&gt;</a>&nbsp;&nbsp;&nbsp;can_struct_para_init
<LI><a href="#[c4]">&gt;&gt;</a>&nbsp;&nbsp;&nbsp;can_interrupt_enable
<LI><a href="#[c2]">&gt;&gt;</a>&nbsp;&nbsp;&nbsp;can_init
<LI><a href="#[c3]">&gt;&gt;</a>&nbsp;&nbsp;&nbsp;can_filter_init
<LI><a href="#[c1]">&gt;&gt;</a>&nbsp;&nbsp;&nbsp;can_deinit
</UL>
<BR>[Called By]<UL><LI><a href="#[113]">&gt;&gt;</a>&nbsp;&nbsp;&nbsp;IAP_CTRL_CAN_Init
</UL>

<P><STRONG><a name="[1ff]"></a>CAN_MacProcess</STRONG> (Thumb, 124 bytes, Stack size 24 bytes, canprotocolupdt.o(i.CAN_MacProcess))
<BR><BR>[Stack]<UL><LI>Max Depth = 24<LI>Call Chain = CAN_MacProcess
</UL>
<BR>[Called By]<UL><LI><a href="#[1e]">&gt;&gt;</a>&nbsp;&nbsp;&nbsp;USBD_LP_CAN0_RX0_IRQHandler
</UL>

<P><STRONG><a name="[ca]"></a>CAN_PROTOCOL1_CheckSUM</STRONG> (Thumb, 70 bytes, Stack size 12 bytes, canprotocol_3a.o(i.CAN_PROTOCOL1_CheckSUM))
<BR><BR>[Stack]<UL><LI>Max Depth = 12<LI>Call Chain = CAN_PROTOCOL1_CheckSUM
</UL>
<BR>[Called By]<UL><LI><a href="#[c9]">&gt;&gt;</a>&nbsp;&nbsp;&nbsp;CAN_PROTOCOL1_RxFIFOProcess
</UL>

<P><STRONG><a name="[c5]"></a>CAN_PROTOCOL1_CmdFrameProcess</STRONG> (Thumb, 106 bytes, Stack size 16 bytes, canprotocol_3a.o(i.CAN_PROTOCOL1_CmdFrameProcess))
<BR><BR>[Stack]<UL><LI>Max Depth = 32<LI>Call Chain = CAN_PROTOCOL1_CmdFrameProcess &rArr; STS_UART_AddTxArray
</UL>
<BR>[Calls]<UL><LI><a href="#[5b]">&gt;&gt;</a>&nbsp;&nbsp;&nbsp;STS_UART_AddTxArray
</UL>
<BR>[Called By]<UL><LI><a href="#[d1]">&gt;&gt;</a>&nbsp;&nbsp;&nbsp;CAN_PROTOCOL_Process_3A
</UL>

<P><STRONG><a name="[cb]"></a>CAN_PROTOCOL1_ConfirmTempCmdFrameBuff</STRONG> (Thumb, 66 bytes, Stack size 0 bytes, canprotocol_3a.o(i.CAN_PROTOCOL1_ConfirmTempCmdFrameBuff))
<BR><BR>[Called By]<UL><LI><a href="#[c9]">&gt;&gt;</a>&nbsp;&nbsp;&nbsp;CAN_PROTOCOL1_RxFIFOProcess
</UL>

<P><STRONG><a name="[c7]"></a>CAN_PROTOCOL1_DataStructInit</STRONG> (Thumb, 86 bytes, Stack size 0 bytes, canprotocol_3a.o(i.CAN_PROTOCOL1_DataStructInit))
<BR><BR>[Called By]<UL><LI><a href="#[c6]">&gt;&gt;</a>&nbsp;&nbsp;&nbsp;CAN_PROTOCOL1_Init
</UL>

<P><STRONG><a name="[c6]"></a>CAN_PROTOCOL1_Init</STRONG> (Thumb, 18 bytes, Stack size 4 bytes, canprotocol_3a.o(i.CAN_PROTOCOL1_Init))
<BR><BR>[Stack]<UL><LI>Max Depth = 4<LI>Call Chain = CAN_PROTOCOL1_Init
</UL>
<BR>[Calls]<UL><LI><a href="#[c8]">&gt;&gt;</a>&nbsp;&nbsp;&nbsp;CAN_PROTOCOL1_RegisterDataSendService
<LI><a href="#[c7]">&gt;&gt;</a>&nbsp;&nbsp;&nbsp;CAN_PROTOCOL1_DataStructInit
</UL>
<BR>[Called By]<UL><LI><a href="#[112]">&gt;&gt;</a>&nbsp;&nbsp;&nbsp;DUTCTRL_BusInit
<LI><a href="#[19b]">&gt;&gt;</a>&nbsp;&nbsp;&nbsp;STEP_Process_Right_TurnSignalCanTest
<LI><a href="#[19a]">&gt;&gt;</a>&nbsp;&nbsp;&nbsp;STEP_Process_Left_TurnSignalCanTest
<LI><a href="#[199]">&gt;&gt;</a>&nbsp;&nbsp;&nbsp;STEP_Process_HbeamCanTest
<LI><a href="#[1a1]">&gt;&gt;</a>&nbsp;&nbsp;&nbsp;STEP_Process_CmCanUpgrade
<LI><a href="#[1b7]">&gt;&gt;</a>&nbsp;&nbsp;&nbsp;STS_PROTOCOL_CmdFrameProcess
</UL>

<P><STRONG><a name="[1fe]"></a>CAN_PROTOCOL1_MacProcess</STRONG> (Thumb, 94 bytes, Stack size 20 bytes, canprotocol_3a.o(i.CAN_PROTOCOL1_MacProcess))
<BR><BR>[Stack]<UL><LI>Max Depth = 20<LI>Call Chain = CAN_PROTOCOL1_MacProcess
</UL>
<BR>[Called By]<UL><LI><a href="#[1e]">&gt;&gt;</a>&nbsp;&nbsp;&nbsp;USBD_LP_CAN0_RX0_IRQHandler
</UL>

<P><STRONG><a name="[c8]"></a>CAN_PROTOCOL1_RegisterDataSendService</STRONG> (Thumb, 8 bytes, Stack size 0 bytes, canprotocol_3a.o(i.CAN_PROTOCOL1_RegisterDataSendService))
<BR><BR>[Called By]<UL><LI><a href="#[c6]">&gt;&gt;</a>&nbsp;&nbsp;&nbsp;CAN_PROTOCOL1_Init
</UL>

<P><STRONG><a name="[c9]"></a>CAN_PROTOCOL1_RxFIFOProcess</STRONG> (Thumb, 342 bytes, Stack size 24 bytes, canprotocol_3a.o(i.CAN_PROTOCOL1_RxFIFOProcess))
<BR><BR>[Stack]<UL><LI>Max Depth = 36<LI>Call Chain = CAN_PROTOCOL1_RxFIFOProcess &rArr; CAN_PROTOCOL1_CheckSUM
</UL>
<BR>[Calls]<UL><LI><a href="#[cb]">&gt;&gt;</a>&nbsp;&nbsp;&nbsp;CAN_PROTOCOL1_ConfirmTempCmdFrameBuff
<LI><a href="#[ca]">&gt;&gt;</a>&nbsp;&nbsp;&nbsp;CAN_PROTOCOL1_CheckSUM
</UL>
<BR>[Called By]<UL><LI><a href="#[d1]">&gt;&gt;</a>&nbsp;&nbsp;&nbsp;CAN_PROTOCOL_Process_3A
</UL>

<P><STRONG><a name="[56]"></a>CAN_PROTOCOL1_SendCmdChangeColor</STRONG> (Thumb, 40 bytes, Stack size 4 bytes, canprotocol_3a.o(i.CAN_PROTOCOL1_SendCmdChangeColor))
<BR><BR>[Stack]<UL><LI>Max Depth = 24<LI>Call Chain = CAN_PROTOCOL1_SendCmdChangeColor &rArr; CAN_PROTOCOL1_TxAddFrame
</UL>
<BR>[Calls]<UL><LI><a href="#[cd]">&gt;&gt;</a>&nbsp;&nbsp;&nbsp;CAN_PROTOCOL1_TxAddFrame
<LI><a href="#[cc]">&gt;&gt;</a>&nbsp;&nbsp;&nbsp;CAN_PROTOCOL1_TxAddData
</UL>
<BR>[Address Reference Count : 1]<UL><LI> state.o(i.STEP_Process_CmCanUpgrade)
</UL>
<P><STRONG><a name="[cc]"></a>CAN_PROTOCOL1_TxAddData</STRONG> (Thumb, 62 bytes, Stack size 12 bytes, canprotocol_3a.o(i.CAN_PROTOCOL1_TxAddData))
<BR><BR>[Stack]<UL><LI>Max Depth = 12<LI>Call Chain = CAN_PROTOCOL1_TxAddData
</UL>
<BR>[Called By]<UL><LI><a href="#[56]">&gt;&gt;</a>&nbsp;&nbsp;&nbsp;CAN_PROTOCOL1_SendCmdChangeColor
[...]
<BR><BR>[Called By]<UL><LI><a href="#[15e]">&gt;&gt;</a>&nbsp;&nbsp;&nbsp;PWM_OUT1_Init
</UL>

<P><STRONG><a name="[1da]"></a>timer_deinit</STRONG> (Thumb, 378 bytes, Stack size 8 bytes, gd32f10x_timer.o(i.timer_deinit))
<BR><BR>[Stack]<UL><LI>Max Depth = 8<LI>Call Chain = timer_deinit
</UL>
<BR>[Calls]<UL><LI><a href="#[20b]">&gt;&gt;</a>&nbsp;&nbsp;&nbsp;rcu_periph_reset_enable
<LI><a href="#[20c]">&gt;&gt;</a>&nbsp;&nbsp;&nbsp;rcu_periph_reset_disable
</UL>
<BR>[Called By]<UL><LI><a href="#[1d9]">&gt;&gt;</a>&nbsp;&nbsp;&nbsp;TIMx_INT_Init
</UL>

<P><STRONG><a name="[165]"></a>timer_enable</STRONG> (Thumb, 10 bytes, Stack size 0 bytes, gd32f10x_timer.o(i.timer_enable))
<BR><BR>[Called By]<UL><LI><a href="#[1d8]">&gt;&gt;</a>&nbsp;&nbsp;&nbsp;TIMER_StartTimerx
<LI><a href="#[15e]">&gt;&gt;</a>&nbsp;&nbsp;&nbsp;PWM_OUT1_Init
</UL>

<P><STRONG><a name="[1db]"></a>timer_flag_clear</STRONG> (Thumb, 6 bytes, Stack size 0 bytes, gd32f10x_timer.o(i.timer_flag_clear))
<BR><BR>[Called By]<UL><LI><a href="#[1d9]">&gt;&gt;</a>&nbsp;&nbsp;&nbsp;TIMx_INT_Init
</UL>

<P><STRONG><a name="[15f]"></a>timer_init</STRONG> (Thumb, 168 bytes, Stack size 12 bytes, gd32f10x_timer.o(i.timer_init))
<BR><BR>[Stack]<UL><LI>Max Depth = 12<LI>Call Chain = timer_init
</UL>
<BR>[Called By]<UL><LI><a href="#[1d9]">&gt;&gt;</a>&nbsp;&nbsp;&nbsp;TIMx_INT_Init
<LI><a href="#[15e]">&gt;&gt;</a>&nbsp;&nbsp;&nbsp;PWM_OUT1_Init
</UL>

<P><STRONG><a name="[1dc]"></a>timer_interrupt_enable</STRONG> (Thumb, 8 bytes, Stack size 0 bytes, gd32f10x_timer.o(i.timer_interrupt_enable))
<BR><BR>[Called By]<UL><LI><a href="#[1d9]">&gt;&gt;</a>&nbsp;&nbsp;&nbsp;TIMx_INT_Init
</UL>

<P><STRONG><a name="[1d3]"></a>timer_interrupt_flag_clear</STRONG> (Thumb, 6 bytes, Stack size 0 bytes, gd32f10x_timer.o(i.timer_interrupt_flag_clear))
<BR><BR>[Called By]<UL><LI><a href="#[26]">&gt;&gt;</a>&nbsp;&nbsp;&nbsp;TIMER1_IRQHandler
</UL>

<P><STRONG><a name="[1d2]"></a>timer_interrupt_flag_get</STRONG> (Thumb, 20 bytes, Stack size 0 bytes, gd32f10x_timer.o(i.timer_interrupt_flag_get))
<BR><BR>[Called By]<UL><LI><a href="#[26]">&gt;&gt;</a>&nbsp;&nbsp;&nbsp;TIMER1_IRQHandler
</UL>

<P><STRONG><a name="[166]"></a>timer_primary_output_config</STRONG> (Thumb, 24 bytes, Stack size 0 bytes, gd32f10x_timer.o(i.timer_primary_output_config))
<BR><BR>[Called By]<UL><LI><a href="#[15e]">&gt;&gt;</a>&nbsp;&nbsp;&nbsp;PWM_OUT1_Init
<LI><a href="#[194]">&gt;&gt;</a>&nbsp;&nbsp;&nbsp;STEP_Process_DerailleurUartTest
<LI><a href="#[19e]">&gt;&gt;</a>&nbsp;&nbsp;&nbsp;STEP_Process_DerailleurCanTest
</UL>

<P><STRONG><a name="[1b3]"></a>uartProtocol_SendOnePacket</STRONG> (Thumb, 134 bytes, Stack size 184 bytes, uartprotocol.o(i.uartProtocol_SendOnePacket))
<BR><BR>[Stack]<UL><LI>Max Depth = 224<LI>Call Chain = uartProtocol_SendOnePacket &rArr; SPI_FLASH_ReadArray &rArr; SPI_FLASH_SendByte
</UL>
<BR>[Calls]<UL><LI><a href="#[12b]">&gt;&gt;</a>&nbsp;&nbsp;&nbsp;SPI_FLASH_ReadArray
<LI><a href="#[1ef]">&gt;&gt;</a>&nbsp;&nbsp;&nbsp;UART_PROTOCOL_TxAddFrame
<LI><a href="#[1ee]">&gt;&gt;</a>&nbsp;&nbsp;&nbsp;UART_PROTOCOL_TxAddData
<LI><a href="#[e6]">&gt;&gt;</a>&nbsp;&nbsp;&nbsp;__aeabi_memclr4
</UL>
<BR>[Called By]<UL><LI><a href="#[1a4]">&gt;&gt;</a>&nbsp;&nbsp;&nbsp;STEP_Process_SegUartUpgrade
</UL>

<P><STRONG><a name="[1ae]"></a>uartProtocol_SendOnePacket_Hex</STRONG> (Thumb, 128 bytes, Stack size 168 bytes, uartprotocol.o(i.uartProtocol_SendOnePacket_Hex))
<BR><BR>[Stack]<UL><LI>Max Depth = 208<LI>Call Chain = uartProtocol_SendOnePacket_Hex &rArr; SPI_FLASH_ReadArray &rArr; SPI_FLASH_SendByte
</UL>
<BR>[Calls]<UL><LI><a href="#[12b]">&gt;&gt;</a>&nbsp;&nbsp;&nbsp;SPI_FLASH_ReadArray
<LI><a href="#[1ef]">&gt;&gt;</a>&nbsp;&nbsp;&nbsp;UART_PROTOCOL_TxAddFrame
<LI><a href="#[1ee]">&gt;&gt;</a>&nbsp;&nbsp;&nbsp;UART_PROTOCOL_TxAddData
<LI><a href="#[e6]">&gt;&gt;</a>&nbsp;&nbsp;&nbsp;__aeabi_memclr4
</UL>
<BR>[Called By]<UL><LI><a href="#[1a3]">&gt;&gt;</a>&nbsp;&nbsp;&nbsp;STEP_Process_CmUartUpgrade
</UL>

<P><STRONG><a name="[a4]"></a>usart_baudrate_set</STRONG> (Thumb, 102 bytes, Stack size 16 bytes, gd32f10x_usart.o(i.usart_baudrate_set))
<BR><BR>[Stack]<UL><LI>Max Depth = 64<LI>Call Chain = usart_baudrate_set &rArr; rcu_clock_freq_get
</UL>
<BR>[Calls]<UL><LI><a href="#[213]">&gt;&gt;</a>&nbsp;&nbsp;&nbsp;rcu_clock_freq_get
</UL>
<BR>[Called By]<UL><LI><a href="#[157]">&gt;&gt;</a>&nbsp;&nbsp;&nbsp;POWER_UART_HwInit
<LI><a href="#[1e0]">&gt;&gt;</a>&nbsp;&nbsp;&nbsp;UART_DRIVE_HwInit
<LI><a href="#[a2]">&gt;&gt;</a>&nbsp;&nbsp;&nbsp;AVO_UART_HwInit
<LI><a href="#[1c8]">&gt;&gt;</a>&nbsp;&nbsp;&nbsp;STS_UART_HwInit
</UL>

<P><STRONG><a name="[1de]"></a>usart_data_receive</STRONG> (Thumb, 8 bytes, Stack size 0 bytes, gd32f10x_usart.o(i.usart_data_receive))
<BR><BR>[Called By]<UL><LI><a href="#[31]">&gt;&gt;</a>&nbsp;&nbsp;&nbsp;USART2_IRQHandler
<LI><a href="#[3e]">&gt;&gt;</a>&nbsp;&nbsp;&nbsp;UART3_IRQHandler
<LI><a href="#[2f]">&gt;&gt;</a>&nbsp;&nbsp;&nbsp;USART0_IRQHandler
<LI><a href="#[30]">&gt;&gt;</a>&nbsp;&nbsp;&nbsp;USART1_IRQHandler
</UL>

<P><STRONG><a name="[b0]"></a>usart_data_transmit</STRONG> (Thumb, 8 bytes, Stack size 0 bytes, gd32f10x_usart.o(i.usart_data_transmit))
<BR><BR>[Called By]<UL><LI><a href="#[31]">&gt;&gt;</a>&nbsp;&nbsp;&nbsp;USART2_IRQHandler
<LI><a href="#[158]">&gt;&gt;</a>&nbsp;&nbsp;&nbsp;POWER_UART_IR_StartSendData
<LI><a href="#[1e1]">&gt;&gt;</a>&nbsp;&nbsp;&nbsp;UART_DRIVE_IR_StartSendData
<LI><a href="#[3e]">&gt;&gt;</a>&nbsp;&nbsp;&nbsp;UART3_IRQHandler
<LI><a href="#[2f]">&gt;&gt;</a>&nbsp;&nbsp;&nbsp;USART0_IRQHandler
<LI><a href="#[af]">&gt;&gt;</a>&nbsp;&nbsp;&nbsp;AVO_UART_IR_StartSendData
<LI><a href="#[30]">&gt;&gt;</a>&nbsp;&nbsp;&nbsp;USART1_IRQHandler
<LI><a href="#[1c9]">&gt;&gt;</a>&nbsp;&nbsp;&nbsp;STS_UART_IR_StartSendData
</UL>

<P><STRONG><a name="[a3]"></a>usart_deinit</STRONG> (Thumb, 136 bytes, Stack size 8 bytes, gd32f10x_usart.o(i.usart_deinit))
<BR><BR>[Stack]<UL><LI>Max Depth = 8<LI>Call Chain = usart_deinit
</UL>
<BR>[Calls]<UL><LI><a href="#[20b]">&gt;&gt;</a>&nbsp;&nbsp;&nbsp;rcu_periph_reset_enable
<LI><a href="#[20c]">&gt;&gt;</a>&nbsp;&nbsp;&nbsp;rcu_periph_reset_disable
</UL>
<BR>[Called By]<UL><LI><a href="#[157]">&gt;&gt;</a>&nbsp;&nbsp;&nbsp;POWER_UART_HwInit
<LI><a href="#[1e0]">&gt;&gt;</a>&nbsp;&nbsp;&nbsp;UART_DRIVE_HwInit
<LI><a href="#[a2]">&gt;&gt;</a>&nbsp;&nbsp;&nbsp;AVO_UART_HwInit
<LI><a href="#[1c8]">&gt;&gt;</a>&nbsp;&nbsp;&nbsp;STS_UART_HwInit
</UL>

<P><STRONG><a name="[ae]"></a>usart_enable</STRONG> (Thumb, 10 bytes, Stack size 0 bytes, gd32f10x_usart.o(i.usart_enable))
<BR><BR>[Called By]<UL><LI><a href="#[157]">&gt;&gt;</a>&nbsp;&nbsp;&nbsp;POWER_UART_HwInit
<LI><a href="#[1e0]">&gt;&gt;</a>&nbsp;&nbsp;&nbsp;UART_DRIVE_HwInit
<LI><a href="#[a2]">&gt;&gt;</a>&nbsp;&nbsp;&nbsp;AVO_UART_HwInit
<LI><a href="#[1c8]">&gt;&gt;</a>&nbsp;&nbsp;&nbsp;STS_UART_HwInit
</UL>

<P><STRONG><a name="[159]"></a>usart_flag_get</STRONG> (Thumb, 26 bytes, Stack size 0 bytes, gd32f10x_usart.o(i.usart_flag_get))
<BR><BR>[Called By]<UL><LI><a href="#[31]">&gt;&gt;</a>&nbsp;&nbsp;&nbsp;USART2_IRQHandler
<LI><a href="#[158]">&gt;&gt;</a>&nbsp;&nbsp;&nbsp;POWER_UART_IR_StartSendData
<LI><a href="#[1e1]">&gt;&gt;</a>&nbsp;&nbsp;&nbsp;UART_DRIVE_IR_StartSendData
<LI><a href="#[3e]">&gt;&gt;</a>&nbsp;&nbsp;&nbsp;UART3_IRQHandler
<LI><a href="#[2f]">&gt;&gt;</a>&nbsp;&nbsp;&nbsp;USART0_IRQHandler
<LI><a href="#[30]">&gt;&gt;</a>&nbsp;&nbsp;&nbsp;USART1_IRQHandler
<LI><a href="#[1c9]">&gt;&gt;</a>&nbsp;&nbsp;&nbsp;STS_UART_IR_StartSendData
</UL>

<P><STRONG><a name="[a9]"></a>usart_hardware_flow_cts_config</STRONG> (Thumb, 12 bytes, Stack size 0 bytes, gd32f10x_usart.o(i.usart_hardware_flow_cts_config))
<BR><BR>[Called By]<UL><LI><a href="#[157]">&gt;&gt;</a>&nbsp;&nbsp;&nbsp;POWER_UART_HwInit
<LI><a href="#[1e0]">&gt;&gt;</a>&nbsp;&nbsp;&nbsp;UART_DRIVE_HwInit
<LI><a href="#[a2]">&gt;&gt;</a>&nbsp;&nbsp;&nbsp;AVO_UART_HwInit
<LI><a href="#[1c8]">&gt;&gt;</a>&nbsp;&nbsp;&nbsp;STS_UART_HwInit
</UL>

<P><STRONG><a name="[a8]"></a>usart_hardware_flow_rts_config</STRONG> (Thumb, 12 bytes, Stack size 0 bytes, gd32f10x_usart.o(i.usart_hardware_flow_rts_config))
<BR><BR>[Called By]<UL><LI><a href="#[157]">&gt;&gt;</a>&nbsp;&nbsp;&nbsp;POWER_UART_HwInit
<LI><a href="#[1e0]">&gt;&gt;</a>&nbsp;&nbsp;&nbsp;UART_DRIVE_HwInit
<LI><a href="#[a2]">&gt;&gt;</a>&nbsp;&nbsp;&nbsp;AVO_UART_HwInit
<LI><a href="#[1c8]">&gt;&gt;</a>&nbsp;&nbsp;&nbsp;STS_UART_HwInit
</UL>

<P><STRONG><a name="[1df]"></a>usart_interrupt_disable</STRONG> (Thumb, 22 bytes, Stack size 8 bytes, gd32f10x_usart.o(i.usart_interrupt_disable))
<BR><BR>[Stack]<UL><LI>Max Depth = 8<LI>Call Chain = usart_interrupt_disable
</UL>
<BR>[Called By]<UL><LI><a href="#[31]">&gt;&gt;</a>&nbsp;&nbsp;&nbsp;USART2_IRQHandler
<LI><a href="#[3e]">&gt;&gt;</a>&nbsp;&nbsp;&nbsp;UART3_IRQHandler
<LI><a href="#[2f]">&gt;&gt;</a>&nbsp;&nbsp;&nbsp;USART0_IRQHandler
<LI><a href="#[30]">&gt;&gt;</a>&nbsp;&nbsp;&nbsp;USART1_IRQHandler
</UL>

<P><STRONG><a name="[ad]"></a>usart_interrupt_enable</STRONG> (Thumb, 22 bytes, Stack size 8 bytes, gd32f10x_usart.o(i.usart_interrupt_enable))
<BR><BR>[Stack]<UL><LI>Max Depth = 8<LI>Call Chain = usart_interrupt_enable
</UL>
<BR>[Called By]<UL><LI><a href="#[158]">&gt;&gt;</a>&nbsp;&nbsp;&nbsp;POWER_UART_IR_StartSendData
<LI><a href="#[157]">&gt;&gt;</a>&nbsp;&nbsp;&nbsp;POWER_UART_HwInit
<LI><a href="#[1e1]">&gt;&gt;</a>&nbsp;&nbsp;&nbsp;UART_DRIVE_IR_StartSendData
<LI><a href="#[1e0]">&gt;&gt;</a>&nbsp;&nbsp;&nbsp;UART_DRIVE_HwInit
<LI><a href="#[af]">&gt;&gt;</a>&nbsp;&nbsp;&nbsp;AVO_UART_IR_StartSendData
<LI><a href="#[a2]">&gt;&gt;</a>&nbsp;&nbsp;&nbsp;AVO_UART_HwInit
<LI><a href="#[1c9]">&gt;&gt;</a>&nbsp;&nbsp;&nbsp;STS_UART_IR_StartSendData
<LI><a href="#[1c8]">&gt;&gt;</a>&nbsp;&nbsp;&nbsp;STS_UART_HwInit
</UL>

<P><STRONG><a name="[1dd]"></a>usart_interrupt_flag_get</STRONG> (Thumb, 50 bytes, Stack size 12 bytes, gd32f10x_usart.o(i.usart_interrupt_flag_get))
<BR><BR>[Stack]<UL><LI>Max Depth = 12<LI>Call Chain = usart_interrupt_flag_get
</UL>
<BR>[Called By]<UL><LI><a href="#[31]">&gt;&gt;</a>&nbsp;&nbsp;&nbsp;USART2_IRQHandler
<LI><a href="#[3e]">&gt;&gt;</a>&nbsp;&nbsp;&nbsp;UART3_IRQHandler
<LI><a href="#[2f]">&gt;&gt;</a>&nbsp;&nbsp;&nbsp;USART0_IRQHandler
<LI><a href="#[30]">&gt;&gt;</a>&nbsp;&nbsp;&nbsp;USART1_IRQHandler
</UL>

<P><STRONG><a name="[a7]"></a>usart_parity_config</STRONG> (Thumb, 16 bytes, Stack size 0 bytes, gd32f10x_usart.o(i.usart_parity_config))
<BR><BR>[Called By]<UL><LI><a href="#[157]">&gt;&gt;</a>&nbsp;&nbsp;&nbsp;POWER_UART_HwInit
<LI><a href="#[1e0]">&gt;&gt;</a>&nbsp;&nbsp;&nbsp;UART_DRIVE_HwInit
<LI><a href="#[a2]">&gt;&gt;</a>&nbsp;&nbsp;&nbsp;AVO_UART_HwInit
<LI><a href="#[1c8]">&gt;&gt;</a>&nbsp;&nbsp;&nbsp;STS_UART_HwInit
</UL>

<P><STRONG><a name="[ab]"></a>usart_receive_config</STRONG> (Thumb, 12 bytes, Stack size 0 bytes, gd32f10x_usart.o(i.usart_receive_config))
<BR><BR>[Called By]<UL><LI><a href="#[157]">&gt;&gt;</a>&nbsp;&nbsp;&nbsp;POWER_UART_HwInit
<LI><a href="#[1e0]">&gt;&gt;</a>&nbsp;&nbsp;&nbsp;UART_DRIVE_HwInit
<LI><a href="#[a2]">&gt;&gt;</a>&nbsp;&nbsp;&nbsp;AVO_UART_HwInit
<LI><a href="#[1c8]">&gt;&gt;</a>&nbsp;&nbsp;&nbsp;STS_UART_HwInit
</UL>

<P><STRONG><a name="[a6]"></a>usart_stop_bit_set</STRONG> (Thumb, 16 bytes, Stack size 0 bytes, gd32f10x_usart.o(i.usart_stop_bit_set))
<BR><BR>[Called By]<UL><LI><a href="#[157]">&gt;&gt;</a>&nbsp;&nbsp;&nbsp;POWER_UART_HwInit
<LI><a href="#[1e0]">&gt;&gt;</a>&nbsp;&nbsp;&nbsp;UART_DRIVE_HwInit
<LI><a href="#[a2]">&gt;&gt;</a>&nbsp;&nbsp;&nbsp;AVO_UART_HwInit
<LI><a href="#[1c8]">&gt;&gt;</a>&nbsp;&nbsp;&nbsp;STS_UART_HwInit
</UL>

<P><STRONG><a name="[aa]"></a>usart_transmit_config</STRONG> (Thumb, 12 bytes, Stack size 0 bytes, gd32f10x_usart.o(i.usart_transmit_config))
<BR><BR>[Called By]<UL><LI><a href="#[157]">&gt;&gt;</a>&nbsp;&nbsp;&nbsp;POWER_UART_HwInit
<LI><a href="#[1e0]">&gt;&gt;</a>&nbsp;&nbsp;&nbsp;UART_DRIVE_HwInit
<LI><a href="#[a2]">&gt;&gt;</a>&nbsp;&nbsp;&nbsp;AVO_UART_HwInit
<LI><a href="#[1c8]">&gt;&gt;</a>&nbsp;&nbsp;&nbsp;STS_UART_HwInit
</UL>

<P><STRONG><a name="[a5]"></a>usart_word_length_set</STRONG> (Thumb, 16 bytes, Stack size 0 bytes, gd32f10x_usart.o(i.usart_word_length_set))
<BR><BR>[Called By]<UL><LI><a href="#[157]">&gt;&gt;</a>&nbsp;&nbsp;&nbsp;POWER_UART_HwInit
<LI><a href="#[1e0]">&gt;&gt;</a>&nbsp;&nbsp;&nbsp;UART_DRIVE_HwInit
<LI><a href="#[a2]">&gt;&gt;</a>&nbsp;&nbsp;&nbsp;AVO_UART_HwInit
<LI><a href="#[1c8]">&gt;&gt;</a>&nbsp;&nbsp;&nbsp;STS_UART_HwInit
</UL>

<P><STRONG><a name="[fa]"></a>wr_lcd</STRONG> (Thumb, 74 bytes, Stack size 8 bytes, lcd2004.o(i.wr_lcd))
<BR><BR>[Stack]<UL><LI>Max Depth = 16<LI>Call Chain = wr_lcd &rArr; Delayms
</UL>
<BR>[Calls]<UL><LI><a href="#[b8]">&gt;&gt;</a>&nbsp;&nbsp;&nbsp;gpio_bit_set
<LI><a href="#[92]">&gt;&gt;</a>&nbsp;&nbsp;&nbsp;gpio_bit_reset
<LI><a href="#[86]">&gt;&gt;</a>&nbsp;&nbsp;&nbsp;Delayms
<LI><a href="#[136]">&gt;&gt;</a>&nbsp;&nbsp;&nbsp;WR_DATA
</UL>
<BR>[Called By]<UL><LI><a href="#[135]">&gt;&gt;</a>&nbsp;&nbsp;&nbsp;Init_Lcd
<LI><a href="#[b7]">&gt;&gt;</a>&nbsp;&nbsp;&nbsp;Display_Centered
<LI><a href="#[128]">&gt;&gt;</a>&nbsp;&nbsp;&nbsp;Display_YX
<LI><a href="#[f9]">&gt;&gt;</a>&nbsp;&nbsp;&nbsp;Clear_Line
<LI><a href="#[ba]">&gt;&gt;</a>&nbsp;&nbsp;&nbsp;Display_YX_Format
</UL>
<P>
<H3>
Local Symbols
</H3>
<P><STRONG><a name="[10a]"></a>DMAy_SPIx_Configuration</STRONG> (Thumb, 238 bytes, Stack size 32 bytes, spiflash.o(i.DMAy_SPIx_Configuration))
<BR><BR>[Stack]<UL><LI>Max Depth = 60<LI>Call Chain = DMAy_SPIx_Configuration &rArr; NVIC_DMAy_Configuration &rArr; nvic_irq_enable
</UL>
<BR>[Calls]<UL><LI><a href="#[110]">&gt;&gt;</a>&nbsp;&nbsp;&nbsp;spi_dma_enable
<LI><a href="#[109]">&gt;&gt;</a>&nbsp;&nbsp;&nbsp;spi_dma_disable
<LI><a href="#[7b]">&gt;&gt;</a>&nbsp;&nbsp;&nbsp;rcu_periph_clock_enable
<LI><a href="#[10d]">&gt;&gt;</a>&nbsp;&nbsp;&nbsp;dma_memory_to_memory_disable
<LI><a href="#[107]">&gt;&gt;</a>&nbsp;&nbsp;&nbsp;dma_interrupt_disable
<LI><a href="#[10e]">&gt;&gt;</a>&nbsp;&nbsp;&nbsp;dma_init
<LI><a href="#[10f]">&gt;&gt;</a>&nbsp;&nbsp;&nbsp;dma_flag_clear
<LI><a href="#[10b]">&gt;&gt;</a>&nbsp;&nbsp;&nbsp;dma_deinit
<LI><a href="#[10c]">&gt;&gt;</a>&nbsp;&nbsp;&nbsp;dma_circulation_disable
<LI><a href="#[111]">&gt;&gt;</a>&nbsp;&nbsp;&nbsp;NVIC_DMAy_Configuration
</UL>
<BR>[Called By]<UL><LI><a href="#[186]">&gt;&gt;</a>&nbsp;&nbsp;&nbsp;SPIx_FLASH_Init
</UL>

<P><STRONG><a name="[111]"></a>NVIC_DMAy_Configuration</STRONG> (Thumb, 26 bytes, Stack size 8 bytes, spiflash.o(i.NVIC_DMAy_Configuration))
<BR><BR>[Stack]<UL><LI>Max Depth = 28<LI>Call Chain = NVIC_DMAy_Configuration &rArr; nvic_irq_enable
</UL>
<BR>[Calls]<UL><LI><a href="#[ac]">&gt;&gt;</a>&nbsp;&nbsp;&nbsp;nvic_irq_enable
</UL>
<BR>[Called By]<UL><LI><a href="#[10a]">&gt;&gt;</a>&nbsp;&nbsp;&nbsp;DMAy_SPIx_Configuration
</UL>

<P><STRONG><a name="[145]"></a>NVIC_Configuration</STRONG> (Thumb, 8 bytes, Stack size 0 bytes, system.o(i.NVIC_Configuration))
<BR><BR>[Calls]<UL><LI><a href="#[146]">&gt;&gt;</a>&nbsp;&nbsp;&nbsp;nvic_priority_group_set
</UL>
<BR>[Called By]<UL><LI><a href="#[1ce]">&gt;&gt;</a>&nbsp;&nbsp;&nbsp;SYSTEM_Init
</UL>

<P><STRONG><a name="[168]"></a>RCC_HSE_Configuration</STRONG> (Thumb, 144 bytes, Stack size 8 bytes, system.o(i.RCC_HSE_Configuration))
<BR><BR>[Stack]<UL><LI>Max Depth = 32<LI>Call Chain = RCC_HSE_Configuration &rArr; rcu_deinit &rArr; rcu_osci_stab_wait
</UL>
<BR>[Calls]<UL><LI><a href="#[171]">&gt;&gt;</a>&nbsp;&nbsp;&nbsp;rcu_system_clock_source_get
<LI><a href="#[170]">&gt;&gt;</a>&nbsp;&nbsp;&nbsp;rcu_system_clock_source_config
<LI><a href="#[172]">&gt;&gt;</a>&nbsp;&nbsp;&nbsp;rcu_predv0_config
<LI><a href="#[16f]">&gt;&gt;</a>&nbsp;&nbsp;&nbsp;rcu_pll_config
<LI><a href="#[16b]">&gt;&gt;</a>&nbsp;&nbsp;&nbsp;rcu_osci_stab_wait
<LI><a href="#[16a]">&gt;&gt;</a>&nbsp;&nbsp;&nbsp;rcu_osci_on
<LI><a href="#[169]">&gt;&gt;</a>&nbsp;&nbsp;&nbsp;rcu_deinit
<LI><a href="#[16e]">&gt;&gt;</a>&nbsp;&nbsp;&nbsp;rcu_apb2_clock_config
<LI><a href="#[16d]">&gt;&gt;</a>&nbsp;&nbsp;&nbsp;rcu_apb1_clock_config
<LI><a href="#[16c]">&gt;&gt;</a>&nbsp;&nbsp;&nbsp;rcu_ahb_clock_config
</UL>
<BR>[Called By]<UL><LI><a href="#[1ce]">&gt;&gt;</a>&nbsp;&nbsp;&nbsp;SYSTEM_Init
</UL>

<P><STRONG><a name="[20d]"></a>dma_periph_and_channel_check</STRONG> (Thumb, 18 bytes, Stack size 0 bytes, gd32f10x_dma.o(i.dma_periph_and_channel_check))
<BR><BR>[Called By]<UL><LI><a href="#[10d]">&gt;&gt;</a>&nbsp;&nbsp;&nbsp;dma_memory_to_memory_disable
<LI><a href="#[107]">&gt;&gt;</a>&nbsp;&nbsp;&nbsp;dma_interrupt_disable
<LI><a href="#[10e]">&gt;&gt;</a>&nbsp;&nbsp;&nbsp;dma_init
<LI><a href="#[10b]">&gt;&gt;</a>&nbsp;&nbsp;&nbsp;dma_deinit
<LI><a href="#[10c]">&gt;&gt;</a>&nbsp;&nbsp;&nbsp;dma_circulation_disable
<LI><a href="#[106]">&gt;&gt;</a>&nbsp;&nbsp;&nbsp;dma_channel_disable
</UL>

<P><STRONG><a name="[212]"></a>system_clock_108m_hxtal</STRONG> (Thumb, 124 bytes, Stack size 0 bytes, system_gd32f10x.o(i.system_clock_108m_hxtal))
<BR><BR>[Called By]<UL><LI><a href="#[1d1]">&gt;&gt;</a>&nbsp;&nbsp;&nbsp;system_clock_config
</UL>

<P><STRONG><a name="[1d1]"></a>system_clock_config</STRONG> (Thumb, 4 bytes, Stack size 0 bytes, system_gd32f10x.o(i.system_clock_config))
<BR><BR>[Calls]<UL><LI><a href="#[212]">&gt;&gt;</a>&nbsp;&nbsp;&nbsp;system_clock_108m_hxtal
</UL>
<BR>[Called By]<UL><LI><a href="#[47]">&gt;&gt;</a>&nbsp;&nbsp;&nbsp;SystemInit
</UL>

<P><STRONG><a name="[206]"></a>_fp_digits</STRONG> (Thumb, 366 bytes, Stack size 64 bytes, printfa.o(i._fp_digits), UNUSED)
<BR><BR>[Calls]<UL><LI><a href="#[69]">&gt;&gt;</a>&nbsp;&nbsp;&nbsp;__aeabi_uldivmod
<LI><a href="#[72]">&gt;&gt;</a>&nbsp;&nbsp;&nbsp;__aeabi_dmul
<LI><a href="#[73]">&gt;&gt;</a>&nbsp;&nbsp;&nbsp;__aeabi_ddiv
<LI><a href="#[6c]">&gt;&gt;</a>&nbsp;&nbsp;&nbsp;__aeabi_dadd
<LI><a href="#[74]">&gt;&gt;</a>&nbsp;&nbsp;&nbsp;__aeabi_d2ulz
<LI><a href="#[207]">&gt;&gt;</a>&nbsp;&nbsp;&nbsp;__aeabi_cdrcmple
</UL>
<BR>[Called By]<UL><LI><a href="#[204]">&gt;&gt;</a>&nbsp;&nbsp;&nbsp;_printf_core
</UL>

<P><STRONG><a name="[204]"></a>_printf_core</STRONG> (Thumb, 1704 bytes, Stack size 136 bytes, printfa.o(i._printf_core), UNUSED)
<BR><BR>[Calls]<UL><LI><a href="#[69]">&gt;&gt;</a>&nbsp;&nbsp;&nbsp;__aeabi_uldivmod
<LI><a href="#[20a]">&gt;&gt;</a>&nbsp;&nbsp;&nbsp;__aeabi_uidivmod
<LI><a href="#[208]">&gt;&gt;</a>&nbsp;&nbsp;&nbsp;_printf_pre_padding
<LI><a href="#[209]">&gt;&gt;</a>&nbsp;&nbsp;&nbsp;_printf_post_padding
<LI><a href="#[206]">&gt;&gt;</a>&nbsp;&nbsp;&nbsp;_fp_digits
</UL>
<BR>[Called By]<UL><LI><a href="#[205]">&gt;&gt;</a>&nbsp;&nbsp;&nbsp;__0vsnprintf
<LI><a href="#[203]">&gt;&gt;</a>&nbsp;&nbsp;&nbsp;__0snprintf
</UL>

<P><STRONG><a name="[209]"></a>_printf_post_padding</STRONG> (Thumb, 36 bytes, Stack size 24 bytes, printfa.o(i._printf_post_padding), UNUSED)
<BR><BR>[Called By]<UL><LI><a href="#[204]">&gt;&gt;</a>&nbsp;&nbsp;&nbsp;_printf_core
</UL>

<P><STRONG><a name="[208]"></a>_printf_pre_padding</STRONG> (Thumb, 46 bytes, Stack size 24 bytes, printfa.o(i._printf_pre_padding), UNUSED)
<BR><BR>[Called By]<UL><LI><a href="#[204]">&gt;&gt;</a>&nbsp;&nbsp;&nbsp;_printf_core
</UL>

<P><STRONG><a name="[5f]"></a>_snputc</STRONG> (Thumb, 22 bytes, Stack size 0 bytes, printfa.o(i._snputc))
<BR>[Address Reference Count : 2]<UL><LI> printfa.o(i.__0snprintf)
<LI> printfa.o(i.__0vsnprintf)
</UL><P>
<H3>
Undefined Global Symbols
</H3><HR></body></html>
