Component: ARM Compiler 5.06 update 7 (build 960) Tool: armlink [4d3601]

==============================================================================

Section Cross References

    main.o(i.idle_state_handle) refers to nrf_log_frontend.o(i.nrf_log_frontend_dequeue) for nrf_log_frontend_dequeue
    main.o(i.idle_state_handle) refers to nrf_pwr_mgmt.o(i.nrf_pwr_mgmt_run) for nrf_pwr_mgmt_run
    main.o(i.log_init) refers to nrf_log_frontend.o(i.nrf_log_init) for nrf_log_init
    main.o(i.log_init) refers to app_error.o(i.app_error_handler_bare) for app_error_handler_bare
    main.o(i.log_init) refers to nrf_log_default_backends.o(i.nrf_log_default_backends_init) for nrf_log_default_backends_init
    main.o(i.main) refers to main.o(i.log_init) for log_init
    main.o(i.main) refers to main.o(i.timers_init) for timers_init
    main.o(i.main) refers to main.o(i.power_management_init) for power_management_init
    main.o(i.main) refers to user_ble.o(i.user_ble_stack_init) for user_ble_stack_init
    main.o(i.main) refers to nrf_log_frontend.o(i.nrf_log_frontend_std_0) for nrf_log_frontend_std_0
    main.o(i.main) refers to user_adc.o(i.saadc_init) for saadc_init
    main.o(i.main) refers to user_timer.o(i.TIMER_Init) for TIMER_Init
    main.o(i.main) refers to user_key.o(i.KEY_Init) for KEY_Init
    main.o(i.main) refers to user_led.o(i.Led_Init) for Led_Init
    main.o(i.main) refers to user_state.o(i.STATE_Init) for STATE_Init
    main.o(i.main) refers to user_timer.o(i.TIMER_TaskQueueProcess) for TIMER_TaskQueueProcess
    main.o(i.main) refers to user_keymsgprocess.o(i.KEYMSG_Process) for KEYMSG_Process
    main.o(i.main) refers to user_state.o(i.STATE_Process) for STATE_Process
    main.o(i.main) refers to user_adc.o(i.ADC_Process) for ADC_Process
    main.o(i.main) refers to main.o(i.idle_state_handle) for idle_state_handle
    main.o(i.main) refers to nrf_log_frontend.o(log_const_data) for m_nrf_log_app_logs_data_const
    main.o(i.power_management_init) refers to nrf_pwr_mgmt.o(i.nrf_pwr_mgmt_init) for nrf_pwr_mgmt_init
    main.o(i.power_management_init) refers to app_error.o(i.app_error_handler_bare) for app_error_handler_bare
    main.o(i.timers_init) refers to app_timer2.o(i.app_timer_init) for app_timer_init
    main.o(i.timers_init) refers to app_error.o(i.app_error_handler_bare) for app_error_handler_bare
    boards.o(i.bsp_board_button_idx_to_pin) refers to boards.o(.constdata) for m_board_btn_list
    boards.o(i.bsp_board_button_state_get) refers to boards.o(.constdata) for m_board_btn_list
    boards.o(i.bsp_board_buttons_init) refers to boards.o(i.nrf_gpio_cfg) for nrf_gpio_cfg
    boards.o(i.bsp_board_buttons_init) refers to boards.o(.constdata) for m_board_btn_list
    boards.o(i.bsp_board_init) refers to boards.o(i.bsp_board_leds_init) for bsp_board_leds_init
    boards.o(i.bsp_board_init) refers to boards.o(i.bsp_board_buttons_init) for bsp_board_buttons_init
    boards.o(i.bsp_board_led_idx_to_pin) refers to boards.o(.constdata) for m_board_led_list
    boards.o(i.bsp_board_led_invert) refers to boards.o(.constdata) for m_board_led_list
    boards.o(i.bsp_board_led_off) refers to boards.o(i.nrf_gpio_pin_write) for nrf_gpio_pin_write
    boards.o(i.bsp_board_led_off) refers to boards.o(.constdata) for m_board_led_list
    boards.o(i.bsp_board_led_on) refers to boards.o(i.nrf_gpio_pin_write) for nrf_gpio_pin_write
    boards.o(i.bsp_board_led_on) refers to boards.o(.constdata) for m_board_led_list
    boards.o(i.bsp_board_led_state_get) refers to boards.o(.constdata) for m_board_led_list
    boards.o(i.bsp_board_leds_init) refers to boards.o(i.nrf_gpio_cfg) for nrf_gpio_cfg
    boards.o(i.bsp_board_leds_init) refers to boards.o(i.bsp_board_leds_off) for bsp_board_leds_off
    boards.o(i.bsp_board_leds_init) refers to boards.o(.constdata) for m_board_led_list
    boards.o(i.bsp_board_leds_off) refers to boards.o(i.bsp_board_led_off) for bsp_board_led_off
    boards.o(i.bsp_board_leds_on) refers to boards.o(i.bsp_board_led_on) for bsp_board_led_on
    boards.o(i.bsp_board_pin_to_button_idx) refers to boards.o(.constdata) for m_board_btn_list
    boards.o(i.bsp_board_pin_to_led_idx) refers to boards.o(.constdata) for m_board_led_list
    bsp.o(i.alert_timer_handler) refers to boards.o(i.bsp_board_led_invert) for bsp_board_led_invert
    bsp.o(i.bsp_button_event_handler) refers to boards.o(i.bsp_board_pin_to_button_idx) for bsp_board_pin_to_button_idx
    bsp.o(i.bsp_button_event_handler) refers to app_timer2.o(i.app_timer_start) for app_timer_start
    bsp.o(i.bsp_button_event_handler) refers to app_timer2.o(i.app_timer_stop) for app_timer_stop
    bsp.o(i.bsp_button_event_handler) refers to bsp.o(.bss) for m_events_list
    bsp.o(i.bsp_button_event_handler) refers to bsp.o(.data) for current_long_push_pin_no
    bsp.o(i.bsp_button_event_handler) refers to bsp.o(.constdata) for m_bsp_button_tmr
[...]
    user_keymsgprocess.o(i.KEYMSG_MsgProcess) refers to user_keymsgprocess.o(i.KEYMSG_ThrowMsg) for KEYMSG_ThrowMsg
    user_keymsgprocess.o(i.KEYMSG_MsgProcess) refers to user_keymsgprocess.o(.bss) for keyMsgCB
    user_keymsgprocess.o(i.KEYMSG_MsgProcess) refers to user_keymsgprocess.o(.constdata) for keyHoldThreshHold
    user_keymsgprocess.o(i.KEYMSG_Process) refers to user_keymsgprocess.o(i.KEYMSG_ScanProcess) for KEYMSG_ScanProcess
    user_keymsgprocess.o(i.KEYMSG_Process) refers to user_keymsgprocess.o(i.KEYMSG_MsgProcess) for KEYMSG_MsgProcess
    user_keymsgprocess.o(i.KEYMSG_Process) refers to user_keymsgprocess.o(i.KEYMSG_ServiceProcess) for KEYMSG_ServiceProcess
    user_keymsgprocess.o(i.KEYMSG_RegisterKeyScanCallback) refers to user_keymsgprocess.o(.bss) for keyMsgCB
    user_keymsgprocess.o(i.KEYMSG_RegisterMsgService) refers to user_keymsgprocess.o(.bss) for keyMsgCB
    user_keymsgprocess.o(i.KEYMSG_ScanProcess) refers to user_keymsgprocess.o(.bss) for keyMsgCB
    user_keymsgprocess.o(i.KEYMSG_ServiceProcess) refers to user_keymsgprocess.o(.bss) for keyMsgCB
    user_keymsgprocess.o(i.KEYMSG_SetGlobalMaskRequest) refers to user_keymsgprocess.o(.bss) for keyMsgCB
    user_keymsgprocess.o(i.KEYMSG_SetMaskRequest) refers to user_keymsgprocess.o(.bss) for keyMsgCB
    user_keymsgprocess.o(i.KEYMSG_StopAllService) refers to user_keymsgprocess.o(i.KEYMSG_ServiceDoNothing) for KEYMSG_ServiceDoNothing
    user_keymsgprocess.o(i.KEYMSG_StopAllService) refers to user_keymsgprocess.o(.bss) for keyMsgCB
    user_keymsgprocess.o(i.KEYMSG_StopService) refers to user_keymsgprocess.o(i.KEYMSG_ServiceDoNothing) for KEYMSG_ServiceDoNothing
    user_keymsgprocess.o(i.KEYMSG_StopService) refers to user_keymsgprocess.o(.bss) for keyMsgCB
    user_keymsgprocess.o(i.KEYMSG_ThrowMsg) refers to nrf_log_frontend.o(i.nrf_log_frontend_std_2) for nrf_log_frontend_std_2
    user_keymsgprocess.o(i.KEYMSG_ThrowMsg) refers to nrf_log_frontend.o(log_const_data) for m_nrf_log_app_logs_data_const
    user_keymsgprocess.o(i.KEYMSG_ThrowMsg) refers to user_keymsgprocess.o(.bss) for keyMsgCB
    user_led.o(i.LED_RED_TRIG) refers to user_led.o(i.nrf_gpio_pin_set) for nrf_gpio_pin_set
    user_led.o(i.LED_RED_TRIG) refers to user_timer.o(i.TIMER_AddTask) for TIMER_AddTask
    user_led.o(i.LED_RED_TRIG) refers to user_timer.o(i.TIMER_KillTask) for TIMER_KillTask
    user_led.o(i.LED_RED_TRIG) refers to user_led.o(i.nrf_gpio_pin_clear) for nrf_gpio_pin_clear
    user_led.o(i.LED_RED_TRIG) refers to user_led.o(.data) for action_status
    user_led.o(i.LED_RED_TRIG) refers to user_led.o(.bss) for action
    user_led.o(i.LED_SetMode) refers to user_led.o(i.nrf_gpio_pin_clear) for nrf_gpio_pin_clear
    user_led.o(i.LED_SetMode) refers to user_timer.o(i.TIMER_AddTask) for TIMER_AddTask
    user_led.o(i.LED_SetMode) refers to user_led.o(.data) for action_sum
    user_led.o(i.LED_SetMode) refers to user_led.o(.bss) for action
    user_led.o(i.LED_SetMode) refers to user_led.o(i.LED_RED_TRIG) for LED_RED_TRIG
    user_led.o(i.LED_SetMode) refers to user_led.o(i.LED_YG_TRIG) for LED_YG_TRIG
    user_led.o(i.LED_YG_TRIG) refers to user_led.o(i.nrf_gpio_pin_set) for nrf_gpio_pin_set
    user_led.o(i.LED_YG_TRIG) refers to user_timer.o(i.TIMER_AddTask) for TIMER_AddTask
    user_led.o(i.LED_YG_TRIG) refers to user_timer.o(i.TIMER_KillTask) for TIMER_KillTask
    user_led.o(i.LED_YG_TRIG) refers to user_led.o(i.nrf_gpio_pin_clear) for nrf_gpio_pin_clear
    user_led.o(i.LED_YG_TRIG) refers to user_led.o(.data) for action_status
    user_led.o(i.LED_YG_TRIG) refers to user_led.o(.bss) for action
    user_led.o(i.Led_Init) refers to user_led.o(i.nrf_gpio_cfg_output) for nrf_gpio_cfg_output
    user_led.o(i.Led_Init) refers to user_led.o(i.nrf_gpio_pin_set) for nrf_gpio_pin_set
    user_led.o(i.Led_Uninit) refers to user_timer.o(i.TIMER_KillTask) for TIMER_KillTask
    user_led.o(i.Led_Uninit) refers to user_led.o(i.nrf_gpio_pin_set) for nrf_gpio_pin_set
    user_led.o(i.Led_Uninit) refers to user_led.o(.bss) for action
    user_led.o(i.Led_Uninit) refers to user_led.o(.data) for action_status
    user_nvm.o(i.User_NVM_Init) refers to app_error.o(i.app_error_handler_bare) for app_error_handler_bare
    user_nvm.o(i.User_NVM_Init) refers to user_nvm.o(i.wait_for_fds_ready) for wait_for_fds_ready
    user_nvm.o(i.User_NVM_Init) refers to user_nvm.o(i.fds_evt_handler) for fds_evt_handler
    user_nvm.o(i.User_NVM_Init) refers to user_nvm.o(.data) for my_fds_info
    user_nvm.o(i.User_NVM_Init) refers to user_nvm.o(.constdata) for m_version_record
    user_nvm.o(i.fds_evt_handler) refers to user_nvm.o(.data) for my_fds_info
    user_nvm.o(i.read_NVM_record) refers to app_error.o(i.app_error_handler_bare) for app_error_handler_bare
    user_nvm.o(i.read_NVM_record) refers to memcpya.o(.text) for __aeabi_memcpy
    user_nvm.o(i.read_NVM_record) refers to nrf_log_frontend.o(i.nrf_log_frontend_std_2) for nrf_log_frontend_std_2
    user_nvm.o(i.read_NVM_record) refers to nrf_log_frontend.o(i.nrf_log_frontend_std_0) for nrf_log_frontend_std_0
    user_nvm.o(i.read_NVM_record) refers to user_nvm.o(.bss) for temp_desp
    user_nvm.o(i.read_NVM_record) refers to nrf_log_frontend.o(log_const_data) for m_nrf_log_app_logs_data_const
    user_nvm.o(i.updata_NVM_Record) refers to memseta.o(.text) for __aeabi_memclr4
    user_nvm.o(i.updata_NVM_Record) refers to memcpya.o(.text) for __aeabi_memcpy
    user_nvm.o(i.updata_NVM_Record) refers to app_error.o(i.app_error_handler_bare) for app_error_handler_bare
    user_nvm.o(i.updata_NVM_Record) refers to user_nvm.o(i.wait_for_fds_ready) for wait_for_fds_ready
    user_nvm.o(i.updata_NVM_Record) refers to user_nvm.o(.data) for my_fds_info
    user_nvm.o(i.updata_NVM_Record) refers to user_nvm.o(.bss) for NVM_DATA
    user_nvm.o(i.updata_NVM_Record) refers to user_nvm.o(.constdata) for m_version_record
    user_nvm.o(i.wait_for_fds_ready) refers to user_nvm.o(.data) for my_fds_info
    user_nvm.o(.constdata) refers to user_nvm.o(.bss) for NVM_DATA
    user_state.o(i.KEY_ADD_Handler) refers to user_adc.o(i.Get_Bat_Status) for Get_Bat_Status
    user_state.o(i.KEY_ADD_Handler) refers to user_state.o(i.CheckSum) for CheckSum
    user_state.o(i.KEY_ADD_Handler) refers to user_ble.o(i.Ble_Send_Data) for Ble_Send_Data
    user_state.o(i.KEY_ADD_Handler) refers to user_adc.o(.data) for VOL
    user_state.o(i.KEY_ADD_Handler) refers to user_ble.o(.data) for m_conn_handle
    user_state.o(i.KEY_DEC_Handler) refers to user_adc.o(i.Get_Bat_Status) for Get_Bat_Status
    user_state.o(i.KEY_DEC_Handler) refers to user_state.o(i.CheckSum) for CheckSum
    user_state.o(i.KEY_DEC_Handler) refers to user_ble.o(i.Ble_Send_Data) for Ble_Send_Data
    user_state.o(i.KEY_DEC_Handler) refers to user_adc.o(.data) for VOL
    user_state.o(i.KEY_DEC_Handler) refers to user_ble.o(.data) for m_conn_handle
    user_state.o(i.KEY_M_Handler) refers to user_adc.o(i.Get_Bat_Status) for Get_Bat_Status
    user_state.o(i.KEY_M_Handler) refers to user_state.o(i.CheckSum) for CheckSum
    user_state.o(i.KEY_M_Handler) refers to nrf_log_frontend.o(i.nrf_log_frontend_std_2) for nrf_log_frontend_std_2
    user_state.o(i.KEY_M_Handler) refers to user_ble.o(i.Ble_Send_Data) for Ble_Send_Data
    user_state.o(i.KEY_M_Handler) refers to user_adc.o(.data) for VOL
    user_state.o(i.KEY_M_Handler) refers to nrf_log_frontend.o(log_const_data) for m_nrf_log_app_logs_data_const
    user_state.o(i.KEY_M_Handler) refers to user_ble.o(.data) for m_conn_handle
    user_state.o(i.KEY_UP_Handler) refers to user_led.o(i.LED_SetMode) for LED_SetMode
    user_state.o(i.STATE_EnterState) refers to user_led.o(i.Led_Uninit) for Led_Uninit
    user_state.o(i.STATE_EnterState) refers to user_timer.o(i.TIMER_AddTask) for TIMER_AddTask
    user_state.o(i.STATE_EnterState) refers to user_keymsgprocess.o(i.KEYMSG_StopAllService) for KEYMSG_StopAllService
    user_state.o(i.STATE_EnterState) refers to user_keymsgprocess.o(i.KEYMSG_RegisterMsgService) for KEYMSG_RegisterMsgService
    user_state.o(i.STATE_EnterState) refers to user_ble.o(i.advertising_start_setName) for advertising_start_setName
    user_state.o(i.STATE_EnterState) refers to user_ble.o(i.user_advertising_start) for user_advertising_start
    user_state.o(i.STATE_EnterState) refers to user_led.o(i.LED_SetMode) for LED_SetMode
    user_state.o(i.STATE_EnterState) refers to user_timer.o(i.TIMER_KillTask) for TIMER_KillTask
    user_state.o(i.STATE_EnterState) refers to user_state.o(i.nrf_gpio_pin_set) for nrf_gpio_pin_set
    user_state.o(i.STATE_EnterState) refers to user_button.o(i.KEY_GPIO_Init) for KEY_GPIO_Init
    user_state.o(i.STATE_EnterState) refers to user_state.o(.data) for stateCB
    user_state.o(i.STATE_EnterState) refers to user_state.o(i.KEY_UP_Handler) for KEY_UP_Handler
    user_state.o(i.STATE_EnterState) refers to user_state.o(i.TimeOut_10S) for TimeOut_10S
    user_state.o(i.STATE_EnterState) refers to user_state.o(i.KEY_M_Handler) for KEY_M_Handler
    user_state.o(i.STATE_EnterState) refers to user_state.o(i.KEY_DEC_Handler) for KEY_DEC_Handler
    user_state.o(i.STATE_EnterState) refers to user_state.o(i.KEY_ADD_Handler) for KEY_ADD_Handler
    user_state.o(i.STATE_Init) refers to user_state.o(i.STATE_EnterState) for STATE_EnterState
    user_state.o(i.STATE_Init) refers to user_state.o(.data) for stateCB
    user_state.o(i.STATE_Process) refers to user_state.o(.data) for stateCB
    user_state.o(i.TimeOut_10S) refers to user_ble.o(.data) for m_conn_handle
    user_timer.o(i.TIMER_AddTask) refers to user_timer.o(.bss) for timerCB
    user_timer.o(i.TIMER_AddToQueue) refers to user_timer.o(.bss) for timerCB
    user_timer.o(i.TIMER_CALLBACK_OnTimer) refers to user_timer.o(i.TIMER_AddToQueue) for TIMER_AddToQueue
    user_timer.o(i.TIMER_CALLBACK_OnTimer) refers to user_timer.o(.bss) for timerCB
    user_timer.o(i.TIMER_ChangeTime) refers to user_timer.o(.bss) for timerCB
    user_timer.o(i.TIMER_Init) refers to user_timer.o(i.Time_PHY_Init) for Time_PHY_Init
    user_timer.o(i.TIMER_Init) refers to user_timer.o(i.TIMER_StartTimerx) for TIMER_StartTimerx
    user_timer.o(i.TIMER_Init) refers to user_timer.o(.bss) for timerCB
    user_timer.o(i.TIMER_Init) refers to user_timer.o(i.TIMER_DoNothing) for TIMER_DoNothing
    user_timer.o(i.TIMER_KillAllTimer) refers to user_timer.o(.bss) for timerCB
    user_timer.o(i.TIMER_KillAllTimer) refers to user_timer.o(i.TIMER_DoNothing) for TIMER_DoNothing
    user_timer.o(i.TIMER_KillTask) refers to user_timer.o(.bss) for timerCB
    user_timer.o(i.TIMER_KillTask) refers to user_timer.o(i.TIMER_DoNothing) for TIMER_DoNothing
    user_timer.o(i.TIMER_Pause) refers to user_timer.o(.bss) for timerCB
    user_timer.o(i.TIMER_ResetTimer) refers to user_timer.o(.bss) for timerCB
    user_timer.o(i.TIMER_Resume) refers to user_timer.o(.bss) for timerCB
    user_timer.o(i.TIMER_StartTimerx) refers to app_timer2.o(i.app_timer_start) for app_timer_start
    user_timer.o(i.TIMER_StartTimerx) refers to app_error.o(i.app_error_handler_bare) for app_error_handler_bare
    user_timer.o(i.TIMER_StartTimerx) refers to user_timer.o(.constdata) for m_user_timer_id
    user_timer.o(i.TIMER_StopTimerx) refers to app_timer2.o(i.app_timer_stop) for app_timer_stop
    user_timer.o(i.TIMER_StopTimerx) refers to app_error.o(i.app_error_handler_bare) for app_error_handler_bare
    user_timer.o(i.TIMER_StopTimerx) refers to user_timer.o(.constdata) for m_user_timer_id
    user_timer.o(i.TIMER_TaskQueueProcess) refers to user_timer.o(.bss) for timerCB
    user_timer.o(i.Time_PHY_Init) refers to app_timer2.o(i.app_timer_create) for app_timer_create
    user_timer.o(i.Time_PHY_Init) refers to app_error.o(i.app_error_handler_bare) for app_error_handler_bare
    user_timer.o(i.Time_PHY_Init) refers to user_timer.o(i.TIMER_CALLBACK_OnTimer) for TIMER_CALLBACK_OnTimer
    user_timer.o(i.Time_PHY_Init) refers to user_timer.o(.constdata) for m_user_timer_id
    user_timer.o(.constdata) refers to user_timer.o(.bss) for m_user_timer_id_data
    arm_startup_nrf52.o(RESET) refers to arm_startup_nrf52.o(STACK) for __initial_sp
    arm_startup_nrf52.o(RESET) refers to arm_startup_nrf52.o(.text) for Reset_Handler
    arm_startup_nrf52.o(RESET) refers to nrfx_clock.o(i.POWER_CLOCK_IRQHandler) for POWER_CLOCK_IRQHandler
    arm_startup_nrf52.o(RESET) refers to nrfx_prs.o(i.UARTE0_UART0_IRQHandler) for UARTE0_UART0_IRQHandler
    arm_startup_nrf52.o(RESET) refers to nrfx_gpiote.o(i.GPIOTE_IRQHandler) for GPIOTE_IRQHandler
    arm_startup_nrf52.o(RESET) refers to drv_rtc.o(i.RTC1_IRQHandler) for RTC1_IRQHandler
    arm_startup_nrf52.o(RESET) refers to nrf_sdh.o(i.SWI2_EGU2_IRQHandler) for SWI2_EGU2_IRQHandler
    arm_startup_nrf52.o(.text) refers to system_nrf52.o(i.SystemInit) for SystemInit
    arm_startup_nrf52.o(.text) refers to entry.o(.ARM.Collect$$$$00000000) for __main
    system_nrf52.o(i.SystemCoreClockUpdate) refers to system_nrf52.o(.data) for SystemCoreClock
    system_nrf52.o(i.SystemInit) refers to system_nrf52.o(i.nrf52_errata_12) for nrf52_errata_12
    system_nrf52.o(i.SystemInit) refers to system_nrf52.o(i.nrf52_errata_16) for nrf52_errata_16
    system_nrf52.o(i.SystemInit) refers to system_nrf52.o(i.nrf52_errata_31) for nrf52_errata_31
    system_nrf52.o(i.SystemInit) refers to system_nrf52.o(i.nrf52_errata_32) for nrf52_errata_32
    system_nrf52.o(i.SystemInit) refers to system_nrf52.o(i.nrf52_errata_36) for nrf52_errata_36
    system_nrf52.o(i.SystemInit) refers to system_nrf52.o(i.nrf52_errata_37) for nrf52_errata_37
    system_nrf52.o(i.SystemInit) refers to system_nrf52.o(i.nrf52_errata_57) for nrf52_errata_57
    system_nrf52.o(i.SystemInit) refers to system_nrf52.o(i.nrf52_errata_66) for nrf52_errata_66
    system_nrf52.o(i.SystemInit) refers to system_nrf52.o(i.nrf52_errata_108) for nrf52_errata_108
    system_nrf52.o(i.SystemInit) refers to system_nrf52.o(i.nrf52_errata_136) for nrf52_errata_136
    system_nrf52.o(i.SystemInit) refers to system_nrf52.o(i.nrf52_errata_182) for nrf52_errata_182
    system_nrf52.o(i.SystemInit) refers to system_nrf52.o(i.SystemCoreClockUpdate) for SystemCoreClockUpdate
    entry.o(.ARM.Collect$$$$00000000) refers (Special) to entry10a.o(.ARM.Collect$$$$0000000F) for __rt_final_cpp
    entry.o(.ARM.Collect$$$$00000000) refers (Special) to entry11a.o(.ARM.Collect$$$$00000011) for __rt_final_exit
    entry.o(.ARM.Collect$$$$00000000) refers (Special) to entry12b.o(.ARM.Collect$$$$0000000E) for __rt_lib_shutdown_fini
    entry.o(.ARM.Collect$$$$00000000) refers (Special) to entry7b.o(.ARM.Collect$$$$00000008) for _main_clock
    entry.o(.ARM.Collect$$$$00000000) refers (Special) to entry8b.o(.ARM.Collect$$$$0000000A) for _main_cpp_init
    entry.o(.ARM.Collect$$$$00000000) refers (Special) to entry9a.o(.ARM.Collect$$$$0000000B) for _main_init
    entry.o(.ARM.Collect$$$$00000000) refers (Special) to entry5.o(.ARM.Collect$$$$00000004) for _main_scatterload
    entry.o(.ARM.Collect$$$$00000000) refers (Special) to entry2.o(.ARM.Collect$$$$00000001) for _main_stk
    uldiv.o(.text) refers to llushr.o(.text) for __aeabi_llsr
    uldiv.o(.text) refers to llshl.o(.text) for __aeabi_llsl
    ctype_o.o(.text) refers to ctype_o.o(.constdata) for .constdata
    ctype_o.o(.constdata) refers to ctype_o.o(.constdata) for __ctype_table
    isalnum_o.o(.text) refers to ctype_o.o(.text) for __rt_ctype_table
    isalpha_o.o(.text) refers to ctype_o.o(.text) for __rt_ctype_table
    isblank_o.o(.text) refers to ctype_o.o(.constdata) for __ctype_table
    iscntrl_o.o(.text) refers to ctype_o.o(.text) for __rt_ctype_table
    isdigit_o.o(.text) refers to ctype_o.o(.text) for __rt_ctype_table
    isgraph_o.o(.text) refers to ctype_o.o(.text) for __rt_ctype_table
    islower_o.o(.text) refers to ctype_o.o(.text) for __rt_ctype_table
    isprint_o.o(.text) refers to ctype_o.o(.text) for __rt_ctype_table
    ispunct_o.o(.text) refers to ctype_o.o(.text) for __rt_ctype_table
    isspace_o.o(.text) refers to ctype_o.o(.text) for __rt_ctype_table
    isupper_o.o(.text) refers to ctype_o.o(.text) for __rt_ctype_table
    isxdigit_o.o(.text) refers to ctype_o.o(.text) for __rt_ctype_table
    printfb.o(i.__0fprintf$bare) refers to printfb.o(i._printf_core) for _printf_core
    printfb.o(i.__0fprintf$bare) refers to retarget.o(i.fputc) for fputc
    printfb.o(i.__0printf$bare) refers to printfb.o(i._printf_core) for _printf_core
    printfb.o(i.__0printf$bare) refers to retarget.o(i.fputc) for fputc
    printfb.o(i.__0printf$bare) refers to retarget.o(.data) for __stdout
    printfb.o(i.__0snprintf$bare) refers to printfb.o(i._printf_core) for _printf_core
    printfb.o(i.__0snprintf$bare) refers to printfb.o(i._snputc) for _snputc
    printfb.o(i.__0sprintf$bare) refers to printfb.o(i._printf_core) for _printf_core
    printfb.o(i.__0sprintf$bare) refers to printfb.o(i._sputc) for _sputc
    printfb.o(i.__0vfprintf$bare) refers to printfb.o(i._printf_core) for _printf_core
    printfb.o(i.__0vfprintf$bare) refers to retarget.o(i.fputc) for fputc
    printfb.o(i.__0vprintf$bare) refers to printfb.o(i._printf_core) for _printf_core
    printfb.o(i.__0vprintf$bare) refers to retarget.o(i.fputc) for fputc
    printfb.o(i.__0vprintf$bare) refers to retarget.o(.data) for __stdout
    printfb.o(i.__0vsnprintf$bare) refers to printfb.o(i._printf_core) for _printf_core
    printfb.o(i.__0vsnprintf$bare) refers to printfb.o(i._snputc) for _snputc
    printfb.o(i.__0vsprintf$bare) refers to printfb.o(i._printf_core) for _printf_core
    printfb.o(i.__0vsprintf$bare) refers to printfb.o(i._sputc) for _sputc
    printf0.o(i.__0fprintf$0) refers to printf0.o(i._printf_core) for _printf_core
    printf0.o(i.__0fprintf$0) refers to retarget.o(i.fputc) for fputc
    printf0.o(i.__0printf$0) refers to printf0.o(i._printf_core) for _printf_core
    printf0.o(i.__0printf$0) refers to retarget.o(i.fputc) for fputc
    printf0.o(i.__0printf$0) refers to retarget.o(.data) for __stdout
    printf0.o(i.__0snprintf$0) refers to printf0.o(i._printf_core) for _printf_core
    printf0.o(i.__0snprintf$0) refers to printf0.o(i._snputc) for _snputc
    printf0.o(i.__0sprintf$0) refers to printf0.o(i._printf_core) for _printf_core
    printf0.o(i.__0sprintf$0) refers to printf0.o(i._sputc) for _sputc
    printf0.o(i.__0vfprintf$0) refers to printf0.o(i._printf_core) for _printf_core
    printf0.o(i.__0vfprintf$0) refers to retarget.o(i.fputc) for fputc
    printf0.o(i.__0vprintf$0) refers to printf0.o(i._printf_core) for _printf_core
    printf0.o(i.__0vprintf$0) refers to retarget.o(i.fputc) for fputc
    printf0.o(i.__0vprintf$0) refers to retarget.o(.data) for __stdout
    printf0.o(i.__0vsnprintf$0) refers to printf0.o(i._printf_core) for _printf_core
    printf0.o(i.__0vsnprintf$0) refers to printf0.o(i._snputc) for _snputc
    printf0.o(i.__0vsprintf$0) refers to printf0.o(i._printf_core) for _printf_core
    printf0.o(i.__0vsprintf$0) refers to printf0.o(i._sputc) for _sputc
    printf1.o(i.__0fprintf$1) refers to printf1.o(i._printf_core) for _printf_core
    printf1.o(i.__0fprintf$1) refers to retarget.o(i.fputc) for fputc
    printf1.o(i.__0printf$1) refers to printf1.o(i._printf_core) for _printf_core
    printf1.o(i.__0printf$1) refers to retarget.o(i.fputc) for fputc
    printf1.o(i.__0printf$1) refers to retarget.o(.data) for __stdout
    printf1.o(i.__0snprintf$1) refers to printf1.o(i._printf_core) for _printf_core
    printf1.o(i.__0snprintf$1) refers to printf1.o(i._snputc) for _snputc
    printf1.o(i.__0sprintf$1) refers to printf1.o(i._printf_core) for _printf_core
    printf1.o(i.__0sprintf$1) refers to printf1.o(i._sputc) for _sputc
    printf1.o(i.__0vfprintf$1) refers to printf1.o(i._printf_core) for _printf_core
    printf1.o(i.__0vfprintf$1) refers to retarget.o(i.fputc) for fputc
    printf1.o(i.__0vprintf$1) refers to printf1.o(i._printf_core) for _printf_core
    printf1.o(i.__0vprintf$1) refers to retarget.o(i.fputc) for fputc
    printf1.o(i.__0vprintf$1) refers to retarget.o(.data) for __stdout
    printf1.o(i.__0vsnprintf$1) refers to printf1.o(i._printf_core) for _printf_core
    printf1.o(i.__0vsnprintf$1) refers to printf1.o(i._snputc) for _snputc
    printf1.o(i.__0vsprintf$1) refers to printf1.o(i._printf_core) for _printf_core
    printf1.o(i.__0vsprintf$1) refers to printf1.o(i._sputc) for _sputc
    printf1.o(i._printf_core) refers to uidiv.o(.text) for __aeabi_uidivmod
    printf2.o(i.__0fprintf$2) refers to printf2.o(i._printf_core) for _printf_core
    printf2.o(i.__0fprintf$2) refers to retarget.o(i.fputc) for fputc
    printf2.o(i.__0printf$2) refers to printf2.o(i._printf_core) for _printf_core
    printf2.o(i.__0printf$2) refers to retarget.o(i.fputc) for fputc
    printf2.o(i.__0printf$2) refers to retarget.o(.data) for __stdout
    printf2.o(i.__0snprintf$2) refers to printf2.o(i._printf_core) for _printf_core
    printf2.o(i.__0snprintf$2) refers to printf2.o(i._snputc) for _snputc
    printf2.o(i.__0sprintf$2) refers to printf2.o(i._printf_core) for _printf_core
    printf2.o(i.__0sprintf$2) refers to printf2.o(i._sputc) for _sputc
    printf2.o(i.__0vfprintf$2) refers to printf2.o(i._printf_core) for _printf_core
    printf2.o(i.__0vfprintf$2) refers to retarget.o(i.fputc) for fputc
    printf2.o(i.__0vprintf$2) refers to printf2.o(i._printf_core) for _printf_core
    printf2.o(i.__0vprintf$2) refers to retarget.o(i.fputc) for fputc
    printf2.o(i.__0vprintf$2) refers to retarget.o(.data) for __stdout
    printf2.o(i.__0vsnprintf$2) refers to printf2.o(i._printf_core) for _printf_core
    printf2.o(i.__0vsnprintf$2) refers to printf2.o(i._snputc) for _snputc
    printf2.o(i.__0vsprintf$2) refers to printf2.o(i._printf_core) for _printf_core
    printf2.o(i.__0vsprintf$2) refers to printf2.o(i._sputc) for _sputc
    printf3.o(i.__0fprintf$3) refers to printf3.o(i._printf_core) for _printf_core
    printf3.o(i.__0fprintf$3) refers to retarget.o(i.fputc) for fputc
    printf3.o(i.__0printf$3) refers to printf3.o(i._printf_core) for _printf_core
    printf3.o(i.__0printf$3) refers to retarget.o(i.fputc) for fputc
    printf3.o(i.__0printf$3) refers to retarget.o(.data) for __stdout
    printf3.o(i.__0snprintf$3) refers to printf3.o(i._printf_core) for _printf_core
    printf3.o(i.__0snprintf$3) refers to printf3.o(i._snputc) for _snputc
    printf3.o(i.__0sprintf$3) refers to printf3.o(i._printf_core) for _printf_core
    printf3.o(i.__0sprintf$3) refers to printf3.o(i._sputc) for _sputc
    printf3.o(i.__0vfprintf$3) refers to printf3.o(i._printf_core) for _printf_core
    printf3.o(i.__0vfprintf$3) refers to retarget.o(i.fputc) for fputc
    printf3.o(i.__0vprintf$3) refers to printf3.o(i._printf_core) for _printf_core
    printf3.o(i.__0vprintf$3) refers to retarget.o(i.fputc) for fputc
    printf3.o(i.__0vprintf$3) refers to retarget.o(.data) for __stdout
    printf3.o(i.__0vsnprintf$3) refers to printf3.o(i._printf_core) for _printf_core
    printf3.o(i.__0vsnprintf$3) refers to printf3.o(i._snputc) for _snputc
    printf3.o(i.__0vsprintf$3) refers to printf3.o(i._printf_core) for _printf_core
    printf3.o(i.__0vsprintf$3) refers to printf3.o(i._sputc) for _sputc
    printf3.o(i._printf_core) refers to uidiv.o(.text) for __aeabi_uidivmod
    printf4.o(i.__0fprintf$4) refers to printf4.o(i._printf_core) for _printf_core
    printf4.o(i.__0fprintf$4) refers to retarget.o(i.fputc) for fputc
    printf4.o(i.__0printf$4) refers to printf4.o(i._printf_core) for _printf_core
    printf4.o(i.__0printf$4) refers to retarget.o(i.fputc) for fputc
    printf4.o(i.__0printf$4) refers to retarget.o(.data) for __stdout
    printf4.o(i.__0snprintf$4) refers to printf4.o(i._printf_core) for _printf_core
    printf4.o(i.__0snprintf$4) refers to printf4.o(i._snputc) for _snputc
    printf4.o(i.__0sprintf$4) refers to printf4.o(i._printf_core) for _printf_core
    printf4.o(i.__0sprintf$4) refers to printf4.o(i._sputc) for _sputc
    printf4.o(i.__0vfprintf$4) refers to printf4.o(i._printf_core) for _printf_core
    printf4.o(i.__0vfprintf$4) refers to retarget.o(i.fputc) for fputc
    printf4.o(i.__0vprintf$4) refers to printf4.o(i._printf_core) for _printf_core
    printf4.o(i.__0vprintf$4) refers to retarget.o(i.fputc) for fputc
    printf4.o(i.__0vprintf$4) refers to retarget.o(.data) for __stdout
    printf4.o(i.__0vsnprintf$4) refers to printf4.o(i._printf_core) for _printf_core
    printf4.o(i.__0vsnprintf$4) refers to printf4.o(i._snputc) for _snputc
    printf4.o(i.__0vsprintf$4) refers to printf4.o(i._printf_core) for _printf_core
    printf4.o(i.__0vsprintf$4) refers to printf4.o(i._sputc) for _sputc
    printf4.o(i._printf_core) refers to uldiv.o(.text) for __aeabi_uldivmod
    printf5.o(i.__0fprintf$5) refers to printf5.o(i._printf_core) for _printf_core
    printf5.o(i.__0fprintf$5) refers to retarget.o(i.fputc) for fputc
    printf5.o(i.__0printf$5) refers to printf5.o(i._printf_core) for _printf_core
    printf5.o(i.__0printf$5) refers to retarget.o(i.fputc) for fputc
    printf5.o(i.__0printf$5) refers to retarget.o(.data) for __stdout
    printf5.o(i.__0snprintf$5) refers to printf5.o(i._printf_core) for _printf_core
    printf5.o(i.__0snprintf$5) refers to printf5.o(i._snputc) for _snputc
    printf5.o(i.__0sprintf$5) refers to printf5.o(i._printf_core) for _printf_core
    printf5.o(i.__0sprintf$5) refers to printf5.o(i._sputc) for _sputc
    printf5.o(i.__0vfprintf$5) refers to printf5.o(i._printf_core) for _printf_core
    printf5.o(i.__0vfprintf$5) refers to retarget.o(i.fputc) for fputc
    printf5.o(i.__0vprintf$5) refers to printf5.o(i._printf_core) for _printf_core
    printf5.o(i.__0vprintf$5) refers to retarget.o(i.fputc) for fputc
    printf5.o(i.__0vprintf$5) refers to retarget.o(.data) for __stdout
    printf5.o(i.__0vsnprintf$5) refers to printf5.o(i._printf_core) for _printf_core
    printf5.o(i.__0vsnprintf$5) refers to printf5.o(i._snputc) for _snputc
    printf5.o(i.__0vsprintf$5) refers to printf5.o(i._printf_core) for _printf_core
    printf5.o(i.__0vsprintf$5) refers to printf5.o(i._sputc) for _sputc
    printf5.o(i._printf_core) refers to uldiv.o(.text) for __aeabi_uldivmod
    printf6.o(i.__0fprintf$6) refers to printf6.o(i._printf_core) for _printf_core
    printf6.o(i.__0fprintf$6) refers to retarget.o(i.fputc) for fputc
    printf6.o(i.__0printf$6) refers to printf6.o(i._printf_core) for _printf_core
    printf6.o(i.__0printf$6) refers to retarget.o(i.fputc) for fputc
    printf6.o(i.__0printf$6) refers to retarget.o(.data) for __stdout
    printf6.o(i.__0snprintf$6) refers to printf6.o(i._printf_core) for _printf_core
    printf6.o(i.__0snprintf$6) refers to printf6.o(i._snputc) for _snputc
    printf6.o(i.__0sprintf$6) refers to printf6.o(i._printf_core) for _printf_core
    printf6.o(i.__0sprintf$6) refers to printf6.o(i._sputc) for _sputc
    printf6.o(i.__0vfprintf$6) refers to printf6.o(i._printf_core) for _printf_core
    printf6.o(i.__0vfprintf$6) refers to retarget.o(i.fputc) for fputc
    printf6.o(i.__0vprintf$6) refers to printf6.o(i._printf_core) for _printf_core
    printf6.o(i.__0vprintf$6) refers to retarget.o(i.fputc) for fputc
    printf6.o(i.__0vprintf$6) refers to retarget.o(.data) for __stdout
    printf6.o(i.__0vsnprintf$6) refers to printf6.o(i._printf_core) for _printf_core
    printf6.o(i.__0vsnprintf$6) refers to printf6.o(i._snputc) for _snputc
    printf6.o(i.__0vsprintf$6) refers to printf6.o(i._printf_core) for _printf_core
    printf6.o(i.__0vsprintf$6) refers to printf6.o(i._sputc) for _sputc
    printf6.o(i._printf_core) refers to printf6.o(i._printf_pre_padding) for _printf_pre_padding
    printf6.o(i._printf_core) refers to uidiv.o(.text) for __aeabi_uidivmod
    printf6.o(i._printf_core) refers to printf6.o(i._printf_post_padding) for _printf_post_padding
    printf7.o(i.__0fprintf$7) refers to printf7.o(i._printf_core) for _printf_core
    printf7.o(i.__0fprintf$7) refers to retarget.o(i.fputc) for fputc
    printf7.o(i.__0printf$7) refers to printf7.o(i._printf_core) for _printf_core
    printf7.o(i.__0printf$7) refers to retarget.o(i.fputc) for fputc
    printf7.o(i.__0printf$7) refers to retarget.o(.data) for __stdout
    printf7.o(i.__0snprintf$7) refers to printf7.o(i._printf_core) for _printf_core
    printf7.o(i.__0snprintf$7) refers to printf7.o(i._snputc) for _snputc
    printf7.o(i.__0sprintf$7) refers to printf7.o(i._printf_core) for _printf_core
    printf7.o(i.__0sprintf$7) refers to printf7.o(i._sputc) for _sputc
    printf7.o(i.__0vfprintf$7) refers to printf7.o(i._printf_core) for _printf_core
    printf7.o(i.__0vfprintf$7) refers to retarget.o(i.fputc) for fputc
    printf7.o(i.__0vprintf$7) refers to printf7.o(i._printf_core) for _printf_core
    printf7.o(i.__0vprintf$7) refers to retarget.o(i.fputc) for fputc
    printf7.o(i.__0vprintf$7) refers to retarget.o(.data) for __stdout
    printf7.o(i.__0vsnprintf$7) refers to printf7.o(i._printf_core) for _printf_core
    printf7.o(i.__0vsnprintf$7) refers to printf7.o(i._snputc) for _snputc
    printf7.o(i.__0vsprintf$7) refers to printf7.o(i._printf_core) for _printf_core
    printf7.o(i.__0vsprintf$7) refers to printf7.o(i._sputc) for _sputc
    printf7.o(i._printf_core) refers to printf7.o(i._printf_pre_padding) for _printf_pre_padding
    printf7.o(i._printf_core) refers to uldiv.o(.text) for __aeabi_uldivmod
    printf7.o(i._printf_core) refers to printf7.o(i._printf_post_padding) for _printf_post_padding
    printf8.o(i.__0fprintf$8) refers to printf8.o(i._printf_core) for _printf_core
    printf8.o(i.__0fprintf$8) refers to retarget.o(i.fputc) for fputc
    printf8.o(i.__0printf$8) refers to printf8.o(i._printf_core) for _printf_core
    printf8.o(i.__0printf$8) refers to retarget.o(i.fputc) for fputc
    printf8.o(i.__0printf$8) refers to retarget.o(.data) for __stdout
    printf8.o(i.__0snprintf$8) refers to printf8.o(i._printf_core) for _printf_core
    printf8.o(i.__0snprintf$8) refers to printf8.o(i._snputc) for _snputc
    printf8.o(i.__0sprintf$8) refers to printf8.o(i._printf_core) for _printf_core
    printf8.o(i.__0sprintf$8) refers to printf8.o(i._sputc) for _sputc
    printf8.o(i.__0vfprintf$8) refers to printf8.o(i._printf_core) for _printf_core
    printf8.o(i.__0vfprintf$8) refers to retarget.o(i.fputc) for fputc
    printf8.o(i.__0vprintf$8) refers to printf8.o(i._printf_core) for _printf_core
    printf8.o(i.__0vprintf$8) refers to retarget.o(i.fputc) for fputc
    printf8.o(i.__0vprintf$8) refers to retarget.o(.data) for __stdout
    printf8.o(i.__0vsnprintf$8) refers to printf8.o(i._printf_core) for _printf_core
    printf8.o(i.__0vsnprintf$8) refers to printf8.o(i._snputc) for _snputc
    printf8.o(i.__0vsprintf$8) refers to printf8.o(i._printf_core) for _printf_core
    printf8.o(i.__0vsprintf$8) refers to printf8.o(i._sputc) for _sputc
    printf8.o(i._printf_core) refers to printf8.o(i._printf_pre_padding) for _printf_pre_padding
    printf8.o(i._printf_core) refers to uldiv.o(.text) for __aeabi_uldivmod
    printf8.o(i._printf_core) refers to printf8.o(i._printf_post_padding) for _printf_post_padding
    printfa.o(i.__0fprintf) refers (Special) to iusefp.o(.text) for __I$use$fp
    printfa.o(i.__0fprintf) refers to printfa.o(i._printf_core) for _printf_core
    printfa.o(i.__0fprintf) refers to retarget.o(i.fputc) for fputc
    printfa.o(i.__0printf) refers (Special) to iusefp.o(.text) for __I$use$fp
    printfa.o(i.__0printf) refers to printfa.o(i._printf_core) for _printf_core
    printfa.o(i.__0printf) refers to retarget.o(i.fputc) for fputc
    printfa.o(i.__0printf) refers to retarget.o(.data) for __stdout
    printfa.o(i.__0snprintf) refers (Special) to iusefp.o(.text) for __I$use$fp
    printfa.o(i.__0snprintf) refers to printfa.o(i._printf_core) for _printf_core
    printfa.o(i.__0snprintf) refers to printfa.o(i._snputc) for _snputc
    printfa.o(i.__0sprintf) refers (Special) to iusefp.o(.text) for __I$use$fp
    printfa.o(i.__0sprintf) refers to printfa.o(i._printf_core) for _printf_core
    printfa.o(i.__0sprintf) refers to printfa.o(i._sputc) for _sputc
    printfa.o(i.__0vfprintf) refers (Special) to iusefp.o(.text) for __I$use$fp
    printfa.o(i.__0vfprintf) refers to printfa.o(i._printf_core) for _printf_core
    printfa.o(i.__0vfprintf) refers to retarget.o(i.fputc) for fputc
    printfa.o(i.__0vprintf) refers (Special) to iusefp.o(.text) for __I$use$fp
    printfa.o(i.__0vprintf) refers to printfa.o(i._printf_core) for _printf_core
    printfa.o(i.__0vprintf) refers to retarget.o(i.fputc) for fputc
    printfa.o(i.__0vprintf) refers to retarget.o(.data) for __stdout
    printfa.o(i.__0vsnprintf) refers (Special) to iusefp.o(.text) for __I$use$fp
    printfa.o(i.__0vsnprintf) refers to printfa.o(i._printf_core) for _printf_core
    printfa.o(i.__0vsnprintf) refers to printfa.o(i._snputc) for _snputc
    printfa.o(i.__0vsprintf) refers (Special) to iusefp.o(.text) for __I$use$fp
    printfa.o(i.__0vsprintf) refers to printfa.o(i._printf_core) for _printf_core
    printfa.o(i.__0vsprintf) refers to printfa.o(i._sputc) for _sputc
    printfa.o(i._fp_digits) refers (Special) to iusefp.o(.text) for __I$use$fp
    printfa.o(i._fp_digits) refers to dmul.o(.text) for __aeabi_dmul
    printfa.o(i._fp_digits) refers to ddiv.o(.text) for __aeabi_ddiv
    printfa.o(i._fp_digits) refers to cdrcmple.o(.text) for __aeabi_cdrcmple
    printfa.o(i._fp_digits) refers to dadd.o(.text) for __aeabi_dadd
    printfa.o(i._fp_digits) refers to dfixul.o(.text) for __aeabi_d2ulz
    printfa.o(i._fp_digits) refers to uldiv.o(.text) for __aeabi_uldivmod
    printfa.o(i._printf_core) refers (Special) to iusefp.o(.text) for __I$use$fp
    printfa.o(i._printf_core) refers to printfa.o(i._printf_pre_padding) for _printf_pre_padding
    printfa.o(i._printf_core) refers to uldiv.o(.text) for __aeabi_uldivmod
    printfa.o(i._printf_core) refers to printfa.o(i._printf_post_padding) for _printf_post_padding
    printfa.o(i._printf_core) refers to printfa.o(i._fp_digits) for _fp_digits
    printfa.o(i._printf_core) refers to uidiv.o(.text) for __aeabi_uidivmod
    printfa.o(i._printf_post_padding) refers (Special) to iusefp.o(.text) for __I$use$fp
    printfa.o(i._printf_pre_padding) refers (Special) to iusefp.o(.text) for __I$use$fp
    printfa.o(i._snputc) refers (Special) to iusefp.o(.text) for __I$use$fp
    printfa.o(i._sputc) refers (Special) to iusefp.o(.text) for __I$use$fp
    entry2.o(.ARM.Collect$$$$00000001) refers to entry2.o(.ARM.Collect$$$$00002712) for __lit__00000000
    entry2.o(.ARM.Collect$$$$00002712) refers to arm_startup_nrf52.o(STACK) for __initial_sp
    entry2.o(__vectab_stack_and_reset_area) refers to arm_startup_nrf52.o(STACK) for __initial_sp
    entry2.o(__vectab_stack_and_reset_area) refers to entry.o(.ARM.Collect$$$$00000000) for __main
    entry5.o(.ARM.Collect$$$$00000004) refers to init.o(.text) for __scatterload
    entry9a.o(.ARM.Collect$$$$0000000B) refers to main.o(i.main) for main
    entry9b.o(.ARM.Collect$$$$0000000C) refers to main.o(i.main) for main
    dadd.o(.text) refers to llshl.o(.text) for __aeabi_llsl
    dadd.o(.text) refers to llsshr.o(.text) for __aeabi_lasr
    dadd.o(.text) refers to depilogue.o(.text) for _double_epilogue
    dmul.o(.text) refers to depilogue.o(.text) for _double_epilogue
    ddiv.o(.text) refers to depilogue.o(.text) for _double_round
    dfixul.o(.text) refers to llushr.o(.text) for __aeabi_llsr
    dfixul.o(.text) refers to llshl.o(.text) for __aeabi_llsl
    init.o(.text) refers to entry5.o(.ARM.Collect$$$$00000004) for __main_after_scatterload
    depilogue.o(.text) refers to llshl.o(.text) for __aeabi_llsl
    depilogue.o(.text) refers to llushr.o(.text) for __aeabi_llsr


==============================================================================

Removing Unused input sections from the image.

    Removing main.o(.rev16_text), (4 bytes).
    Removing main.o(.revsh_text), (4 bytes).
    Removing main.o(.rrx_text), (6 bytes).
    Removing boards.o(.rev16_text), (4 bytes).
    Removing boards.o(.revsh_text), (4 bytes).
    Removing boards.o(.rrx_text), (6 bytes).
    Removing boards.o(i.bsp_board_button_idx_to_pin), (12 bytes).
    Removing boards.o(i.bsp_board_button_state_get), (48 bytes).
    Removing boards.o(i.bsp_board_buttons_init), (44 bytes).
    Removing boards.o(i.bsp_board_init), (26 bytes).
    Removing boards.o(i.bsp_board_led_idx_to_pin), (12 bytes).
    Removing boards.o(i.bsp_board_led_invert), (48 bytes).
    Removing boards.o(i.bsp_board_led_off), (20 bytes).
    Removing boards.o(i.bsp_board_led_on), (20 bytes).
    Removing boards.o(i.bsp_board_led_state_get), (48 bytes).
    Removing boards.o(i.bsp_board_leds_init), (48 bytes).
    Removing boards.o(i.bsp_board_leds_off), (20 bytes).
    Removing boards.o(i.bsp_board_leds_on), (20 bytes).
    Removing boards.o(i.bsp_board_pin_to_button_idx), (36 bytes).
    Removing boards.o(i.bsp_board_pin_to_led_idx), (36 bytes).
    Removing boards.o(i.nrf_gpio_cfg), (40 bytes).
    Removing boards.o(i.nrf_gpio_pin_write), (58 bytes).
    Removing boards.o(.constdata), (8 bytes).
    Removing bsp.o(.rev16_text), (4 bytes).
    Removing bsp.o(.revsh_text), (4 bytes).
    Removing bsp.o(.rrx_text), (6 bytes).
    Removing bsp.o(i.alert_timer_handler), (12 bytes).
    Removing bsp.o(i.bsp_button_event_handler), (196 bytes).
    Removing bsp.o(i.bsp_button_is_pressed), (20 bytes).
    Removing bsp.o(i.bsp_buttons_disable), (8 bytes).
    Removing bsp.o(i.bsp_buttons_enable), (8 bytes).
    Removing bsp.o(i.bsp_indication_set), (32 bytes).
    Removing bsp.o(i.bsp_init), (172 bytes).
    Removing bsp.o(i.bsp_led_indication), (904 bytes).
    Removing bsp.o(i.bsp_wakeup_button_disable), (14 bytes).
    Removing bsp.o(i.bsp_wakeup_button_enable), (14 bytes).
    Removing bsp.o(i.button_timer_handler), (14 bytes).
    Removing bsp.o(i.leds_off), (40 bytes).
    Removing bsp.o(i.leds_timer_handler), (32 bytes).
    Removing bsp.o(i.wakeup_button_cfg), (86 bytes).
    Removing bsp.o(.constdata), (44 bytes).
    Removing bsp.o(.data), (21 bytes).
    Removing bsp_btn_ble.o(.rev16_text), (4 bytes).
    Removing bsp_btn_ble.o(.revsh_text), (4 bytes).
    Removing bsp_btn_ble.o(.rrx_text), (6 bytes).
    Removing bsp_btn_ble.o(i.bsp_btn_ble_init), (44 bytes).
    Removing bsp_btn_ble.o(i.bsp_btn_ble_sleep_mode_prepare), (50 bytes).
    Removing bsp_btn_ble.o(i.startup_event_extract), (38 bytes).
    Removing utf.o(i.utf16DecodeRune), (126 bytes).
    Removing utf.o(i.utf16EncodeRune), (72 bytes).
    Removing utf.o(i.utf16RuneCount), (78 bytes).
    Removing utf.o(i.utf16UTF8Count), (94 bytes).
    Removing utf.o(i.utf8DecodeRune), (264 bytes).
    Removing utf.o(i.utf8EncodeRune), (176 bytes).
    Removing utf.o(i.utf8RuneCount), (76 bytes).
    Removing utf.o(i.utf8UTF16Count), (92 bytes).
    Removing ble_advdata.o(.rev16_text), (4 bytes).
    Removing ble_advdata.o(.revsh_text), (4 bytes).
    Removing ble_advdata.o(.rrx_text), (6 bytes).
    Removing ble_advdata.o(i.ble_advdata_appearance_find), (80 bytes).
    Removing ble_advdata.o(i.ble_advdata_name_find), (78 bytes).
    Removing ble_advdata.o(i.ble_advdata_short_name_find), (86 bytes).
    Removing ble_advdata.o(i.ble_advdata_uuid_find), (208 bytes).
    Removing ble_advertising.o(.rev16_text), (4 bytes).
    Removing ble_advertising.o(.revsh_text), (4 bytes).
    Removing ble_advertising.o(.rrx_text), (6 bytes).
    Removing ble_advertising.o(i.ble_advertising_advdata_update), (198 bytes).
    Removing ble_advertising.o(i.ble_advertising_modes_config_set), (18 bytes).
    Removing ble_advertising.o(i.ble_advertising_peer_addr_reply), (42 bytes).
    Removing ble_advertising.o(i.ble_advertising_restart_without_whitelist), (74 bytes).
    Removing ble_advertising.o(i.ble_advertising_whitelist_reply), (40 bytes).
    Removing ble_conn_params.o(.rev16_text), (4 bytes).
    Removing ble_conn_params.o(.revsh_text), (4 bytes).
    Removing ble_conn_params.o(.rrx_text), (6 bytes).
    Removing ble_conn_params.o(i.ble_conn_params_change_conn_params), (68 bytes).
    Removing ble_conn_params.o(i.ble_conn_params_stop), (72 bytes).
    Removing ble_conn_state.o(.rev16_text), (4 bytes).
    Removing ble_conn_state.o(.revsh_text), (4 bytes).
    Removing ble_conn_state.o(.rrx_text), (6 bytes).
    Removing ble_conn_state.o(i.active_flag_count), (30 bytes).
    Removing ble_conn_state.o(i.bcs_internal_state_reset), (16 bytes).
    Removing ble_conn_state.o(i.ble_conn_state_central_conn_count), (32 bytes).
    Removing ble_conn_state.o(i.ble_conn_state_central_handles), (36 bytes).
    Removing ble_conn_state.o(i.ble_conn_state_conn_count), (16 bytes).
    Removing ble_conn_state.o(i.ble_conn_state_conn_handles), (20 bytes).
    Removing ble_conn_state.o(i.ble_conn_state_encrypted), (32 bytes).
    Removing ble_conn_state.o(i.ble_conn_state_for_each_connected), (24 bytes).
    Removing ble_conn_state.o(i.ble_conn_state_for_each_set_user_flag), (40 bytes).
    Removing ble_conn_state.o(i.ble_conn_state_init), (8 bytes).
    Removing ble_conn_state.o(i.ble_conn_state_lesc), (32 bytes).
    Removing ble_conn_state.o(i.ble_conn_state_mitm_protected), (32 bytes).
    Removing ble_conn_state.o(i.ble_conn_state_periph_handles), (36 bytes).
    Removing ble_conn_state.o(i.ble_conn_state_peripheral_conn_count), (32 bytes).
    Removing ble_conn_state.o(i.ble_conn_state_role), (44 bytes).
    Removing ble_conn_state.o(i.ble_conn_state_status), (44 bytes).
    Removing ble_conn_state.o(i.ble_conn_state_user_flag_acquire), (28 bytes).
    Removing ble_conn_state.o(i.ble_conn_state_user_flag_get), (44 bytes).
    Removing ble_conn_state.o(i.ble_conn_state_user_flag_set), (44 bytes).
    Removing ble_conn_state.o(i.for_each_set_flag), (50 bytes).
    Removing ble_conn_state.o(i.user_flag_is_acquired), (20 bytes).
    Removing ble_link_ctx_manager.o(.rev16_text), (4 bytes).
    Removing ble_link_ctx_manager.o(.revsh_text), (4 bytes).
    Removing ble_link_ctx_manager.o(.rrx_text), (6 bytes).
    Removing ble_srv_common.o(.rev16_text), (4 bytes).
    Removing ble_srv_common.o(.revsh_text), (4 bytes).
    Removing ble_srv_common.o(.rrx_text), (6 bytes).
    Removing ble_srv_common.o(i.ble_srv_ascii_to_utf8), (18 bytes).
    Removing ble_srv_common.o(i.ble_srv_is_indication_enabled), (18 bytes).
    Removing ble_srv_common.o(i.ble_srv_report_ref_encode), (60 bytes).
    Removing ble_srv_common.o(i.descriptor_add), (190 bytes).
    Removing nrf_ble_gatt.o(.rev16_text), (4 bytes).
    Removing nrf_ble_gatt.o(.revsh_text), (4 bytes).
    Removing nrf_ble_gatt.o(.rrx_text), (6 bytes).
    Removing nrf_ble_gatt.o(i.nrf_ble_gatt_att_mtu_central_set), (30 bytes).
    Removing nrf_ble_gatt.o(i.nrf_ble_gatt_data_length_get), (48 bytes).
    Removing nrf_ble_gatt.o(i.nrf_ble_gatt_data_length_set), (66 bytes).
    Removing nrf_ble_gatt.o(i.nrf_ble_gatt_eff_mtu_get), (22 bytes).
    Removing nrf_ble_qwr.o(.rev16_text), (4 bytes).
    Removing nrf_ble_qwr.o(.revsh_text), (4 bytes).
    Removing nrf_ble_qwr.o(.rrx_text), (6 bytes).
    Removing ble_nus.o(.rev16_text), (4 bytes).
    Removing ble_nus.o(.revsh_text), (4 bytes).
    Removing ble_nus.o(.rrx_text), (6 bytes).
    Removing nrf_drv_clock.o(.rev16_text), (4 bytes).
    Removing nrf_drv_clock.o(.revsh_text), (4 bytes).
    Removing nrf_drv_clock.o(.rrx_text), (6 bytes).
    Removing nrf_drv_clock.o(i.hfclk_start), (20 bytes).
    Removing nrf_drv_clock.o(i.hfclk_stop), (36 bytes).
    Removing nrf_drv_clock.o(i.item_enqueue), (34 bytes).
    Removing nrf_drv_clock.o(i.nrf_drv_clock_calibration_abort), (6 bytes).
    Removing nrf_drv_clock.o(i.nrf_drv_clock_calibration_start), (8 bytes).
    Removing nrf_drv_clock.o(i.nrf_drv_clock_hfclk_is_running), (60 bytes).
    Removing nrf_drv_clock.o(i.nrf_drv_clock_hfclk_release), (48 bytes).
    Removing nrf_drv_clock.o(i.nrf_drv_clock_hfclk_request), (108 bytes).
    Removing nrf_drv_clock.o(i.nrf_drv_clock_init_check), (12 bytes).
    Removing nrf_drv_clock.o(i.nrf_drv_clock_is_calibrating), (8 bytes).
    Removing nrf_drv_clock.o(i.nrf_drv_clock_lfclk_is_running), (36 bytes).
    Removing nrf_drv_clock.o(i.nrf_drv_clock_lfclk_request), (108 bytes).
    Removing nrf_drv_clock.o(i.nrf_drv_clock_uninit), (24 bytes).
    Removing nrf_drv_clock.o(.constdata), (112 bytes).
    Removing nrf_drv_uart.o(.rev16_text), (4 bytes).
    Removing nrf_drv_uart.o(.revsh_text), (4 bytes).
    Removing nrf_drv_uart.o(.rrx_text), (6 bytes).
    Removing nrf_drv_uart.o(i.nrf_drv_uart_init), (140 bytes).
    Removing nrf_drv_uart.o(i.uart_evt_handler), (56 bytes).
    Removing nrf_drv_uart.o(i.uarte_evt_handler), (56 bytes).
    Removing nrf_drv_uart.o(.data), (9 bytes).
    Removing nrfx_atomic.o(.rev16_text), (4 bytes).
    Removing nrfx_atomic.o(.revsh_text), (4 bytes).
    Removing nrfx_atomic.o(.rrx_text), (6 bytes).
    Removing nrfx_atomic.o(.emb_text), (226 bytes).
    Removing nrfx_atomic.o(i.nrfx_atomic_flag_clear), (14 bytes).
    Removing nrfx_atomic.o(i.nrfx_atomic_flag_clear_fetch), (14 bytes).
    Removing nrfx_atomic.o(i.nrfx_atomic_flag_set), (14 bytes).
    Removing nrfx_atomic.o(i.nrfx_atomic_flag_set_fetch), (14 bytes).
    Removing nrfx_atomic.o(i.nrfx_atomic_u32_add), (22 bytes).
    Removing nrfx_atomic.o(i.nrfx_atomic_u32_and), (22 bytes).
    Removing nrfx_atomic.o(i.nrfx_atomic_u32_cmp_exch), (20 bytes).
    Removing nrfx_atomic.o(i.nrfx_atomic_u32_fetch_add), (22 bytes).
    Removing nrfx_atomic.o(i.nrfx_atomic_u32_fetch_and), (22 bytes).
    Removing nrfx_atomic.o(i.nrfx_atomic_u32_fetch_or), (22 bytes).
    Removing nrfx_atomic.o(i.nrfx_atomic_u32_fetch_store), (22 bytes).
    Removing nrfx_atomic.o(i.nrfx_atomic_u32_fetch_sub), (22 bytes).
    Removing nrfx_atomic.o(i.nrfx_atomic_u32_fetch_sub_hs), (22 bytes).
    Removing nrfx_atomic.o(i.nrfx_atomic_u32_fetch_xor), (22 bytes).
    Removing nrfx_atomic.o(i.nrfx_atomic_u32_or), (22 bytes).
    Removing nrfx_atomic.o(i.nrfx_atomic_u32_store), (22 bytes).
    Removing nrfx_atomic.o(i.nrfx_atomic_u32_sub), (22 bytes).
    Removing nrfx_atomic.o(i.nrfx_atomic_u32_sub_hs), (22 bytes).
    Removing nrfx_atomic.o(i.nrfx_atomic_u32_xor), (22 bytes).
    Removing nrfx_clock.o(.rev16_text), (4 bytes).
    Removing nrfx_clock.o(.revsh_text), (4 bytes).
    Removing nrfx_clock.o(.rrx_text), (6 bytes).
    Removing nrfx_clock.o(i.nrf_clock_int_enable), (12 bytes).
    Removing nrfx_clock.o(i.nrfx_clock_anomaly_132), (64 bytes).
    Removing nrfx_clock.o(i.nrfx_clock_calibration_start), (4 bytes).
    Removing nrfx_clock.o(i.nrfx_clock_calibration_timer_start), (2 bytes).
    Removing nrfx_clock.o(i.nrfx_clock_calibration_timer_stop), (2 bytes).
    Removing nrfx_clock.o(i.nrfx_clock_disable), (84 bytes).
    Removing nrfx_clock.o(i.nrfx_clock_hfclk_start), (24 bytes).
    Removing nrfx_clock.o(i.nrfx_clock_hfclk_stop), (68 bytes).
    Removing nrfx_clock.o(i.nrfx_clock_is_calibrating), (4 bytes).
    Removing nrfx_clock.o(i.nrfx_clock_lfclk_start), (28 bytes).
    Removing nrfx_clock.o(i.nrfx_clock_uninit), (24 bytes).
    Removing nrfx_clock.o(.constdata), (45 bytes).
    Removing nrfx_gpiote.o(.rev16_text), (4 bytes).
    Removing nrfx_gpiote.o(.revsh_text), (4 bytes).
    Removing nrfx_gpiote.o(.rrx_text), (6 bytes).
    Removing nrfx_gpiote.o(i.nrf_gpio_cfg_default), (24 bytes).
    Removing nrfx_gpiote.o(i.nrf_gpiote_task_addr_get), (12 bytes).
    Removing nrfx_gpiote.o(i.nrf_gpiote_te_default), (16 bytes).
    Removing nrfx_gpiote.o(i.nrfx_gpiote_clr_task_addr_get), (20 bytes).
    Removing nrfx_gpiote.o(i.nrfx_gpiote_clr_task_get), (18 bytes).
    Removing nrfx_gpiote.o(i.nrfx_gpiote_clr_task_trigger), (32 bytes).
    Removing nrfx_gpiote.o(i.nrfx_gpiote_in_event_addr_get), (20 bytes).
    Removing nrfx_gpiote.o(i.nrfx_gpiote_in_event_disable), (84 bytes).
    Removing nrfx_gpiote.o(i.nrfx_gpiote_in_event_get), (34 bytes).
    Removing nrfx_gpiote.o(i.nrfx_gpiote_in_is_set), (20 bytes).
    Removing nrfx_gpiote.o(i.nrfx_gpiote_in_uninit), (72 bytes).
    Removing nrfx_gpiote.o(i.nrfx_gpiote_is_init), (20 bytes).
    Removing nrfx_gpiote.o(i.nrfx_gpiote_out_clear), (12 bytes).
    Removing nrfx_gpiote.o(i.nrfx_gpiote_out_set), (12 bytes).
    Removing nrfx_gpiote.o(i.nrfx_gpiote_out_task_addr_get), (20 bytes).
    Removing nrfx_gpiote.o(i.nrfx_gpiote_out_task_disable), (36 bytes).
    Removing nrfx_gpiote.o(i.nrfx_gpiote_out_task_enable), (44 bytes).
    Removing nrfx_gpiote.o(i.nrfx_gpiote_out_task_force), (48 bytes).
    Removing nrfx_gpiote.o(i.nrfx_gpiote_out_task_get), (16 bytes).
    Removing nrfx_gpiote.o(i.nrfx_gpiote_out_task_trigger), (32 bytes).
    Removing nrfx_gpiote.o(i.nrfx_gpiote_out_toggle), (38 bytes).
    Removing nrfx_gpiote.o(i.nrfx_gpiote_out_uninit), (66 bytes).
    Removing nrfx_gpiote.o(i.nrfx_gpiote_set_task_addr_get), (20 bytes).
    Removing nrfx_gpiote.o(i.nrfx_gpiote_set_task_get), (18 bytes).
    Removing nrfx_gpiote.o(i.nrfx_gpiote_set_task_trigger), (32 bytes).
    Removing nrfx_gpiote.o(i.nrfx_gpiote_uninit), (76 bytes).
    Removing nrfx_gpiote.o(i.pin_configured_check), (28 bytes).
    Removing nrfx_gpiote.o(i.pin_configured_clear), (32 bytes).
    Removing nrfx_prs.o(.rev16_text), (4 bytes).
    Removing nrfx_prs.o(.revsh_text), (4 bytes).
    Removing nrfx_prs.o(.rrx_text), (6 bytes).
    Removing nrfx_prs.o(i.nrfx_prs_acquire), (78 bytes).
    Removing nrfx_prs.o(i.nrfx_prs_release), (22 bytes).
    Removing nrfx_prs.o(i.prs_box_get), (24 bytes).
    Removing nrfx_prs.o(.constdata), (17 bytes).
    Removing nrfx_uart.o(.rev16_text), (4 bytes).
    Removing nrfx_uart.o(.revsh_text), (4 bytes).
    Removing nrfx_uart.o(.rrx_text), (6 bytes).
    Removing nrfx_uart.o(i.apply_config), (124 bytes).
    Removing nrfx_uart.o(i.interrupts_disable), (88 bytes).
    Removing nrfx_uart.o(i.interrupts_enable), (148 bytes).
    Removing nrfx_uart.o(i.nrf_gpio_cfg), (40 bytes).
    Removing nrfx_uart.o(i.nrf_gpio_cfg_default), (24 bytes).
    Removing nrfx_uart.o(i.nrf_gpio_cfg_input), (26 bytes).
    Removing nrfx_uart.o(i.nrf_gpio_cfg_output), (24 bytes).
    Removing nrfx_uart.o(i.nrf_gpio_pin_set), (22 bytes).
    Removing nrfx_uart.o(i.nrf_uart_errorsrc_get_and_clear), (12 bytes).
    Removing nrfx_uart.o(i.nrf_uart_event_check), (14 bytes).
    Removing nrfx_uart.o(i.nrf_uart_event_clear), (14 bytes).
    Removing nrfx_uart.o(i.nrf_uart_hwfc_pins_set), (10 bytes).
    Removing nrfx_uart.o(i.nrf_uart_int_disable), (6 bytes).
    Removing nrfx_uart.o(i.nrf_uart_int_enable), (6 bytes).
    Removing nrfx_uart.o(i.nrf_uart_int_enable_check), (18 bytes).
    Removing nrfx_uart.o(i.nrf_uart_task_trigger), (6 bytes).
    Removing nrfx_uart.o(i.nrf_uart_txrx_pins_set), (10 bytes).
    Removing nrfx_uart.o(i.nrfx_get_irq_number), (8 bytes).
    Removing nrfx_uart.o(i.nrfx_uart_0_irq_handler), (20 bytes).
    Removing nrfx_uart.o(i.nrfx_uart_errorsrc_get), (22 bytes).
    Removing nrfx_uart.o(i.nrfx_uart_init), (136 bytes).
    Removing nrfx_uart.o(i.nrfx_uart_rx), (292 bytes).
    Removing nrfx_uart.o(i.nrfx_uart_rx_abort), (24 bytes).
    Removing nrfx_uart.o(i.nrfx_uart_rx_disable), (40 bytes).
    Removing nrfx_uart.o(i.nrfx_uart_rx_enable), (60 bytes).
    Removing nrfx_uart.o(i.nrfx_uart_rx_ready), (16 bytes).
    Removing nrfx_uart.o(i.nrfx_uart_tx), (140 bytes).
    Removing nrfx_uart.o(i.nrfx_uart_tx_abort), (52 bytes).
    Removing nrfx_uart.o(i.nrfx_uart_tx_in_progress), (36 bytes).
    Removing nrfx_uart.o(i.nrfx_uart_uninit), (68 bytes).
    Removing nrfx_uart.o(i.pins_to_default), (120 bytes).
    Removing nrfx_uart.o(i.rx_byte), (62 bytes).
    Removing nrfx_uart.o(i.rx_done_event), (28 bytes).
    Removing nrfx_uart.o(i.rx_enable), (34 bytes).
    Removing nrfx_uart.o(i.tx_blocking), (54 bytes).
    Removing nrfx_uart.o(i.tx_byte), (38 bytes).
    Removing nrfx_uart.o(i.tx_done_event), (32 bytes).
    Removing nrfx_uart.o(i.uart_irq_handler), (334 bytes).
    Removing nrfx_uart.o(.bss), (44 bytes).
    Removing nrfx_uart.o(.constdata), (46 bytes).
    Removing nrfx_uarte.o(.rev16_text), (4 bytes).
    Removing nrfx_uarte.o(.revsh_text), (4 bytes).
    Removing nrfx_uarte.o(.rrx_text), (6 bytes).
    Removing nrfx_uarte.o(i.apply_config), (124 bytes).
    Removing nrfx_uarte.o(i.interrupts_disable), (88 bytes).
    Removing nrfx_uarte.o(i.interrupts_enable), (180 bytes).
    Removing nrfx_uarte.o(i.nrf_gpio_cfg), (40 bytes).
    Removing nrfx_uarte.o(i.nrf_gpio_cfg_default), (24 bytes).
    Removing nrfx_uarte.o(i.nrf_gpio_cfg_input), (26 bytes).
    Removing nrfx_uarte.o(i.nrf_gpio_cfg_output), (24 bytes).
    Removing nrfx_uarte.o(i.nrf_gpio_pin_set), (22 bytes).
    Removing nrfx_uarte.o(i.nrf_uarte_errorsrc_get_and_clear), (12 bytes).
    Removing nrfx_uarte.o(i.nrf_uarte_event_check), (14 bytes).
    Removing nrfx_uarte.o(i.nrf_uarte_event_clear), (14 bytes).
    Removing nrfx_uarte.o(i.nrf_uarte_hwfc_pins_set), (12 bytes).
    Removing nrfx_uarte.o(i.nrf_uarte_int_disable), (6 bytes).
    Removing nrfx_uarte.o(i.nrf_uarte_int_enable), (6 bytes).
    Removing nrfx_uarte.o(i.nrf_uarte_rx_amount_get), (10 bytes).
    Removing nrfx_uarte.o(i.nrf_uarte_shorts_disable), (12 bytes).
    Removing nrfx_uarte.o(i.nrf_uarte_task_trigger), (6 bytes).
    Removing nrfx_uarte.o(i.nrf_uarte_tx_amount_get), (10 bytes).
    Removing nrfx_uarte.o(i.nrf_uarte_txrx_pins_set), (14 bytes).
    Removing nrfx_uarte.o(i.nrfx_get_irq_number), (8 bytes).
    Removing nrfx_uarte.o(i.nrfx_is_in_ram), (20 bytes).
    Removing nrfx_uarte.o(i.nrfx_uarte_0_irq_handler), (20 bytes).
    Removing nrfx_uarte.o(i.nrfx_uarte_errorsrc_get), (22 bytes).
    Removing nrfx_uarte.o(i.nrfx_uarte_init), (128 bytes).
    Removing nrfx_uarte.o(i.nrfx_uarte_rx), (312 bytes).
    Removing nrfx_uarte.o(i.nrfx_uarte_rx_abort), (44 bytes).
    Removing nrfx_uarte.o(i.nrfx_uarte_rx_ready), (16 bytes).
    Removing nrfx_uarte.o(i.nrfx_uarte_tx), (192 bytes).
    Removing nrfx_uarte.o(i.nrfx_uarte_tx_abort), (60 bytes).
    Removing nrfx_uarte.o(i.nrfx_uarte_tx_in_progress), (32 bytes).
    Removing nrfx_uarte.o(i.nrfx_uarte_uninit), (148 bytes).
    Removing nrfx_uarte.o(i.pins_to_default), (126 bytes).
    Removing nrfx_uarte.o(i.rx_done_event), (28 bytes).
    Removing nrfx_uarte.o(i.tx_done_event), (32 bytes).
    Removing nrfx_uarte.o(i.uarte_irq_handler), (308 bytes).
    Removing nrfx_uarte.o(.bss), (36 bytes).
    Removing nrfx_uarte.o(.constdata), (48 bytes).
    Removing app_button.o(.rev16_text), (4 bytes).
    Removing app_button.o(.revsh_text), (4 bytes).
    Removing app_button.o(.rrx_text), (6 bytes).
    Removing app_button.o(i.app_button_disable), (80 bytes).
    Removing app_button.o(i.app_button_enable), (44 bytes).
    Removing app_button.o(i.app_button_init), (176 bytes).
    Removing app_button.o(i.app_button_is_pushed), (44 bytes).
    Removing app_button.o(i.button_get), (44 bytes).
    Removing app_button.o(i.detection_delay_timeout_handler), (96 bytes).
    Removing app_button.o(i.evt_handle), (240 bytes).
    Removing app_button.o(i.gpiote_event_handler), (72 bytes).
    Removing app_button.o(i.state_get), (32 bytes).
    Removing app_button.o(i.state_set), (72 bytes).
    Removing app_button.o(i.timer_start), (32 bytes).
    Removing app_button.o(i.usr_event), (30 bytes).
    Removing app_button.o(.bss), (48 bytes).
    Removing app_button.o(.constdata), (7 bytes).
    Removing app_button.o(.data), (24 bytes).
    Removing app_error.o(.rev16_text), (4 bytes).
    Removing app_error.o(.revsh_text), (4 bytes).
    Removing app_error.o(.rrx_text), (6 bytes).
    Removing app_error.o(i.app_error_save_and_stop), (136 bytes).
    Removing app_error.o(.bss), (32 bytes).
    Removing app_error_handler_keil.o(.rev16_text), (4 bytes).
    Removing app_error_handler_keil.o(.revsh_text), (4 bytes).
    Removing app_error_handler_keil.o(.rrx_text), (6 bytes).
    Removing app_error_handler_keil.o(.emb_text), (26 bytes).
    Removing app_error_weak.o(.rev16_text), (4 bytes).
    Removing app_error_weak.o(.revsh_text), (4 bytes).
    Removing app_error_weak.o(.rrx_text), (6 bytes).
    Removing app_fifo.o(.rev16_text), (4 bytes).
    Removing app_fifo.o(.revsh_text), (4 bytes).
    Removing app_fifo.o(.rrx_text), (6 bytes).
    Removing app_fifo.o(i.app_fifo_flush), (10 bytes).
    Removing app_fifo.o(i.app_fifo_get), (30 bytes).
    Removing app_fifo.o(i.app_fifo_init), (36 bytes).
    Removing app_fifo.o(i.app_fifo_peek), (36 bytes).
    Removing app_fifo.o(i.app_fifo_put), (34 bytes).
    Removing app_fifo.o(i.app_fifo_read), (102 bytes).
    Removing app_fifo.o(i.app_fifo_write), (106 bytes).
    Removing app_fifo.o(i.fifo_get), (24 bytes).
    Removing app_fifo.o(i.fifo_length), (10 bytes).
    Removing app_fifo.o(i.fifo_peek), (18 bytes).
    Removing app_fifo.o(i.fifo_put), (18 bytes).
    Removing app_scheduler.o(.rev16_text), (4 bytes).
    Removing app_scheduler.o(.revsh_text), (4 bytes).
    Removing app_scheduler.o(.rrx_text), (6 bytes).
    Removing app_scheduler.o(i.app_sched_event_put), (184 bytes).
    Removing app_scheduler.o(i.app_sched_execute), (116 bytes).
    Removing app_scheduler.o(i.app_sched_init), (92 bytes).
    Removing app_scheduler.o(i.app_sched_queue_space_get), (52 bytes).
    Removing app_scheduler.o(i.next_index), (24 bytes).
    Removing app_scheduler.o(.data), (14 bytes).
    Removing app_timer2.o(.rev16_text), (4 bytes).
    Removing app_timer2.o(.revsh_text), (4 bytes).
    Removing app_timer2.o(.rrx_text), (6 bytes).
    Removing app_timer2.o(i.app_timer_cnt_diff_compute), (10 bytes).
    Removing app_timer2.o(i.app_timer_pause), (16 bytes).
    Removing app_timer2.o(i.app_timer_resume), (16 bytes).
    Removing app_timer2.o(i.app_timer_stop_all), (24 bytes).
    Removing app_uart_fifo.o(.rev16_text), (4 bytes).
    Removing app_uart_fifo.o(.revsh_text), (4 bytes).
    Removing app_uart_fifo.o(.rrx_text), (6 bytes).
    Removing app_uart_fifo.o(i.app_uart_close), (52 bytes).
    Removing app_uart_fifo.o(i.app_uart_flush), (52 bytes).
    Removing app_uart_fifo.o(i.app_uart_get), (84 bytes).
    Removing app_uart_fifo.o(i.app_uart_init), (220 bytes).
    Removing app_uart_fifo.o(i.app_uart_put), (108 bytes).
    Removing app_uart_fifo.o(i.fifo_length), (10 bytes).
    Removing app_uart_fifo.o(i.nrf_drv_uart_rx), (68 bytes).
    Removing app_uart_fifo.o(i.nrf_drv_uart_tx), (68 bytes).
    Removing app_uart_fifo.o(i.uart_event_handler), (228 bytes).
    Removing app_uart_fifo.o(.bss), (32 bytes).
    Removing app_uart_fifo.o(.constdata), (32 bytes).
    Removing app_uart_fifo.o(.data), (27 bytes).
    Removing app_util_platform.o(.rev16_text), (4 bytes).
    Removing app_util_platform.o(.revsh_text), (4 bytes).
    Removing app_util_platform.o(.rrx_text), (6 bytes).
    Removing app_util_platform.o(i.app_util_disable_irq), (20 bytes).
    Removing app_util_platform.o(i.app_util_enable_irq), (24 bytes).
    Removing app_util_platform.o(i.current_int_priority_get), (60 bytes).
    Removing app_util_platform.o(i.privilege_level_get), (34 bytes).
    Removing app_util_platform.o(.data), (4 bytes).
    Removing drv_rtc.o(.rev16_text), (4 bytes).
    Removing drv_rtc.o(.revsh_text), (4 bytes).
    Removing drv_rtc.o(.rrx_text), (6 bytes).
    Removing drv_rtc.o(i.drv_rtc_compare_enable), (26 bytes).
    Removing drv_rtc.o(i.drv_rtc_compare_get), (16 bytes).
    Removing drv_rtc.o(i.drv_rtc_overflow_disable), (14 bytes).
    Removing drv_rtc.o(i.drv_rtc_tick_disable), (14 bytes).
    Removing drv_rtc.o(i.drv_rtc_tick_enable), (18 bytes).
    Removing drv_rtc.o(i.drv_rtc_tick_pending), (16 bytes).
    Removing drv_rtc.o(i.drv_rtc_uninit), (164 bytes).
    Removing hardfault_implementation.o(.rev16_text), (4 bytes).
    Removing hardfault_implementation.o(.revsh_text), (4 bytes).
    Removing hardfault_implementation.o(.rrx_text), (6 bytes).
    Removing nrf_assert.o(.rev16_text), (4 bytes).
    Removing nrf_assert.o(.revsh_text), (4 bytes).
    Removing nrf_assert.o(.rrx_text), (6 bytes).
    Removing nrf_assert.o(i.assert_nrf_callback), (24 bytes).
    Removing nrf_atfifo.o(.rev16_text), (4 bytes).
    Removing nrf_atfifo.o(.revsh_text), (4 bytes).
    Removing nrf_atfifo.o(.rrx_text), (6 bytes).
    Removing nrf_atfifo.o(i.nrf_atfifo_alloc_put), (58 bytes).
    Removing nrf_atfifo.o(i.nrf_atfifo_clear), (22 bytes).
    Removing nrf_atfifo.o(i.nrf_atfifo_get_free), (58 bytes).
    Removing nrf_atflags.o(.rev16_text), (4 bytes).
    Removing nrf_atflags.o(.revsh_text), (4 bytes).
    Removing nrf_atflags.o(.rrx_text), (6 bytes).
    Removing nrf_atflags.o(i.nrf_atflags_fetch_clear), (46 bytes).
    Removing nrf_atflags.o(i.nrf_atflags_fetch_set), (46 bytes).
    Removing nrf_atflags.o(i.nrf_atflags_find_and_clear_flag), (92 bytes).
    Removing nrf_atflags.o(i.nrf_atflags_find_and_set_flag), (96 bytes).
    Removing nrf_atflags.o(i.nrf_atflags_init), (42 bytes).
    Removing nrf_atomic.o(.rev16_text), (4 bytes).
    Removing nrf_atomic.o(.revsh_text), (4 bytes).
    Removing nrf_atomic.o(.rrx_text), (6 bytes).
    Removing nrf_atomic.o(i.nrf_atomic_flag_clear), (14 bytes).
    Removing nrf_atomic.o(i.nrf_atomic_flag_set_fetch), (14 bytes).
    Removing nrf_atomic.o(i.nrf_atomic_u32_cmp_exch), (20 bytes).
    Removing nrf_atomic.o(i.nrf_atomic_u32_fetch_add), (22 bytes).
    Removing nrf_atomic.o(i.nrf_atomic_u32_fetch_or), (22 bytes).
    Removing nrf_atomic.o(i.nrf_atomic_u32_fetch_sub), (22 bytes).
    Removing nrf_atomic.o(i.nrf_atomic_u32_fetch_sub_hs), (22 bytes).
    Removing nrf_atomic.o(i.nrf_atomic_u32_fetch_xor), (22 bytes).
    Removing nrf_atomic.o(i.nrf_atomic_u32_store), (22 bytes).
    Removing nrf_atomic.o(i.nrf_atomic_u32_sub_hs), (22 bytes).
    Removing nrf_atomic.o(i.nrf_atomic_u32_xor), (22 bytes).
    Removing nrf_balloc.o(.rev16_text), (4 bytes).
    Removing nrf_balloc.o(.revsh_text), (4 bytes).
    Removing nrf_balloc.o(.rrx_text), (6 bytes).
    Removing nrf_fprintf.o(.rev16_text), (4 bytes).
    Removing nrf_fprintf.o(.revsh_text), (4 bytes).
    Removing nrf_fprintf.o(.rrx_text), (6 bytes).
    Removing nrf_fprintf_format.o(.rev16_text), (4 bytes).
    Removing nrf_fprintf_format.o(.revsh_text), (4 bytes).
    Removing nrf_fprintf_format.o(.rrx_text), (6 bytes).
    Removing nrf_memobj.o(.rev16_text), (4 bytes).
    Removing nrf_memobj.o(.revsh_text), (4 bytes).
    Removing nrf_memobj.o(.rrx_text), (6 bytes).
    Removing nrf_pwr_mgmt.o(.rev16_text), (4 bytes).
    Removing nrf_pwr_mgmt.o(.revsh_text), (4 bytes).
    Removing nrf_pwr_mgmt.o(.rrx_text), (6 bytes).
    Removing nrf_pwr_mgmt.o(i.nrf_mtx_unlock), (22 bytes).
    Removing nrf_pwr_mgmt.o(i.nrf_pwr_mgmt_feed), (2 bytes).
    Removing nrf_pwr_mgmt.o(i.nrf_pwr_mgmt_shutdown), (100 bytes).
    Removing nrf_pwr_mgmt.o(i.shutdown_process), (204 bytes).
    Removing nrf_ringbuf.o(.rev16_text), (4 bytes).
    Removing nrf_ringbuf.o(.revsh_text), (4 bytes).
    Removing nrf_ringbuf.o(.rrx_text), (6 bytes).
    Removing nrf_ringbuf.o(i.nrf_ringbuf_alloc), (150 bytes).
    Removing nrf_ringbuf.o(i.nrf_ringbuf_cpy_get), (152 bytes).
    Removing nrf_ringbuf.o(i.nrf_ringbuf_cpy_put), (138 bytes).
    Removing nrf_ringbuf.o(i.nrf_ringbuf_free), (54 bytes).
    Removing nrf_ringbuf.o(i.nrf_ringbuf_get), (146 bytes).
    Removing nrf_ringbuf.o(i.nrf_ringbuf_put), (64 bytes).
    Removing nrf_section_iter.o(.rev16_text), (4 bytes).
    Removing nrf_section_iter.o(.revsh_text), (4 bytes).
    Removing nrf_section_iter.o(.rrx_text), (6 bytes).
    Removing nrf_sortlist.o(.rev16_text), (4 bytes).
    Removing nrf_sortlist.o(.revsh_text), (4 bytes).
    Removing nrf_sortlist.o(.rrx_text), (6 bytes).
    Removing nrf_sortlist.o(i.nrf_sortlist_next), (6 bytes).
    Removing nrf_strerror.o(.rev16_text), (4 bytes).
    Removing nrf_strerror.o(.revsh_text), (4 bytes).
    Removing nrf_strerror.o(.rrx_text), (6 bytes).
    Removing retarget.o(.rev16_text), (4 bytes).
    Removing retarget.o(.revsh_text), (4 bytes).
    Removing retarget.o(.rrx_text), (6 bytes).
    Removing retarget.o(i.fgetc), (22 bytes).
    Removing retarget.o(i.fputc), (16 bytes).
    Removing retarget.o(.data), (8 bytes).
    Removing nrf_log_backend_rtt.o(.rev16_text), (4 bytes).
    Removing nrf_log_backend_rtt.o(.revsh_text), (4 bytes).
    Removing nrf_log_backend_rtt.o(.rrx_text), (6 bytes).
    Removing nrf_log_backend_serial.o(.rev16_text), (4 bytes).
    Removing nrf_log_backend_serial.o(.revsh_text), (4 bytes).
    Removing nrf_log_backend_serial.o(.rrx_text), (6 bytes).
    Removing nrf_log_default_backends.o(.rev16_text), (4 bytes).
    Removing nrf_log_default_backends.o(.revsh_text), (4 bytes).
    Removing nrf_log_default_backends.o(.rrx_text), (6 bytes).
    Removing nrf_log_frontend.o(.rev16_text), (4 bytes).
    Removing nrf_log_frontend.o(.revsh_text), (4 bytes).
    Removing nrf_log_frontend.o(.rrx_text), (6 bytes).
    Removing nrf_log_frontend.o(i.higher_lvl_get), (34 bytes).
    Removing nrf_log_frontend.o(i.nrf_log_backend_remove), (56 bytes).
    Removing nrf_log_frontend.o(i.nrf_log_frontend_hexdump), (232 bytes).
    Removing nrf_log_frontend.o(i.nrf_log_frontend_std_3), (40 bytes).
    Removing nrf_log_frontend.o(i.nrf_log_frontend_std_4), (44 bytes).
    Removing nrf_log_frontend.o(i.nrf_log_frontend_std_5), (56 bytes).
    Removing nrf_log_frontend.o(i.nrf_log_module_filter_get), (52 bytes).
    Removing nrf_log_frontend.o(i.nrf_log_module_filter_set), (2 bytes).
    Removing nrf_log_frontend.o(i.nrf_log_module_init_filter_get), (16 bytes).
    Removing nrf_log_frontend.o(i.nrf_log_push), (96 bytes).
    Removing nrf_log_str_formatter.o(.rev16_text), (4 bytes).
    Removing nrf_log_str_formatter.o(.revsh_text), (4 bytes).
    Removing nrf_log_str_formatter.o(.rrx_text), (6 bytes).
    Removing nrf_log_str_formatter.o(i.nrf_log_str_formatter_timestamp_freq_set), (44 bytes).
    Removing segger_rtt.o(.rev16_text), (4 bytes).
    Removing segger_rtt.o(.revsh_text), (4 bytes).
    Removing segger_rtt.o(.rrx_text), (6 bytes).
    Removing segger_rtt.o(i.SEGGER_RTT_AllocDownBuffer), (184 bytes).
    Removing segger_rtt.o(i.SEGGER_RTT_AllocUpBuffer), (184 bytes).
    Removing segger_rtt.o(i.SEGGER_RTT_ConfigDownBuffer), (160 bytes).
    Removing segger_rtt.o(i.SEGGER_RTT_ConfigUpBuffer), (160 bytes).
    Removing segger_rtt.o(i.SEGGER_RTT_GetKey), (32 bytes).
    Removing segger_rtt.o(i.SEGGER_RTT_HasData), (28 bytes).
    Removing segger_rtt.o(i.SEGGER_RTT_HasKey), (40 bytes).
    Removing segger_rtt.o(i.SEGGER_RTT_PutChar), (112 bytes).
    Removing segger_rtt.o(i.SEGGER_RTT_PutCharSkip), (96 bytes).
    Removing segger_rtt.o(i.SEGGER_RTT_PutCharSkipNoLock), (56 bytes).
    Removing segger_rtt.o(i.SEGGER_RTT_Read), (42 bytes).
    Removing segger_rtt.o(i.SEGGER_RTT_ReadNoLock), (152 bytes).
    Removing segger_rtt.o(i.SEGGER_RTT_SetFlagsDownBuffer), (76 bytes).
    Removing segger_rtt.o(i.SEGGER_RTT_SetFlagsUpBuffer), (76 bytes).
    Removing segger_rtt.o(i.SEGGER_RTT_SetNameDownBuffer), (76 bytes).
    Removing segger_rtt.o(i.SEGGER_RTT_SetNameUpBuffer), (76 bytes).
    Removing segger_rtt.o(i.SEGGER_RTT_SetTerminal), (144 bytes).
    Removing segger_rtt.o(i.SEGGER_RTT_TerminalOut), (244 bytes).
    Removing segger_rtt.o(i.SEGGER_RTT_WaitKey), (14 bytes).
    Removing segger_rtt.o(i.SEGGER_RTT_Write), (60 bytes).
    Removing segger_rtt.o(i.SEGGER_RTT_WriteSkipNoLock), (176 bytes).
    Removing segger_rtt.o(i.SEGGER_RTT_WriteString), (26 bytes).
    Removing segger_rtt.o(i.SEGGER_RTT_WriteWithOverwriteNoLock), (172 bytes).
    Removing segger_rtt.o(i._PostTerminalSwitch), (36 bytes).
    Removing segger_rtt.o(.data), (17 bytes).
    Removing segger_rtt_printf.o(.rev16_text), (4 bytes).
    Removing segger_rtt_printf.o(.revsh_text), (4 bytes).
    Removing segger_rtt_printf.o(.rrx_text), (6 bytes).
    Removing segger_rtt_printf.o(i.SEGGER_RTT_printf), (34 bytes).
    Removing segger_rtt_printf.o(i.SEGGER_RTT_vprintf), (522 bytes).
    Removing segger_rtt_printf.o(i._PrintInt), (236 bytes).
    Removing segger_rtt_printf.o(i._PrintUnsigned), (236 bytes).
    Removing segger_rtt_printf.o(i._StoreChar), (68 bytes).
    Removing segger_rtt_printf.o(.constdata), (16 bytes).
    Removing nrf_sdh.o(.rev16_text), (4 bytes).
    Removing nrf_sdh.o(.revsh_text), (4 bytes).
    Removing nrf_sdh.o(.rrx_text), (6 bytes).
    Removing nrf_sdh.o(i.nrf_sdh_disable_request), (100 bytes).
    Removing nrf_sdh.o(i.nrf_sdh_is_suspended), (28 bytes).
    Removing nrf_sdh.o(i.nrf_sdh_request_continue), (40 bytes).
    Removing nrf_sdh.o(i.nrf_sdh_resume), (104 bytes).
    Removing nrf_sdh.o(i.nrf_sdh_suspend), (32 bytes).
    Removing nrf_sdh.o(i.sd_nvic_DisableIRQ), (124 bytes).
    Removing nrf_sdh.o(i.softdevice_evt_irq_disable), (30 bytes).
    Removing nrf_sdh_ble.o(.rev16_text), (4 bytes).
    Removing nrf_sdh_ble.o(.revsh_text), (4 bytes).
    Removing nrf_sdh_ble.o(.rrx_text), (6 bytes).
    Removing nrf_sdh_soc.o(.rev16_text), (4 bytes).
    Removing nrf_sdh_soc.o(.revsh_text), (4 bytes).
    Removing nrf_sdh_soc.o(.rrx_text), (6 bytes).
    Removing user_adc.o(.rev16_text), (4 bytes).
    Removing user_adc.o(.revsh_text), (4 bytes).
    Removing user_adc.o(.rrx_text), (6 bytes).
    Removing user_ble.o(.rev16_text), (4 bytes).
    Removing user_ble.o(.revsh_text), (4 bytes).
    Removing user_ble.o(.rrx_text), (6 bytes).
    Removing user_ble.o(i.assert_nrf_callback), (24 bytes).
    Removing user_ble.o(i.bsp_event_handler), (2 bytes).
    Removing user_ble.o(i.sleep_mode_enter), (76 bytes).
    Removing user_ble.o(i.uart_event_handle), (204 bytes).
    Removing user_ble.o(i.uart_init), (92 bytes).
    Removing user_ble.o(.constdata), (24 bytes).
    Removing user_button.o(.rev16_text), (4 bytes).
    Removing user_button.o(.revsh_text), (4 bytes).
    Removing user_button.o(.rrx_text), (6 bytes).
    Removing user_key.o(.rev16_text), (4 bytes).
    Removing user_key.o(.revsh_text), (4 bytes).
    Removing user_key.o(.rrx_text), (6 bytes).
    Removing user_keymsgprocess.o(.rev16_text), (4 bytes).
    Removing user_keymsgprocess.o(.revsh_text), (4 bytes).
    Removing user_keymsgprocess.o(.rrx_text), (6 bytes).
    Removing user_keymsgprocess.o(i.KEYMSG_ClearGlobalMaskRequest), (16 bytes).
    Removing user_keymsgprocess.o(i.KEYMSG_ClearMaskRequest), (16 bytes).
    Removing user_keymsgprocess.o(i.KEYMSG_SetGlobalMaskRequest), (16 bytes).
    Removing user_keymsgprocess.o(i.KEYMSG_SetMaskRequest), (16 bytes).
    Removing user_keymsgprocess.o(i.KEYMSG_StopService), (44 bytes).
    Removing user_keymsgprocess.o(.data), (1 bytes).
    Removing user_led.o(.rev16_text), (4 bytes).
    Removing user_led.o(.revsh_text), (4 bytes).
    Removing user_led.o(.rrx_text), (6 bytes).
    Removing user_nvm.o(.rev16_text), (4 bytes).
    Removing user_nvm.o(.revsh_text), (4 bytes).
    Removing user_nvm.o(.rrx_text), (6 bytes).
    Removing user_nvm.o(i.User_NVM_Init), (136 bytes).
    Removing user_nvm.o(i.fds_evt_handler), (76 bytes).
    Removing user_state.o(.rev16_text), (4 bytes).
    Removing user_state.o(.revsh_text), (4 bytes).
    Removing user_state.o(.rrx_text), (6 bytes).
    Removing user_timer.o(.rev16_text), (4 bytes).
    Removing user_timer.o(.revsh_text), (4 bytes).
    Removing user_timer.o(.rrx_text), (6 bytes).
    Removing user_timer.o(i.TIMER_ChangeTime), (36 bytes).
    Removing user_timer.o(i.TIMER_KillAllTimer), (44 bytes).
    Removing user_timer.o(i.TIMER_Pause), (28 bytes).
    Removing user_timer.o(i.TIMER_ResetTimer), (32 bytes).
    Removing user_timer.o(i.TIMER_Resume), (28 bytes).
    Removing user_timer.o(i.TIMER_StopTimerx), (40 bytes).
    Removing arm_startup_nrf52.o(HEAP), (8192 bytes).
    Removing system_nrf52.o(.rev16_text), (4 bytes).
    Removing system_nrf52.o(.revsh_text), (4 bytes).
    Removing system_nrf52.o(.rrx_text), (6 bytes).
    Removing system_nrf52.o(i.nrf51_errata_1), (4 bytes).
    Removing system_nrf52.o(i.nrf51_errata_10), (4 bytes).
    Removing system_nrf52.o(i.nrf51_errata_11), (4 bytes).
    Removing system_nrf52.o(i.nrf51_errata_12), (4 bytes).
    Removing system_nrf52.o(i.nrf51_errata_13), (4 bytes).
    Removing system_nrf52.o(i.nrf51_errata_14), (4 bytes).
    Removing system_nrf52.o(i.nrf51_errata_15), (4 bytes).
    Removing system_nrf52.o(i.nrf51_errata_16), (4 bytes).
    Removing system_nrf52.o(i.nrf51_errata_17), (4 bytes).
    Removing system_nrf52.o(i.nrf51_errata_18), (4 bytes).
    Removing system_nrf52.o(i.nrf51_errata_19), (4 bytes).
    Removing system_nrf52.o(i.nrf51_errata_2), (4 bytes).
    Removing system_nrf52.o(i.nrf51_errata_20), (4 bytes).
    Removing system_nrf52.o(i.nrf51_errata_21), (4 bytes).
    Removing system_nrf52.o(i.nrf51_errata_22), (4 bytes).
    Removing system_nrf52.o(i.nrf51_errata_23), (4 bytes).
    Removing system_nrf52.o(i.nrf51_errata_24), (4 bytes).
    Removing system_nrf52.o(i.nrf51_errata_25), (4 bytes).
    Removing system_nrf52.o(i.nrf51_errata_26), (4 bytes).
    Removing system_nrf52.o(i.nrf51_errata_27), (4 bytes).
    Removing system_nrf52.o(i.nrf51_errata_28), (4 bytes).
    Removing system_nrf52.o(i.nrf51_errata_29), (4 bytes).
    Removing system_nrf52.o(i.nrf51_errata_3), (4 bytes).
    Removing system_nrf52.o(i.nrf51_errata_30), (4 bytes).
    Removing system_nrf52.o(i.nrf51_errata_31), (4 bytes).
    Removing system_nrf52.o(i.nrf51_errata_32), (4 bytes).
    Removing system_nrf52.o(i.nrf51_errata_33), (4 bytes).
    Removing system_nrf52.o(i.nrf51_errata_34), (4 bytes).
    Removing system_nrf52.o(i.nrf51_errata_35), (4 bytes).
    Removing system_nrf52.o(i.nrf51_errata_36), (4 bytes).
    Removing system_nrf52.o(i.nrf51_errata_37), (4 bytes).
    Removing system_nrf52.o(i.nrf51_errata_38), (4 bytes).
    Removing system_nrf52.o(i.nrf51_errata_39), (4 bytes).
    Removing system_nrf52.o(i.nrf51_errata_4), (4 bytes).
    Removing system_nrf52.o(i.nrf51_errata_40), (4 bytes).
    Removing system_nrf52.o(i.nrf51_errata_41), (4 bytes).
    Removing system_nrf52.o(i.nrf51_errata_42), (4 bytes).
    Removing system_nrf52.o(i.nrf51_errata_43), (4 bytes).
    Removing system_nrf52.o(i.nrf51_errata_44), (4 bytes).
    Removing system_nrf52.o(i.nrf51_errata_45), (4 bytes).
    Removing system_nrf52.o(i.nrf51_errata_46), (4 bytes).
    Removing system_nrf52.o(i.nrf51_errata_47), (4 bytes).
    Removing system_nrf52.o(i.nrf51_errata_48), (4 bytes).
    Removing system_nrf52.o(i.nrf51_errata_49), (4 bytes).
    Removing system_nrf52.o(i.nrf51_errata_5), (4 bytes).
    Removing system_nrf52.o(i.nrf51_errata_50), (4 bytes).
    Removing system_nrf52.o(i.nrf51_errata_51), (4 bytes).
    Removing system_nrf52.o(i.nrf51_errata_52), (4 bytes).
    Removing system_nrf52.o(i.nrf51_errata_53), (4 bytes).
    Removing system_nrf52.o(i.nrf51_errata_54), (4 bytes).
    Removing system_nrf52.o(i.nrf51_errata_55), (4 bytes).
    Removing system_nrf52.o(i.nrf51_errata_56), (4 bytes).
    Removing system_nrf52.o(i.nrf51_errata_57), (4 bytes).
    Removing system_nrf52.o(i.nrf51_errata_58), (4 bytes).
    Removing system_nrf52.o(i.nrf51_errata_59), (4 bytes).
    Removing system_nrf52.o(i.nrf51_errata_6), (4 bytes).
    Removing system_nrf52.o(i.nrf51_errata_60), (4 bytes).
    Removing system_nrf52.o(i.nrf51_errata_61), (4 bytes).
    Removing system_nrf52.o(i.nrf51_errata_62), (4 bytes).
    Removing system_nrf52.o(i.nrf51_errata_63), (4 bytes).
    Removing system_nrf52.o(i.nrf51_errata_64), (4 bytes).
    Removing system_nrf52.o(i.nrf51_errata_65), (4 bytes).
    Removing system_nrf52.o(i.nrf51_errata_66), (4 bytes).
    Removing system_nrf52.o(i.nrf51_errata_67), (4 bytes).
    Removing system_nrf52.o(i.nrf51_errata_68), (4 bytes).
    Removing system_nrf52.o(i.nrf51_errata_69), (4 bytes).
    Removing system_nrf52.o(i.nrf51_errata_7), (4 bytes).
    Removing system_nrf52.o(i.nrf51_errata_70), (4 bytes).
    Removing system_nrf52.o(i.nrf51_errata_71), (4 bytes).
    Removing system_nrf52.o(i.nrf51_errata_72), (4 bytes).
    Removing system_nrf52.o(i.nrf51_errata_73), (4 bytes).
    Removing system_nrf52.o(i.nrf51_errata_74), (4 bytes).
    Removing system_nrf52.o(i.nrf51_errata_75), (4 bytes).
    Removing system_nrf52.o(i.nrf51_errata_76), (4 bytes).
    Removing system_nrf52.o(i.nrf51_errata_77), (4 bytes).
    Removing system_nrf52.o(i.nrf51_errata_78), (4 bytes).
    Removing system_nrf52.o(i.nrf51_errata_8), (4 bytes).
    Removing system_nrf52.o(i.nrf51_errata_9), (4 bytes).
    Removing system_nrf52.o(i.nrf52_errata_1), (64 bytes).
    Removing system_nrf52.o(i.nrf52_errata_10), (64 bytes).
    Removing system_nrf52.o(i.nrf52_errata_101), (92 bytes).
    Removing system_nrf52.o(i.nrf52_errata_102), (92 bytes).
    Removing system_nrf52.o(i.nrf52_errata_103), (4 bytes).
    Removing system_nrf52.o(i.nrf52_errata_104), (4 bytes).
    Removing system_nrf52.o(i.nrf52_errata_106), (92 bytes).
    Removing system_nrf52.o(i.nrf52_errata_107), (92 bytes).
    Removing system_nrf52.o(i.nrf52_errata_109), (92 bytes).
    Removing system_nrf52.o(i.nrf52_errata_11), (64 bytes).
    Removing system_nrf52.o(i.nrf52_errata_110), (4 bytes).
    Removing system_nrf52.o(i.nrf52_errata_111), (4 bytes).
    Removing system_nrf52.o(i.nrf52_errata_112), (4 bytes).
    Removing system_nrf52.o(i.nrf52_errata_113), (92 bytes).
    Removing system_nrf52.o(i.nrf52_errata_115), (4 bytes).
    Removing system_nrf52.o(i.nrf52_errata_116), (4 bytes).
    Removing system_nrf52.o(i.nrf52_errata_117), (4 bytes).
    Removing system_nrf52.o(i.nrf52_errata_118), (4 bytes).
    Removing system_nrf52.o(i.nrf52_errata_119), (4 bytes).
    Removing system_nrf52.o(i.nrf52_errata_120), (4 bytes).
    Removing system_nrf52.o(i.nrf52_errata_121), (4 bytes).
    Removing system_nrf52.o(i.nrf52_errata_122), (4 bytes).
    Removing system_nrf52.o(i.nrf52_errata_127), (4 bytes).
    Removing system_nrf52.o(i.nrf52_errata_128), (4 bytes).
    Removing system_nrf52.o(i.nrf52_errata_131), (4 bytes).
    Removing system_nrf52.o(i.nrf52_errata_132), (92 bytes).
    Removing system_nrf52.o(i.nrf52_errata_133), (4 bytes).
    Removing system_nrf52.o(i.nrf52_errata_134), (4 bytes).
    Removing system_nrf52.o(i.nrf52_errata_135), (4 bytes).
    Removing system_nrf52.o(i.nrf52_errata_138), (92 bytes).
    Removing system_nrf52.o(i.nrf52_errata_140), (4 bytes).
    Removing system_nrf52.o(i.nrf52_errata_141), (92 bytes).
    Removing system_nrf52.o(i.nrf52_errata_142), (4 bytes).
    Removing system_nrf52.o(i.nrf52_errata_143), (92 bytes).
    Removing system_nrf52.o(i.nrf52_errata_144), (4 bytes).
    Removing system_nrf52.o(i.nrf52_errata_145), (4 bytes).
    Removing system_nrf52.o(i.nrf52_errata_146), (92 bytes).
    Removing system_nrf52.o(i.nrf52_errata_147), (4 bytes).
    Removing system_nrf52.o(i.nrf52_errata_149), (92 bytes).
    Removing system_nrf52.o(i.nrf52_errata_15), (92 bytes).
    Removing system_nrf52.o(i.nrf52_errata_150), (92 bytes).
    Removing system_nrf52.o(i.nrf52_errata_151), (4 bytes).
    Removing system_nrf52.o(i.nrf52_errata_153), (4 bytes).
    Removing system_nrf52.o(i.nrf52_errata_154), (4 bytes).
    Removing system_nrf52.o(i.nrf52_errata_155), (92 bytes).
    Removing system_nrf52.o(i.nrf52_errata_156), (92 bytes).
    Removing system_nrf52.o(i.nrf52_errata_158), (4 bytes).
    Removing system_nrf52.o(i.nrf52_errata_160), (4 bytes).
    Removing system_nrf52.o(i.nrf52_errata_162), (4 bytes).
    Removing system_nrf52.o(i.nrf52_errata_163), (92 bytes).
    Removing system_nrf52.o(i.nrf52_errata_164), (4 bytes).
    Removing system_nrf52.o(i.nrf52_errata_166), (4 bytes).
    Removing system_nrf52.o(i.nrf52_errata_17), (64 bytes).
    Removing system_nrf52.o(i.nrf52_errata_170), (4 bytes).
    Removing system_nrf52.o(i.nrf52_errata_171), (4 bytes).
    Removing system_nrf52.o(i.nrf52_errata_172), (4 bytes).
    Removing system_nrf52.o(i.nrf52_errata_173), (92 bytes).
    Removing system_nrf52.o(i.nrf52_errata_174), (4 bytes).
    Removing system_nrf52.o(i.nrf52_errata_176), (92 bytes).
    Removing system_nrf52.o(i.nrf52_errata_178), (92 bytes).
    Removing system_nrf52.o(i.nrf52_errata_179), (92 bytes).
    Removing system_nrf52.o(i.nrf52_errata_180), (4 bytes).
    Removing system_nrf52.o(i.nrf52_errata_181), (92 bytes).
    Removing system_nrf52.o(i.nrf52_errata_183), (92 bytes).
    Removing system_nrf52.o(i.nrf52_errata_184), (4 bytes).
    Removing system_nrf52.o(i.nrf52_errata_186), (4 bytes).
    Removing system_nrf52.o(i.nrf52_errata_187), (4 bytes).
    Removing system_nrf52.o(i.nrf52_errata_189), (4 bytes).
    Removing system_nrf52.o(i.nrf52_errata_190), (4 bytes).
    Removing system_nrf52.o(i.nrf52_errata_191), (4 bytes).
    Removing system_nrf52.o(i.nrf52_errata_192), (92 bytes).
    Removing system_nrf52.o(i.nrf52_errata_193), (4 bytes).
    Removing system_nrf52.o(i.nrf52_errata_194), (92 bytes).
    Removing system_nrf52.o(i.nrf52_errata_195), (4 bytes).
    Removing system_nrf52.o(i.nrf52_errata_196), (92 bytes).
    Removing system_nrf52.o(i.nrf52_errata_197), (4 bytes).
    Removing system_nrf52.o(i.nrf52_errata_198), (4 bytes).
    Removing system_nrf52.o(i.nrf52_errata_199), (4 bytes).
    Removing system_nrf52.o(i.nrf52_errata_2), (64 bytes).
    Removing system_nrf52.o(i.nrf52_errata_20), (92 bytes).
    Removing system_nrf52.o(i.nrf52_errata_200), (4 bytes).
    Removing system_nrf52.o(i.nrf52_errata_201), (92 bytes).
    Removing system_nrf52.o(i.nrf52_errata_202), (4 bytes).
    Removing system_nrf52.o(i.nrf52_errata_204), (92 bytes).
    Removing system_nrf52.o(i.nrf52_errata_208), (4 bytes).
    Removing system_nrf52.o(i.nrf52_errata_209), (4 bytes).
    Removing system_nrf52.o(i.nrf52_errata_210), (92 bytes).
    Removing system_nrf52.o(i.nrf52_errata_211), (4 bytes).
    Removing system_nrf52.o(i.nrf52_errata_212), (92 bytes).
    Removing system_nrf52.o(i.nrf52_errata_213), (92 bytes).
    Removing system_nrf52.o(i.nrf52_errata_214), (4 bytes).
    Removing system_nrf52.o(i.nrf52_errata_215), (4 bytes).
    Removing system_nrf52.o(i.nrf52_errata_216), (4 bytes).
    Removing system_nrf52.o(i.nrf52_errata_217), (4 bytes).
    Removing system_nrf52.o(i.nrf52_errata_218), (92 bytes).
    Removing system_nrf52.o(i.nrf52_errata_219), (92 bytes).
    Removing system_nrf52.o(i.nrf52_errata_220), (92 bytes).
    Removing system_nrf52.o(i.nrf52_errata_223), (4 bytes).
    Removing system_nrf52.o(i.nrf52_errata_225), (4 bytes).
    Removing system_nrf52.o(i.nrf52_errata_228), (4 bytes).
    Removing system_nrf52.o(i.nrf52_errata_23), (64 bytes).
    Removing system_nrf52.o(i.nrf52_errata_230), (4 bytes).
    Removing system_nrf52.o(i.nrf52_errata_231), (4 bytes).
    Removing system_nrf52.o(i.nrf52_errata_232), (4 bytes).
    Removing system_nrf52.o(i.nrf52_errata_233), (4 bytes).
    Removing system_nrf52.o(i.nrf52_errata_236), (4 bytes).
    Removing system_nrf52.o(i.nrf52_errata_237), (4 bytes).
    Removing system_nrf52.o(i.nrf52_errata_24), (64 bytes).
    Removing system_nrf52.o(i.nrf52_errata_248), (4 bytes).
    Removing system_nrf52.o(i.nrf52_errata_25), (64 bytes).
    Removing system_nrf52.o(i.nrf52_errata_26), (64 bytes).
    Removing system_nrf52.o(i.nrf52_errata_27), (64 bytes).
    Removing system_nrf52.o(i.nrf52_errata_28), (64 bytes).
    Removing system_nrf52.o(i.nrf52_errata_29), (64 bytes).
    Removing system_nrf52.o(i.nrf52_errata_3), (64 bytes).
    Removing system_nrf52.o(i.nrf52_errata_30), (64 bytes).
    Removing system_nrf52.o(i.nrf52_errata_33), (64 bytes).
    Removing system_nrf52.o(i.nrf52_errata_34), (64 bytes).
    Removing system_nrf52.o(i.nrf52_errata_35), (64 bytes).
    Removing system_nrf52.o(i.nrf52_errata_38), (64 bytes).
    Removing system_nrf52.o(i.nrf52_errata_39), (64 bytes).
    Removing system_nrf52.o(i.nrf52_errata_4), (64 bytes).
    Removing system_nrf52.o(i.nrf52_errata_40), (64 bytes).
    Removing system_nrf52.o(i.nrf52_errata_41), (64 bytes).
    Removing system_nrf52.o(i.nrf52_errata_42), (64 bytes).
    Removing system_nrf52.o(i.nrf52_errata_43), (64 bytes).
    Removing system_nrf52.o(i.nrf52_errata_44), (64 bytes).
    Removing system_nrf52.o(i.nrf52_errata_46), (64 bytes).
    Removing system_nrf52.o(i.nrf52_errata_47), (64 bytes).
    Removing system_nrf52.o(i.nrf52_errata_48), (64 bytes).
    Removing system_nrf52.o(i.nrf52_errata_49), (64 bytes).
    Removing system_nrf52.o(i.nrf52_errata_51), (92 bytes).
    Removing system_nrf52.o(i.nrf52_errata_54), (92 bytes).
    Removing system_nrf52.o(i.nrf52_errata_55), (92 bytes).
    Removing system_nrf52.o(i.nrf52_errata_58), (92 bytes).
    Removing system_nrf52.o(i.nrf52_errata_62), (64 bytes).
    Removing system_nrf52.o(i.nrf52_errata_63), (64 bytes).
    Removing system_nrf52.o(i.nrf52_errata_64), (92 bytes).
    Removing system_nrf52.o(i.nrf52_errata_65), (64 bytes).
    Removing system_nrf52.o(i.nrf52_errata_67), (92 bytes).
    Removing system_nrf52.o(i.nrf52_errata_68), (92 bytes).
    Removing system_nrf52.o(i.nrf52_errata_7), (64 bytes).
    Removing system_nrf52.o(i.nrf52_errata_70), (64 bytes).
    Removing system_nrf52.o(i.nrf52_errata_71), (64 bytes).
    Removing system_nrf52.o(i.nrf52_errata_72), (92 bytes).
    Removing system_nrf52.o(i.nrf52_errata_73), (64 bytes).
    Removing system_nrf52.o(i.nrf52_errata_74), (92 bytes).
    Removing system_nrf52.o(i.nrf52_errata_75), (92 bytes).
    Removing system_nrf52.o(i.nrf52_errata_76), (92 bytes).
    Removing system_nrf52.o(i.nrf52_errata_77), (92 bytes).
    Removing system_nrf52.o(i.nrf52_errata_78), (92 bytes).
    Removing system_nrf52.o(i.nrf52_errata_79), (92 bytes).
    Removing system_nrf52.o(i.nrf52_errata_8), (64 bytes).
    Removing system_nrf52.o(i.nrf52_errata_81), (92 bytes).
    Removing system_nrf52.o(i.nrf52_errata_83), (92 bytes).
    Removing system_nrf52.o(i.nrf52_errata_84), (92 bytes).
    Removing system_nrf52.o(i.nrf52_errata_86), (92 bytes).
    Removing system_nrf52.o(i.nrf52_errata_87), (92 bytes).
    Removing system_nrf52.o(i.nrf52_errata_88), (92 bytes).
    Removing system_nrf52.o(i.nrf52_errata_89), (92 bytes).
    Removing system_nrf52.o(i.nrf52_errata_9), (64 bytes).
    Removing system_nrf52.o(i.nrf52_errata_91), (92 bytes).
    Removing system_nrf52.o(i.nrf52_errata_94), (4 bytes).
    Removing system_nrf52.o(i.nrf52_errata_96), (4 bytes).
    Removing system_nrf52.o(i.nrf52_errata_97), (92 bytes).
    Removing system_nrf52.o(i.nrf52_errata_98), (4 bytes).
    Removing system_nrf52.o(i.nrf53_errata_1), (4 bytes).
    Removing system_nrf52.o(i.nrf53_errata_10), (4 bytes).
    Removing system_nrf52.o(i.nrf53_errata_103), (4 bytes).
    Removing system_nrf52.o(i.nrf53_errata_105), (4 bytes).
    Removing system_nrf52.o(i.nrf53_errata_106), (4 bytes).
    Removing system_nrf52.o(i.nrf53_errata_109), (4 bytes).
    Removing system_nrf52.o(i.nrf53_errata_11), (4 bytes).
    Removing system_nrf52.o(i.nrf53_errata_110), (4 bytes).
    Removing system_nrf52.o(i.nrf53_errata_113), (4 bytes).
    Removing system_nrf52.o(i.nrf53_errata_114), (4 bytes).
    Removing system_nrf52.o(i.nrf53_errata_115), (4 bytes).
    Removing system_nrf52.o(i.nrf53_errata_116), (4 bytes).
    Removing system_nrf52.o(i.nrf53_errata_119), (4 bytes).
    Removing system_nrf52.o(i.nrf53_errata_12), (4 bytes).
    Removing system_nrf52.o(i.nrf53_errata_13), (4 bytes).
    Removing system_nrf52.o(i.nrf53_errata_14), (4 bytes).
    Removing system_nrf52.o(i.nrf53_errata_15), (4 bytes).
    Removing system_nrf52.o(i.nrf53_errata_16), (4 bytes).
    Removing system_nrf52.o(i.nrf53_errata_18), (4 bytes).
    Removing system_nrf52.o(i.nrf53_errata_19), (4 bytes).
    Removing system_nrf52.o(i.nrf53_errata_2), (4 bytes).
    Removing system_nrf52.o(i.nrf53_errata_20), (4 bytes).
    Removing system_nrf52.o(i.nrf53_errata_21), (4 bytes).
    Removing system_nrf52.o(i.nrf53_errata_22), (4 bytes).
    Removing system_nrf52.o(i.nrf53_errata_23), (4 bytes).
    Removing system_nrf52.o(i.nrf53_errata_26), (4 bytes).
    Removing system_nrf52.o(i.nrf53_errata_27), (4 bytes).
    Removing system_nrf52.o(i.nrf53_errata_28), (4 bytes).
    Removing system_nrf52.o(i.nrf53_errata_29), (4 bytes).
    Removing system_nrf52.o(i.nrf53_errata_3), (4 bytes).
    Removing system_nrf52.o(i.nrf53_errata_30), (4 bytes).
    Removing system_nrf52.o(i.nrf53_errata_31), (4 bytes).
    Removing system_nrf52.o(i.nrf53_errata_32), (4 bytes).
    Removing system_nrf52.o(i.nrf53_errata_33), (4 bytes).
    Removing system_nrf52.o(i.nrf53_errata_34), (4 bytes).
    Removing system_nrf52.o(i.nrf53_errata_36), (4 bytes).
    Removing system_nrf52.o(i.nrf53_errata_37), (4 bytes).
    Removing system_nrf52.o(i.nrf53_errata_4), (4 bytes).
    Removing system_nrf52.o(i.nrf53_errata_42), (4 bytes).
    Removing system_nrf52.o(i.nrf53_errata_43), (4 bytes).
    Removing system_nrf52.o(i.nrf53_errata_44), (4 bytes).
    Removing system_nrf52.o(i.nrf53_errata_45), (4 bytes).
    Removing system_nrf52.o(i.nrf53_errata_46), (4 bytes).
    Removing system_nrf52.o(i.nrf53_errata_47), (4 bytes).
    Removing system_nrf52.o(i.nrf53_errata_49), (4 bytes).
    Removing system_nrf52.o(i.nrf53_errata_5), (4 bytes).
    Removing system_nrf52.o(i.nrf53_errata_50), (4 bytes).
    Removing system_nrf52.o(i.nrf53_errata_51), (4 bytes).
    Removing system_nrf52.o(i.nrf53_errata_52), (4 bytes).
    Removing system_nrf52.o(i.nrf53_errata_53), (4 bytes).
    Removing system_nrf52.o(i.nrf53_errata_54), (4 bytes).
    Removing system_nrf52.o(i.nrf53_errata_55), (4 bytes).
    Removing system_nrf52.o(i.nrf53_errata_57), (4 bytes).
    Removing system_nrf52.o(i.nrf53_errata_58), (4 bytes).
    Removing system_nrf52.o(i.nrf53_errata_59), (4 bytes).
    Removing system_nrf52.o(i.nrf53_errata_6), (4 bytes).
    Removing system_nrf52.o(i.nrf53_errata_62), (4 bytes).
    Removing system_nrf52.o(i.nrf53_errata_64), (4 bytes).
    Removing system_nrf52.o(i.nrf53_errata_65), (4 bytes).
    Removing system_nrf52.o(i.nrf53_errata_66), (4 bytes).
    Removing system_nrf52.o(i.nrf53_errata_67), (4 bytes).
    Removing system_nrf52.o(i.nrf53_errata_69), (4 bytes).
    Removing system_nrf52.o(i.nrf53_errata_7), (4 bytes).
    Removing system_nrf52.o(i.nrf53_errata_70), (4 bytes).
    Removing system_nrf52.o(i.nrf53_errata_71), (4 bytes).
    Removing system_nrf52.o(i.nrf53_errata_72), (4 bytes).
    Removing system_nrf52.o(i.nrf53_errata_73), (4 bytes).
    Removing system_nrf52.o(i.nrf53_errata_74), (4 bytes).
    Removing system_nrf52.o(i.nrf53_errata_75), (4 bytes).
    Removing system_nrf52.o(i.nrf53_errata_76), (4 bytes).
    Removing system_nrf52.o(i.nrf53_errata_77), (4 bytes).
    Removing system_nrf52.o(i.nrf53_errata_79), (4 bytes).
    Removing system_nrf52.o(i.nrf53_errata_8), (4 bytes).
    Removing system_nrf52.o(i.nrf53_errata_80), (4 bytes).
    Removing system_nrf52.o(i.nrf53_errata_81), (4 bytes).
    Removing system_nrf52.o(i.nrf53_errata_82), (4 bytes).
    Removing system_nrf52.o(i.nrf53_errata_83), (4 bytes).
    Removing system_nrf52.o(i.nrf53_errata_84), (4 bytes).
    Removing system_nrf52.o(i.nrf53_errata_85), (4 bytes).
    Removing system_nrf52.o(i.nrf53_errata_86), (4 bytes).
    Removing system_nrf52.o(i.nrf53_errata_87), (4 bytes).
    Removing system_nrf52.o(i.nrf53_errata_9), (4 bytes).
    Removing system_nrf52.o(i.nrf53_errata_90), (4 bytes).
    Removing system_nrf52.o(i.nrf53_errata_91), (4 bytes).
    Removing system_nrf52.o(i.nrf53_errata_93), (4 bytes).
    Removing system_nrf52.o(i.nrf53_errata_95), (4 bytes).
    Removing system_nrf52.o(i.nrf53_errata_97), (4 bytes).
    Removing system_nrf52.o(i.nrf91_errata_1), (4 bytes).
    Removing system_nrf52.o(i.nrf91_errata_10), (4 bytes).
    Removing system_nrf52.o(i.nrf91_errata_12), (4 bytes).
    Removing system_nrf52.o(i.nrf91_errata_14), (4 bytes).
    Removing system_nrf52.o(i.nrf91_errata_15), (4 bytes).
    Removing system_nrf52.o(i.nrf91_errata_16), (4 bytes).
    Removing system_nrf52.o(i.nrf91_errata_17), (4 bytes).
    Removing system_nrf52.o(i.nrf91_errata_2), (4 bytes).
    Removing system_nrf52.o(i.nrf91_errata_20), (4 bytes).
    Removing system_nrf52.o(i.nrf91_errata_21), (4 bytes).
    Removing system_nrf52.o(i.nrf91_errata_23), (4 bytes).
    Removing system_nrf52.o(i.nrf91_errata_24), (4 bytes).
    Removing system_nrf52.o(i.nrf91_errata_26), (4 bytes).
    Removing system_nrf52.o(i.nrf91_errata_27), (4 bytes).
    Removing system_nrf52.o(i.nrf91_errata_28), (4 bytes).
    Removing system_nrf52.o(i.nrf91_errata_29), (4 bytes).
    Removing system_nrf52.o(i.nrf91_errata_30), (4 bytes).
    Removing system_nrf52.o(i.nrf91_errata_31), (4 bytes).
    Removing system_nrf52.o(i.nrf91_errata_32), (4 bytes).
    Removing system_nrf52.o(i.nrf91_errata_33), (4 bytes).
    Removing system_nrf52.o(i.nrf91_errata_4), (4 bytes).
    Removing system_nrf52.o(i.nrf91_errata_6), (4 bytes).
    Removing system_nrf52.o(i.nrf91_errata_7), (4 bytes).
    Removing system_nrf52.o(i.nrf91_errata_8), (4 bytes).
    Removing system_nrf52.o(i.nrf91_errata_9), (4 bytes).
    Removing dadd.o(.text), (334 bytes).
    Removing dmul.o(.text), (228 bytes).
    Removing ddiv.o(.text), (222 bytes).
    Removing dfixul.o(.text), (48 bytes).
    Removing cdrcmple.o(.text), (48 bytes).
    Removing depilogue.o(.text), (186 bytes).

970 unused section(s) (total 42776 bytes) removed from the image.
