Component: ARM Compiler 5.06 update 7 (build 960) Tool: armlink [4d3601]

==============================================================================

Section Cross References

    e2prom.o(i.E2PROM_Delayms) refers to watchdog.o(i.WDT_Clear) for WDT_Clear
    e2prom.o(i.E2PROM_I2C_Init) refers to gd32f10x_rcu.o(i.rcu_periph_clock_enable) for rcu_periph_clock_enable
    e2prom.o(i.E2PROM_I2C_Init) refers to gd32f10x_gpio.o(i.gpio_init) for gpio_init
    e2prom.o(i.E2PROM_I2C_Init) refers to gd32f10x_gpio.o(i.gpio_bit_write) for gpio_bit_write
    e2prom.o(i.E2PROM_I2C_ReadByte) refers to gd32f10x_gpio.o(i.gpio_bit_write) for gpio_bit_write
    e2prom.o(i.E2PROM_I2C_ReadByte) refers to e2prom.o(i.E2PROM_Delayus) for E2PROM_Delayus
    e2prom.o(i.E2PROM_I2C_ReadByte) refers to gd32f10x_gpio.o(i.gpio_input_bit_get) for gpio_input_bit_get
    e2prom.o(i.E2PROM_I2C_Start) refers to gd32f10x_gpio.o(i.gpio_bit_write) for gpio_bit_write
    e2prom.o(i.E2PROM_I2C_Start) refers to e2prom.o(i.E2PROM_Delayus) for E2PROM_Delayus
    e2prom.o(i.E2PROM_I2C_Stop) refers to gd32f10x_gpio.o(i.gpio_bit_write) for gpio_bit_write
    e2prom.o(i.E2PROM_I2C_Stop) refers to e2prom.o(i.E2PROM_Delayus) for E2PROM_Delayus
    e2prom.o(i.E2PROM_I2C_WriteByte) refers to gd32f10x_gpio.o(i.gpio_bit_write) for gpio_bit_write
    e2prom.o(i.E2PROM_I2C_WriteByte) refers to e2prom.o(i.E2PROM_Delayus) for E2PROM_Delayus
    e2prom.o(i.E2PROM_Init) refers to e2prom.o(i.E2PROM_I2C_Init) for E2PROM_I2C_Init
    e2prom.o(i.E2PROM_ReadByte) refers to e2prom.o(i.E2PROM_I2C_Start) for E2PROM_I2C_Start
    e2prom.o(i.E2PROM_ReadByte) refers to e2prom.o(i.E2PROM_I2C_WriteByte) for E2PROM_I2C_WriteByte
    e2prom.o(i.E2PROM_ReadByte) refers to e2prom.o(i.E2PROM_I2C_ReadByte) for E2PROM_I2C_ReadByte
    e2prom.o(i.E2PROM_ReadByte) refers to e2prom.o(i.E2PROM_I2C_Stop) for E2PROM_I2C_Stop
    e2prom.o(i.E2PROM_ReadByteArray) refers to e2prom.o(i.E2PROM_I2C_Start) for E2PROM_I2C_Start
    e2prom.o(i.E2PROM_ReadByteArray) refers to e2prom.o(i.E2PROM_I2C_WriteByte) for E2PROM_I2C_WriteByte
    e2prom.o(i.E2PROM_ReadByteArray) refers to e2prom.o(i.E2PROM_I2C_ReadByte) for E2PROM_I2C_ReadByte
    e2prom.o(i.E2PROM_ReadByteArray) refers to e2prom.o(i.E2PROM_I2C_Stop) for E2PROM_I2C_Stop
    e2prom.o(i.E2PROM_ReadInt) refers to e2prom.o(i.E2PROM_I2C_Start) for E2PROM_I2C_Start
    e2prom.o(i.E2PROM_ReadInt) refers to e2prom.o(i.E2PROM_I2C_WriteByte) for E2PROM_I2C_WriteByte
    e2prom.o(i.E2PROM_ReadInt) refers to e2prom.o(i.E2PROM_I2C_ReadByte) for E2PROM_I2C_ReadByte
    e2prom.o(i.E2PROM_ReadInt) refers to e2prom.o(i.E2PROM_I2C_Stop) for E2PROM_I2C_Stop
    e2prom.o(i.E2PROM_ReadWord) refers to e2prom.o(i.E2PROM_I2C_Start) for E2PROM_I2C_Start
    e2prom.o(i.E2PROM_ReadWord) refers to e2prom.o(i.E2PROM_I2C_WriteByte) for E2PROM_I2C_WriteByte
    e2prom.o(i.E2PROM_ReadWord) refers to e2prom.o(i.E2PROM_I2C_ReadByte) for E2PROM_I2C_ReadByte
    e2prom.o(i.E2PROM_ReadWord) refers to e2prom.o(i.E2PROM_I2C_Stop) for E2PROM_I2C_Stop
    e2prom.o(i.E2PROM_ServiceGetIDAddr) refers to e2prom.o(.bss) for .bss
    e2prom.o(i.E2PROM_ServiceGetRomSize) refers to e2prom.o(.bss) for .bss
    e2prom.o(i.E2PROM_ServiceInit) refers to e2prom.o(i.E2PROM_ServiceRegister32bit) for E2PROM_ServiceRegister32bit
    e2prom.o(i.E2PROM_ServiceInit) refers to e2prom.o(.bss) for .bss
    e2prom.o(i.E2PROM_ServiceRead16bit) refers to e2prom.o(i.E2PROM_ServiceReadArray) for E2PROM_ServiceReadArray
    e2prom.o(i.E2PROM_ServiceRead32bit) refers to e2prom.o(i.E2PROM_ServiceReadArray) for E2PROM_ServiceReadArray
    e2prom.o(i.E2PROM_ServiceRead8bit) refers to e2prom.o(i.E2PROM_ServiceReadArray) for E2PROM_ServiceReadArray
    e2prom.o(i.E2PROM_ServiceReadArray) refers to e2prom.o(i.E2PROM_ReadByteArray) for E2PROM_ReadByteArray
    e2prom.o(i.E2PROM_ServiceReadArray) refers to e2prom.o(.bss) for .bss
    e2prom.o(i.E2PROM_ServiceReadByID) refers to e2prom.o(i.E2PROM_ServiceRead8bit) for E2PROM_ServiceRead8bit
    e2prom.o(i.E2PROM_ServiceReadByID) refers to e2prom.o(i.E2PROM_ServiceRead16bit) for E2PROM_ServiceRead16bit
    e2prom.o(i.E2PROM_ServiceReadByID) refers to e2prom.o(i.E2PROM_ServiceRead32bit) for E2PROM_ServiceRead32bit
    e2prom.o(i.E2PROM_ServiceReadByID) refers to e2prom.o(.bss) for .bss
    e2prom.o(i.E2PROM_ServiceRegister) refers to e2prom.o(i.E2PROM_ReadByteArray) for E2PROM_ReadByteArray
    e2prom.o(i.E2PROM_ServiceRegister) refers to e2prom.o(i.E2PROM_WriteByteArray) for E2PROM_WriteByteArray
    e2prom.o(i.E2PROM_ServiceRegister) refers to e2prom.o(.bss) for .bss
    e2prom.o(i.E2PROM_ServiceRegister16bit) refers to e2prom.o(i.E2PROM_ServiceRegister) for E2PROM_ServiceRegister
    e2prom.o(i.E2PROM_ServiceRegister32bit) refers to e2prom.o(i.E2PROM_ServiceRegister) for E2PROM_ServiceRegister
    e2prom.o(i.E2PROM_ServiceRegister8bit) refers to e2prom.o(i.E2PROM_ServiceRegister) for E2PROM_ServiceRegister
[...]
    User\iapCtrlUart.c                       0x00000000   Number         0  iapctrluart.o ABSOLUTE
    User\main.c                              0x00000000   Number         0  main.o ABSOLUTE
    User\param.c                             0x00000000   Number         0  param.o ABSOLUTE
    User\powerCtl.c                          0x00000000   Number         0  powerctl.o ABSOLUTE
    User\spiflash.c                          0x00000000   Number         0  spiflash.o ABSOLUTE
    User\state.c                             0x00000000   Number         0  state.o ABSOLUTE
    User\stringOperation.c                   0x00000000   Number         0  stringoperation.o ABSOLUTE
    User\sysInfo.c                           0x00000000   Number         0  sysinfo.o ABSOLUTE
    User\system.c                            0x00000000   Number         0  system.o ABSOLUTE
    User\systick.c                           0x00000000   Number         0  systick.o ABSOLUTE
    User\timer.c                             0x00000000   Number         0  timer.o ABSOLUTE
    User\watchdog.c                          0x00000000   Number         0  watchdog.o ABSOLUTE
    cdrcmple.s                               0x00000000   Number         0  cdrcmple.o ABSOLUTE
    dc.s                                     0x00000000   Number         0  dc.o ABSOLUTE
    handlers.s                               0x00000000   Number         0  handlers.o ABSOLUTE
    init.s                                   0x00000000   Number         0  init.o ABSOLUTE
    RESET                                    0x08000000   Section      304  startup_gd32f10x_xd.o(RESET)
    .ARM.Collect$$$$00000000                 0x08000130   Section        0  entry.o(.ARM.Collect$$$$00000000)
    .ARM.Collect$$$$00000001                 0x08000130   Section        4  entry2.o(.ARM.Collect$$$$00000001)
    .ARM.Collect$$$$00000004                 0x08000134   Section        4  entry5.o(.ARM.Collect$$$$00000004)
    .ARM.Collect$$$$00000008                 0x08000138   Section        0  entry7b.o(.ARM.Collect$$$$00000008)
    .ARM.Collect$$$$0000000A                 0x08000138   Section        0  entry8b.o(.ARM.Collect$$$$0000000A)
    .ARM.Collect$$$$0000000B                 0x08000138   Section        8  entry9a.o(.ARM.Collect$$$$0000000B)
    .ARM.Collect$$$$0000000E                 0x08000140   Section        4  entry12b.o(.ARM.Collect$$$$0000000E)
    .ARM.Collect$$$$0000000F                 0x08000144   Section        0  entry10a.o(.ARM.Collect$$$$0000000F)
    .ARM.Collect$$$$00000011                 0x08000144   Section        0  entry11a.o(.ARM.Collect$$$$00000011)
    .ARM.Collect$$$$00002712                 0x08000144   Section        4  entry2.o(.ARM.Collect$$$$00002712)
    __lit__00000000                          0x08000144   Data           4  entry2.o(.ARM.Collect$$$$00002712)
    .text                                    0x08000148   Section       36  startup_gd32f10x_xd.o(.text)
    .text                                    0x0800016c   Section        0  memseta.o(.text)
    .text                                    0x08000190   Section        0  strstr.o(.text)
    .text                                    0x080001b4   Section        0  uldiv.o(.text)
    .text                                    0x08000218   Section       36  init.o(.text)
    .text                                    0x0800023c   Section        0  llshl.o(.text)
    .text                                    0x0800025a   Section        0  llushr.o(.text)
    i.BLE_UART_BC_SendData                   0x0800027c   Section        0  bleuart.o(i.BLE_UART_BC_SendData)
    i.BLE_UART_BleConnectState               0x080002a4   Section        0  bleuart.o(i.BLE_UART_BleConnectState)
    i.BLE_UART_CALLBALL_GetBleMacAddrRequest 0x080002cc   Section        0  bleuart.o(i.BLE_UART_CALLBALL_GetBleMacAddrRequest)
    i.BLE_UART_RcvBleMacAddr                 0x080002d4   Section        0  bleuart.o(i.BLE_UART_RcvBleMacAddr)
    i.BLE_UART_SendCmdGetBleMacAddr          0x080003fc   Section        0  bleuart.o(i.BLE_UART_SendCmdGetBleMacAddr)
    i.BusFault_Handler                       0x08000430   Section        0  gd32f10x_it.o(i.BusFault_Handler)
    i.DMA0_Channel1_IRQHandler               0x08000434   Section        0  spiflash.o(i.DMA0_Channel1_IRQHandler)
    i.DMA0_Channel2_IRQHandler               0x08000488   Section        0  spiflash.o(i.DMA0_Channel2_IRQHandler)
    i.DMAy_SPIx_Configuration                0x080004e4   Section        0  spiflash.o(i.DMAy_SPIx_Configuration)
    DMAy_SPIx_Configuration                  0x080004e5   Thumb Code   238  spiflash.o(i.DMAy_SPIx_Configuration)
    i.DebugMon_Handler                       0x080005e4   Section        0  gd32f10x_it.o(i.DebugMon_Handler)
    i.FACTORY_NVM_SetDirtyFlag               0x080005e8   Section        0  param.o(i.FACTORY_NVM_SetDirtyFlag)
    i.GSM_UART_GpioOnOffControl              0x080005f8   Section        0  gsmuart.o(i.GSM_UART_GpioOnOffControl)
    i.GSM_UART_GsmPowerOnOff                 0x08000618   Section        0  gsmuart.o(i.GSM_UART_GsmPowerOnOff)
    i.GSM_UART_RcvSimICCID                   0x08000644   Section        0  gsmuart.o(i.GSM_UART_RcvSimICCID)
    i.HardFault_Handler                      0x080006b8   Section        0  gd32f10x_it.o(i.HardFault_Handler)
    i.IAP_CTRL_UART_CheckSUM                 0x080006ba   Section        0  iapctrluart.o(i.IAP_CTRL_UART_CheckSUM)
    i.IAP_CTRL_UART_CmdFrameProcess          0x080006f0   Section        0  iapctrluart.o(i.IAP_CTRL_UART_CmdFrameProcess)
    i.IAP_CTRL_UART_ConfirmTempCmdFrameBuff  0x08001058   Section        0  iapctrluart.o(i.IAP_CTRL_UART_ConfirmTempCmdFrameBuff)
    i.IAP_CTRL_UART_DataStructureInit        0x080010a2   Section        0  iapctrluart.o(i.IAP_CTRL_UART_DataStructureInit)
    i.IAP_CTRL_UART_HwInit                   0x08001100   Section        0  iapctrluart.o(i.IAP_CTRL_UART_HwInit)
    i.IAP_CTRL_UART_IR_StartSendData         0x0800119c   Section        0  iapctrluart.o(i.IAP_CTRL_UART_IR_StartSendData)
    i.IAP_CTRL_UART_Init                     0x080011c4   Section        0  iapctrluart.o(i.IAP_CTRL_UART_Init)
    i.IAP_CTRL_UART_LcdControl               0x080011dc   Section        0  iapctrluart.o(i.IAP_CTRL_UART_LcdControl)
    i.IAP_CTRL_UART_Process                  0x08001210   Section        0  iapctrluart.o(i.IAP_CTRL_UART_Process)
    i.IAP_CTRL_UART_RxFIFOProcess            0x0800122c   Section        0  iapctrluart.o(i.IAP_CTRL_UART_RxFIFOProcess)
    i.IAP_CTRL_UART_SendCmdNoResult          0x08001388   Section        0  iapctrluart.o(i.IAP_CTRL_UART_SendCmdNoResult)
    i.IAP_CTRL_UART_SendCmdWithResult        0x080013b4   Section        0  iapctrluart.o(i.IAP_CTRL_UART_SendCmdWithResult)
    i.IAP_CTRL_UART_SendFlagCheck            0x080013e8   Section        0  iapctrluart.o(i.IAP_CTRL_UART_SendFlagCheck)
    i.IAP_CTRL_UART_SendSpiFlashData         0x08001430   Section        0  iapctrluart.o(i.IAP_CTRL_UART_SendSpiFlashData)
    i.IAP_CTRL_UART_SendVersionCheck         0x080014bc   Section        0  iapctrluart.o(i.IAP_CTRL_UART_SendVersionCheck)
    i.IAP_CTRL_UART_TxAddData                0x0800155c   Section        0  iapctrluart.o(i.IAP_CTRL_UART_TxAddData)
    i.IAP_CTRL_UART_TxAddFrame               0x080015a2   Section        0  iapctrluart.o(i.IAP_CTRL_UART_TxAddFrame)
    i.IAP_CTRL_UART_TxProcess                0x0800161e   Section        0  iapctrluart.o(i.IAP_CTRL_UART_TxProcess)
    i.IAP_CheckApp1FlashIsBlank              0x0800167e   Section        0  iap.o(i.IAP_CheckApp1FlashIsBlank)
    i.IAP_CheckApp2FlashIsBlank              0x080016b4   Section        0  iap.o(i.IAP_CheckApp2FlashIsBlank)
    i.IAP_CheckAppRightful                   0x080016ec   Section        0  iap.o(i.IAP_CheckAppRightful)
    i.IAP_EraseAPP1Area                      0x08001714   Section        0  iap.o(i.IAP_EraseAPP1Area)
    i.IAP_EraseAPP2Area                      0x08001780   Section        0  iap.o(i.IAP_EraseAPP2Area)
    i.IAP_EraseAPPArea                       0x080017ec   Section        0  iap.o(i.IAP_EraseAPPArea)
    i.IAP_FlashReadHalfWord                  0x08001858   Section        0  iap.o(i.IAP_FlashReadHalfWord)
    i.IAP_FlashWriteHalfWordArray            0x0800185c   Section        0  iap.o(i.IAP_FlashWriteHalfWordArray)
    i.IAP_FlashWriteHalfWordArrayAndCheck    0x080018b6   Section        0  iap.o(i.IAP_FlashWriteHalfWordArrayAndCheck)
    i.IAP_Init                               0x08001928   Section        0  iap.o(i.IAP_Init)
    i.IAP_JumpToAppFun                       0x08001954   Section        0  iap.o(i.IAP_JumpToAppFun)
    i.IAP_RunAPP                             0x08001978   Section        0  iap.o(i.IAP_RunAPP)
    i.IAP_WriteAppBin                        0x080019c4   Section        0  iap.o(i.IAP_WriteAppBin)
    i.MemManage_Handler                      0x08001a18   Section        0  gd32f10x_it.o(i.MemManage_Handler)
    i.NMI_Handler                            0x08001a1a   Section        0  gd32f10x_it.o(i.NMI_Handler)
    i.NVIC_Configuration                     0x08001a1c   Section        0  system.o(i.NVIC_Configuration)
    NVIC_Configuration                       0x08001a1d   Thumb Code     8  system.o(i.NVIC_Configuration)
    i.NVIC_DMAy_Configuration                0x08001a24   Section        0  spiflash.o(i.NVIC_DMAy_Configuration)
    NVIC_DMAy_Configuration                  0x08001a25   Thumb Code    26  spiflash.o(i.NVIC_DMAy_Configuration)
    i.PARAM_CmpareN                          0x08001a3e   Section        0  param.o(i.PARAM_CmpareN)
    i.PARAM_Init                             0x08001a5c   Section        0  param.o(i.PARAM_Init)
    i.PARAM_SetDefaultRunningData            0x08001a88   Section        0  param.o(i.PARAM_SetDefaultRunningData)
    i.POWER_Init                             0x08001ca8   Section        0  powerctl.o(i.POWER_Init)
    i.PendSV_Handler                         0x08001cf4   Section        0  gd32f10x_it.o(i.PendSV_Handler)
    i.RCC_HSE_Configuration                  0x08001cf8   Section        0  system.o(i.RCC_HSE_Configuration)
    RCC_HSE_Configuration                    0x08001cf9   Thumb Code   144  system.o(i.RCC_HSE_Configuration)
    i.SPI_FLASH_EraseBlock                   0x08001d8c   Section        0  spiflash.o(i.SPI_FLASH_EraseBlock)
    i.SPI_FLASH_EraseRoom                    0x08001dd0   Section        0  spiflash.o(i.SPI_FLASH_EraseRoom)
    i.SPI_FLASH_EraseSector                  0x08001e50   Section        0  spiflash.o(i.SPI_FLASH_EraseSector)
    i.SPI_FLASH_ReadArray                    0x08001e94   Section        0  spiflash.o(i.SPI_FLASH_ReadArray)
    i.SPI_FLASH_ReadByte                     0x08001ef4   Section        0  spiflash.o(i.SPI_FLASH_ReadByte)
    i.SPI_FLASH_ReadWord                     0x08001f06   Section        0  spiflash.o(i.SPI_FLASH_ReadWord)
    i.SPI_FLASH_SendByte                     0x08001f30   Section        0  spiflash.o(i.SPI_FLASH_SendByte)
    i.SPI_FLASH_WaitForWriteEnd              0x08001f8c   Section        0  spiflash.o(i.SPI_FLASH_WaitForWriteEnd)
    i.SPI_FLASH_WriteArray                   0x08001fb8   Section        0  spiflash.o(i.SPI_FLASH_WriteArray)
    i.SPI_FLASH_WriteByte                    0x08002096   Section        0  spiflash.o(i.SPI_FLASH_WriteByte)
    i.SPI_FLASH_WriteEnable                  0x080020a8   Section        0  spiflash.o(i.SPI_FLASH_WriteEnable)
    i.SPI_FLASH_WritePage                    0x080020cc   Section        0  spiflash.o(i.SPI_FLASH_WritePage)
    i.SPI_FLASH_WriteWithCheck               0x0800212c   Section        0  spiflash.o(i.SPI_FLASH_WriteWithCheck)
    i.SPI_FLASH_WriteWithErase               0x08002210   Section        0  spiflash.o(i.SPI_FLASH_WriteWithErase)
    i.SPI_FLASH_WriteWord                    0x080022cc   Section        0  spiflash.o(i.SPI_FLASH_WriteWord)
    i.SPIx_ConfigureWorkMode                 0x080022f0   Section        0  spiflash.o(i.SPIx_ConfigureWorkMode)
    i.SPIx_FLASH_Init                        0x0800231c   Section        0  spiflash.o(i.SPIx_FLASH_Init)
    i.STATE_EnterState                       0x080023bc   Section        0  state.o(i.STATE_EnterState)
    i.STATE_Init                             0x08002434   Section        0  state.o(i.STATE_Init)
    i.STATE_Process                          0x0800245c   Section        0  state.o(i.STATE_Process)
    i.STRING_Find                            0x080024d0   Section        0  stringoperation.o(i.STRING_Find)
    i.SVC_Handler                            0x08002528   Section        0  gd32f10x_it.o(i.SVC_Handler)
    i.SYSTEM_Init                            0x0800252a   Section        0  system.o(i.SYSTEM_Init)
    i.SYSTEM_Rst                             0x0800253c   Section        0  system.o(i.SYSTEM_Rst)
    i.SystemCoreClockUpdate                  0x08002560   Section        0  system_gd32f10x.o(i.SystemCoreClockUpdate)
    i.SystemInit                             0x080025d4   Section        0  system_gd32f10x.o(i.SystemInit)
    i.TIMER1_IRQHandler                      0x08002620   Section        0  timer.o(i.TIMER1_IRQHandler)
    i.TIMER_AddTask                          0x08002644   Section        0  timer.o(i.TIMER_AddTask)
    i.TIMER_AddToQueue                       0x0800268c   Section        0  timer.o(i.TIMER_AddToQueue)
    i.TIMER_CALLBACK_OnTimer                 0x080026e0   Section        0  timer.o(i.TIMER_CALLBACK_OnTimer)
    i.TIMER_DoNothing                        0x08002748   Section        0  timer.o(i.TIMER_DoNothing)
    i.TIMER_Init                             0x0800274c   Section        0  timer.o(i.TIMER_Init)
    i.TIMER_InitTimerx                       0x08002798   Section        0  timer.o(i.TIMER_InitTimerx)
    i.TIMER_KillTask                         0x080027a4   Section        0  timer.o(i.TIMER_KillTask)
    i.TIMER_StartTimerx                      0x08002800   Section        0  timer.o(i.TIMER_StartTimerx)
    i.TIMER_TaskQueueProcess                 0x08002808   Section        0  timer.o(i.TIMER_TaskQueueProcess)
    i.TIMx_INT_Init                          0x08002844   Section        0  timer.o(i.TIMx_INT_Init)
    i.UART3_IRQHandler                       0x08002898   Section        0  gsmuart.o(i.UART3_IRQHandler)
    i.UART_PROTOCOL_SendMcuUid               0x080028e0   Section        0  iapctrluart.o(i.UART_PROTOCOL_SendMcuUid)
    i.USART0_IRQHandler                      0x0800297c   Section        0  bleuart.o(i.USART0_IRQHandler)
    i.USART1_IRQHandler                      0x08002ab4   Section        0  iapctrluart.o(i.USART1_IRQHandler)
    i.UsageFault_Handler                     0x08002bd8   Section        0  gd32f10x_it.o(i.UsageFault_Handler)
    i.WDT_Clear                              0x08002bda   Section        0  watchdog.o(i.WDT_Clear)
    i.__0sprintf$8                           0x08002bdc   Section        0  printf8.o(i.__0sprintf$8)
    i.__scatterload_copy                     0x08002c04   Section       14  handlers.o(i.__scatterload_copy)
    i.__scatterload_null                     0x08002c12   Section        2  handlers.o(i.__scatterload_null)
    i.__scatterload_zeroinit                 0x08002c14   Section       14  handlers.o(i.__scatterload_zeroinit)
    i._printf_core                           0x08002c24   Section        0  printf8.o(i._printf_core)
    _printf_core                             0x08002c25   Thumb Code   984  printf8.o(i._printf_core)
    i._printf_post_padding                   0x08003028   Section        0  printf8.o(i._printf_post_padding)
    _printf_post_padding                     0x08003029   Thumb Code    36  printf8.o(i._printf_post_padding)
    i._printf_pre_padding                    0x0800304c   Section        0  printf8.o(i._printf_pre_padding)
    _printf_pre_padding                      0x0800304d   Thumb Code    46  printf8.o(i._printf_pre_padding)
    i._sputc                                 0x0800307a   Section        0  printf8.o(i._sputc)
    _sputc                                   0x0800307b   Thumb Code    10  printf8.o(i._sputc)
    i.checkVersion                           0x08003084   Section        0  iapctrluart.o(i.checkVersion)
    i.dma_channel_disable                    0x0800309c   Section        0  gd32f10x_dma.o(i.dma_channel_disable)
    i.dma_circulation_disable                0x080030c0   Section        0  gd32f10x_dma.o(i.dma_circulation_disable)
    i.dma_deinit                             0x080030e4   Section        0  gd32f10x_dma.o(i.dma_deinit)
    i.dma_flag_clear                         0x0800311e   Section        0  gd32f10x_dma.o(i.dma_flag_clear)
    i.dma_init                               0x0800312a   Section        0  gd32f10x_dma.o(i.dma_init)
    i.dma_interrupt_disable                  0x080031b0   Section        0  gd32f10x_dma.o(i.dma_interrupt_disable)
    i.dma_interrupt_flag_clear               0x080031d4   Section        0  gd32f10x_dma.o(i.dma_interrupt_flag_clear)
    i.dma_interrupt_flag_get                 0x080031e0   Section        0  gd32f10x_dma.o(i.dma_interrupt_flag_get)
    i.dma_memory_to_memory_disable           0x0800322c   Section        0  gd32f10x_dma.o(i.dma_memory_to_memory_disable)
    i.dma_periph_and_channel_check           0x08003250   Section        0  gd32f10x_dma.o(i.dma_periph_and_channel_check)
    dma_periph_and_channel_check             0x08003251   Thumb Code    18  gd32f10x_dma.o(i.dma_periph_and_channel_check)
    i.fmc_bank0_ready_wait                   0x08003268   Section        0  gd32f10x_fmc.o(i.fmc_bank0_ready_wait)
    i.fmc_bank0_state_get                    0x08003284   Section        0  gd32f10x_fmc.o(i.fmc_bank0_state_get)
    i.fmc_bank1_ready_wait                   0x080032ac   Section        0  gd32f10x_fmc.o(i.fmc_bank1_ready_wait)
    i.fmc_bank1_state_get                    0x080032c8   Section        0  gd32f10x_fmc.o(i.fmc_bank1_state_get)
    i.fmc_flag_clear                         0x080032f0   Section        0  gd32f10x_fmc.o(i.fmc_flag_clear)
    i.fmc_halfword_program                   0x0800330c   Section        0  gd32f10x_fmc.o(i.fmc_halfword_program)
    i.fmc_lock                               0x080033a0   Section        0  gd32f10x_fmc.o(i.fmc_lock)
    i.fmc_page_erase                         0x080033c8   Section        0  gd32f10x_fmc.o(i.fmc_page_erase)
    i.fmc_unlock                             0x0800347c   Section        0  gd32f10x_fmc.o(i.fmc_unlock)
    i.free                                   0x080034b4   Section        0  malloc.o(i.free)
    i.gpio_bit_reset                         0x08003504   Section        0  gd32f10x_gpio.o(i.gpio_bit_reset)
    i.gpio_bit_set                           0x08003508   Section        0  gd32f10x_gpio.o(i.gpio_bit_set)
    i.gpio_bit_write                         0x0800350c   Section        0  gd32f10x_gpio.o(i.gpio_bit_write)
    i.gpio_init                              0x08003518   Section        0  gd32f10x_gpio.o(i.gpio_init)
    i.gpio_pin_remap_config                  0x080035ac   Section        0  gd32f10x_gpio.o(i.gpio_pin_remap_config)
    i.main                                   0x08003608   Section        0  main.o(i.main)
    i.malloc                                 0x0800363c   Section        0  malloc.o(i.malloc)
    i.nvic_irq_enable                        0x080036a8   Section        0  gd32f10x_misc.o(i.nvic_irq_enable)
    i.nvic_priority_group_set                0x08003738   Section        0  gd32f10x_misc.o(i.nvic_priority_group_set)
    i.nvic_vector_table_set                  0x0800374c   Section        0  gd32f10x_misc.o(i.nvic_vector_table_set)
    i.rcu_ahb_clock_config                   0x08003760   Section        0  gd32f10x_rcu.o(i.rcu_ahb_clock_config)
    i.rcu_apb1_clock_config                  0x08003774   Section        0  gd32f10x_rcu.o(i.rcu_apb1_clock_config)
    i.rcu_apb2_clock_config                  0x08003788   Section        0  gd32f10x_rcu.o(i.rcu_apb2_clock_config)
    i.rcu_clock_freq_get                     0x0800379c   Section        0  gd32f10x_rcu.o(i.rcu_clock_freq_get)
    i.rcu_deinit                             0x08003888   Section        0  gd32f10x_rcu.o(i.rcu_deinit)
    i.rcu_flag_get                           0x080038c8   Section        0  gd32f10x_rcu.o(i.rcu_flag_get)
    i.rcu_osci_on                            0x080038e8   Section        0  gd32f10x_rcu.o(i.rcu_osci_on)
    i.rcu_osci_stab_wait                     0x08003904   Section        0  gd32f10x_rcu.o(i.rcu_osci_stab_wait)
    i.rcu_periph_clock_enable                0x080039d0   Section        0  gd32f10x_rcu.o(i.rcu_periph_clock_enable)
    i.rcu_periph_reset_disable               0x080039ec   Section        0  gd32f10x_rcu.o(i.rcu_periph_reset_disable)
    i.rcu_periph_reset_enable                0x08003a08   Section        0  gd32f10x_rcu.o(i.rcu_periph_reset_enable)
    i.rcu_pll_config                         0x08003a24   Section        0  gd32f10x_rcu.o(i.rcu_pll_config)
    i.rcu_predv0_config                      0x08003a40   Section        0  gd32f10x_rcu.o(i.rcu_predv0_config)
    i.rcu_system_clock_source_config         0x08003a58   Section        0  gd32f10x_rcu.o(i.rcu_system_clock_source_config)
    i.rcu_system_clock_source_get            0x08003a6c   Section        0  gd32f10x_rcu.o(i.rcu_system_clock_source_get)
    i.spi_disable                            0x08003a7c   Section        0  gd32f10x_spi.o(i.spi_disable)
    i.spi_dma_disable                        0x08003a86   Section        0  gd32f10x_spi.o(i.spi_dma_disable)
    i.spi_dma_enable                         0x08003a9e   Section        0  gd32f10x_spi.o(i.spi_dma_enable)
    i.spi_enable                             0x08003ab6   Section        0  gd32f10x_spi.o(i.spi_enable)
    i.spi_i2s_data_receive                   0x08003ac0   Section        0  gd32f10x_spi.o(i.spi_i2s_data_receive)
    i.spi_i2s_data_transmit                  0x08003ac6   Section        0  gd32f10x_spi.o(i.spi_i2s_data_transmit)
    i.spi_i2s_deinit                         0x08003acc   Section        0  gd32f10x_spi.o(i.spi_i2s_deinit)
    i.spi_i2s_flag_get                       0x08003b24   Section        0  gd32f10x_spi.o(i.spi_i2s_flag_get)
    i.spi_init                               0x08003b32   Section        0  gd32f10x_spi.o(i.spi_init)
    i.system_clock_108m_hxtal                0x08003b60   Section        0  system_gd32f10x.o(i.system_clock_108m_hxtal)
    system_clock_108m_hxtal                  0x08003b61   Thumb Code   124  system_gd32f10x.o(i.system_clock_108m_hxtal)
    i.system_clock_config                    0x08003be8   Section        0  system_gd32f10x.o(i.system_clock_config)
    system_clock_config                      0x08003be9   Thumb Code     4  system_gd32f10x.o(i.system_clock_config)
    i.timer_deinit                           0x08003bec   Section        0  gd32f10x_timer.o(i.timer_deinit)
    i.timer_enable                           0x08003d74   Section        0  gd32f10x_timer.o(i.timer_enable)
    i.timer_flag_clear                       0x08003d7e   Section        0  gd32f10x_timer.o(i.timer_flag_clear)
    i.timer_init                             0x08003d84   Section        0  gd32f10x_timer.o(i.timer_init)
    i.timer_interrupt_enable                 0x08003e60   Section        0  gd32f10x_timer.o(i.timer_interrupt_enable)
    i.timer_interrupt_flag_clear             0x08003e68   Section        0  gd32f10x_timer.o(i.timer_interrupt_flag_clear)
    i.timer_interrupt_flag_get               0x08003e6e   Section        0  gd32f10x_timer.o(i.timer_interrupt_flag_get)
    i.usart_baudrate_set                     0x08003e84   Section        0  gd32f10x_usart.o(i.usart_baudrate_set)
    i.usart_data_receive                     0x08003ef4   Section        0  gd32f10x_usart.o(i.usart_data_receive)
    i.usart_data_transmit                    0x08003efc   Section        0  gd32f10x_usart.o(i.usart_data_transmit)
    i.usart_deinit                           0x08003f04   Section        0  gd32f10x_usart.o(i.usart_deinit)
    i.usart_enable                           0x08003f94   Section        0  gd32f10x_usart.o(i.usart_enable)
    i.usart_flag_get                         0x08003f9e   Section        0  gd32f10x_usart.o(i.usart_flag_get)
    i.usart_hardware_flow_cts_config         0x08003fb8   Section        0  gd32f10x_usart.o(i.usart_hardware_flow_cts_config)
    i.usart_hardware_flow_rts_config         0x08003fc4   Section        0  gd32f10x_usart.o(i.usart_hardware_flow_rts_config)
    i.usart_interrupt_disable                0x08003fd0   Section        0  gd32f10x_usart.o(i.usart_interrupt_disable)
    i.usart_interrupt_enable                 0x08003fe6   Section        0  gd32f10x_usart.o(i.usart_interrupt_enable)
    i.usart_interrupt_flag_get               0x08003ffc   Section        0  gd32f10x_usart.o(i.usart_interrupt_flag_get)
    i.usart_parity_config                    0x0800402e   Section        0  gd32f10x_usart.o(i.usart_parity_config)
    i.usart_receive_config                   0x0800403e   Section        0  gd32f10x_usart.o(i.usart_receive_config)
    i.usart_stop_bit_set                     0x0800404a   Section        0  gd32f10x_usart.o(i.usart_stop_bit_set)
    i.usart_transmit_config                  0x0800405a   Section        0  gd32f10x_usart.o(i.usart_transmit_config)
    i.usart_word_length_set                  0x08004066   Section        0  gd32f10x_usart.o(i.usart_word_length_set)
    .constdata                               0x08004078   Section       36  param.o(.constdata)
    .data                                    0x20000000   Section        6  spiflash.o(.data)
    txByte                                   0x20000002   Data           2  spiflash.o(.data)
    rxByte                                   0x20000004   Data           2  spiflash.o(.data)
    .data                                    0x20000006   Section        1  bleuart.o(.data)
    .data                                    0x20000007   Section        1  iapctrluart.o(.data)
    .data                                    0x20000008   Section       12  state.o(.data)
    i                                        0x20000008   Data           2  state.o(.data)
    .data                                    0x20000014   Section        4  system_gd32f10x.o(.data)
    .data                                    0x20000018   Section        4  mvars.o(.data)
    .data                                    0x2000001c   Section        4  mvars.o(.data)
    .bss                                     0x20000020   Section       84  spiflash.o(.bss)
    .bss                                     0x20000074   Section      432  timer.o(.bss)
    .bss                                     0x20000224   Section       16  iap.o(.bss)
    .bss                                     0x20000234   Section      408  param.o(.bss)
    .bss                                     0x200003cc   Section      568  bleuart.o(.bss)
    .bss                                     0x20000604   Section       76  gsmuart.o(.bss)
    .bss                                     0x20000650   Section     2052  iapctrluart.o(.bss)
    arrbuf                                   0x20000650   Data         160  iapctrluart.o(.bss)
    HEAP                                     0x20000e58   Section     8192  startup_gd32f10x_xd.o(HEAP)
    STACK                                    0x20002e58   Section     8192  startup_gd32f10x_xd.o(STACK)

    Global Symbols

    Symbol Name                              Value     Ov Type        Size  Object(Section)

    BuildAttributes$$THM_ISAv4$P$D$K$B$S$PE$A:L22UL41UL21$X:L11$S22US41US21$IEEE1$IW$USESV6$~STKCKD$USESV7$~SHL$OSPACE$ROPI$EBA8$MICROLIB$REQ8$PRES8$EABIv2 0x00000000   Number         0  anon$$obj.o ABSOLUTE
    __ARM_use_no_argv                        0x00000000   Number         0  main.o ABSOLUTE
    _printf_a                                0x00000000   Number         0  stubs.o ABSOLUTE
    _printf_c                                0x00000000   Number         0  stubs.o ABSOLUTE
    _printf_charcount                        0x00000000   Number         0  stubs.o ABSOLUTE
    _printf_d                                0x00000000   Number         0  stubs.o ABSOLUTE
    _printf_e                                0x00000000   Number         0  stubs.o ABSOLUTE
    _printf_f                                0x00000000   Number         0  stubs.o ABSOLUTE
    _printf_flags                            0x00000000   Number         0  stubs.o ABSOLUTE
    _printf_fp_dec                           0x00000000   Number         0  stubs.o ABSOLUTE
    _printf_fp_hex                           0x00000000   Number         0  stubs.o ABSOLUTE
    _printf_g                                0x00000000   Number         0  stubs.o ABSOLUTE
    _printf_i                                0x00000000   Number         0  stubs.o ABSOLUTE
    _printf_int_dec                          0x00000000   Number         0  stubs.o ABSOLUTE
    _printf_l                                0x00000000   Number         0  stubs.o ABSOLUTE
    _printf_lc                               0x00000000   Number         0  stubs.o ABSOLUTE
    _printf_ll                               0x00000000   Number         0  stubs.o ABSOLUTE
    _printf_lld                              0x00000000   Number         0  stubs.o ABSOLUTE
    _printf_lli                              0x00000000   Number         0  stubs.o ABSOLUTE
    _printf_llo                              0x00000000   Number         0  stubs.o ABSOLUTE
    _printf_llu                              0x00000000   Number         0  stubs.o ABSOLUTE
    _printf_llx                              0x00000000   Number         0  stubs.o ABSOLUTE
    _printf_longlong_dec                     0x00000000   Number         0  stubs.o ABSOLUTE
    _printf_longlong_hex                     0x00000000   Number         0  stubs.o ABSOLUTE
    _printf_longlong_oct                     0x00000000   Number         0  stubs.o ABSOLUTE
    _printf_ls                               0x00000000   Number         0  stubs.o ABSOLUTE
    _printf_mbtowc                           0x00000000   Number         0  stubs.o ABSOLUTE
    _printf_n                                0x00000000   Number         0  stubs.o ABSOLUTE
    _printf_o                                0x00000000   Number         0  stubs.o ABSOLUTE
    _printf_p                                0x00000000   Number         0  stubs.o ABSOLUTE
    _printf_percent                          0x00000000   Number         0  stubs.o ABSOLUTE
    _printf_pre_padding                      0x00000000   Number         0  stubs.o ABSOLUTE
    _printf_return_value                     0x00000000   Number         0  stubs.o ABSOLUTE
    _printf_s                                0x00000000   Number         0  stubs.o ABSOLUTE
    _printf_sizespec                         0x00000000   Number         0  stubs.o ABSOLUTE
    _printf_str                              0x00000000   Number         0  stubs.o ABSOLUTE
    _printf_truncate_signed                  0x00000000   Number         0  stubs.o ABSOLUTE
    _printf_truncate_unsigned                0x00000000   Number         0  stubs.o ABSOLUTE
    _printf_u                                0x00000000   Number         0  stubs.o ABSOLUTE
    _printf_wc                               0x00000000   Number         0  stubs.o ABSOLUTE
    _printf_wctomb                           0x00000000   Number         0  stubs.o ABSOLUTE
    _printf_widthprec                        0x00000000   Number         0  stubs.o ABSOLUTE
    _printf_x                                0x00000000   Number         0  stubs.o ABSOLUTE
    __arm_fini_                               - Undefined Weak Reference
    __cpp_initialize__aeabi_                  - Undefined Weak Reference
    __cxa_finalize                            - Undefined Weak Reference
    __decompress                              - Undefined Weak Reference
    _clock_init                               - Undefined Weak Reference
    _microlib_exit                            - Undefined Weak Reference
    __Vectors_Size                           0x00000130   Number         0  startup_gd32f10x_xd.o ABSOLUTE
    __Vectors                                0x08000000   Data           4  startup_gd32f10x_xd.o(RESET)
    __Vectors_End                            0x08000130   Data           0  startup_gd32f10x_xd.o(RESET)
    __main                                   0x08000131   Thumb Code     0  entry.o(.ARM.Collect$$$$00000000)
    _main_stk                                0x08000131   Thumb Code     0  entry2.o(.ARM.Collect$$$$00000001)
    _main_scatterload                        0x08000135   Thumb Code     0  entry5.o(.ARM.Collect$$$$00000004)
    __main_after_scatterload                 0x08000139   Thumb Code     0  entry5.o(.ARM.Collect$$$$00000004)
    _main_clock                              0x08000139   Thumb Code     0  entry7b.o(.ARM.Collect$$$$00000008)
    _main_cpp_init                           0x08000139   Thumb Code     0  entry8b.o(.ARM.Collect$$$$0000000A)
    _main_init                               0x08000139   Thumb Code     0  entry9a.o(.ARM.Collect$$$$0000000B)
    __rt_lib_shutdown_fini                   0x08000141   Thumb Code     0  entry12b.o(.ARM.Collect$$$$0000000E)
    __rt_final_cpp                           0x08000145   Thumb Code     0  entry10a.o(.ARM.Collect$$$$0000000F)
    __rt_final_exit                          0x08000145   Thumb Code     0  entry11a.o(.ARM.Collect$$$$00000011)
    Reset_Handler                            0x08000149   Thumb Code     8  startup_gd32f10x_xd.o(.text)
    SysTick_Handler                          0x08000161   Thumb Code     2  startup_gd32f10x_xd.o(.text)
    ADC0_1_IRQHandler                        0x08000163   Thumb Code     0  startup_gd32f10x_xd.o(.text)
    ADC2_IRQHandler                          0x08000163   Thumb Code     0  startup_gd32f10x_xd.o(.text)
    CAN0_EWMC_IRQHandler                     0x08000163   Thumb Code     0  startup_gd32f10x_xd.o(.text)
    CAN0_RX1_IRQHandler                      0x08000163   Thumb Code     0  startup_gd32f10x_xd.o(.text)
    DMA0_Channel0_IRQHandler                 0x08000163   Thumb Code     0  startup_gd32f10x_xd.o(.text)
    DMA0_Channel3_IRQHandler                 0x08000163   Thumb Code     0  startup_gd32f10x_xd.o(.text)
    DMA0_Channel4_IRQHandler                 0x08000163   Thumb Code     0  startup_gd32f10x_xd.o(.text)
    DMA0_Channel5_IRQHandler                 0x08000163   Thumb Code     0  startup_gd32f10x_xd.o(.text)
    DMA0_Channel6_IRQHandler                 0x08000163   Thumb Code     0  startup_gd32f10x_xd.o(.text)
    DMA1_Channel0_IRQHandler                 0x08000163   Thumb Code     0  startup_gd32f10x_xd.o(.text)
    DMA1_Channel1_IRQHandler                 0x08000163   Thumb Code     0  startup_gd32f10x_xd.o(.text)
    DMA1_Channel2_IRQHandler                 0x08000163   Thumb Code     0  startup_gd32f10x_xd.o(.text)
    DMA1_Channel3_4_IRQHandler               0x08000163   Thumb Code     0  startup_gd32f10x_xd.o(.text)
    EXMC_IRQHandler                          0x08000163   Thumb Code     0  startup_gd32f10x_xd.o(.text)
    EXTI0_IRQHandler                         0x08000163   Thumb Code     0  startup_gd32f10x_xd.o(.text)
    EXTI10_15_IRQHandler                     0x08000163   Thumb Code     0  startup_gd32f10x_xd.o(.text)
    EXTI1_IRQHandler                         0x08000163   Thumb Code     0  startup_gd32f10x_xd.o(.text)
    EXTI2_IRQHandler                         0x08000163   Thumb Code     0  startup_gd32f10x_xd.o(.text)
    EXTI3_IRQHandler                         0x08000163   Thumb Code     0  startup_gd32f10x_xd.o(.text)
    EXTI4_IRQHandler                         0x08000163   Thumb Code     0  startup_gd32f10x_xd.o(.text)
    EXTI5_9_IRQHandler                       0x08000163   Thumb Code     0  startup_gd32f10x_xd.o(.text)
    FMC_IRQHandler                           0x08000163   Thumb Code     0  startup_gd32f10x_xd.o(.text)
    I2C0_ER_IRQHandler                       0x08000163   Thumb Code     0  startup_gd32f10x_xd.o(.text)
    I2C0_EV_IRQHandler                       0x08000163   Thumb Code     0  startup_gd32f10x_xd.o(.text)
    I2C1_ER_IRQHandler                       0x08000163   Thumb Code     0  startup_gd32f10x_xd.o(.text)
    I2C1_EV_IRQHandler                       0x08000163   Thumb Code     0  startup_gd32f10x_xd.o(.text)
    LVD_IRQHandler                           0x08000163   Thumb Code     0  startup_gd32f10x_xd.o(.text)
    RCU_IRQHandler                           0x08000163   Thumb Code     0  startup_gd32f10x_xd.o(.text)
    RTC_Alarm_IRQHandler                     0x08000163   Thumb Code     0  startup_gd32f10x_xd.o(.text)
    RTC_IRQHandler                           0x08000163   Thumb Code     0  startup_gd32f10x_xd.o(.text)
    SDIO_IRQHandler                          0x08000163   Thumb Code     0  startup_gd32f10x_xd.o(.text)
    SPI0_IRQHandler                          0x08000163   Thumb Code     0  startup_gd32f10x_xd.o(.text)
    SPI1_IRQHandler                          0x08000163   Thumb Code     0  startup_gd32f10x_xd.o(.text)
    SPI2_IRQHandler                          0x08000163   Thumb Code     0  startup_gd32f10x_xd.o(.text)
    TAMPER_IRQHandler                        0x08000163   Thumb Code     0  startup_gd32f10x_xd.o(.text)
    TIMER0_BRK_TIMER8_IRQHandler             0x08000163   Thumb Code     0  startup_gd32f10x_xd.o(.text)
    TIMER0_Channel_IRQHandler                0x08000163   Thumb Code     0  startup_gd32f10x_xd.o(.text)
    TIMER0_TRG_CMT_TIMER10_IRQHandler        0x08000163   Thumb Code     0  startup_gd32f10x_xd.o(.text)
    TIMER0_UP_TIMER9_IRQHandler              0x08000163   Thumb Code     0  startup_gd32f10x_xd.o(.text)
    TIMER2_IRQHandler                        0x08000163   Thumb Code     0  startup_gd32f10x_xd.o(.text)
    TIMER3_IRQHandler                        0x08000163   Thumb Code     0  startup_gd32f10x_xd.o(.text)
    TIMER4_IRQHandler                        0x08000163   Thumb Code     0  startup_gd32f10x_xd.o(.text)
    TIMER5_IRQHandler                        0x08000163   Thumb Code     0  startup_gd32f10x_xd.o(.text)
    TIMER6_IRQHandler                        0x08000163   Thumb Code     0  startup_gd32f10x_xd.o(.text)
    TIMER7_BRK_TIMER11_IRQHandler            0x08000163   Thumb Code     0  startup_gd32f10x_xd.o(.text)
    TIMER7_Channel_IRQHandler                0x08000163   Thumb Code     0  startup_gd32f10x_xd.o(.text)
    TIMER7_TRG_CMT_TIMER13_IRQHandler        0x08000163   Thumb Code     0  startup_gd32f10x_xd.o(.text)
    TIMER7_UP_TIMER12_IRQHandler             0x08000163   Thumb Code     0  startup_gd32f10x_xd.o(.text)
    UART4_IRQHandler                         0x08000163   Thumb Code     0  startup_gd32f10x_xd.o(.text)
    USART2_IRQHandler                        0x08000163   Thumb Code     0  startup_gd32f10x_xd.o(.text)
    USBD_HP_CAN0_TX_IRQHandler               0x08000163   Thumb Code     0  startup_gd32f10x_xd.o(.text)
    USBD_LP_CAN0_RX0_IRQHandler              0x08000163   Thumb Code     0  startup_gd32f10x_xd.o(.text)
    USBD_WKUP_IRQHandler                     0x08000163   Thumb Code     0  startup_gd32f10x_xd.o(.text)
    WWDGT_IRQHandler                         0x08000163   Thumb Code     0  startup_gd32f10x_xd.o(.text)
    __aeabi_memset                           0x0800016d   Thumb Code    14  memseta.o(.text)
    __aeabi_memset4                          0x0800016d   Thumb Code     0  memseta.o(.text)
    __aeabi_memset8                          0x0800016d   Thumb Code     0  memseta.o(.text)
    __aeabi_memclr                           0x0800017b   Thumb Code     4  memseta.o(.text)
    __aeabi_memclr4                          0x0800017b   Thumb Code     0  memseta.o(.text)
    __aeabi_memclr8                          0x0800017b   Thumb Code     0  memseta.o(.text)
    _memset$wrapper                          0x0800017f   Thumb Code    18  memseta.o(.text)
    strstr                                   0x08000191   Thumb Code    36  strstr.o(.text)
    __aeabi_uldivmod                         0x080001b5   Thumb Code    98  uldiv.o(.text)
    __scatterload                            0x08000219   Thumb Code    28  init.o(.text)
    __scatterload_rt2                        0x08000219   Thumb Code     0  init.o(.text)
    __aeabi_llsl                             0x0800023d   Thumb Code    30  llshl.o(.text)
    _ll_shift_l                              0x0800023d   Thumb Code     0  llshl.o(.text)
    __aeabi_llsr                             0x0800025b   Thumb Code    32  llushr.o(.text)
    _ll_ushift_r                             0x0800025b   Thumb Code     0  llushr.o(.text)
    BLE_UART_BC_SendData                     0x0800027d   Thumb Code    36  bleuart.o(i.BLE_UART_BC_SendData)
    BLE_UART_BleConnectState                 0x080002a5   Thumb Code    14  bleuart.o(i.BLE_UART_BleConnectState)
    BLE_UART_CALLBALL_GetBleMacAddrRequest   0x080002cd   Thumb Code     6  bleuart.o(i.BLE_UART_CALLBALL_GetBleMacAddrRequest)
    BLE_UART_RcvBleMacAddr                   0x080002d5   Thumb Code   262  bleuart.o(i.BLE_UART_RcvBleMacAddr)
    BLE_UART_SendCmdGetBleMacAddr            0x080003fd   Thumb Code    38  bleuart.o(i.BLE_UART_SendCmdGetBleMacAddr)
    BusFault_Handler                         0x08000431   Thumb Code     2  gd32f10x_it.o(i.BusFault_Handler)
    DMA0_Channel1_IRQHandler                 0x08000435   Thumb Code    68  spiflash.o(i.DMA0_Channel1_IRQHandler)
    DMA0_Channel2_IRQHandler                 0x08000489   Thumb Code    74  spiflash.o(i.DMA0_Channel2_IRQHandler)
    DebugMon_Handler                         0x080005e5   Thumb Code     2  gd32f10x_it.o(i.DebugMon_Handler)
    FACTORY_NVM_SetDirtyFlag                 0x080005e9   Thumb Code    10  param.o(i.FACTORY_NVM_SetDirtyFlag)
    GSM_UART_GpioOnOffControl                0x080005f9   Thumb Code    24  gsmuart.o(i.GSM_UART_GpioOnOffControl)
    GSM_UART_GsmPowerOnOff                   0x08000619   Thumb Code    36  gsmuart.o(i.GSM_UART_GsmPowerOnOff)
    GSM_UART_RcvSimICCID                     0x08000645   Thumb Code    98  gsmuart.o(i.GSM_UART_RcvSimICCID)
    HardFault_Handler                        0x080006b9   Thumb Code     2  gd32f10x_it.o(i.HardFault_Handler)
    IAP_CTRL_UART_CheckSUM                   0x080006bb   Thumb Code    54  iapctrluart.o(i.IAP_CTRL_UART_CheckSUM)
    IAP_CTRL_UART_CmdFrameProcess            0x080006f1   Thumb Code  2386  iapctrluart.o(i.IAP_CTRL_UART_CmdFrameProcess)
    IAP_CTRL_UART_ConfirmTempCmdFrameBuff    0x08001059   Thumb Code    74  iapctrluart.o(i.IAP_CTRL_UART_ConfirmTempCmdFrameBuff)
    IAP_CTRL_UART_DataStructureInit          0x080010a3   Thumb Code    94  iapctrluart.o(i.IAP_CTRL_UART_DataStructureInit)
    IAP_CTRL_UART_HwInit                     0x08001101   Thumb Code   148  iapctrluart.o(i.IAP_CTRL_UART_HwInit)
    IAP_CTRL_UART_IR_StartSendData           0x0800119d   Thumb Code    36  iapctrluart.o(i.IAP_CTRL_UART_IR_StartSendData)
    IAP_CTRL_UART_Init                       0x080011c5   Thumb Code    20  iapctrluart.o(i.IAP_CTRL_UART_Init)
    IAP_CTRL_UART_LcdControl                 0x080011dd   Thumb Code    46  iapctrluart.o(i.IAP_CTRL_UART_LcdControl)
    IAP_CTRL_UART_Process                    0x08001211   Thumb Code    24  iapctrluart.o(i.IAP_CTRL_UART_Process)
    IAP_CTRL_UART_RxFIFOProcess              0x0800122d   Thumb Code   346  iapctrluart.o(i.IAP_CTRL_UART_RxFIFOProcess)
    IAP_CTRL_UART_SendCmdNoResult            0x08001389   Thumb Code    38  iapctrluart.o(i.IAP_CTRL_UART_SendCmdNoResult)
    IAP_CTRL_UART_SendCmdWithResult          0x080013b5   Thumb Code    48  iapctrluart.o(i.IAP_CTRL_UART_SendCmdWithResult)
    IAP_CTRL_UART_SendFlagCheck              0x080013e9   Thumb Code    64  iapctrluart.o(i.IAP_CTRL_UART_SendFlagCheck)
    IAP_CTRL_UART_SendSpiFlashData           0x08001431   Thumb Code   134  iapctrluart.o(i.IAP_CTRL_UART_SendSpiFlashData)
    IAP_CTRL_UART_SendVersionCheck           0x080014bd   Thumb Code   150  iapctrluart.o(i.IAP_CTRL_UART_SendVersionCheck)
    IAP_CTRL_UART_TxAddData                  0x0800155d   Thumb Code    70  iapctrluart.o(i.IAP_CTRL_UART_TxAddData)
    IAP_CTRL_UART_TxAddFrame                 0x080015a3   Thumb Code   124  iapctrluart.o(i.IAP_CTRL_UART_TxAddFrame)
    IAP_CTRL_UART_TxProcess                  0x0800161f   Thumb Code    96  iapctrluart.o(i.IAP_CTRL_UART_TxProcess)
    IAP_CheckApp1FlashIsBlank                0x0800167f   Thumb Code    54  iap.o(i.IAP_CheckApp1FlashIsBlank)
    IAP_CheckApp2FlashIsBlank                0x080016b5   Thumb Code    54  iap.o(i.IAP_CheckApp2FlashIsBlank)
    IAP_CheckAppRightful                     0x080016ed   Thumb Code    36  iap.o(i.IAP_CheckAppRightful)
    IAP_EraseAPP1Area                        0x08001715   Thumb Code   108  iap.o(i.IAP_EraseAPP1Area)
    IAP_EraseAPP2Area                        0x08001781   Thumb Code   108  iap.o(i.IAP_EraseAPP2Area)
    IAP_EraseAPPArea                         0x080017ed   Thumb Code   108  iap.o(i.IAP_EraseAPPArea)
    IAP_FlashReadHalfWord                    0x08001859   Thumb Code     4  iap.o(i.IAP_FlashReadHalfWord)
    IAP_FlashWriteHalfWordArray              0x0800185d   Thumb Code    90  iap.o(i.IAP_FlashWriteHalfWordArray)
    IAP_FlashWriteHalfWordArrayAndCheck      0x080018b7   Thumb Code   112  iap.o(i.IAP_FlashWriteHalfWordArrayAndCheck)
    IAP_Init                                 0x08001929   Thumb Code    34  iap.o(i.IAP_Init)
    IAP_JumpToAppFun                         0x08001955   Thumb Code    30  iap.o(i.IAP_JumpToAppFun)
    IAP_RunAPP                               0x08001979   Thumb Code    68  iap.o(i.IAP_RunAPP)
    IAP_WriteAppBin                          0x080019c5   Thumb Code    80  iap.o(i.IAP_WriteAppBin)
    MemManage_Handler                        0x08001a19   Thumb Code     2  gd32f10x_it.o(i.MemManage_Handler)
    NMI_Handler                              0x08001a1b   Thumb Code     2  gd32f10x_it.o(i.NMI_Handler)
    PARAM_CmpareN                            0x08001a3f   Thumb Code    30  param.o(i.PARAM_CmpareN)
    PARAM_Init                               0x08001a5d   Thumb Code    34  param.o(i.PARAM_Init)
    PARAM_SetDefaultRunningData              0x08001a89   Thumb Code   466  param.o(i.PARAM_SetDefaultRunningData)
    POWER_Init                               0x08001ca9   Thumb Code    68  powerctl.o(i.POWER_Init)
    PendSV_Handler                           0x08001cf5   Thumb Code     2  gd32f10x_it.o(i.PendSV_Handler)
    SPI_FLASH_EraseBlock                     0x08001d8d   Thumb Code    62  spiflash.o(i.SPI_FLASH_EraseBlock)
    SPI_FLASH_EraseRoom                      0x08001dd1   Thumb Code   126  spiflash.o(i.SPI_FLASH_EraseRoom)
    SPI_FLASH_EraseSector                    0x08001e51   Thumb Code    62  spiflash.o(i.SPI_FLASH_EraseSector)
    SPI_FLASH_ReadArray                      0x08001e95   Thumb Code    90  spiflash.o(i.SPI_FLASH_ReadArray)
    SPI_FLASH_ReadByte                       0x08001ef5   Thumb Code    18  spiflash.o(i.SPI_FLASH_ReadByte)
    SPI_FLASH_ReadWord                       0x08001f07   Thumb Code    42  spiflash.o(i.SPI_FLASH_ReadWord)
    SPI_FLASH_SendByte                       0x08001f31   Thumb Code    86  spiflash.o(i.SPI_FLASH_SendByte)
    SPI_FLASH_WaitForWriteEnd                0x08001f8d   Thumb Code    40  spiflash.o(i.SPI_FLASH_WaitForWriteEnd)
    SPI_FLASH_WriteArray                     0x08001fb9   Thumb Code   222  spiflash.o(i.SPI_FLASH_WriteArray)
    SPI_FLASH_WriteByte                      0x08002097   Thumb Code    18  spiflash.o(i.SPI_FLASH_WriteByte)
    SPI_FLASH_WriteEnable                    0x080020a9   Thumb Code    30  spiflash.o(i.SPI_FLASH_WriteEnable)
    SPI_FLASH_WritePage                      0x080020cd   Thumb Code    92  spiflash.o(i.SPI_FLASH_WritePage)
    SPI_FLASH_WriteWithCheck                 0x0800212d   Thumb Code   228  spiflash.o(i.SPI_FLASH_WriteWithCheck)
    SPI_FLASH_WriteWithErase                 0x08002211   Thumb Code   188  spiflash.o(i.SPI_FLASH_WriteWithErase)
    SPI_FLASH_WriteWord                      0x080022cd   Thumb Code    36  spiflash.o(i.SPI_FLASH_WriteWord)
    SPIx_ConfigureWorkMode                   0x080022f1   Thumb Code    34  spiflash.o(i.SPIx_ConfigureWorkMode)
    SPIx_FLASH_Init                          0x0800231d   Thumb Code   136  spiflash.o(i.SPIx_FLASH_Init)
    STATE_EnterState                         0x080023bd   Thumb Code   100  state.o(i.STATE_EnterState)
    STATE_Init                               0x08002435   Thumb Code    30  state.o(i.STATE_Init)
    STATE_Process                            0x0800245d   Thumb Code   102  state.o(i.STATE_Process)
    STRING_Find                              0x080024d1   Thumb Code    88  stringoperation.o(i.STRING_Find)
    SVC_Handler                              0x08002529   Thumb Code     2  gd32f10x_it.o(i.SVC_Handler)
    SYSTEM_Init                              0x0800252b   Thumb Code    18  system.o(i.SYSTEM_Init)
    SYSTEM_Rst                               0x0800253d   Thumb Code    26  system.o(i.SYSTEM_Rst)
    SystemCoreClockUpdate                    0x08002561   Thumb Code   100  system_gd32f10x.o(i.SystemCoreClockUpdate)
    SystemInit                               0x080025d5   Thumb Code    58  system_gd32f10x.o(i.SystemInit)
    TIMER1_IRQHandler                        0x08002621   Thumb Code    34  timer.o(i.TIMER1_IRQHandler)
    TIMER_AddTask                            0x08002645   Thumb Code    66  timer.o(i.TIMER_AddTask)
    TIMER_AddToQueue                         0x0800268d   Thumb Code    78  timer.o(i.TIMER_AddToQueue)
    TIMER_CALLBACK_OnTimer                   0x080026e1   Thumb Code   100  timer.o(i.TIMER_CALLBACK_OnTimer)
    TIMER_DoNothing                          0x08002749   Thumb Code     2  timer.o(i.TIMER_DoNothing)
    TIMER_Init                               0x0800274d   Thumb Code    66  timer.o(i.TIMER_Init)
    TIMER_InitTimerx                         0x08002799   Thumb Code    10  timer.o(i.TIMER_InitTimerx)
    TIMER_KillTask                           0x080027a5   Thumb Code    82  timer.o(i.TIMER_KillTask)
    TIMER_StartTimerx                        0x08002801   Thumb Code     8  timer.o(i.TIMER_StartTimerx)
    TIMER_TaskQueueProcess                   0x08002809   Thumb Code    54  timer.o(i.TIMER_TaskQueueProcess)
    TIMx_INT_Init                            0x08002845   Thumb Code    84  timer.o(i.TIMx_INT_Init)
    UART3_IRQHandler                         0x08002899   Thumb Code    58  gsmuart.o(i.UART3_IRQHandler)
    UART_PROTOCOL_SendMcuUid                 0x080028e1   Thumb Code   148  iapctrluart.o(i.UART_PROTOCOL_SendMcuUid)
    USART0_IRQHandler                        0x0800297d   Thumb Code   278  bleuart.o(i.USART0_IRQHandler)
    USART1_IRQHandler                        0x08002ab5   Thumb Code   270  iapctrluart.o(i.USART1_IRQHandler)
    UsageFault_Handler                       0x08002bd9   Thumb Code     2  gd32f10x_it.o(i.UsageFault_Handler)
    WDT_Clear                                0x08002bdb   Thumb Code     2  watchdog.o(i.WDT_Clear)
    __0sprintf$8                             0x08002bdd   Thumb Code    34  printf8.o(i.__0sprintf$8)
    __1sprintf$8                             0x08002bdd   Thumb Code     0  printf8.o(i.__0sprintf$8)
    __2sprintf                               0x08002bdd   Thumb Code     0  printf8.o(i.__0sprintf$8)
    __scatterload_copy                       0x08002c05   Thumb Code    14  handlers.o(i.__scatterload_copy)
    __scatterload_null                       0x08002c13   Thumb Code     2  handlers.o(i.__scatterload_null)
    __scatterload_zeroinit                   0x08002c15   Thumb Code    14  handlers.o(i.__scatterload_zeroinit)
    checkVersion                             0x08003085   Thumb Code    18  iapctrluart.o(i.checkVersion)
    dma_channel_disable                      0x0800309d   Thumb Code    36  gd32f10x_dma.o(i.dma_channel_disable)
    dma_circulation_disable                  0x080030c1   Thumb Code    36  gd32f10x_dma.o(i.dma_circulation_disable)
    dma_deinit                               0x080030e5   Thumb Code    58  gd32f10x_dma.o(i.dma_deinit)
    dma_flag_clear                           0x0800311f   Thumb Code    12  gd32f10x_dma.o(i.dma_flag_clear)
    dma_init                                 0x0800312b   Thumb Code   134  gd32f10x_dma.o(i.dma_init)
    dma_interrupt_disable                    0x080031b1   Thumb Code    36  gd32f10x_dma.o(i.dma_interrupt_disable)
    dma_interrupt_flag_clear                 0x080031d5   Thumb Code    12  gd32f10x_dma.o(i.dma_interrupt_flag_clear)
    dma_interrupt_flag_get                   0x080031e1   Thumb Code    76  gd32f10x_dma.o(i.dma_interrupt_flag_get)
    dma_memory_to_memory_disable             0x0800322d   Thumb Code    36  gd32f10x_dma.o(i.dma_memory_to_memory_disable)
    fmc_bank0_ready_wait                     0x08003269   Thumb Code    26  gd32f10x_fmc.o(i.fmc_bank0_ready_wait)
    fmc_bank0_state_get                      0x08003285   Thumb Code    34  gd32f10x_fmc.o(i.fmc_bank0_state_get)
    fmc_bank1_ready_wait                     0x080032ad   Thumb Code    26  gd32f10x_fmc.o(i.fmc_bank1_ready_wait)
    fmc_bank1_state_get                      0x080032c9   Thumb Code    34  gd32f10x_fmc.o(i.fmc_bank1_state_get)
    fmc_flag_clear                           0x080032f1   Thumb Code    22  gd32f10x_fmc.o(i.fmc_flag_clear)
    fmc_halfword_program                     0x0800330d   Thumb Code   136  gd32f10x_fmc.o(i.fmc_halfword_program)
    fmc_lock                                 0x080033a1   Thumb Code    30  gd32f10x_fmc.o(i.fmc_lock)
    fmc_page_erase                           0x080033c9   Thumb Code   166  gd32f10x_fmc.o(i.fmc_page_erase)
    fmc_unlock                               0x0800347d   Thumb Code    38  gd32f10x_fmc.o(i.fmc_unlock)
    free                                     0x080034b5   Thumb Code    76  malloc.o(i.free)
    gpio_bit_reset                           0x08003505   Thumb Code     4  gd32f10x_gpio.o(i.gpio_bit_reset)
    gpio_bit_set                             0x08003509   Thumb Code     4  gd32f10x_gpio.o(i.gpio_bit_set)
    gpio_bit_write                           0x0800350d   Thumb Code    12  gd32f10x_gpio.o(i.gpio_bit_write)
    gpio_init                                0x08003519   Thumb Code   148  gd32f10x_gpio.o(i.gpio_init)
    gpio_pin_remap_config                    0x080035ad   Thumb Code    86  gd32f10x_gpio.o(i.gpio_pin_remap_config)
    main                                     0x08003609   Thumb Code    50  main.o(i.main)
    malloc                                   0x0800363d   Thumb Code    92  malloc.o(i.malloc)
    nvic_irq_enable                          0x080036a9   Thumb Code   138  gd32f10x_misc.o(i.nvic_irq_enable)
    nvic_priority_group_set                  0x08003739   Thumb Code    10  gd32f10x_misc.o(i.nvic_priority_group_set)
    nvic_vector_table_set                    0x0800374d   Thumb Code    12  gd32f10x_misc.o(i.nvic_vector_table_set)
    rcu_ahb_clock_config                     0x08003761   Thumb Code    14  gd32f10x_rcu.o(i.rcu_ahb_clock_config)
    rcu_apb1_clock_config                    0x08003775   Thumb Code    14  gd32f10x_rcu.o(i.rcu_apb1_clock_config)
    rcu_apb2_clock_config                    0x08003789   Thumb Code    14  gd32f10x_rcu.o(i.rcu_apb2_clock_config)
    rcu_clock_freq_get                       0x0800379d   Thumb Code   206  gd32f10x_rcu.o(i.rcu_clock_freq_get)
    rcu_deinit                               0x08003889   Thumb Code    50  gd32f10x_rcu.o(i.rcu_deinit)
    rcu_flag_get                             0x080038c9   Thumb Code    28  gd32f10x_rcu.o(i.rcu_flag_get)
    rcu_osci_on                              0x080038e9   Thumb Code    22  gd32f10x_rcu.o(i.rcu_osci_on)
    rcu_osci_stab_wait                       0x08003905   Thumb Code   200  gd32f10x_rcu.o(i.rcu_osci_stab_wait)
    rcu_periph_clock_enable                  0x080039d1   Thumb Code    22  gd32f10x_rcu.o(i.rcu_periph_clock_enable)
    rcu_periph_reset_disable                 0x080039ed   Thumb Code    22  gd32f10x_rcu.o(i.rcu_periph_reset_disable)
    rcu_periph_reset_enable                  0x08003a09   Thumb Code    22  gd32f10x_rcu.o(i.rcu_periph_reset_enable)
    rcu_pll_config                           0x08003a25   Thumb Code    18  gd32f10x_rcu.o(i.rcu_pll_config)
    rcu_predv0_config                        0x08003a41   Thumb Code    20  gd32f10x_rcu.o(i.rcu_predv0_config)
    rcu_system_clock_source_config           0x08003a59   Thumb Code    14  gd32f10x_rcu.o(i.rcu_system_clock_source_config)
    rcu_system_clock_source_get              0x08003a6d   Thumb Code    10  gd32f10x_rcu.o(i.rcu_system_clock_source_get)
    spi_disable                              0x08003a7d   Thumb Code    10  gd32f10x_spi.o(i.spi_disable)
    spi_dma_disable                          0x08003a87   Thumb Code    24  gd32f10x_spi.o(i.spi_dma_disable)
    spi_dma_enable                           0x08003a9f   Thumb Code    24  gd32f10x_spi.o(i.spi_dma_enable)
    spi_enable                               0x08003ab7   Thumb Code    10  gd32f10x_spi.o(i.spi_enable)
    spi_i2s_data_receive                     0x08003ac1   Thumb Code     6  gd32f10x_spi.o(i.spi_i2s_data_receive)
    spi_i2s_data_transmit                    0x08003ac7   Thumb Code     4  gd32f10x_spi.o(i.spi_i2s_data_transmit)
    spi_i2s_deinit                           0x08003acd   Thumb Code    82  gd32f10x_spi.o(i.spi_i2s_deinit)
    spi_i2s_flag_get                         0x08003b25   Thumb Code    14  gd32f10x_spi.o(i.spi_i2s_flag_get)
    spi_init                                 0x08003b33   Thumb Code    46  gd32f10x_spi.o(i.spi_init)
    timer_deinit                             0x08003bed   Thumb Code   378  gd32f10x_timer.o(i.timer_deinit)
    timer_enable                             0x08003d75   Thumb Code    10  gd32f10x_timer.o(i.timer_enable)
    timer_flag_clear                         0x08003d7f   Thumb Code     6  gd32f10x_timer.o(i.timer_flag_clear)
    timer_init                               0x08003d85   Thumb Code   168  gd32f10x_timer.o(i.timer_init)
    timer_interrupt_enable                   0x08003e61   Thumb Code     8  gd32f10x_timer.o(i.timer_interrupt_enable)
    timer_interrupt_flag_clear               0x08003e69   Thumb Code     6  gd32f10x_timer.o(i.timer_interrupt_flag_clear)
    timer_interrupt_flag_get                 0x08003e6f   Thumb Code    20  gd32f10x_timer.o(i.timer_interrupt_flag_get)
    usart_baudrate_set                       0x08003e85   Thumb Code   102  gd32f10x_usart.o(i.usart_baudrate_set)
    usart_data_receive                       0x08003ef5   Thumb Code     8  gd32f10x_usart.o(i.usart_data_receive)
    usart_data_transmit                      0x08003efd   Thumb Code     8  gd32f10x_usart.o(i.usart_data_transmit)
    usart_deinit                             0x08003f05   Thumb Code   136  gd32f10x_usart.o(i.usart_deinit)
    usart_enable                             0x08003f95   Thumb Code    10  gd32f10x_usart.o(i.usart_enable)
    usart_flag_get                           0x08003f9f   Thumb Code    26  gd32f10x_usart.o(i.usart_flag_get)
    usart_hardware_flow_cts_config           0x08003fb9   Thumb Code    12  gd32f10x_usart.o(i.usart_hardware_flow_cts_config)
    usart_hardware_flow_rts_config           0x08003fc5   Thumb Code    12  gd32f10x_usart.o(i.usart_hardware_flow_rts_config)
    usart_interrupt_disable                  0x08003fd1   Thumb Code    22  gd32f10x_usart.o(i.usart_interrupt_disable)
    usart_interrupt_enable                   0x08003fe7   Thumb Code    22  gd32f10x_usart.o(i.usart_interrupt_enable)
    usart_interrupt_flag_get                 0x08003ffd   Thumb Code    50  gd32f10x_usart.o(i.usart_interrupt_flag_get)
    usart_parity_config                      0x0800402f   Thumb Code    16  gd32f10x_usart.o(i.usart_parity_config)
    usart_receive_config                     0x0800403f   Thumb Code    12  gd32f10x_usart.o(i.usart_receive_config)
    usart_stop_bit_set                       0x0800404b   Thumb Code    16  gd32f10x_usart.o(i.usart_stop_bit_set)
    usart_transmit_config                    0x0800405b   Thumb Code    12  gd32f10x_usart.o(i.usart_transmit_config)
    usart_word_length_set                    0x08004067   Thumb Code    16  gd32f10x_usart.o(i.usart_word_length_set)
    PARAM_MCU_VERSION_ADDRESS                0x08004078   Data          36  param.o(.constdata)
    Region$$Table$$Base                      0x0800409c   Number         0  anon$$obj.o(Region$$Table)
    Region$$Table$$Limit                     0x080040bc   Number         0  anon$$obj.o(Region$$Table)
    spiCB                                    0x20000000   Data           1  spiflash.o(.data)
    bleIndex                                 0x20000006   Data           1  bleuart.o(.data)
    checkFlag                                0x20000007   Data           1  iapctrluart.o(.data)
    stateCB                                  0x2000000a   Data           3  state.o(.data)
    upAppDataSize                            0x20000010   Data           4  state.o(.data)
    SystemCoreClock                          0x20000014   Data           4  system_gd32f10x.o(.data)
    __microlib_freelist                      0x20000018   Data           4  mvars.o(.data)
    __microlib_freelist_initialised          0x2000001c   Data           4  mvars.o(.data)
    spi_init_struct                          0x20000020   Data          28  spiflash.o(.bss)
    dma_tx_init_struct                       0x2000003c   Data          28  spiflash.o(.bss)
    dma_rx_init_struct                       0x20000058   Data          28  spiflash.o(.bss)
    timerCB                                  0x20000074   Data         432  timer.o(.bss)
    iapCB                                    0x20000224   Data          16  iap.o(.bss)
    paramCB                                  0x20000234   Data         408  param.o(.bss)
    bleRxBuff                                0x200003cc   Data          20  bleuart.o(.bss)
    bleUartCB                                0x200003e0   Data         548  bleuart.o(.bss)
    gsmUartCB                                0x20000604   Data          76  gsmuart.o(.bss)
    iapCtrlUartCB                            0x200006f0   Data        1892  iapctrluart.o(.bss)
    __heap_base                              0x20000e58   Data           0  startup_gd32f10x_xd.o(HEAP)
    __heap_limit                             0x20002e58   Data           0  startup_gd32f10x_xd.o(HEAP)
    __initial_sp                             0x20004e58   Data           0  startup_gd32f10x_xd.o(STACK)



==============================================================================

Memory Map of the image

  Image Entry point : 0x08000131

  Load Region LR_IROM1 (Base: 0x08000000, Size: 0x000040dc, Max: 0x00008000, ABSOLUTE)

    Execution Region ER_IROM1 (Exec base: 0x08000000, Load base: 0x08000000, Size: 0x000040bc, Max: 0x00008000, ABSOLUTE)

    Exec Addr    Load Addr    Size         Type   Attr      Idx    E Section Name        Object

    0x08000000   0x08000000   0x00000130   Data   RO         2004    RESET               startup_gd32f10x_xd.o
    0x08000130   0x08000130   0x00000000   Code   RO         5590  * .ARM.Collect$$$$00000000  mc_w.l(entry.o)
    0x08000130   0x08000130   0x00000004   Code   RO         5896    .ARM.Collect$$$$00000001  mc_w.l(entry2.o)
    0x08000134   0x08000134   0x00000004   Code   RO         5899    .ARM.Collect$$$$00000004  mc_w.l(entry5.o)
    0x08000138   0x08000138   0x00000000   Code   RO         5901    .ARM.Collect$$$$00000008  mc_w.l(entry7b.o)
    0x08000138   0x08000138   0x00000000   Code   RO         5903    .ARM.Collect$$$$0000000A  mc_w.l(entry8b.o)
    0x08000138   0x08000138   0x00000008   Code   RO         5904    .ARM.Collect$$$$0000000B  mc_w.l(entry9a.o)
    0x08000140   0x08000140   0x00000004   Code   RO         5911    .ARM.Collect$$$$0000000E  mc_w.l(entry12b.o)
    0x08000144   0x08000144   0x00000000   Code   RO         5906    .ARM.Collect$$$$0000000F  mc_w.l(entry10a.o)
    0x08000144   0x08000144   0x00000000   Code   RO         5908    .ARM.Collect$$$$00000011  mc_w.l(entry11a.o)
    0x08000144   0x08000144   0x00000004   Code   RO         5897    .ARM.Collect$$$$00002712  mc_w.l(entry2.o)
    0x08000148   0x08000148   0x00000024   Code   RO         2005    .text               startup_gd32f10x_xd.o
    0x0800016c   0x0800016c   0x00000024   Code   RO         5595    .text               mc_w.l(memseta.o)
    0x08000190   0x08000190   0x00000024   Code   RO         5597    .text               mc_w.l(strstr.o)
    0x080001b4   0x080001b4   0x00000062   Code   RO         5917    .text               mc_w.l(uldiv.o)
    0x08000216   0x08000216   0x00000002   PAD
    0x08000218   0x08000218   0x00000024   Code   RO         5932    .text               mc_w.l(init.o)
    0x0800023c   0x0800023c   0x0000001e   Code   RO         5935    .text               mc_w.l(llshl.o)
    0x0800025a   0x0800025a   0x00000020   Code   RO         5937    .text               mc_w.l(llushr.o)
    0x0800027a   0x0800027a   0x00000002   PAD
    0x0800027c   0x0800027c   0x00000028   Code   RO         1336    i.BLE_UART_BC_SendData  bleuart.o
    0x080002a4   0x080002a4   0x00000028   Code   RO         1337    i.BLE_UART_BleConnectState  bleuart.o
    0x080002cc   0x080002cc   0x00000006   Code   RO         1338    i.BLE_UART_CALLBALL_GetBleMacAddrRequest  bleuart.o
    0x080002d2   0x080002d2   0x00000002   PAD
    0x080002d4   0x080002d4   0x00000128   Code   RO         1344    i.BLE_UART_RcvBleMacAddr  bleuart.o
    0x080003fc   0x080003fc   0x00000034   Code   RO         1346    i.BLE_UART_SendCmdGetBleMacAddr  bleuart.o
    0x08000430   0x08000430   0x00000002   Code   RO         1567    i.BusFault_Handler  gd32f10x_it.o
    0x08000432   0x08000432   0x00000002   PAD
    0x08000434   0x08000434   0x00000054   Code   RO          470    i.DMA0_Channel1_IRQHandler  spiflash.o
    0x08000488   0x08000488   0x0000005c   Code   RO          471    i.DMA0_Channel2_IRQHandler  spiflash.o
    0x080004e4   0x080004e4   0x00000100   Code   RO          472    i.DMAy_SPIx_Configuration  spiflash.o
    0x080005e4   0x080005e4   0x00000002   Code   RO         1568    i.DebugMon_Handler  gd32f10x_it.o
    0x080005e6   0x080005e6   0x00000002   PAD
    0x080005e8   0x080005e8   0x00000010   Code   RO         1153    i.FACTORY_NVM_SetDirtyFlag  param.o
    0x080005f8   0x080005f8   0x00000020   Code   RO         1638    i.GSM_UART_GpioOnOffControl  gsmuart.o
    0x08000618   0x08000618   0x0000002c   Code   RO         1639    i.GSM_UART_GsmPowerOnOff  gsmuart.o
    0x08000644   0x08000644   0x00000074   Code   RO         1642    i.GSM_UART_RcvSimICCID  gsmuart.o
    0x080006b8   0x080006b8   0x00000002   Code   RO         1569    i.HardFault_Handler  gd32f10x_it.o
    0x080006ba   0x080006ba   0x00000036   Code   RO         1713    i.IAP_CTRL_UART_CheckSUM  iapctrluart.o
    0x080006f0   0x080006f0   0x00000968   Code   RO         1714    i.IAP_CTRL_UART_CmdFrameProcess  iapctrluart.o
    0x08001058   0x08001058   0x0000004a   Code   RO         1715    i.IAP_CTRL_UART_ConfirmTempCmdFrameBuff  iapctrluart.o
    0x080010a2   0x080010a2   0x0000005e   Code   RO         1716    i.IAP_CTRL_UART_DataStructureInit  iapctrluart.o
    0x08001100   0x08001100   0x0000009c   Code   RO         1717    i.IAP_CTRL_UART_HwInit  iapctrluart.o
    0x0800119c   0x0800119c   0x00000028   Code   RO         1718    i.IAP_CTRL_UART_IR_StartSendData  iapctrluart.o
    0x080011c4   0x080011c4   0x00000018   Code   RO         1719    i.IAP_CTRL_UART_Init  iapctrluart.o
    0x080011dc   0x080011dc   0x00000034   Code   RO         1720    i.IAP_CTRL_UART_LcdControl  iapctrluart.o
    0x08001210   0x08001210   0x0000001c   Code   RO         1721    i.IAP_CTRL_UART_Process  iapctrluart.o
    0x0800122c   0x0800122c   0x0000015a   Code   RO         1722    i.IAP_CTRL_UART_RxFIFOProcess  iapctrluart.o
    0x08001386   0x08001386   0x00000002   PAD
    0x08001388   0x08001388   0x0000002c   Code   RO         1725    i.IAP_CTRL_UART_SendCmdNoResult  iapctrluart.o
    0x080013b4   0x080013b4   0x00000034   Code   RO         1733    i.IAP_CTRL_UART_SendCmdWithResult  iapctrluart.o
    0x080013e8   0x080013e8   0x00000048   Code   RO         1735    i.IAP_CTRL_UART_SendFlagCheck  iapctrluart.o
    0x08001430   0x08001430   0x0000008c   Code   RO         1736    i.IAP_CTRL_UART_SendSpiFlashData  iapctrluart.o
    0x080014bc   0x080014bc   0x000000a0   Code   RO         1737    i.IAP_CTRL_UART_SendVersionCheck  iapctrluart.o
    0x0800155c   0x0800155c   0x00000046   Code   RO         1738    i.IAP_CTRL_UART_TxAddData  iapctrluart.o
    0x080015a2   0x080015a2   0x0000007c   Code   RO         1739    i.IAP_CTRL_UART_TxAddFrame  iapctrluart.o
    0x0800161e   0x0800161e   0x00000060   Code   RO         1740    i.IAP_CTRL_UART_TxProcess  iapctrluart.o
    0x0800167e   0x0800167e   0x00000036   Code   RO          995    i.IAP_CheckApp1FlashIsBlank  iap.o
    0x080016b4   0x080016b4   0x00000036   Code   RO          996    i.IAP_CheckApp2FlashIsBlank  iap.o
    0x080016ea   0x080016ea   0x00000002   PAD
    0x080016ec   0x080016ec   0x00000028   Code   RO          997    i.IAP_CheckAppRightful  iap.o
    0x08001714   0x08001714   0x0000006c   Code   RO          999    i.IAP_EraseAPP1Area  iap.o
    0x08001780   0x08001780   0x0000006c   Code   RO         1000    i.IAP_EraseAPP2Area  iap.o
    0x080017ec   0x080017ec   0x0000006c   Code   RO         1001    i.IAP_EraseAPPArea  iap.o
    0x08001858   0x08001858   0x00000004   Code   RO         1003    i.IAP_FlashReadHalfWord  iap.o
    0x0800185c   0x0800185c   0x0000005a   Code   RO         1007    i.IAP_FlashWriteHalfWordArray  iap.o
    0x080018b6   0x080018b6   0x00000070   Code   RO         1008    i.IAP_FlashWriteHalfWordArrayAndCheck  iap.o
    0x08001926   0x08001926   0x00000002   PAD
    0x08001928   0x08001928   0x0000002c   Code   RO         1012    i.IAP_Init          iap.o
    0x08001954   0x08001954   0x00000024   Code   RO         1013    i.IAP_JumpToAppFun  iap.o
    0x08001978   0x08001978   0x0000004c   Code   RO         1014    i.IAP_RunAPP        iap.o
    0x080019c4   0x080019c4   0x00000054   Code   RO         1015    i.IAP_WriteAppBin   iap.o
    0x08001a18   0x08001a18   0x00000002   Code   RO         1570    i.MemManage_Handler  gd32f10x_it.o
    0x08001a1a   0x08001a1a   0x00000002   Code   RO         1571    i.NMI_Handler       gd32f10x_it.o
    0x08001a1c   0x08001a1c   0x00000008   Code   RO          767    i.NVIC_Configuration  system.o
    0x08001a24   0x08001a24   0x0000001a   Code   RO          473    i.NVIC_DMAy_Configuration  spiflash.o
    0x08001a3e   0x08001a3e   0x0000001e   Code   RO         1154    i.PARAM_CmpareN     param.o
    0x08001a5c   0x08001a5c   0x0000002c   Code   RO         1155    i.PARAM_Init        param.o
    0x08001a88   0x08001a88   0x00000220   Code   RO         1156    i.PARAM_SetDefaultRunningData  param.o
    0x08001ca8   0x08001ca8   0x0000004c   Code   RO          450    i.POWER_Init        powerctl.o
    0x08001cf4   0x08001cf4   0x00000002   Code   RO         1572    i.PendSV_Handler    gd32f10x_it.o
    0x08001cf6   0x08001cf6   0x00000002   PAD
    0x08001cf8   0x08001cf8   0x00000094   Code   RO          768    i.RCC_HSE_Configuration  system.o
    0x08001d8c   0x08001d8c   0x00000044   Code   RO          474    i.SPI_FLASH_EraseBlock  spiflash.o
    0x08001dd0   0x08001dd0   0x0000007e   Code   RO          476    i.SPI_FLASH_EraseRoom  spiflash.o
    0x08001e4e   0x08001e4e   0x00000002   PAD
    0x08001e50   0x08001e50   0x00000044   Code   RO          477    i.SPI_FLASH_EraseSector  spiflash.o
    0x08001e94   0x08001e94   0x00000060   Code   RO          478    i.SPI_FLASH_ReadArray  spiflash.o
    0x08001ef4   0x08001ef4   0x00000012   Code   RO          479    i.SPI_FLASH_ReadByte  spiflash.o
    0x08001f06   0x08001f06   0x0000002a   Code   RO          482    i.SPI_FLASH_ReadWord  spiflash.o
    0x08001f30   0x08001f30   0x0000005c   Code   RO          483    i.SPI_FLASH_SendByte  spiflash.o
    0x08001f8c   0x08001f8c   0x0000002c   Code   RO          484    i.SPI_FLASH_WaitForWriteEnd  spiflash.o
    0x08001fb8   0x08001fb8   0x000000de   Code   RO          485    i.SPI_FLASH_WriteArray  spiflash.o
    0x08002096   0x08002096   0x00000012   Code   RO          486    i.SPI_FLASH_WriteByte  spiflash.o
    0x080020a8   0x080020a8   0x00000024   Code   RO          487    i.SPI_FLASH_WriteEnable  spiflash.o
    0x080020cc   0x080020cc   0x00000060   Code   RO          489    i.SPI_FLASH_WritePage  spiflash.o
    0x0800212c   0x0800212c   0x000000e4   Code   RO          491    i.SPI_FLASH_WriteWithCheck  spiflash.o
    0x08002210   0x08002210   0x000000bc   Code   RO          492    i.SPI_FLASH_WriteWithErase  spiflash.o
    0x080022cc   0x080022cc   0x00000024   Code   RO          493    i.SPI_FLASH_WriteWord  spiflash.o
    0x080022f0   0x080022f0   0x0000002c   Code   RO          494    i.SPIx_ConfigureWorkMode  spiflash.o
    0x0800231c   0x0800231c   0x000000a0   Code   RO          497    i.SPIx_FLASH_Init   spiflash.o
    0x080023bc   0x080023bc   0x00000078   Code   RO         1928    i.STATE_EnterState  state.o
    0x08002434   0x08002434   0x00000028   Code   RO         1929    i.STATE_Init        state.o
    0x0800245c   0x0800245c   0x00000074   Code   RO         1930    i.STATE_Process     state.o
    0x080024d0   0x080024d0   0x00000058   Code   RO          662    i.STRING_Find       stringoperation.o
    0x08002528   0x08002528   0x00000002   Code   RO         1573    i.SVC_Handler       gd32f10x_it.o
    0x0800252a   0x0800252a   0x00000012   Code   RO          769    i.SYSTEM_Init       system.o
    0x0800253c   0x0800253c   0x00000024   Code   RO          770    i.SYSTEM_Rst        system.o
    0x08002560   0x08002560   0x00000074   Code   RO         5537    i.SystemCoreClockUpdate  system_gd32f10x.o
    0x080025d4   0x080025d4   0x0000004c   Code   RO         5538    i.SystemInit        system_gd32f10x.o
    0x08002620   0x08002620   0x00000022   Code   RO          849    i.TIMER1_IRQHandler  timer.o
    0x08002642   0x08002642   0x00000002   PAD
    0x08002644   0x08002644   0x00000048   Code   RO          850    i.TIMER_AddTask     timer.o
    0x0800268c   0x0800268c   0x00000054   Code   RO          851    i.TIMER_AddToQueue  timer.o
    0x080026e0   0x080026e0   0x00000068   Code   RO          852    i.TIMER_CALLBACK_OnTimer  timer.o
    0x08002748   0x08002748   0x00000002   Code   RO          854    i.TIMER_DoNothing   timer.o
    0x0800274a   0x0800274a   0x00000002   PAD
    0x0800274c   0x0800274c   0x0000004c   Code   RO          855    i.TIMER_Init        timer.o
    0x08002798   0x08002798   0x0000000a   Code   RO          856    i.TIMER_InitTimerx  timer.o
    0x080027a2   0x080027a2   0x00000002   PAD
    0x080027a4   0x080027a4   0x0000005c   Code   RO          858    i.TIMER_KillTask    timer.o
    0x08002800   0x08002800   0x00000008   Code   RO          862    i.TIMER_StartTimerx  timer.o
    0x08002808   0x08002808   0x0000003c   Code   RO          864    i.TIMER_TaskQueueProcess  timer.o
    0x08002844   0x08002844   0x00000054   Code   RO          865    i.TIMx_INT_Init     timer.o
    0x08002898   0x08002898   0x00000048   Code   RO         1644    i.UART3_IRQHandler  gsmuart.o
    0x080028e0   0x080028e0   0x0000009c   Code   RO         1741    i.UART_PROTOCOL_SendMcuUid  iapctrluart.o
    0x0800297c   0x0800297c   0x00000138   Code   RO         1348    i.USART0_IRQHandler  bleuart.o
    0x08002ab4   0x08002ab4   0x00000124   Code   RO         1742    i.USART1_IRQHandler  iapctrluart.o
    0x08002bd8   0x08002bd8   0x00000002   Code   RO         1574    i.UsageFault_Handler  gd32f10x_it.o
    0x08002bda   0x08002bda   0x00000002   Code   RO          968    i.WDT_Clear         watchdog.o
    0x08002bdc   0x08002bdc   0x00000028   Code   RO         5816    i.__0sprintf$8      mc_w.l(printf8.o)
    0x08002c04   0x08002c04   0x0000000e   Code   RO         5946    i.__scatterload_copy  mc_w.l(handlers.o)
    0x08002c12   0x08002c12   0x00000002   Code   RO         5947    i.__scatterload_null  mc_w.l(handlers.o)
    0x08002c14   0x08002c14   0x0000000e   Code   RO         5948    i.__scatterload_zeroinit  mc_w.l(handlers.o)
    0x08002c22   0x08002c22   0x00000002   PAD
    0x08002c24   0x08002c24   0x00000404   Code   RO         5821    i._printf_core      mc_w.l(printf8.o)
    0x08003028   0x08003028   0x00000024   Code   RO         5822    i._printf_post_padding  mc_w.l(printf8.o)
    0x0800304c   0x0800304c   0x0000002e   Code   RO         5823    i._printf_pre_padding  mc_w.l(printf8.o)
    0x0800307a   0x0800307a   0x0000000a   Code   RO         5825    i._sputc            mc_w.l(printf8.o)
    0x08003084   0x08003084   0x00000018   Code   RO         1743    i.checkVersion      iapctrluart.o
    0x0800309c   0x0800309c   0x00000024   Code   RO         2803    i.dma_channel_disable  gd32f10x_dma.o
    0x080030c0   0x080030c0   0x00000024   Code   RO         2805    i.dma_circulation_disable  gd32f10x_dma.o
    0x080030e4   0x080030e4   0x0000003a   Code   RO         2807    i.dma_deinit        gd32f10x_dma.o
    0x0800311e   0x0800311e   0x0000000c   Code   RO         2808    i.dma_flag_clear    gd32f10x_dma.o
    0x0800312a   0x0800312a   0x00000086   Code   RO         2810    i.dma_init          gd32f10x_dma.o
    0x080031b0   0x080031b0   0x00000024   Code   RO         2811    i.dma_interrupt_disable  gd32f10x_dma.o
    0x080031d4   0x080031d4   0x0000000c   Code   RO         2813    i.dma_interrupt_flag_clear  gd32f10x_dma.o
    0x080031e0   0x080031e0   0x0000004c   Code   RO         2814    i.dma_interrupt_flag_get  gd32f10x_dma.o
    0x0800322c   0x0800322c   0x00000024   Code   RO         2818    i.dma_memory_to_memory_disable  gd32f10x_dma.o
    0x08003250   0x08003250   0x00000018   Code   RO         2822    i.dma_periph_and_channel_check  gd32f10x_dma.o
    0x08003268   0x08003268   0x0000001a   Code   RO         3238    i.fmc_bank0_ready_wait  gd32f10x_fmc.o
    0x08003282   0x08003282   0x00000002   PAD
    0x08003284   0x08003284   0x00000028   Code   RO         3239    i.fmc_bank0_state_get  gd32f10x_fmc.o
    0x080032ac   0x080032ac   0x0000001a   Code   RO         3243    i.fmc_bank1_ready_wait  gd32f10x_fmc.o
    0x080032c6   0x080032c6   0x00000002   PAD
    0x080032c8   0x080032c8   0x00000028   Code   RO         3244    i.fmc_bank1_state_get  gd32f10x_fmc.o
    0x080032f0   0x080032f0   0x0000001c   Code   RO         3246    i.fmc_flag_clear    gd32f10x_fmc.o
    0x0800330c   0x0800330c   0x00000094   Code   RO         3248    i.fmc_halfword_program  gd32f10x_fmc.o
    0x080033a0   0x080033a0   0x00000028   Code   RO         3253    i.fmc_lock          gd32f10x_fmc.o
    0x080033c8   0x080033c8   0x000000b4   Code   RO         3255    i.fmc_page_erase    gd32f10x_fmc.o
    0x0800347c   0x0800347c   0x00000038   Code   RO         3256    i.fmc_unlock        gd32f10x_fmc.o
    0x080034b4   0x080034b4   0x00000050   Code   RO         5868    i.free              mc_w.l(malloc.o)
    0x08003504   0x08003504   0x00000004   Code   RO         3505    i.gpio_bit_reset    gd32f10x_gpio.o
    0x08003508   0x08003508   0x00000004   Code   RO         3506    i.gpio_bit_set      gd32f10x_gpio.o
    0x0800350c   0x0800350c   0x0000000c   Code   RO         3507    i.gpio_bit_write    gd32f10x_gpio.o
    0x08003518   0x08003518   0x00000094   Code   RO         3513    i.gpio_init         gd32f10x_gpio.o
    0x080035ac   0x080035ac   0x0000005c   Code   RO         3519    i.gpio_pin_remap_config  gd32f10x_gpio.o
    0x08003608   0x08003608   0x00000032   Code   RO          378    i.main              main.o
    0x0800363a   0x0800363a   0x00000002   PAD
    0x0800363c   0x0800363c   0x0000006c   Code   RO         5869    i.malloc            mc_w.l(malloc.o)
    0x080036a8   0x080036a8   0x00000090   Code   RO         3821    i.nvic_irq_enable   gd32f10x_misc.o
    0x08003738   0x08003738   0x00000014   Code   RO         3822    i.nvic_priority_group_set  gd32f10x_misc.o
    0x0800374c   0x0800374c   0x00000014   Code   RO         3823    i.nvic_vector_table_set  gd32f10x_misc.o
    0x08003760   0x08003760   0x00000014   Code   RO         3964    i.rcu_ahb_clock_config  gd32f10x_rcu.o
    0x08003774   0x08003774   0x00000014   Code   RO         3966    i.rcu_apb1_clock_config  gd32f10x_rcu.o
    0x08003788   0x08003788   0x00000014   Code   RO         3967    i.rcu_apb2_clock_config  gd32f10x_rcu.o
    0x0800379c   0x0800379c   0x000000ec   Code   RO         3971    i.rcu_clock_freq_get  gd32f10x_rcu.o
    0x08003888   0x08003888   0x00000040   Code   RO         3973    i.rcu_deinit        gd32f10x_rcu.o
    0x080038c8   0x080038c8   0x00000020   Code   RO         3974    i.rcu_flag_get      gd32f10x_rcu.o
    0x080038e8   0x080038e8   0x0000001c   Code   RO         3985    i.rcu_osci_on       gd32f10x_rcu.o
    0x08003904   0x08003904   0x000000cc   Code   RO         3986    i.rcu_osci_stab_wait  gd32f10x_rcu.o
    0x080039d0   0x080039d0   0x0000001c   Code   RO         3988    i.rcu_periph_clock_enable  gd32f10x_rcu.o
    0x080039ec   0x080039ec   0x0000001c   Code   RO         3991    i.rcu_periph_reset_disable  gd32f10x_rcu.o
    0x08003a08   0x08003a08   0x0000001c   Code   RO         3992    i.rcu_periph_reset_enable  gd32f10x_rcu.o
    0x08003a24   0x08003a24   0x0000001c   Code   RO         3993    i.rcu_pll_config    gd32f10x_rcu.o
    0x08003a40   0x08003a40   0x00000018   Code   RO         3994    i.rcu_predv0_config  gd32f10x_rcu.o
    0x08003a58   0x08003a58   0x00000014   Code   RO         3996    i.rcu_system_clock_source_config  gd32f10x_rcu.o
    0x08003a6c   0x08003a6c   0x00000010   Code   RO         3997    i.rcu_system_clock_source_get  gd32f10x_rcu.o
    0x08003a7c   0x08003a7c   0x0000000a   Code   RO         4599    i.spi_disable       gd32f10x_spi.o
    0x08003a86   0x08003a86   0x00000018   Code   RO         4600    i.spi_dma_disable   gd32f10x_spi.o
    0x08003a9e   0x08003a9e   0x00000018   Code   RO         4601    i.spi_dma_enable    gd32f10x_spi.o
    0x08003ab6   0x08003ab6   0x0000000a   Code   RO         4602    i.spi_enable        gd32f10x_spi.o
    0x08003ac0   0x08003ac0   0x00000006   Code   RO         4604    i.spi_i2s_data_receive  gd32f10x_spi.o
    0x08003ac6   0x08003ac6   0x00000004   Code   RO         4605    i.spi_i2s_data_transmit  gd32f10x_spi.o
    0x08003aca   0x08003aca   0x00000002   PAD
    0x08003acc   0x08003acc   0x00000058   Code   RO         4606    i.spi_i2s_deinit    gd32f10x_spi.o
    0x08003b24   0x08003b24   0x0000000e   Code   RO         4607    i.spi_i2s_flag_get  gd32f10x_spi.o
    0x08003b32   0x08003b32   0x0000002e   Code   RO         4611    i.spi_init          gd32f10x_spi.o
    0x08003b60   0x08003b60   0x00000088   Code   RO         5539    i.system_clock_108m_hxtal  system_gd32f10x.o
    0x08003be8   0x08003be8   0x00000004   Code   RO         5540    i.system_clock_config  system_gd32f10x.o
    0x08003bec   0x08003bec   0x00000188   Code   RO         4812    i.timer_deinit      gd32f10x_timer.o
    0x08003d74   0x08003d74   0x0000000a   Code   RO         4817    i.timer_enable      gd32f10x_timer.o
    0x08003d7e   0x08003d7e   0x00000006   Code   RO         4824    i.timer_flag_clear  gd32f10x_timer.o
    0x08003d84   0x08003d84   0x000000dc   Code   RO         4827    i.timer_init        gd32f10x_timer.o
    0x08003e60   0x08003e60   0x00000008   Code   RO         4834    i.timer_interrupt_enable  gd32f10x_timer.o
    0x08003e68   0x08003e68   0x00000006   Code   RO         4835    i.timer_interrupt_flag_clear  gd32f10x_timer.o
    0x08003e6e   0x08003e6e   0x00000014   Code   RO         4836    i.timer_interrupt_flag_get  gd32f10x_timer.o
    0x08003e82   0x08003e82   0x00000002   PAD
    0x08003e84   0x08003e84   0x00000070   Code   RO         5210    i.usart_baudrate_set  gd32f10x_usart.o
    0x08003ef4   0x08003ef4   0x00000008   Code   RO         5211    i.usart_data_receive  gd32f10x_usart.o
    0x08003efc   0x08003efc   0x00000008   Code   RO         5212    i.usart_data_transmit  gd32f10x_usart.o
    0x08003f04   0x08003f04   0x00000090   Code   RO         5213    i.usart_deinit      gd32f10x_usart.o
    0x08003f94   0x08003f94   0x0000000a   Code   RO         5217    i.usart_enable      gd32f10x_usart.o
    0x08003f9e   0x08003f9e   0x0000001a   Code   RO         5219    i.usart_flag_get    gd32f10x_usart.o
    0x08003fb8   0x08003fb8   0x0000000c   Code   RO         5223    i.usart_hardware_flow_cts_config  gd32f10x_usart.o
    0x08003fc4   0x08003fc4   0x0000000c   Code   RO         5224    i.usart_hardware_flow_rts_config  gd32f10x_usart.o
    0x08003fd0   0x08003fd0   0x00000016   Code   RO         5225    i.usart_interrupt_disable  gd32f10x_usart.o
    0x08003fe6   0x08003fe6   0x00000016   Code   RO         5226    i.usart_interrupt_enable  gd32f10x_usart.o
    0x08003ffc   0x08003ffc   0x00000032   Code   RO         5228    i.usart_interrupt_flag_get  gd32f10x_usart.o
    0x0800402e   0x0800402e   0x00000010   Code   RO         5238    i.usart_parity_config  gd32f10x_usart.o
    0x0800403e   0x0800403e   0x0000000c   Code   RO         5240    i.usart_receive_config  gd32f10x_usart.o
    0x0800404a   0x0800404a   0x00000010   Code   RO         5246    i.usart_stop_bit_set  gd32f10x_usart.o
    0x0800405a   0x0800405a   0x0000000c   Code   RO         5250    i.usart_transmit_config  gd32f10x_usart.o
    0x08004066   0x08004066   0x00000010   Code   RO         5251    i.usart_word_length_set  gd32f10x_usart.o
    0x08004076   0x08004076   0x00000002   PAD
    0x08004078   0x08004078   0x00000024   Data   RO         1159    .constdata          param.o
    0x0800409c   0x0800409c   0x00000020   Data   RO         5944    Region$$Table       anon$$obj.o


    Execution Region RW_IRAM1 (Exec base: 0x20000000, Load base: 0x080040bc, Size: 0x00004e58, Max: 0x00018000, ABSOLUTE)

    Exec Addr    Load Addr    Size         Type   Attr      Idx    E Section Name        Object

    0x20000000   0x080040bc   0x00000006   Data   RW          499    .data               spiflash.o
    0x20000006   0x080040c2   0x00000001   Data   RW         1350    .data               bleuart.o
    0x20000007   0x080040c3   0x00000001   Data   RW         1745    .data               iapctrluart.o
    0x20000008   0x080040c4   0x0000000c   Data   RW         1931    .data               state.o
    0x20000014   0x080040d0   0x00000004   Data   RW         5541    .data               system_gd32f10x.o
    0x20000018   0x080040d4   0x00000004   Data   RW         5919    .data               mc_w.l(mvars.o)
    0x2000001c   0x080040d8   0x00000004   Data   RW         5920    .data               mc_w.l(mvars.o)
    0x20000020        -       0x00000054   Zero   RW          498    .bss                spiflash.o
    0x20000074        -       0x000001b0   Zero   RW          866    .bss                timer.o
    0x20000224        -       0x00000010   Zero   RW         1016    .bss                iap.o
    0x20000234        -       0x00000198   Zero   RW         1158    .bss                param.o
    0x200003cc        -       0x00000238   Zero   RW         1349    .bss                bleuart.o
    0x20000604        -       0x0000004c   Zero   RW         1645    .bss                gsmuart.o
    0x20000650        -       0x00000804   Zero   RW         1744    .bss                iapctrluart.o
    0x20000e54   0x080040dc   0x00000004   PAD
    0x20000e58        -       0x00002000   Zero   RW         2003    HEAP                startup_gd32f10x_xd.o
    0x20002e58        -       0x00002000   Zero   RW         2002    STACK               startup_gd32f10x_xd.o


==============================================================================

Image component sizes


      Code (inc. data)   RO Data    RW Data    ZI Data      Debug   Object Name

       746        112          0          1        568       5951   bleuart.o
         0          0          0          0          0      70920   delay.o
       460          6          0          0          0       7096   gd32f10x_dma.o
       584         72          0          0          0       5851   gd32f10x_fmc.o
       260          6          0          0          0       3477   gd32f10x_gpio.o
        16          0          0          0          0       3636   gd32f10x_it.o
       184         24          0          0          0       2024   gd32f10x_misc.o
       796        120          0          0          0       9770   gd32f10x_rcu.o
       226          6          0          0          0       5992   gd32f10x_spi.o
       662         66          0          0          0       5335   gd32f10x_timer.o
       498         18          0          0          0       9945   gd32f10x_usart.o
       264         48          0          0         76       3487   gsmuart.o
       918         32          0          0         16      12351   iap.o
      4506        220          0          1       2052      23630   iapctrluart.o
        50          0          0          0          0       1811   main.o
       634         94         36          0        408       5506   param.o
        76          8          0          0          0        509   powerctl.o
      2040        124          0          6         84      19208   spiflash.o
        36          8        304          0      16384        828   startup_gd32f10x_xd.o
       276         44          0         12          0       2592   state.o
        88          0          0          0          0       3850   stringoperation.o
       210         14          0          0          0      23978   system.o
       332         46          0          4          0       2643   system_gd32f10x.o
       626         42          0          0        432       6970   timer.o
         2          0          0          0          0        436   watchdog.o

    ----------------------------------------------------------------------
     14524       1110        372         24      20024     237796   Object Totals
         0          0         32          0          0          0   (incl. Generated)
        34          0          0          0          4          0   (incl. Padding)

    ----------------------------------------------------------------------

      Code (inc. data)   RO Data    RW Data    ZI Data      Debug   Library Member Name

         0          0          0          0          0          0   entry.o
         0          0          0          0          0          0   entry10a.o
         0          0          0          0          0          0   entry11a.o
         4          0          0          0          0          0   entry12b.o
         8          4          0          0          0          0   entry2.o
         4          0          0          0          0          0   entry5.o
         0          0          0          0          0          0   entry7b.o
         0          0          0          0          0          0   entry8b.o
         8          4          0          0          0          0   entry9a.o
        30          0          0          0          0          0   handlers.o
        36          8          0          0          0         68   init.o
        30          0          0          0          0         68   llshl.o
        32          0          0          0          0         68   llushr.o
       188         20          0          0          0        160   malloc.o
        36          0          0          0          0        108   memseta.o
         0          0          0          8          0          0   mvars.o
      1160         50          0          0          0        420   printf8.o
        36          0          0          0          0         80   strstr.o
        98          0          0          0          0         92   uldiv.o

    ----------------------------------------------------------------------
      1676         86          0          8          0       1064   Library Totals
         6          0          0          0          0          0   (incl. Padding)

    ----------------------------------------------------------------------

      Code (inc. data)   RO Data    RW Data    ZI Data      Debug   Library Name

      1670         86          0          8          0       1064   mc_w.l

    ----------------------------------------------------------------------
      1676         86          0          8          0       1064   Library Totals

    ----------------------------------------------------------------------

==============================================================================


      Code (inc. data)   RO Data    RW Data    ZI Data      Debug   

     16200       1196        372         32      20024     229496   Grand Totals
     16200       1196        372         32      20024     229496   ELF Image Totals
     16200       1196        372         32          0          0   ROM Totals

==============================================================================

    Total RO  Size (Code + RO Data)                16572 (  16.18kB)
    Total RW  Size (RW Data + ZI Data)             20056 (  19.59kB)
    Total ROM Size (Code + RO Data + RW Data)      16604 (  16.21kB)

==============================================================================

