Component: ARM Compiler 5.06 update 7 (build 960) Tool: armlink [4d3601]

==============================================================================

Section Cross References

    main.o(i.Key_Info) refers to stsprotocol.o(i.STS_PROTOCOL_SendCmdAck) for STS_PROTOCOL_SendCmdAck
    main.o(i.Key_Info) refers to timer.o(i.TIMER_AddTask) for TIMER_AddTask
    main.o(i.Key_Info) refers to dutinfo.o(.bss) for dut_info
    main.o(i.Key_Info) refers to stsprotocol.o(i.DutTimeOut) for DutTimeOut
    main.o(i.main) refers to system.o(i.SYSTEM_Init) for SYSTEM_Init
    main.o(i.main) refers to lcd2004.o(i.Init_Lcd) for Init_Lcd
    main.o(i.main) refers to lcd2004.o(i.POWER_ON_Information) for POWER_ON_Information
    main.o(i.main) refers to timer.o(i.TIMER_Init) for TIMER_Init
    main.o(i.main) refers to spiflash.o(i.SPIx_FLASH_Init) for SPIx_FLASH_Init
    main.o(i.main) refers to avopin.o(i.AVO_PIN_Init) for AVO_PIN_Init
    main.o(i.main) refers to avopin.o(i.ADC_HwInit) for ADC_HwInit
    main.o(i.main) refers to avopin.o(i.DAC_Init) for DAC_Init
    main.o(i.main) refers to adc.o(i.ADC_BaseInit) for ADC_BaseInit
    main.o(i.main) refers to pwm.o(i.PWM_OUT1_Init) for PWM_OUT1_Init
    main.o(i.main) refers to stsdrive.o(i.STS_UART_Init) for STS_UART_Init
    main.o(i.main) refers to stsprotocol.o(i.STS_PROTOCOL_Init) for STS_PROTOCOL_Init
    main.o(i.main) refers to powerdrive.o(i.POWER_UART_Init) for POWER_UART_Init
    main.o(i.main) refers to powerprotocol.o(i.POWER_PROTOCOL_Init) for POWER_PROTOCOL_Init
    main.o(i.main) refers to avodrive.o(i.AVO_UART_Init) for AVO_UART_Init
    main.o(i.main) refers to avoprotocol.o(i.AVO_PROTOCOL_Init) for AVO_PROTOCOL_Init
    main.o(i.main) refers to state.o(i.STATE_Init) for STATE_Init
    main.o(i.main) refers to key.o(i.KEY_Init) for KEY_Init
    main.o(i.main) refers to keymsgprocess.o(i.KEYMSG_StopAllService) for KEYMSG_StopAllService
    main.o(i.main) refers to keymsgprocess.o(i.KEYMSG_RegisterMsgService) for KEYMSG_RegisterMsgService
    main.o(i.main) refers to param.o(i.PARAM_Init) for PARAM_Init
    main.o(i.main) refers to dutctl.o(i.DUTCTRL_BusInit) for DUTCTRL_BusInit
    main.o(i.main) refers to timer.o(i.TIMER_AddTask) for TIMER_AddTask
    main.o(i.main) refers to timer.o(i.TIMER_TaskQueueProcess) for TIMER_TaskQueueProcess
    main.o(i.main) refers to stsdrive.o(i.STS_UART_Process) for STS_UART_Process
    main.o(i.main) refers to stsprotocol.o(i.STS_PROTOCOL_Process) for STS_PROTOCOL_Process
    main.o(i.main) refers to keymsgprocess.o(i.KEYMSG_Process) for KEYMSG_Process
    main.o(i.main) refers to powerdrive.o(i.POWER_UART_Process) for POWER_UART_Process
    main.o(i.main) refers to powerprotocol.o(i.POWER_PROTOCOL_Process) for POWER_PROTOCOL_Process
    main.o(i.main) refers to avodrive.o(i.AVO_UART_Process) for AVO_UART_Process
    main.o(i.main) refers to avoprotocol.o(i.AVO_PROTOCOL_Process) for AVO_PROTOCOL_Process
    main.o(i.main) refers to dutuartdrive.o(i.UART_DRIVE_Process) for UART_DRIVE_Process
    main.o(i.main) refers to dutuartprotocol.o(i.DUT_UART_PROTOCOL_Process) for DUT_UART_PROTOCOL_Process
    main.o(i.main) refers to uartprotocolxm.o(i.UART_PROTOCOL_XM_Process) for UART_PROTOCOL_XM_Process
    main.o(i.main) refers to canprotocoltest.o(i.CAN_PROTOCOL_Process_Test) for CAN_PROTOCOL_Process_Test
    main.o(i.main) refers to canprotocol_3a.o(i.CAN_PROTOCOL_Process_3A) for CAN_PROTOCOL_Process_3A
    main.o(i.main) refers to uartprotocol.o(i.UART_PROTOCOL_Process) for UART_PROTOCOL_Process
    main.o(i.main) refers to state.o(i.STATE_Process) for STATE_Process
    main.o(i.main) refers to adc.o(i.ADC_Process) for ADC_Process
    main.o(i.main) refers to main.o(i.Key_Info) for Key_Info
    main.o(i.main) refers to stsprotocol.o(i.Report_Identity) for Report_Identity
    spiflash.o(i.DMA0_Channel1_IRQHandler) refers to gd32f10x_dma.o(i.dma_interrupt_flag_get) for dma_interrupt_flag_get
    spiflash.o(i.DMA0_Channel1_IRQHandler) refers to gd32f10x_dma.o(i.dma_interrupt_flag_clear) for dma_interrupt_flag_clear
    spiflash.o(i.DMA0_Channel1_IRQHandler) refers to gd32f10x_dma.o(i.dma_channel_disable) for dma_channel_disable
    spiflash.o(i.DMA0_Channel1_IRQHandler) refers to gd32f10x_dma.o(i.dma_interrupt_disable) for dma_interrupt_disable
    spiflash.o(i.DMA0_Channel1_IRQHandler) refers to gd32f10x_gpio.o(i.gpio_bit_set) for gpio_bit_set
    spiflash.o(i.DMA0_Channel1_IRQHandler) refers to spiflash.o(.data) for .data
    spiflash.o(i.DMA0_Channel2_IRQHandler) refers to gd32f10x_dma.o(i.dma_interrupt_flag_get) for dma_interrupt_flag_get
    spiflash.o(i.DMA0_Channel2_IRQHandler) refers to gd32f10x_dma.o(i.dma_interrupt_flag_clear) for dma_interrupt_flag_clear
    spiflash.o(i.DMA0_Channel2_IRQHandler) refers to gd32f10x_spi.o(i.spi_i2s_flag_get) for spi_i2s_flag_get
[...]
    UART_Test                                0x08017a15   Thumb Code   318  state.o(i.UART_Test)
    USART0_IRQHandler                        0x08017bad   Thumb Code   210  avodrive.o(i.USART0_IRQHandler)
    USART1_IRQHandler                        0x08017c95   Thumb Code   210  stsdrive.o(i.USART1_IRQHandler)
    USART2_IRQHandler                        0x08017d7d   Thumb Code   210  powerdrive.o(i.USART2_IRQHandler)
    USBD_HP_CAN0_TX_IRQHandler               0x08017e65   Thumb Code    72  canprotocoltest.o(i.USBD_HP_CAN0_TX_IRQHandler)
    USBD_LP_CAN0_RX0_IRQHandler              0x08017ec1   Thumb Code   162  canprotocoltest.o(i.USBD_LP_CAN0_RX0_IRQHandler)
    USB_ADC_Read                             0x08017f6d   Thumb Code   138  avopin.o(i.USB_ADC_Read)
    USB_CURRENT_Read                         0x08017ffd   Thumb Code   182  avopin.o(i.USB_CURRENT_Read)
    UsageFault_Handler                       0x080180b9   Thumb Code     2  gd32f10x_it.o(i.UsageFault_Handler)
    Vertical_Scrolling_Display               0x080180bb   Thumb Code    60  lcd2004.o(i.Vertical_Scrolling_Display)
    WR_DATA                                  0x080180f9   Thumb Code    16  lcd2004.o(i.WR_DATA)
    WriteFlagTimeOut                         0x08018111   Thumb Code     8  stsprotocol.o(i.WriteFlagTimeOut)
    _5VOUT_EN                                0x08018119   Thumb Code    54  avopin.o(i._5VOUT_EN)
    __0snprintf                              0x08018155   Thumb Code    48  printfa.o(i.__0snprintf)
    __1snprintf                              0x08018155   Thumb Code     0  printfa.o(i.__0snprintf)
    __2snprintf                              0x08018155   Thumb Code     0  printfa.o(i.__0snprintf)
    __c89snprintf                            0x08018155   Thumb Code     0  printfa.o(i.__0snprintf)
    snprintf                                 0x08018155   Thumb Code     0  printfa.o(i.__0snprintf)
    __0vsnprintf                             0x08018189   Thumb Code    46  printfa.o(i.__0vsnprintf)
    __1vsnprintf                             0x08018189   Thumb Code     0  printfa.o(i.__0vsnprintf)
    __2vsnprintf                             0x08018189   Thumb Code     0  printfa.o(i.__0vsnprintf)
    __c89vsnprintf                           0x08018189   Thumb Code     0  printfa.o(i.__0vsnprintf)
    vsnprintf                                0x08018189   Thumb Code     0  printfa.o(i.__0vsnprintf)
    __scatterload_copy                       0x080181bd   Thumb Code    14  handlers.o(i.__scatterload_copy)
    __scatterload_null                       0x080181cb   Thumb Code     2  handlers.o(i.__scatterload_null)
    __scatterload_zeroinit                   0x080181cd   Thumb Code    14  handlers.o(i.__scatterload_zeroinit)
    adc_calibration_enable                   0x08018a7d   Thumb Code    30  gd32f10x_adc.o(i.adc_calibration_enable)
    adc_channel_length_config                0x08018a9b   Thumb Code    58  gd32f10x_adc.o(i.adc_channel_length_config)
    adc_data_alignment_config                0x08018ad5   Thumb Code    24  gd32f10x_adc.o(i.adc_data_alignment_config)
    adc_deinit                               0x08018aed   Thumb Code    82  gd32f10x_adc.o(i.adc_deinit)
    adc_enable                               0x08018b45   Thumb Code    16  gd32f10x_adc.o(i.adc_enable)
    adc_external_trigger_config              0x08018b55   Thumb Code    56  gd32f10x_adc.o(i.adc_external_trigger_config)
    adc_external_trigger_source_config       0x08018b8d   Thumb Code    40  gd32f10x_adc.o(i.adc_external_trigger_source_config)
    adc_flag_clear                           0x08018bb5   Thumb Code     8  gd32f10x_adc.o(i.adc_flag_clear)
    adc_flag_get                             0x08018bbd   Thumb Code    14  gd32f10x_adc.o(i.adc_flag_get)
    adc_mode_config                          0x08018bcd   Thumb Code    18  gd32f10x_adc.o(i.adc_mode_config)
    adc_regular_channel_config               0x08018be5   Thumb Code   126  gd32f10x_adc.o(i.adc_regular_channel_config)
    adc_regular_data_read                    0x08018c63   Thumb Code     6  gd32f10x_adc.o(i.adc_regular_data_read)
    adc_software_trigger_enable              0x08018c69   Thumb Code    26  gd32f10x_adc.o(i.adc_software_trigger_enable)
    adc_special_function_config              0x08018c83   Thumb Code    80  gd32f10x_adc.o(i.adc_special_function_config)
    addTimeOutTimer                          0x08018cd5   Thumb Code    22  state.o(i.addTimeOutTimer)
    calCrc16                                 0x08018cf1   Thumb Code    38  uartprotocolxm.o(i.calCrc16)
    can_deinit                               0x08018d1d   Thumb Code    30  gd32f10x_can.o(i.can_deinit)
    can_filter_init                          0x08018d41   Thumb Code   198  gd32f10x_can.o(i.can_filter_init)
    can_init                                 0x08018e11   Thumb Code   276  gd32f10x_can.o(i.can_init)
    can_interrupt_disable                    0x08018f25   Thumb Code     8  gd32f10x_can.o(i.can_interrupt_disable)
    can_interrupt_enable                     0x08018f2d   Thumb Code     8  gd32f10x_can.o(i.can_interrupt_enable)
    can_message_receive                      0x08018f35   Thumb Code   130  gd32f10x_can.o(i.can_message_receive)
    can_message_transmit                     0x08018fb7   Thumb Code   178  gd32f10x_can.o(i.can_message_transmit)
    can_receive_message_length_get           0x08019069   Thumb Code    28  gd32f10x_can.o(i.can_receive_message_length_get)
    can_struct_para_init                     0x08019085   Thumb Code   126  gd32f10x_can.o(i.can_struct_para_init)
    dac_data_set                             0x08019105   Thumb Code    70  gd32f10x_dac.o(i.dac_data_set)
    dac_enable                               0x08019151   Thumb Code    26  gd32f10x_dac.o(i.dac_enable)
    dac_output_buffer_enable                 0x08019171   Thumb Code    26  gd32f10x_dac.o(i.dac_output_buffer_enable)
    dac_software_trigger_enable              0x08019191   Thumb Code    26  gd32f10x_dac.o(i.dac_software_trigger_enable)
    dac_trigger_disable                      0x080191b1   Thumb Code    26  gd32f10x_dac.o(i.dac_trigger_disable)
    dac_wave_mode_config                     0x080191d1   Thumb Code    40  gd32f10x_dac.o(i.dac_wave_mode_config)
    dma_channel_disable                      0x080191fd   Thumb Code    36  gd32f10x_dma.o(i.dma_channel_disable)
    dma_circulation_disable                  0x08019221   Thumb Code    36  gd32f10x_dma.o(i.dma_circulation_disable)
    dma_deinit                               0x08019245   Thumb Code    58  gd32f10x_dma.o(i.dma_deinit)
    dma_flag_clear                           0x0801927f   Thumb Code    12  gd32f10x_dma.o(i.dma_flag_clear)
    dma_init                                 0x0801928b   Thumb Code   134  gd32f10x_dma.o(i.dma_init)
    dma_interrupt_disable                    0x08019311   Thumb Code    36  gd32f10x_dma.o(i.dma_interrupt_disable)
    dma_interrupt_flag_clear                 0x08019335   Thumb Code    12  gd32f10x_dma.o(i.dma_interrupt_flag_clear)
    dma_interrupt_flag_get                   0x08019341   Thumb Code    76  gd32f10x_dma.o(i.dma_interrupt_flag_get)
    dma_memory_to_memory_disable             0x0801938d   Thumb Code    36  gd32f10x_dma.o(i.dma_memory_to_memory_disable)
    enterState                               0x080193c9   Thumb Code   220  stsprotocol.o(i.enterState)
    free                                     0x080194a9   Thumb Code    76  malloc.o(i.free)
    gpio_bit_reset                           0x080194f9   Thumb Code     4  gd32f10x_gpio.o(i.gpio_bit_reset)
    gpio_bit_set                             0x080194fd   Thumb Code     4  gd32f10x_gpio.o(i.gpio_bit_set)
    gpio_init                                0x08019501   Thumb Code   148  gd32f10x_gpio.o(i.gpio_init)
    gpio_input_bit_get                       0x08019595   Thumb Code    14  gd32f10x_gpio.o(i.gpio_input_bit_get)
    gpio_pin_remap_config                    0x080195a5   Thumb Code    86  gd32f10x_gpio.o(i.gpio_pin_remap_config)
    main                                     0x08019601   Thumb Code   190  main.o(i.main)
    malloc                                   0x080196c9   Thumb Code    92  malloc.o(i.malloc)
    nvic_irq_enable                          0x08019735   Thumb Code   138  gd32f10x_misc.o(i.nvic_irq_enable)
    nvic_priority_group_set                  0x080197c5   Thumb Code    10  gd32f10x_misc.o(i.nvic_priority_group_set)
    nvic_vector_table_set                    0x080197d9   Thumb Code    12  gd32f10x_misc.o(i.nvic_vector_table_set)
    rcu_adc_clock_config                     0x080197ed   Thumb Code    46  gd32f10x_rcu.o(i.rcu_adc_clock_config)
    rcu_ahb_clock_config                     0x08019825   Thumb Code    14  gd32f10x_rcu.o(i.rcu_ahb_clock_config)
    rcu_apb1_clock_config                    0x08019839   Thumb Code    14  gd32f10x_rcu.o(i.rcu_apb1_clock_config)
    rcu_apb2_clock_config                    0x0801984d   Thumb Code    14  gd32f10x_rcu.o(i.rcu_apb2_clock_config)
    rcu_clock_freq_get                       0x08019861   Thumb Code   206  gd32f10x_rcu.o(i.rcu_clock_freq_get)
    rcu_deinit                               0x0801994d   Thumb Code    50  gd32f10x_rcu.o(i.rcu_deinit)
    rcu_flag_get                             0x0801998d   Thumb Code    28  gd32f10x_rcu.o(i.rcu_flag_get)
    rcu_osci_on                              0x080199ad   Thumb Code    22  gd32f10x_rcu.o(i.rcu_osci_on)
    rcu_osci_stab_wait                       0x080199c9   Thumb Code   200  gd32f10x_rcu.o(i.rcu_osci_stab_wait)
    rcu_periph_clock_enable                  0x08019a95   Thumb Code    22  gd32f10x_rcu.o(i.rcu_periph_clock_enable)
    rcu_periph_reset_disable                 0x08019ab1   Thumb Code    22  gd32f10x_rcu.o(i.rcu_periph_reset_disable)
    rcu_periph_reset_enable                  0x08019acd   Thumb Code    22  gd32f10x_rcu.o(i.rcu_periph_reset_enable)
    rcu_pll_config                           0x08019ae9   Thumb Code    18  gd32f10x_rcu.o(i.rcu_pll_config)
    rcu_predv0_config                        0x08019b05   Thumb Code    20  gd32f10x_rcu.o(i.rcu_predv0_config)
    rcu_system_clock_source_config           0x08019b1d   Thumb Code    14  gd32f10x_rcu.o(i.rcu_system_clock_source_config)
    rcu_system_clock_source_get              0x08019b31   Thumb Code    10  gd32f10x_rcu.o(i.rcu_system_clock_source_get)
    spi_dma_disable                          0x08019b41   Thumb Code    24  gd32f10x_spi.o(i.spi_dma_disable)
    spi_dma_enable                           0x08019b59   Thumb Code    24  gd32f10x_spi.o(i.spi_dma_enable)
    spi_enable                               0x08019b71   Thumb Code    10  gd32f10x_spi.o(i.spi_enable)
    spi_i2s_data_receive                     0x08019b7b   Thumb Code     6  gd32f10x_spi.o(i.spi_i2s_data_receive)
    spi_i2s_data_transmit                    0x08019b81   Thumb Code     4  gd32f10x_spi.o(i.spi_i2s_data_transmit)
    spi_i2s_deinit                           0x08019b85   Thumb Code    82  gd32f10x_spi.o(i.spi_i2s_deinit)
    spi_i2s_flag_get                         0x08019bdd   Thumb Code    14  gd32f10x_spi.o(i.spi_i2s_flag_get)
    spi_init                                 0x08019beb   Thumb Code    46  gd32f10x_spi.o(i.spi_init)
    timer_auto_reload_shadow_enable          0x08019ca5   Thumb Code    10  gd32f10x_timer.o(i.timer_auto_reload_shadow_enable)
    timer_channel_output_config              0x08019cb1   Thumb Code   464  gd32f10x_timer.o(i.timer_channel_output_config)
    timer_channel_output_mode_config         0x08019e89   Thumb Code    84  gd32f10x_timer.o(i.timer_channel_output_mode_config)
    timer_channel_output_pulse_value_config  0x08019edd   Thumb Code    32  gd32f10x_timer.o(i.timer_channel_output_pulse_value_config)
    timer_channel_output_shadow_config       0x08019efd   Thumb Code    84  gd32f10x_timer.o(i.timer_channel_output_shadow_config)
    timer_deinit                             0x08019f51   Thumb Code   378  gd32f10x_timer.o(i.timer_deinit)
    timer_enable                             0x0801a0d9   Thumb Code    10  gd32f10x_timer.o(i.timer_enable)
    timer_flag_clear                         0x0801a0e3   Thumb Code     6  gd32f10x_timer.o(i.timer_flag_clear)
    timer_init                               0x0801a0e9   Thumb Code   168  gd32f10x_timer.o(i.timer_init)
    timer_interrupt_enable                   0x0801a1c5   Thumb Code     8  gd32f10x_timer.o(i.timer_interrupt_enable)
    timer_interrupt_flag_clear               0x0801a1cd   Thumb Code     6  gd32f10x_timer.o(i.timer_interrupt_flag_clear)
    timer_interrupt_flag_get                 0x0801a1d3   Thumb Code    20  gd32f10x_timer.o(i.timer_interrupt_flag_get)
    timer_primary_output_config              0x0801a1e7   Thumb Code    24  gd32f10x_timer.o(i.timer_primary_output_config)
    uartProtocol_SendOnePacket               0x0801a201   Thumb Code   134  uartprotocol.o(i.uartProtocol_SendOnePacket)
    uartProtocol_SendOnePacket_Hex           0x0801a28d   Thumb Code   128  uartprotocol.o(i.uartProtocol_SendOnePacket_Hex)
    usart_baudrate_set                       0x0801a311   Thumb Code   102  gd32f10x_usart.o(i.usart_baudrate_set)
    usart_data_receive                       0x0801a381   Thumb Code     8  gd32f10x_usart.o(i.usart_data_receive)
    usart_data_transmit                      0x0801a389   Thumb Code     8  gd32f10x_usart.o(i.usart_data_transmit)
    usart_deinit                             0x0801a391   Thumb Code   136  gd32f10x_usart.o(i.usart_deinit)
    usart_enable                             0x0801a421   Thumb Code    10  gd32f10x_usart.o(i.usart_enable)
    usart_flag_get                           0x0801a42b   Thumb Code    26  gd32f10x_usart.o(i.usart_flag_get)
    usart_hardware_flow_cts_config           0x0801a445   Thumb Code    12  gd32f10x_usart.o(i.usart_hardware_flow_cts_config)
    usart_hardware_flow_rts_config           0x0801a451   Thumb Code    12  gd32f10x_usart.o(i.usart_hardware_flow_rts_config)
    usart_interrupt_disable                  0x0801a45d   Thumb Code    22  gd32f10x_usart.o(i.usart_interrupt_disable)
    usart_interrupt_enable                   0x0801a473   Thumb Code    22  gd32f10x_usart.o(i.usart_interrupt_enable)
    usart_interrupt_flag_get                 0x0801a489   Thumb Code    50  gd32f10x_usart.o(i.usart_interrupt_flag_get)
    usart_parity_config                      0x0801a4bb   Thumb Code    16  gd32f10x_usart.o(i.usart_parity_config)
    usart_receive_config                     0x0801a4cb   Thumb Code    12  gd32f10x_usart.o(i.usart_receive_config)
    usart_stop_bit_set                       0x0801a4d7   Thumb Code    16  gd32f10x_usart.o(i.usart_stop_bit_set)
    usart_transmit_config                    0x0801a4e7   Thumb Code    12  gd32f10x_usart.o(i.usart_transmit_config)
    usart_word_length_set                    0x0801a4f3   Thumb Code    16  gd32f10x_usart.o(i.usart_word_length_set)
    wr_lcd                                   0x0801a505   Thumb Code    74  lcd2004.o(i.wr_lcd)
    keyHoldThreshHold                        0x0801a55e   Data           2  keymsgprocess.o(.constdata)
    keyRepeatTime                            0x0801a560   Data           2  keymsgprocess.o(.constdata)
    crc16Tab                                 0x0801a56c   Data         512  uartprotocolxm.o(.constdata)
    Region$$Table$$Base                      0x0801a76c   Number         0  anon$$obj.o(Region$$Table)
    Region$$Table$$Limit                     0x0801a78c   Number         0  anon$$obj.o(Region$$Table)
    spiCB                                    0x20000004   Data           2  spiflash.o(.data)
    headlight_cnt                            0x20000008   Data           1  avoprotocol.o(.data)
    gnd_cnt                                  0x20000009   Data           1  avoprotocol.o(.data)
    measure                                  0x2000000c   Data           4  avoprotocol.o(.data)
    ohm                                      0x20000010   Data           4  avoprotocol.o(.data)
    avoTestMsgBuff                           0x20000014   Data          20  avoprotocol.o(.data)
    light_cnt                                0x20000028   Data           1  dutuartprotocol.o(.data)
    cnt                                      0x20000029   Data           1  dutuartprotocol.o(.data)
    cali_cnt                                 0x2000002a   Data           1  dutuartprotocol.o(.data)
    brake_cnt                                0x2000002b   Data           1  dutuartprotocol.o(.data)
    derailleur_cnt                           0x2000002c   Data           1  dutuartprotocol.o(.data)
    left_light_cnt                           0x2000002d   Data           1  dutuartprotocol.o(.data)
    right_light_cnt                          0x2000002e   Data           1  dutuartprotocol.o(.data)
    online_detection_cnt                     0x20000030   Data           4  dutuartprotocol.o(.data)
    throttle                                 0x20000034   Data           4  dutuartprotocol.o(.data)
    brake                                    0x20000038   Data           4  dutuartprotocol.o(.data)
    derailleur                               0x2000003c   Data           4  dutuartprotocol.o(.data)
    power_cnt                                0x20000040   Data           1  powerprotocol.o(.data)
    switch_cnt                               0x20000041   Data           1  powerprotocol.o(.data)
    vout_Current                             0x20000044   Data           4  powerprotocol.o(.data)
    dutverType                               0x20000048   Data           1  stsprotocol.o(.data)
    showFlag                                 0x20000049   Data           1  stsprotocol.o(.data)
    testFlag                                 0x2000004a   Data           1  stsprotocol.o(.data)
    keyValue                                 0x2000004b   Data           1  stsprotocol.o(.data)
    stationNumber                            0x2000004c   Data           1  stsprotocol.o(.data)
    offFlag                                  0x2000004d   Data           1  stsprotocol.o(.data)
    verwriteFlag                             0x2000004e   Data           1  stsprotocol.o(.data)
    verreadFlag                              0x2000004f   Data           1  stsprotocol.o(.data)
    progressStr                              0x20000050   Data           3  stsprotocol.o(.data)
    powerPacketSize                          0x20000054   Data           4  stsprotocol.o(.data)
    calibration                              0x20000064   Data           4  stsprotocol.o(.data)
    dtaUpMsgBuff                             0x20000068   Data          80  stsprotocol.o(.data)
    dutUpMsgBuff                             0x200000b8   Data          80  stsprotocol.o(.data)
    verTestMsgBuff                           0x20000108   Data          80  stsprotocol.o(.data)
    showTestMsgBuff                          0x20000158   Data          80  stsprotocol.o(.data)
    volTestMsgBuff                           0x200001a8   Data          80  stsprotocol.o(.data)
    deTestMsgBuff                            0x200001f8   Data          20  stsprotocol.o(.data)
    resetFlag                                0x2000020c   Data           1  state.o(.data)
    configResetFlag                          0x2000020d   Data           1  state.o(.data)
    appResetFlag                             0x2000020e   Data           1  state.o(.data)
    vccVlaue                                 0x20000210   Data           2  state.o(.data)
    stateCB                                  0x20000212   Data           4  state.o(.data)
    vlkMsgBuff                               0x20000216   Data          80  state.o(.data)
    excepMsgBuff                             0x20000266   Data          20  state.o(.data)
    startMsgBuff                             0x2000027a   Data          40  lcd2004.o(.data)
    keyRead                                  0x200002a2   Data           1  key.o(.data)
    keyCB                                    0x200002a3   Data           2  key.o(.data)
    canTxStateCB                             0x200002a5   Data           7  canprotocolupdt.o(.data)
    can_light_cnt                            0x200002ac   Data           1  canprotocoltest.o(.data)
    can_left_light_cnt                       0x200002ad   Data           1  canprotocoltest.o(.data)
    can_right_light_cnt                      0x200002ae   Data           1  canprotocoltest.o(.data)
    can_brake_cnt                            0x200002af   Data           1  canprotocoltest.o(.data)
    can_throttleAd_cnt                       0x200002b0   Data           1  canprotocoltest.o(.data)
    can_derailleurAd_cnt                     0x200002b1   Data           1  canprotocoltest.o(.data)
    canTestTxStateCB                         0x200002b2   Data           7  canprotocoltest.o(.data)
    ptUpMsgBuff                              0x200002b9   Data          80  canprotocoltest.o(.data)
    verLenght                                0x20000309   Data           1  uartprotocolxm.o(.data)
    infoLen                                  0x2000030a   Data           1  uartprotocolxm.o(.data)
    checkMark                                0x2000030b   Data           1  uartprotocolxm.o(.data)
    adc_channel                              0x2000030c   Data           8  adc.o(.data)
    SystemCoreClock                          0x20000314   Data           4  system_gd32f10x.o(.data)
    __microlib_freelist                      0x20000318   Data           4  mvars.o(.data)
    __microlib_freelist_initialised          0x2000031c   Data           4  mvars.o(.data)
    spi_init_struct                          0x20000320   Data          28  spiflash.o(.bss)
    dma_tx_init_struct                       0x2000033c   Data          28  spiflash.o(.bss)
    dma_rx_init_struct                       0x20000358   Data          28  spiflash.o(.bss)
    timerCB                                  0x20000374   Data         696  timer.o(.bss)
    AVOUartCB                                0x2000062c   Data        1320  avodrive.o(.bss)
    AVOProtocolCB                            0x20000b54   Data        1228  avoprotocol.o(.bss)
    uartDriveCB                              0x20001020   Data       23112  dutuartdrive.o(.bss)
    uartProtocolCB3                          0x20006a68   Data        1428  dutuartprotocol.o(.bss)
    POWERUartCB                              0x20006ffc   Data        1320  powerdrive.o(.bss)
    POWERProtocolCB                          0x20007524   Data        1156  powerprotocol.o(.bss)
    STSUartCB                                0x200079a8   Data        1320  stsdrive.o(.bss)
    dutverBuff                               0x20007ed0   Data         100  stsprotocol.o(.bss)
    verBle                                   0x20007f34   Data          20  stsprotocol.o(.bss)
    STSProtocolCB                            0x20007f48   Data        1156  stsprotocol.o(.bss)
    configs                                  0x200083cc   Data         300  stsprotocol.o(.bss)
    resultArray                              0x200084f8   Data         150  stsprotocol.o(.bss)
    keyMsgCB                                 0x20008590   Data          80  keymsgprocess.o(.bss)
    dut_info                                 0x200085e0   Data         300  dutinfo.o(.bss)
    uartProtocolCB4                          0x2000870c   Data        1160  uartprotocol3.o(.bss)
    uartProtocolCB                           0x20008b94   Data        1152  uartprotocol.o(.bss)
    canProtocolCB                            0x20009014   Data         616  canprotocolupgb.o(.bss)
    canProtocolRX                            0x2000927c   Data          24  canprotocolupgb.o(.bss)
    sysCanCB                                 0x20009294   Data        5340  canprotocolupdt.o(.bss)
    canProtocol1CB                           0x2000a770   Data        1764  canprotocol_3a.o(.bss)
    testCanCB                                0x2000ae54   Data       23780  canprotocoltest.o(.bss)
    uartProtocolCB5                          0x20010b38   Data        1428  uartprotocolxm.o(.bss)
    conVer                                   0x200110cc   Data          20  uartprotocolxm.o(.bss)
    adcCB                                    0x200110e0   Data         228  adc.o(.bss)
    __heap_base                              0x200111c8   Data           0  startup_gd32f10x_xd.o(HEAP)
    __heap_limit                             0x200131c8   Data           0  startup_gd32f10x_xd.o(HEAP)
    __initial_sp                             0x200151c8   Data           0  startup_gd32f10x_xd.o(STACK)



==============================================================================

Memory Map of the image

  Image Entry point : 0x08008131

  Load Region LR_IROM1 (Base: 0x08008000, Size: 0x00012aac, Max: 0x00038000, ABSOLUTE, COMPRESSED[0x000128d0])

    Execution Region ER_IROM1 (Exec base: 0x08008000, Load base: 0x08008000, Size: 0x0001278c, Max: 0x00038000, ABSOLUTE)

    Exec Addr    Load Addr    Size         Type   Attr      Idx    E Section Name        Object

    0x08008000   0x08008000   0x00000130   Data   RO         3738    RESET               startup_gd32f10x_xd.o
    0x08008130   0x08008130   0x00000000   Code   RO         7324  * .ARM.Collect$$$$00000000  mc_w.l(entry.o)
    0x08008130   0x08008130   0x00000004   Code   RO         7640    .ARM.Collect$$$$00000001  mc_w.l(entry2.o)
    0x08008134   0x08008134   0x00000004   Code   RO         7643    .ARM.Collect$$$$00000004  mc_w.l(entry5.o)
    0x08008138   0x08008138   0x00000000   Code   RO         7645    .ARM.Collect$$$$00000008  mc_w.l(entry7b.o)
    0x08008138   0x08008138   0x00000000   Code   RO         7647    .ARM.Collect$$$$0000000A  mc_w.l(entry8b.o)
    0x08008138   0x08008138   0x00000008   Code   RO         7648    .ARM.Collect$$$$0000000B  mc_w.l(entry9a.o)
    0x08008140   0x08008140   0x00000004   Code   RO         7655    .ARM.Collect$$$$0000000E  mc_w.l(entry12b.o)
    0x08008144   0x08008144   0x00000000   Code   RO         7650    .ARM.Collect$$$$0000000F  mc_w.l(entry10a.o)
    0x08008144   0x08008144   0x00000000   Code   RO         7652    .ARM.Collect$$$$00000011  mc_w.l(entry11a.o)
    0x08008144   0x08008144   0x00000004   Code   RO         7641    .ARM.Collect$$$$00002712  mc_w.l(entry2.o)
    0x08008148   0x08008148   0x00000024   Code   RO         3739    .text               startup_gd32f10x_xd.o
    0x0800816c   0x0800816c   0x00000024   Code   RO         7327    .text               mc_w.l(memseta.o)
    0x08008190   0x08008190   0x00000024   Code   RO         7329    .text               mc_w.l(strstr.o)
    0x080081b4   0x080081b4   0x0000000e   Code   RO         7333    .text               mc_w.l(strlen.o)
    0x080081c2   0x080081c2   0x0000001c   Code   RO         7335    .text               mc_w.l(strcmp.o)
    0x080081de   0x080081de   0x00000012   Code   RO         7337    .text               mc_w.l(strcpy.o)
    0x080081f0   0x080081f0   0x00000064   Code   RO         7628    .text               mf_w.l(fmul.o)
    0x08008254   0x08008254   0x0000000a   Code   RO         7630    .text               mf_w.l(ffltui.o)
    0x0800825e   0x0800825e   0x00000028   Code   RO         7632    .text               mf_w.l(ffixui.o)
    0x08008286   0x08008286   0x00000026   Code   RO         7634    .text               mf_w.l(f2d.o)
    0x080082ac   0x080082ac   0x00000014   Code   RO         7636    .text               mf_w.l(cfcmple.o)
    0x080082c0   0x080082c0   0x00000014   Code   RO         7638    .text               mf_w.l(cfrcmple.o)
    0x080082d4   0x080082d4   0x0000002c   Code   RO         7659    .text               mc_w.l(uidiv.o)
    0x08008300   0x08008300   0x00000062   Code   RO         7661    .text               mc_w.l(uldiv.o)
    0x08008362   0x08008362   0x00000000   Code   RO         7669    .text               mc_w.l(iusefp.o)
    0x08008362   0x08008362   0x0000006e   Code   RO         7670    .text               mf_w.l(fepilogue.o)
    0x080083d0   0x080083d0   0x0000014e   Code   RO         7672    .text               mf_w.l(dadd.o)
    0x0800851e   0x0800851e   0x000000e4   Code   RO         7674    .text               mf_w.l(dmul.o)
    0x08008602   0x08008602   0x000000de   Code   RO         7676    .text               mf_w.l(ddiv.o)
    0x080086e0   0x080086e0   0x00000030   Code   RO         7678    .text               mf_w.l(dfixul.o)
    0x08008710   0x08008710   0x00000030   Code   RO         7680    .text               mf_w.l(cdrcmple.o)
    0x08008740   0x08008740   0x00000024   Code   RO         7682    .text               mc_w.l(init.o)
    0x08008764   0x08008764   0x0000001e   Code   RO         7685    .text               mc_w.l(llshl.o)
    0x08008782   0x08008782   0x00000020   Code   RO         7687    .text               mc_w.l(llushr.o)
    0x080087a2   0x080087a2   0x00000024   Code   RO         7689    .text               mc_w.l(llsshr.o)
    0x080087c6   0x080087c6   0x000000ba   Code   RO         7692    .text               mf_w.l(depilogue.o)
    0x08008880   0x08008880   0x00000056   Code   RO         7702    .text               mc_w.l(__dczerorl2.o)
    0x080088d6   0x080088d6   0x00000002   PAD
    0x080088d8   0x080088d8   0x00000198   Code   RO         3637    i.ADC_AddDataToBuff  adc.o
    0x08008a70   0x08008a70   0x00000012   Code   RO         3638    i.ADC_BaseInit      adc.o
    0x08008a82   0x08008a82   0x00000002   PAD
    0x08008a84   0x08008a84   0x0000000c   Code   RO         3639    i.ADC_CALLBACK_SetScanRequest  adc.o
    0x08008a90   0x08008a90   0x000000ac   Code   RO         2039    i.ADC_HwInit        avopin.o
    0x08008b3c   0x08008b3c   0x0000008c   Code   RO         3640    i.ADC_InitStruct    adc.o
    0x08008bc8   0x08008bc8   0x000000e0   Code   RO         3641    i.ADC_LevelHwInit   adc.o
    0x08008ca8   0x08008ca8   0x0000012c   Code   RO         3642    i.ADC_Process       adc.o
    0x08008dd4   0x08008dd4   0x00000038   Code   RO         3643    i.ADC_Start         adc.o
    0x08008e0c   0x08008e0c   0x000001ec   Code   RO         2040    i.AVO_PIN_Init      avopin.o
    0x08008ff8   0x08008ff8   0x000000bc   Code   RO         2041    i.AVO_PIN_Reset     avopin.o
    0x080090b4   0x080090b4   0x00000038   Code   RO          953    i.AVO_PROTOCOL_CheckSUM  avoprotocol.o
    0x080090ec   0x080090ec   0x0000048a   Code   RO          954    i.AVO_PROTOCOL_CmdFrameProcess  avoprotocol.o
    0x08009576   0x08009576   0x0000004a   Code   RO          955    i.AVO_PROTOCOL_ConfirmTempCmdFrameBuff  avoprotocol.o
    0x080095c0   0x080095c0   0x0000005e   Code   RO          956    i.AVO_PROTOCOL_DataStructInit  avoprotocol.o
    0x0800961e   0x0800961e   0x00000002   PAD
    0x08009620   0x08009620   0x00000024   Code   RO          957    i.AVO_PROTOCOL_Init  avoprotocol.o
    0x08009644   0x08009644   0x0000003c   Code   RO          958    i.AVO_PROTOCOL_MacProcess  avoprotocol.o
    0x08009680   0x08009680   0x0000001c   Code   RO          959    i.AVO_PROTOCOL_Process  avoprotocol.o
    0x0800969c   0x0800969c   0x0000000c   Code   RO          960    i.AVO_PROTOCOL_RegisterDataSendService  avoprotocol.o
    0x080096a8   0x080096a8   0x0000015a   Code   RO          961    i.AVO_PROTOCOL_RxFIFOProcess  avoprotocol.o
    0x08009802   0x08009802   0x0000003e   Code   RO          965    i.AVO_PROTOCOL_Send_Type_Chl  avoprotocol.o
    0x08009840   0x08009840   0x00000048   Code   RO          966    i.AVO_PROTOCOL_TxAddData  avoprotocol.o
    0x08009888   0x08009888   0x00000084   Code   RO          967    i.AVO_PROTOCOL_TxAddFrame  avoprotocol.o
    0x0800990c   0x0800990c   0x0000005c   Code   RO          968    i.AVO_PROTOCOL_TxStateProcess  avoprotocol.o
    0x08009968   0x08009968   0x00000074   Code   RO          870    i.AVO_UART_AddTxArray  avodrive.o
    0x080099dc   0x080099dc   0x00000038   Code   RO          872    i.AVO_UART_DataStructureInit  avodrive.o
    0x08009a14   0x08009a14   0x000000a0   Code   RO          873    i.AVO_UART_HwInit   avodrive.o
    0x08009ab4   0x08009ab4   0x00000020   Code   RO          874    i.AVO_UART_IR_StartSendData  avodrive.o
    0x08009ad4   0x08009ad4   0x00000018   Code   RO          875    i.AVO_UART_Init     avodrive.o
    0x08009aec   0x08009aec   0x0000000c   Code   RO          876    i.AVO_UART_Process  avodrive.o
    0x08009af8   0x08009af8   0x0000000c   Code   RO          877    i.AVO_UART_RegisterDataSendService  avodrive.o
    0x08009b04   0x08009b04   0x00000056   Code   RO          878    i.AVO_UART_TxProcess  avodrive.o
    0x08009b5a   0x08009b5a   0x00000002   PAD
    0x08009b5c   0x08009b5c   0x00000438   Code   RO         1796    i.All_GND_Test      state.o
    0x08009f94   0x08009f94   0x00000002   Code   RO          784    i.BusFault_Handler  gd32f10x_it.o
    0x08009f96   0x08009f96   0x00000020   Code   RO         2988    i.CAN_AddSum        canprotocolupdt.o
    0x08009fb6   0x08009fb6   0x00000034   Code   RO         2989    i.CAN_CheckSum      canprotocolupdt.o
    0x08009fea   0x08009fea   0x00000002   PAD
    0x08009fec   0x08009fec   0x000004c8   Code   RO         2990    i.CAN_CmdFrameProcess  canprotocolupdt.o
    0x0800a4b4   0x0800a4b4   0x00000054   Code   RO         2991    i.CAN_ConfirmTempCmdFrameBuff  canprotocolupdt.o
    0x0800a508   0x0800a508   0x00000090   Code   RO         2992    i.CAN_DRIVE_AddTxArray  canprotocolupdt.o
    0x0800a598   0x0800a598   0x00000088   Code   RO         2993    i.CAN_DataStructureInit  canprotocolupdt.o
    0x0800a620   0x0800a620   0x00000110   Code   RO         2994    i.CAN_HW_Init       canprotocolupdt.o
    0x0800a730   0x0800a730   0x00000080   Code   RO         2995    i.CAN_MacProcess    canprotocolupdt.o
    0x0800a7b0   0x0800a7b0   0x00000046   Code   RO         3194    i.CAN_PROTOCOL1_CheckSUM  canprotocol_3a.o
    0x0800a7f6   0x0800a7f6   0x00000002   PAD
    0x0800a7f8   0x0800a7f8   0x00000074   Code   RO         3195    i.CAN_PROTOCOL1_CmdFrameProcess  canprotocol_3a.o
    0x0800a86c   0x0800a86c   0x00000042   Code   RO         3196    i.CAN_PROTOCOL1_ConfirmTempCmdFrameBuff  canprotocol_3a.o
    0x0800a8ae   0x0800a8ae   0x00000056   Code   RO         3197    i.CAN_PROTOCOL1_DataStructInit  canprotocol_3a.o
    0x0800a904   0x0800a904   0x0000001c   Code   RO         3198    i.CAN_PROTOCOL1_Init  canprotocol_3a.o
    0x0800a920   0x0800a920   0x00000064   Code   RO         3199    i.CAN_PROTOCOL1_MacProcess  canprotocol_3a.o
    0x0800a984   0x0800a984   0x0000000c   Code   RO         3200    i.CAN_PROTOCOL1_RegisterDataSendService  canprotocol_3a.o
    0x0800a990   0x0800a990   0x00000156   Code   RO         3202    i.CAN_PROTOCOL1_RxFIFOProcess  canprotocol_3a.o
    0x0800aae6   0x0800aae6   0x00000028   Code   RO         3203    i.CAN_PROTOCOL1_SendCmdChangeColor  canprotocol_3a.o
    0x0800ab0e   0x0800ab0e   0x00000002   PAD
    0x0800ab10   0x0800ab10   0x00000044   Code   RO         3208    i.CAN_PROTOCOL1_TxAddData  canprotocol_3a.o
    0x0800ab54   0x0800ab54   0x000000c0   Code   RO         3209    i.CAN_PROTOCOL1_TxAddFrame  canprotocol_3a.o
    0x0800ac14   0x0800ac14   0x00000058   Code   RO         3210    i.CAN_PROTOCOL1_TxStateProcess  canprotocol_3a.o
    0x0800ac6c   0x0800ac6c   0x00000080   Code   RO         2865    i.CAN_PROTOCOL_DataStructInit  canprotocolupgb.o
    0x0800acec   0x0800acec   0x00000028   Code   RO         2866    i.CAN_PROTOCOL_Init  canprotocolupgb.o
    0x0800ad14   0x0800ad14   0x00000044   Code   RO         2867    i.CAN_PROTOCOL_MacProcess  canprotocolupgb.o
    0x0800ad58   0x0800ad58   0x0000001c   Code   RO         3211    i.CAN_PROTOCOL_Process_3A  canprotocol_3a.o
    0x0800ad74   0x0800ad74   0x0000001c   Code   RO         2996    i.CAN_PROTOCOL_Process_DT  canprotocolupdt.o
    0x0800ad90   0x0800ad90   0x0000001c   Code   RO         3333    i.CAN_PROTOCOL_Process_Test  canprotocoltest.o
    0x0800adac   0x0800adac   0x0000000c   Code   RO         2869    i.CAN_PROTOCOL_RegisterDataSendService  canprotocolupgb.o
    0x0800adb8   0x0800adb8   0x00000018   Code   RO         3334    i.CAN_PROTOCOL_TEST_Init  canprotocoltest.o
    0x0800add0   0x0800add0   0x0000001e   Code   RO         3335    i.CAN_PROTOCOL_TEST_SendCmdAck  canprotocoltest.o
    0x0800adee   0x0800adee   0x00000026   Code   RO         3336    i.CAN_PROTOCOL_TEST_SendCmdParamAck  canprotocoltest.o
    0x0800ae14   0x0800ae14   0x0000004c   Code   RO         3338    i.CAN_PROTOCOL_TEST_TxAddData  canprotocoltest.o
    0x0800ae60   0x0800ae60   0x000000a0   Code   RO         3339    i.CAN_PROTOCOL_TEST_TxAddFrame  canprotocoltest.o
    0x0800af00   0x0800af00   0x00000044   Code   RO         3340    i.CAN_PROTOCOL_TEST_WriteFlag  canprotocoltest.o
    0x0800af44   0x0800af44   0x00000182   Code   RO         2997    i.CAN_RxFIFOProcess  canprotocolupdt.o
    0x0800b0c6   0x0800b0c6   0x0000001e   Code   RO         3341    i.CAN_TEST_AddSum   canprotocoltest.o
    0x0800b0e4   0x0800b0e4   0x00000030   Code   RO         3342    i.CAN_TEST_CheckSum  canprotocoltest.o
    0x0800b114   0x0800b114   0x0000072c   Code   RO         3343    i.CAN_TEST_CmdFrameProcess  canprotocoltest.o
    0x0800b840   0x0800b840   0x0000005c   Code   RO         3344    i.CAN_TEST_ConfirmTempCmdFrameBuff  canprotocoltest.o
    0x0800b89c   0x0800b89c   0x000000a4   Code   RO         3345    i.CAN_TEST_DRIVE_AddTxArray  canprotocoltest.o
    0x0800b940   0x0800b940   0x0000008c   Code   RO         3346    i.CAN_TEST_DataStructureInit  canprotocoltest.o
    0x0800b9cc   0x0800b9cc   0x00000110   Code   RO         3347    i.CAN_TEST_HW_Init  canprotocoltest.o
    0x0800badc   0x0800badc   0x00000068   Code   RO         3348    i.CAN_TEST_MacProcess  canprotocoltest.o
    0x0800bb44   0x0800bb44   0x0000016a   Code   RO         3349    i.CAN_TEST_RxFIFOProcess  canprotocoltest.o
    0x0800bcae   0x0800bcae   0x00000002   PAD
    0x0800bcb0   0x0800bcb0   0x00000010   Code   RO         3350    i.CAN_TEST_TxEnterState  canprotocoltest.o
    0x0800bcc0   0x0800bcc0   0x00000006   Code   RO         3351    i.CAN_TEST_TxStateInit  canprotocoltest.o
    0x0800bcc6   0x0800bcc6   0x00000002   PAD
    0x0800bcc8   0x0800bcc8   0x0000004c   Code   RO         3352    i.CAN_TEST_TxStateProcess  canprotocoltest.o
    0x0800bd14   0x0800bd14   0x00000120   Code   RO         3353    i.CAN_TEST_Tx_FillAndSend  canprotocoltest.o
    0x0800be34   0x0800be34   0x0000004e   Code   RO         3354    i.CAN_TEST_Tx_NextFram  canprotocoltest.o
    0x0800be82   0x0800be82   0x00000002   PAD
    0x0800be84   0x0800be84   0x00000010   Code   RO         2999    i.CAN_TxEnterState  canprotocolupdt.o
    0x0800be94   0x0800be94   0x00000006   Code   RO         3000    i.CAN_TxStateInit   canprotocolupdt.o
    0x0800be9a   0x0800be9a   0x00000002   PAD
    0x0800be9c   0x0800be9c   0x0000004c   Code   RO         3001    i.CAN_TxStateProcess  canprotocolupdt.o
    0x0800bee8   0x0800bee8   0x00000110   Code   RO         3002    i.CAN_Tx_FillAndSend  canprotocolupdt.o
    0x0800bff8   0x0800bff8   0x0000004a   Code   RO         3003    i.CAN_Tx_NextFram   canprotocolupdt.o
    0x0800c042   0x0800c042   0x00000002   PAD
    0x0800c044   0x0800c044   0x00000030   Code   RO         1091    i.CHANGE_Init       dutuartdrive.o
    0x0800c074   0x0800c074   0x00000014   Code   RO         2137    i.Clear_All_Lines   lcd2004.o
    0x0800c088   0x0800c088   0x00000034   Code   RO         2138    i.Clear_Line        lcd2004.o
    0x0800c0bc   0x0800c0bc   0x0000002a   Code   RO         2042    i.DAC0_output       avopin.o
    0x0800c0e6   0x0800c0e6   0x0000002a   Code   RO         2043    i.DAC1_output       avopin.o
    0x0800c110   0x0800c110   0x0000005c   Code   RO         2044    i.DAC_Init          avopin.o
    0x0800c16c   0x0800c16c   0x0000004c   Code   RO          237    i.DMA0_Channel1_IRQHandler  spiflash.o
    0x0800c1b8   0x0800c1b8   0x00000054   Code   RO          238    i.DMA0_Channel2_IRQHandler  spiflash.o
    0x0800c20c   0x0800c20c   0x00000100   Code   RO          239    i.DMAy_SPIx_Configuration  spiflash.o
    0x0800c30c   0x0800c30c   0x0000004c   Code   RO         2704    i.DUTCTRL_BusInit   dutctl.o
    0x0800c358   0x0800c358   0x00000034   Code   RO         1189    i.DUT_PROTOCOL_CheckSUM  dutuartprotocol.o
    0x0800c38c   0x0800c38c   0x00000738   Code   RO         1190    i.DUT_PROTOCOL_CmdFrameProcess  dutuartprotocol.o
    0x0800cac4   0x0800cac4   0x0000004a   Code   RO         1191    i.DUT_PROTOCOL_ConfirmTempCmdFrameBuff  dutuartprotocol.o
    0x0800cb0e   0x0800cb0e   0x0000005a   Code   RO         1192    i.DUT_PROTOCOL_DataStructInit  dutuartprotocol.o
    0x0800cb68   0x0800cb68   0x00000024   Code   RO         1193    i.DUT_PROTOCOL_Init  dutuartprotocol.o
    0x0800cb8c   0x0800cb8c   0x0000003c   Code   RO         1194    i.DUT_PROTOCOL_MacProcess  dutuartprotocol.o
    0x0800cbc8   0x0800cbc8   0x0000000c   Code   RO         1195    i.DUT_PROTOCOL_RegisterDataSendService  dutuartprotocol.o
    0x0800cbd4   0x0800cbd4   0x0000015a   Code   RO         1196    i.DUT_PROTOCOL_RxFIFOProcess  dutuartprotocol.o
    0x0800cd2e   0x0800cd2e   0x0000001e   Code   RO         1197    i.DUT_PROTOCOL_SendCmdAck  dutuartprotocol.o
    0x0800cd4c   0x0800cd4c   0x00000026   Code   RO         1198    i.DUT_PROTOCOL_SendCmdParamAck  dutuartprotocol.o
    0x0800cd72   0x0800cd72   0x0000002e   Code   RO         1199    i.DUT_PROTOCOL_SendCmdTwoParamAck  dutuartprotocol.o
    0x0800cda0   0x0800cda0   0x00000044   Code   RO         1200    i.DUT_PROTOCOL_TxAddData  dutuartprotocol.o
    0x0800cde4   0x0800cde4   0x0000008c   Code   RO         1201    i.DUT_PROTOCOL_TxAddFrame  dutuartprotocol.o
    0x0800ce70   0x0800ce70   0x00000058   Code   RO         1202    i.DUT_PROTOCOL_TxStateProcess  dutuartprotocol.o
    0x0800cec8   0x0800cec8   0x00000044   Code   RO         1203    i.DUT_PROTOCOL_WriteFlag  dutuartprotocol.o
    0x0800cf0c   0x0800cf0c   0x0000001c   Code   RO         1204    i.DUT_UART_PROTOCOL_Process  dutuartprotocol.o
    0x0800cf28   0x0800cf28   0x00000002   Code   RO          785    i.DebugMon_Handler  gd32f10x_it.o
    0x0800cf2a   0x0800cf2a   0x00000026   Code   RO         2046    i.Delayms           avopin.o
    0x0800cf50   0x0800cf50   0x00000054   Code   RO         2139    i.Display_Centered  lcd2004.o
    0x0800cfa4   0x0800cfa4   0x00000048   Code   RO         2143    i.Display_YX        lcd2004.o
    0x0800cfec   0x0800cfec   0x00000074   Code   RO         2144    i.Display_YX_Format  lcd2004.o
    0x0800d060   0x0800d060   0x00000438   Code   RO         2425    i.DutInfoUpdata     dutinfo.o
    0x0800d498   0x0800d498   0x00000008   Code   RO         1587    i.DutTimeOut        stsprotocol.o
    0x0800d4a0   0x0800d4a0   0x00000002   Code   RO          786    i.HardFault_Handler  gd32f10x_it.o
    0x0800d4a2   0x0800d4a2   0x0000002c   Code   RO         2728    i.HexToChar         stringoperation.o
    0x0800d4ce   0x0800d4ce   0x0000001e   Code   RO         2729    i.HexToCharHigh     stringoperation.o
    0x0800d4ec   0x0800d4ec   0x00000020   Code   RO         2730    i.HexToCharLow      stringoperation.o
    0x0800d50c   0x0800d50c   0x00000018   Code   RO         3004    i.IAP_CTRL_CAN_Init  canprotocolupdt.o
    0x0800d524   0x0800d524   0x00000024   Code   RO         3007    i.IAP_CTRL_CAN_SendCmdNoAck  canprotocolupdt.o
    0x0800d548   0x0800d548   0x00000094   Code   RO         3015    i.IAP_CTRL_CAN_SendUpDataPacket  canprotocolupdt.o
    0x0800d5dc   0x0800d5dc   0x0000004c   Code   RO         3016    i.IAP_CTRL_CAN_TxAddData  canprotocolupdt.o
    0x0800d628   0x0800d628   0x00000098   Code   RO         3017    i.IAP_CTRL_CAN_TxAddFrame  canprotocolupdt.o
    0x0800d6c0   0x0800d6c0   0x00000024   Code   RO          649    i.IAP_JumpToAppFun  iap.o
    0x0800d6e4   0x0800d6e4   0x00000028   Code   RO          650    i.IAP_RunAPP        iap.o
    0x0800d70c   0x0800d70c   0x00000114   Code   RO         2146    i.Init_Lcd          lcd2004.o
    0x0800d820   0x0800d820   0x0000000c   Code   RO         2307    i.KEYMSG_CALLBACK_Scan  keymsgprocess.o
    0x0800d82c   0x0800d82c   0x00000010   Code   RO         2308    i.KEYMSG_ClearGlobalMaskRequest  keymsgprocess.o
    0x0800d83c   0x0800d83c   0x00000098   Code   RO         2310    i.KEYMSG_Init       keymsgprocess.o
    0x0800d8d4   0x0800d8d4   0x000000b8   Code   RO         2311    i.KEYMSG_MsgProcess  keymsgprocess.o
    0x0800d98c   0x0800d98c   0x00000012   Code   RO         2312    i.KEYMSG_Process    keymsgprocess.o
    0x0800d99e   0x0800d99e   0x00000002   PAD
    0x0800d9a0   0x0800d9a0   0x0000000c   Code   RO         2313    i.KEYMSG_RegisterKeyScanCallback  keymsgprocess.o
    0x0800d9ac   0x0800d9ac   0x0000001c   Code   RO         2314    i.KEYMSG_RegisterMsgService  keymsgprocess.o
    0x0800d9c8   0x0800d9c8   0x00000094   Code   RO         2315    i.KEYMSG_ScanProcess  keymsgprocess.o
    0x0800da5c   0x0800da5c   0x00000002   Code   RO         2316    i.KEYMSG_ServiceDoNothing  keymsgprocess.o
    0x0800da5e   0x0800da5e   0x00000002   PAD
    0x0800da60   0x0800da60   0x00000048   Code   RO         2317    i.KEYMSG_ServiceProcess  keymsgprocess.o
    0x0800daa8   0x0800daa8   0x00000034   Code   RO         2320    i.KEYMSG_StopAllService  keymsgprocess.o
    0x0800dadc   0x0800dadc   0x0000007c   Code   RO         2322    i.KEYMSG_ThrowMsg   keymsgprocess.o
    0x0800db58   0x0800db58   0x000000b0   Code   RO         2048    i.KEY_ADC_Read      avopin.o
    0x0800dc08   0x0800dc08   0x0000008c   Code   RO         2278    i.KEY_CALLBACK_Scan  key.o
    0x0800dc94   0x0800dc94   0x00000048   Code   RO         2279    i.KEY_Init          key.o
    0x0800dcdc   0x0800dcdc   0x00000038   Code   RO            3    i.Key_Info          main.o
    0x0800dd14   0x0800dd14   0x00000002   Code   RO          787    i.MemManage_Handler  gd32f10x_it.o
    0x0800dd16   0x0800dd16   0x00000002   Code   RO          788    i.NMI_Handler       gd32f10x_it.o
    0x0800dd18   0x0800dd18   0x00000008   Code   RO          430    i.NVIC_Configuration  system.o
    0x0800dd20   0x0800dd20   0x0000001a   Code   RO          240    i.NVIC_DMAy_Configuration  spiflash.o
    0x0800dd3a   0x0800dd3a   0x00000008   Code   RO         1588    i.OperateVerTimeOut  stsprotocol.o
    0x0800dd42   0x0800dd42   0x00000002   PAD
    0x0800dd44   0x0800dd44   0x00000058   Code   RO         2258    i.PARAM_Init        param.o
    0x0800dd9c   0x0800dd9c   0x00000010   Code   RO         2147    i.POWER_ON_Information  lcd2004.o
    0x0800ddac   0x0800ddac   0x00000046   Code   RO         1397    i.POWER_PROTOCOL_CheckSUM  powerprotocol.o
    0x0800ddf2   0x0800ddf2   0x00000002   PAD
    0x0800ddf4   0x0800ddf4   0x0000050a   Code   RO         1398    i.POWER_PROTOCOL_CmdFrameProcess  powerprotocol.o
    0x0800e2fe   0x0800e2fe   0x00000042   Code   RO         1399    i.POWER_PROTOCOL_ConfirmTempCmdFrameBuff  powerprotocol.o
    0x0800e340   0x0800e340   0x0000005a   Code   RO         1400    i.POWER_PROTOCOL_DataStructInit  powerprotocol.o
    0x0800e39a   0x0800e39a   0x00000002   PAD
    0x0800e39c   0x0800e39c   0x00000024   Code   RO         1401    i.POWER_PROTOCOL_Init  powerprotocol.o
    0x0800e3c0   0x0800e3c0   0x0000003c   Code   RO         1402    i.POWER_PROTOCOL_MacProcess  powerprotocol.o
    0x0800e3fc   0x0800e3fc   0x0000001c   Code   RO         1403    i.POWER_PROTOCOL_Process  powerprotocol.o
    0x0800e418   0x0800e418   0x0000000c   Code   RO         1404    i.POWER_PROTOCOL_RegisterDataSendService  powerprotocol.o
    0x0800e424   0x0800e424   0x00000156   Code   RO         1405    i.POWER_PROTOCOL_RxFIFOProcess  powerprotocol.o
    0x0800e57a   0x0800e57a   0x00000024   Code   RO         1406    i.POWER_PROTOCOL_SendCmdAck  powerprotocol.o
    0x0800e59e   0x0800e59e   0x0000002c   Code   RO         1407    i.POWER_PROTOCOL_SendCmdParamAck  powerprotocol.o
    0x0800e5ca   0x0800e5ca   0x00000002   PAD
    0x0800e5cc   0x0800e5cc   0x00000044   Code   RO         1408    i.POWER_PROTOCOL_TxAddData  powerprotocol.o
    0x0800e610   0x0800e610   0x000000c8   Code   RO         1409    i.POWER_PROTOCOL_TxAddFrame  powerprotocol.o
    0x0800e6d8   0x0800e6d8   0x00000058   Code   RO         1410    i.POWER_PROTOCOL_TxStateProcess  powerprotocol.o
    0x0800e730   0x0800e730   0x00000074   Code   RO         1316    i.POWER_UART_AddTxArray  powerdrive.o
    0x0800e7a4   0x0800e7a4   0x00000038   Code   RO         1318    i.POWER_UART_DataStructureInit  powerdrive.o
    0x0800e7dc   0x0800e7dc   0x000000a0   Code   RO         1319    i.POWER_UART_HwInit  powerdrive.o
    0x0800e87c   0x0800e87c   0x00000028   Code   RO         1320    i.POWER_UART_IR_StartSendData  powerdrive.o
    0x0800e8a4   0x0800e8a4   0x00000018   Code   RO         1321    i.POWER_UART_Init   powerdrive.o
    0x0800e8bc   0x0800e8bc   0x0000000c   Code   RO         1322    i.POWER_UART_Process  powerdrive.o
    0x0800e8c8   0x0800e8c8   0x0000000c   Code   RO         1323    i.POWER_UART_RegisterDataSendService  powerdrive.o
    0x0800e8d4   0x0800e8d4   0x00000056   Code   RO         1324    i.POWER_UART_TxProcess  powerdrive.o
    0x0800e92a   0x0800e92a   0x00000002   PAD
    0x0800e92c   0x0800e92c   0x000000b8   Code   RO         3706    i.PWM_OUT1_Init     pwm.o
    0x0800e9e4   0x0800e9e4   0x00000002   Code   RO         3707    i.PWM_OUT1_Start    pwm.o
    0x0800e9e6   0x0800e9e6   0x00000002   Code   RO          789    i.PendSV_Handler    gd32f10x_it.o
    0x0800e9e8   0x0800e9e8   0x00000094   Code   RO          431    i.RCC_HSE_Configuration  system.o
    0x0800ea7c   0x0800ea7c   0x00000006   Code   RO         1589    i.Report_Identity   stsprotocol.o
    0x0800ea82   0x0800ea82   0x00000002   PAD
    0x0800ea84   0x0800ea84   0x00000020   Code   RO         1590    i.SELECT_PROTOCOL_SendCmdAck  stsprotocol.o
    0x0800eaa4   0x0800eaa4   0x00000038   Code   RO         1591    i.SELECT_PROTOCOL_SendCmdParamAck  stsprotocol.o
    0x0800eadc   0x0800eadc   0x00000024   Code   RO         1592    i.SELECT_PROTOCOL_WriteFlag  stsprotocol.o
    0x0800eb00   0x0800eb00   0x00000044   Code   RO          241    i.SPI_FLASH_EraseBlock  spiflash.o
    0x0800eb44   0x0800eb44   0x00000072   Code   RO          243    i.SPI_FLASH_EraseRoom  spiflash.o
    0x0800ebb6   0x0800ebb6   0x00000002   PAD
    0x0800ebb8   0x0800ebb8   0x00000044   Code   RO          244    i.SPI_FLASH_EraseSector  spiflash.o
    0x0800ebfc   0x0800ebfc   0x00000068   Code   RO          245    i.SPI_FLASH_ReadArray  spiflash.o
    0x0800ec64   0x0800ec64   0x0000005c   Code   RO          250    i.SPI_FLASH_SendByte  spiflash.o
    0x0800ecc0   0x0800ecc0   0x0000002c   Code   RO          251    i.SPI_FLASH_WaitForWriteEnd  spiflash.o
    0x0800ecec   0x0800ecec   0x000000de   Code   RO          252    i.SPI_FLASH_WriteArray  spiflash.o
    0x0800edca   0x0800edca   0x00000012   Code   RO          253    i.SPI_FLASH_WriteByte  spiflash.o
    0x0800eddc   0x0800eddc   0x00000024   Code   RO          254    i.SPI_FLASH_WriteEnable  spiflash.o
    0x0800ee00   0x0800ee00   0x00000060   Code   RO          256    i.SPI_FLASH_WritePage  spiflash.o
    0x0800ee60   0x0800ee60   0x000000e4   Code   RO          258    i.SPI_FLASH_WriteWithCheck  spiflash.o
    0x0800ef44   0x0800ef44   0x000000bc   Code   RO          259    i.SPI_FLASH_WriteWithErase  spiflash.o
    0x0800f000   0x0800f000   0x000000a0   Code   RO          265    i.SPIx_FLASH_Init   spiflash.o
    0x0800f0a0   0x0800f0a0   0x000000fc   Code   RO         1797    i.STATE_EnterState  state.o
    0x0800f19c   0x0800f19c   0x00000010   Code   RO         1798    i.STATE_Init        state.o
    0x0800f1ac   0x0800f1ac   0x00000200   Code   RO         1799    i.STATE_Process     state.o
    0x0800f3ac   0x0800f3ac   0x0000000c   Code   RO         1800    i.STATE_SwitchStep  state.o
    0x0800f3b8   0x0800f3b8   0x000003ec   Code   RO         1801    i.STEP_Process_BrakeCanTest  state.o
    0x0800f7a4   0x0800f7a4   0x000003f0   Code   RO         1802    i.STEP_Process_BrakeUartTest  state.o
    0x0800fb94   0x0800fb94   0x00000118   Code   RO         1803    i.STEP_Process_CalibrationCanTest  state.o
    0x0800fcac   0x0800fcac   0x00000250   Code   RO         1804    i.STEP_Process_CalibrationUartTest  state.o
    0x0800fefc   0x0800fefc   0x00000460   Code   RO         1805    i.STEP_Process_CmCanUpgrade  state.o
    0x0801035c   0x0801035c   0x00000350   Code   RO         1806    i.STEP_Process_CmUartUpgrade  state.o
    0x080106ac   0x080106ac   0x00000428   Code   RO         1807    i.STEP_Process_DerailleurCanTest  state.o
    0x08010ad4   0x08010ad4   0x0000042c   Code   RO         1808    i.STEP_Process_DerailleurUartTest  state.o
    0x08010f00   0x08010f00   0x00000338   Code   RO         1809    i.STEP_Process_HbeamCanTest  state.o
    0x08011238   0x08011238   0x00000338   Code   RO         1810    i.STEP_Process_HbeamUartTest  state.o
    0x08011570   0x08011570   0x0000025c   Code   RO         1811    i.STEP_Process_HeadLightCanTest  state.o
    0x080117cc   0x080117cc   0x00000350   Code   RO         1812    i.STEP_Process_HeadLightUartTest  state.o
    0x08011b1c   0x08011b1c   0x00000334   Code   RO         1813    i.STEP_Process_LbeamCanTest  state.o
    0x08011e50   0x08011e50   0x00000338   Code   RO         1814    i.STEP_Process_LbeamUartTest  state.o
    0x08012188   0x08012188   0x00000288   Code   RO         1815    i.STEP_Process_Left_TurnSignalCanTest  state.o
    0x08012410   0x08012410   0x0000033c   Code   RO         1816    i.STEP_Process_Left_TurnSignalUartTest  state.o
    0x0801274c   0x0801274c   0x000002b4   Code   RO         1817    i.STEP_Process_Right_TurnSignalCanTest  state.o
    0x08012a00   0x08012a00   0x0000034c   Code   RO         1818    i.STEP_Process_Right_TurnSignalUartTest  state.o
    0x08012d4c   0x08012d4c   0x00000274   Code   RO         1819    i.STEP_Process_SegUartUpgrade  state.o
    0x08012fc0   0x08012fc0   0x000003a8   Code   RO         1820    i.STEP_Process_ThrottleCanTest  state.o
    0x08013368   0x08013368   0x000003b8   Code   RO         1821    i.STEP_Process_ThrottleUartTest  state.o
    0x08013720   0x08013720   0x00000138   Code   RO         1822    i.STEP_Process_VlkCanTest  state.o
    0x08013858   0x08013858   0x00000154   Code   RO         1823    i.STEP_Process_VlkUartTest  state.o
    0x080139ac   0x080139ac   0x000003dc   Code   RO         1824    i.STEP_Process_XM_BrakeUartTest  state.o
    0x08013d88   0x08013d88   0x00000358   Code   RO         1825    i.STEP_Process_XM_HeadLightUartTest  state.o
    0x080140e0   0x080140e0   0x0000034c   Code   RO         1826    i.STEP_Process_XM_Left_TurnSignalUartTest  state.o
    0x0801442c   0x0801442c   0x00000358   Code   RO         1827    i.STEP_Process_XM_Right_TurnSignalUartTest  state.o
    0x08014784   0x08014784   0x000003a0   Code   RO         1828    i.STEP_Process_XM_ThrottleUartTest  state.o
    0x08014b24   0x08014b24   0x00000034   Code   RO         1593    i.STS_PROTOCOL_CheckSUM  stsprotocol.o
    0x08014b58   0x08014b58   0x000010cc   Code   RO         1594    i.STS_PROTOCOL_CmdFrameProcess  stsprotocol.o
    0x08015c24   0x08015c24   0x00000042   Code   RO         1595    i.STS_PROTOCOL_ConfirmTempCmdFrameBuff  stsprotocol.o
    0x08015c66   0x08015c66   0x00000056   Code   RO         1596    i.STS_PROTOCOL_DataStructInit  stsprotocol.o
    0x08015cbc   0x08015cbc   0x00000024   Code   RO         1597    i.STS_PROTOCOL_Init  stsprotocol.o
    0x08015ce0   0x08015ce0   0x00000068   Code   RO         1598    i.STS_PROTOCOL_MacProcess  stsprotocol.o
    0x08015d48   0x08015d48   0x0000001c   Code   RO         1599    i.STS_PROTOCOL_Process  stsprotocol.o
    0x08015d64   0x08015d64   0x0000000c   Code   RO         1600    i.STS_PROTOCOL_RegisterDataSendService  stsprotocol.o
    0x08015d70   0x08015d70   0x00000156   Code   RO         1601    i.STS_PROTOCOL_RxFIFOProcess  stsprotocol.o
    0x08015ec6   0x08015ec6   0x0000001e   Code   RO         1602    i.STS_PROTOCOL_SendCmdAck  stsprotocol.o
    0x08015ee4   0x08015ee4   0x00000026   Code   RO         1603    i.STS_PROTOCOL_SendCmdParamAck  stsprotocol.o
    0x08015f0a   0x08015f0a   0x0000002e   Code   RO         1604    i.STS_PROTOCOL_SendCmdParamTwoAck  stsprotocol.o
    0x08015f38   0x08015f38   0x00000044   Code   RO         1605    i.STS_PROTOCOL_TxAddData  stsprotocol.o
    0x08015f7c   0x08015f7c   0x0000008c   Code   RO         1606    i.STS_PROTOCOL_TxAddFrame  stsprotocol.o
    0x08016008   0x08016008   0x00000058   Code   RO         1607    i.STS_PROTOCOL_TxStateProcess  stsprotocol.o
    0x08016060   0x08016060   0x00000074   Code   RO         1506    i.STS_UART_AddTxArray  stsdrive.o
    0x080160d4   0x080160d4   0x00000038   Code   RO         1508    i.STS_UART_DataStructureInit  stsdrive.o
    0x0801610c   0x0801610c   0x0000009c   Code   RO         1509    i.STS_UART_HwInit   stsdrive.o
    0x080161a8   0x080161a8   0x00000028   Code   RO         1510    i.STS_UART_IR_StartSendData  stsdrive.o
    0x080161d0   0x080161d0   0x00000018   Code   RO         1511    i.STS_UART_Init     stsdrive.o
    0x080161e8   0x080161e8   0x0000000c   Code   RO         1512    i.STS_UART_Process  stsdrive.o
    0x080161f4   0x080161f4   0x0000000c   Code   RO         1513    i.STS_UART_RegisterDataSendService  stsdrive.o
    0x08016200   0x08016200   0x00000056   Code   RO         1514    i.STS_UART_TxProcess  stsdrive.o
    0x08016256   0x08016256   0x00000002   Code   RO          790    i.SVC_Handler       gd32f10x_it.o
    0x08016258   0x08016258   0x0000001c   Code   RO          432    i.SYSTEM_Init       system.o
    0x08016274   0x08016274   0x00000074   Code   RO         7271    i.SystemCoreClockUpdate  system_gd32f10x.o
    0x080162e8   0x080162e8   0x0000004c   Code   RO         7272    i.SystemInit        system_gd32f10x.o
    0x08016334   0x08016334   0x0000004c   Code   RO         2049    i.THROTTLE_VCC_TEST_EN  avopin.o
    0x08016380   0x08016380   0x00000022   Code   RO          512    i.TIMER1_IRQHandler  timer.o
    0x080163a2   0x080163a2   0x00000002   PAD
    0x080163a4   0x080163a4   0x00000048   Code   RO          513    i.TIMER_AddTask     timer.o
    0x080163ec   0x080163ec   0x00000054   Code   RO          514    i.TIMER_AddToQueue  timer.o
    0x08016440   0x08016440   0x0000006c   Code   RO          515    i.TIMER_CALLBACK_OnTimer  timer.o
    0x080164ac   0x080164ac   0x00000020   Code   RO          516    i.TIMER_ChangeTime  timer.o
    0x080164cc   0x080164cc   0x00000002   Code   RO          517    i.TIMER_DoNothing   timer.o
    0x080164ce   0x080164ce   0x00000002   PAD
    0x080164d0   0x080164d0   0x0000004c   Code   RO          518    i.TIMER_Init        timer.o
    0x0801651c   0x0801651c   0x0000000a   Code   RO          519    i.TIMER_InitTimerx  timer.o
    0x08016526   0x08016526   0x00000002   PAD
    0x08016528   0x08016528   0x00000060   Code   RO          521    i.TIMER_KillTask    timer.o
    0x08016588   0x08016588   0x0000001c   Code   RO          523    i.TIMER_ResetTimer  timer.o
    0x080165a4   0x080165a4   0x00000008   Code   RO          525    i.TIMER_StartTimerx  timer.o
    0x080165ac   0x080165ac   0x0000003c   Code   RO          527    i.TIMER_TaskQueueProcess  timer.o
    0x080165e8   0x080165e8   0x00000054   Code   RO          528    i.TIMx_INT_Init     timer.o
    0x0801663c   0x0801663c   0x00000120   Code   RO         1092    i.UART3_IRQHandler  dutuartdrive.o
    0x0801675c   0x0801675c   0x00000084   Code   RO         1093    i.UART_DRIVE_AddTxArray  dutuartdrive.o
    0x080167e0   0x080167e0   0x0000002e   Code   RO         1096    i.UART_DRIVE_DataStructInit  dutuartdrive.o
    0x0801680e   0x0801680e   0x00000002   PAD
    0x08016810   0x08016810   0x000000a0   Code   RO         1097    i.UART_DRIVE_HwInit  dutuartdrive.o
    0x080168b0   0x080168b0   0x00000028   Code   RO         1098    i.UART_DRIVE_IR_StartSendData  dutuartdrive.o
    0x080168d8   0x080168d8   0x00000014   Code   RO         1100    i.UART_DRIVE_InitSelect  dutuartdrive.o
    0x080168ec   0x080168ec   0x0000000c   Code   RO         1101    i.UART_DRIVE_Process  dutuartdrive.o
    0x080168f8   0x080168f8   0x0000000c   Code   RO         1102    i.UART_DRIVE_RegisterDataSendService  dutuartdrive.o
    0x08016904   0x08016904   0x00000056   Code   RO         1103    i.UART_DRIVE_TxProcess  dutuartdrive.o
    0x0801695a   0x0801695a   0x00000046   Code   RO         2451    i.UART_PROTOCOL4_CheckSUM  uartprotocol3.o
    0x080169a0   0x080169a0   0x0000006c   Code   RO         2452    i.UART_PROTOCOL4_CmdFrameProcess  uartprotocol3.o
    0x08016a0c   0x08016a0c   0x00000042   Code   RO         2453    i.UART_PROTOCOL4_ConfirmTempCmdFrameBuff  uartprotocol3.o
    0x08016a4e   0x08016a4e   0x00000056   Code   RO         2454    i.UART_PROTOCOL4_DataStructInit  uartprotocol3.o
    0x08016aa4   0x08016aa4   0x00000024   Code   RO         2455    i.UART_PROTOCOL4_Init  uartprotocol3.o
    0x08016ac8   0x08016ac8   0x0000005c   Code   RO         2456    i.UART_PROTOCOL4_MacProcess  uartprotocol3.o
    0x08016b24   0x08016b24   0x0000000c   Code   RO         2457    i.UART_PROTOCOL4_RegisterDataSendService  uartprotocol3.o
    0x08016b30   0x08016b30   0x00000156   Code   RO         2458    i.UART_PROTOCOL4_RxFIFOProcess  uartprotocol3.o
    0x08016c86   0x08016c86   0x00000002   PAD
    0x08016c88   0x08016c88   0x00000044   Code   RO         2459    i.UART_PROTOCOL4_TxAddData  uartprotocol3.o
    0x08016ccc   0x08016ccc   0x000000c0   Code   RO         2460    i.UART_PROTOCOL4_TxAddFrame  uartprotocol3.o
    0x08016d8c   0x08016d8c   0x00000058   Code   RO         2461    i.UART_PROTOCOL4_TxStateProcess  uartprotocol3.o
    0x08016de4   0x08016de4   0x00000056   Code   RO         2547    i.UART_PROTOCOL_DataStructInit  uartprotocol.o
    0x08016e3a   0x08016e3a   0x00000002   PAD
    0x08016e3c   0x08016e3c   0x0000001c   Code   RO         2548    i.UART_PROTOCOL_Init  uartprotocol.o
    0x08016e58   0x08016e58   0x0000003c   Code   RO         2549    i.UART_PROTOCOL_MacProcess  uartprotocol.o
    0x08016e94   0x08016e94   0x0000001c   Code   RO         2550    i.UART_PROTOCOL_Process  uartprotocol.o
    0x08016eb0   0x08016eb0   0x0000000c   Code   RO         2551    i.UART_PROTOCOL_RegisterDataSendService  uartprotocol.o
    0x08016ebc   0x08016ebc   0x00000026   Code   RO         2555    i.UART_PROTOCOL_SendCmdParamAck  uartprotocol.o
    0x08016ee2   0x08016ee2   0x00000002   PAD
    0x08016ee4   0x08016ee4   0x00000044   Code   RO         2559    i.UART_PROTOCOL_TxAddData  uartprotocol.o
    0x08016f28   0x08016f28   0x0000007c   Code   RO         2560    i.UART_PROTOCOL_TxAddFrame  uartprotocol.o
    0x08016fa4   0x08016fa4   0x00000034   Code   RO         3501    i.UART_PROTOCOL_XM_CheckSUM  uartprotocolxm.o
    0x08016fd8   0x08016fd8   0x000005e0   Code   RO         3502    i.UART_PROTOCOL_XM_CmdFrameProcess  uartprotocolxm.o
    0x080175b8   0x080175b8   0x0000004a   Code   RO         3503    i.UART_PROTOCOL_XM_ConfirmTempCmdFrameBuff  uartprotocolxm.o
    0x08017602   0x08017602   0x0000005a   Code   RO         3504    i.UART_PROTOCOL_XM_DataStructInit  uartprotocolxm.o
    0x0801765c   0x0801765c   0x00000024   Code   RO         3505    i.UART_PROTOCOL_XM_Init  uartprotocolxm.o
    0x08017680   0x08017680   0x0000005c   Code   RO         3506    i.UART_PROTOCOL_XM_MacProcess  uartprotocolxm.o
    0x080176dc   0x080176dc   0x0000001c   Code   RO         3507    i.UART_PROTOCOL_XM_Process  uartprotocolxm.o
    0x080176f8   0x080176f8   0x0000000c   Code   RO         3508    i.UART_PROTOCOL_XM_RegisterDataSendService  uartprotocolxm.o
    0x08017704   0x08017704   0x00000170   Code   RO         3509    i.UART_PROTOCOL_XM_RxFIFOProcess  uartprotocolxm.o
    0x08017874   0x08017874   0x00000024   Code   RO         3510    i.UART_PROTOCOL_XM_SendCmdAck  uartprotocolxm.o
    0x08017898   0x08017898   0x0000002c   Code   RO         3511    i.UART_PROTOCOL_XM_SendCmdParamAck  uartprotocolxm.o
    0x080178c4   0x080178c4   0x00000034   Code   RO         3512    i.UART_PROTOCOL_XM_SendCmdTwoParamAck  uartprotocolxm.o
    0x080178f8   0x080178f8   0x00000044   Code   RO         3514    i.UART_PROTOCOL_XM_TxAddData  uartprotocolxm.o
    0x0801793c   0x0801793c   0x00000080   Code   RO         3515    i.UART_PROTOCOL_XM_TxAddFrame  uartprotocolxm.o
    0x080179bc   0x080179bc   0x00000058   Code   RO         3516    i.UART_PROTOCOL_XM_TxStateProcess  uartprotocolxm.o
    0x08017a14   0x08017a14   0x00000198   Code   RO         1829    i.UART_Test         state.o
    0x08017bac   0x08017bac   0x000000e8   Code   RO          879    i.USART0_IRQHandler  avodrive.o
    0x08017c94   0x08017c94   0x000000e8   Code   RO         1515    i.USART1_IRQHandler  stsdrive.o
    0x08017d7c   0x08017d7c   0x000000e8   Code   RO         1325    i.USART2_IRQHandler  powerdrive.o
    0x08017e64   0x08017e64   0x0000005c   Code   RO         3355    i.USBD_HP_CAN0_TX_IRQHandler  canprotocoltest.o
    0x08017ec0   0x08017ec0   0x000000ac   Code   RO         3356    i.USBD_LP_CAN0_RX0_IRQHandler  canprotocoltest.o
    0x08017f6c   0x08017f6c   0x00000090   Code   RO         2050    i.USB_ADC_Read      avopin.o
    0x08017ffc   0x08017ffc   0x000000bc   Code   RO         2051    i.USB_CURRENT_Read  avopin.o
    0x080180b8   0x080180b8   0x00000002   Code   RO          791    i.UsageFault_Handler  gd32f10x_it.o
    0x080180ba   0x080180ba   0x0000003c   Code   RO         2148    i.Vertical_Scrolling_Display  lcd2004.o
    0x080180f6   0x080180f6   0x00000002   PAD
    0x080180f8   0x080180f8   0x00000018   Code   RO         2149    i.WR_DATA           lcd2004.o
    0x08018110   0x08018110   0x00000008   Code   RO         1608    i.WriteFlagTimeOut  stsprotocol.o
    0x08018118   0x08018118   0x0000003c   Code   RO         2052    i._5VOUT_EN         avopin.o
    0x08018154   0x08018154   0x00000034   Code   RO         7573    i.__0snprintf       mc_w.l(printfa.o)
    0x08018188   0x08018188   0x00000034   Code   RO         7577    i.__0vsnprintf      mc_w.l(printfa.o)
    0x080181bc   0x080181bc   0x0000000e   Code   RO         7696    i.__scatterload_copy  mc_w.l(handlers.o)
    0x080181ca   0x080181ca   0x00000002   Code   RO         7697    i.__scatterload_null  mc_w.l(handlers.o)
    0x080181cc   0x080181cc   0x0000000e   Code   RO         7698    i.__scatterload_zeroinit  mc_w.l(handlers.o)
    0x080181da   0x080181da   0x00000002   PAD
    0x080181dc   0x080181dc   0x00000184   Code   RO         7579    i._fp_digits        mc_w.l(printfa.o)
    0x08018360   0x08018360   0x000006b4   Code   RO         7580    i._printf_core      mc_w.l(printfa.o)
    0x08018a14   0x08018a14   0x00000024   Code   RO         7581    i._printf_post_padding  mc_w.l(printfa.o)
    0x08018a38   0x08018a38   0x0000002e   Code   RO         7582    i._printf_pre_padding  mc_w.l(printfa.o)
    0x08018a66   0x08018a66   0x00000016   Code   RO         7583    i._snputc           mc_w.l(printfa.o)
    0x08018a7c   0x08018a7c   0x0000001e   Code   RO         3745    i.adc_calibration_enable  gd32f10x_adc.o
    0x08018a9a   0x08018a9a   0x0000003a   Code   RO         3746    i.adc_channel_length_config  gd32f10x_adc.o
    0x08018ad4   0x08018ad4   0x00000018   Code   RO         3747    i.adc_data_alignment_config  gd32f10x_adc.o
    0x08018aec   0x08018aec   0x00000058   Code   RO         3748    i.adc_deinit        gd32f10x_adc.o
    0x08018b44   0x08018b44   0x00000010   Code   RO         3753    i.adc_enable        gd32f10x_adc.o
    0x08018b54   0x08018b54   0x00000038   Code   RO         3754    i.adc_external_trigger_config  gd32f10x_adc.o
    0x08018b8c   0x08018b8c   0x00000028   Code   RO         3755    i.adc_external_trigger_source_config  gd32f10x_adc.o
    0x08018bb4   0x08018bb4   0x00000008   Code   RO         3756    i.adc_flag_clear    gd32f10x_adc.o
    0x08018bbc   0x08018bbc   0x0000000e   Code   RO         3757    i.adc_flag_get      gd32f10x_adc.o
    0x08018bca   0x08018bca   0x00000002   PAD
    0x08018bcc   0x08018bcc   0x00000018   Code   RO         3766    i.adc_mode_config   gd32f10x_adc.o
    0x08018be4   0x08018be4   0x0000007e   Code   RO         3767    i.adc_regular_channel_config  gd32f10x_adc.o
    0x08018c62   0x08018c62   0x00000006   Code   RO         3768    i.adc_regular_data_read  gd32f10x_adc.o
    0x08018c68   0x08018c68   0x0000001a   Code   RO         3770    i.adc_software_trigger_enable  gd32f10x_adc.o
    0x08018c82   0x08018c82   0x00000050   Code   RO         3771    i.adc_special_function_config  gd32f10x_adc.o
    0x08018cd2   0x08018cd2   0x00000002   PAD
    0x08018cd4   0x08018cd4   0x0000001c   Code   RO         1830    i.addTimeOutTimer   state.o
    0x08018cf0   0x08018cf0   0x0000002c   Code   RO         3518    i.calCrc16          uartprotocolxm.o
    0x08018d1c   0x08018d1c   0x00000024   Code   RO         4088    i.can_deinit        gd32f10x_can.o
    0x08018d40   0x08018d40   0x000000d0   Code   RO         4091    i.can_filter_init   gd32f10x_can.o
    0x08018e10   0x08018e10   0x00000114   Code   RO         4094    i.can_init          gd32f10x_can.o
    0x08018f24   0x08018f24   0x00000008   Code   RO         4095    i.can_interrupt_disable  gd32f10x_can.o
    0x08018f2c   0x08018f2c   0x00000008   Code   RO         4096    i.can_interrupt_enable  gd32f10x_can.o
    0x08018f34   0x08018f34   0x00000082   Code   RO         4099    i.can_message_receive  gd32f10x_can.o
    0x08018fb6   0x08018fb6   0x000000b2   Code   RO         4100    i.can_message_transmit  gd32f10x_can.o
    0x08019068   0x08019068   0x0000001c   Code   RO         4102    i.can_receive_message_length_get  gd32f10x_can.o
    0x08019084   0x08019084   0x0000007e   Code   RO         4103    i.can_struct_para_init  gd32f10x_can.o
    0x08019102   0x08019102   0x00000002   PAD
    0x08019104   0x08019104   0x0000004c   Code   RO         4318    i.dac_data_set      gd32f10x_dac.o
    0x08019150   0x08019150   0x00000020   Code   RO         4323    i.dac_enable        gd32f10x_dac.o
    0x08019170   0x08019170   0x00000020   Code   RO         4326    i.dac_output_buffer_enable  gd32f10x_dac.o
    0x08019190   0x08019190   0x00000020   Code   RO         4329    i.dac_software_trigger_enable  gd32f10x_dac.o
    0x080191b0   0x080191b0   0x00000020   Code   RO         4331    i.dac_trigger_disable  gd32f10x_dac.o
    0x080191d0   0x080191d0   0x0000002c   Code   RO         4335    i.dac_wave_mode_config  gd32f10x_dac.o
    0x080191fc   0x080191fc   0x00000024   Code   RO         4537    i.dma_channel_disable  gd32f10x_dma.o
    0x08019220   0x08019220   0x00000024   Code   RO         4539    i.dma_circulation_disable  gd32f10x_dma.o
    0x08019244   0x08019244   0x0000003a   Code   RO         4541    i.dma_deinit        gd32f10x_dma.o
    0x0801927e   0x0801927e   0x0000000c   Code   RO         4542    i.dma_flag_clear    gd32f10x_dma.o
    0x0801928a   0x0801928a   0x00000086   Code   RO         4544    i.dma_init          gd32f10x_dma.o
    0x08019310   0x08019310   0x00000024   Code   RO         4545    i.dma_interrupt_disable  gd32f10x_dma.o
    0x08019334   0x08019334   0x0000000c   Code   RO         4547    i.dma_interrupt_flag_clear  gd32f10x_dma.o
    0x08019340   0x08019340   0x0000004c   Code   RO         4548    i.dma_interrupt_flag_get  gd32f10x_dma.o
    0x0801938c   0x0801938c   0x00000024   Code   RO         4552    i.dma_memory_to_memory_disable  gd32f10x_dma.o
    0x080193b0   0x080193b0   0x00000018   Code   RO         4556    i.dma_periph_and_channel_check  gd32f10x_dma.o
    0x080193c8   0x080193c8   0x000000e0   Code   RO         1610    i.enterState        stsprotocol.o
    0x080194a8   0x080194a8   0x00000050   Code   RO         7600    i.free              mc_w.l(malloc.o)
    0x080194f8   0x080194f8   0x00000004   Code   RO         5239    i.gpio_bit_reset    gd32f10x_gpio.o
    0x080194fc   0x080194fc   0x00000004   Code   RO         5240    i.gpio_bit_set      gd32f10x_gpio.o
    0x08019500   0x08019500   0x00000094   Code   RO         5247    i.gpio_init         gd32f10x_gpio.o
    0x08019594   0x08019594   0x0000000e   Code   RO         5248    i.gpio_input_bit_get  gd32f10x_gpio.o
    0x080195a2   0x080195a2   0x00000002   PAD
    0x080195a4   0x080195a4   0x0000005c   Code   RO         5253    i.gpio_pin_remap_config  gd32f10x_gpio.o
    0x08019600   0x08019600   0x000000c8   Code   RO            4    i.main              main.o
    0x080196c8   0x080196c8   0x0000006c   Code   RO         7601    i.malloc            mc_w.l(malloc.o)
    0x08019734   0x08019734   0x00000090   Code   RO         5555    i.nvic_irq_enable   gd32f10x_misc.o
    0x080197c4   0x080197c4   0x00000014   Code   RO         5556    i.nvic_priority_group_set  gd32f10x_misc.o
    0x080197d8   0x080197d8   0x00000014   Code   RO         5557    i.nvic_vector_table_set  gd32f10x_misc.o
    0x080197ec   0x080197ec   0x00000038   Code   RO         5697    i.rcu_adc_clock_config  gd32f10x_rcu.o
    0x08019824   0x08019824   0x00000014   Code   RO         5698    i.rcu_ahb_clock_config  gd32f10x_rcu.o
    0x08019838   0x08019838   0x00000014   Code   RO         5700    i.rcu_apb1_clock_config  gd32f10x_rcu.o
    0x0801984c   0x0801984c   0x00000014   Code   RO         5701    i.rcu_apb2_clock_config  gd32f10x_rcu.o
    0x08019860   0x08019860   0x000000ec   Code   RO         5705    i.rcu_clock_freq_get  gd32f10x_rcu.o
    0x0801994c   0x0801994c   0x00000040   Code   RO         5707    i.rcu_deinit        gd32f10x_rcu.o
    0x0801998c   0x0801998c   0x00000020   Code   RO         5708    i.rcu_flag_get      gd32f10x_rcu.o
    0x080199ac   0x080199ac   0x0000001c   Code   RO         5719    i.rcu_osci_on       gd32f10x_rcu.o
    0x080199c8   0x080199c8   0x000000cc   Code   RO         5720    i.rcu_osci_stab_wait  gd32f10x_rcu.o
    0x08019a94   0x08019a94   0x0000001c   Code   RO         5722    i.rcu_periph_clock_enable  gd32f10x_rcu.o
    0x08019ab0   0x08019ab0   0x0000001c   Code   RO         5725    i.rcu_periph_reset_disable  gd32f10x_rcu.o
    0x08019acc   0x08019acc   0x0000001c   Code   RO         5726    i.rcu_periph_reset_enable  gd32f10x_rcu.o
    0x08019ae8   0x08019ae8   0x0000001c   Code   RO         5727    i.rcu_pll_config    gd32f10x_rcu.o
    0x08019b04   0x08019b04   0x00000018   Code   RO         5728    i.rcu_predv0_config  gd32f10x_rcu.o
    0x08019b1c   0x08019b1c   0x00000014   Code   RO         5730    i.rcu_system_clock_source_config  gd32f10x_rcu.o
    0x08019b30   0x08019b30   0x00000010   Code   RO         5731    i.rcu_system_clock_source_get  gd32f10x_rcu.o
    0x08019b40   0x08019b40   0x00000018   Code   RO         6334    i.spi_dma_disable   gd32f10x_spi.o
    0x08019b58   0x08019b58   0x00000018   Code   RO         6335    i.spi_dma_enable    gd32f10x_spi.o
    0x08019b70   0x08019b70   0x0000000a   Code   RO         6336    i.spi_enable        gd32f10x_spi.o
    0x08019b7a   0x08019b7a   0x00000006   Code   RO         6338    i.spi_i2s_data_receive  gd32f10x_spi.o
    0x08019b80   0x08019b80   0x00000004   Code   RO         6339    i.spi_i2s_data_transmit  gd32f10x_spi.o
    0x08019b84   0x08019b84   0x00000058   Code   RO         6340    i.spi_i2s_deinit    gd32f10x_spi.o
    0x08019bdc   0x08019bdc   0x0000000e   Code   RO         6341    i.spi_i2s_flag_get  gd32f10x_spi.o
    0x08019bea   0x08019bea   0x0000002e   Code   RO         6345    i.spi_init          gd32f10x_spi.o
    0x08019c18   0x08019c18   0x00000088   Code   RO         7273    i.system_clock_108m_hxtal  system_gd32f10x.o
    0x08019ca0   0x08019ca0   0x00000004   Code   RO         7274    i.system_clock_config  system_gd32f10x.o
    0x08019ca4   0x08019ca4   0x0000000a   Code   RO         6516    i.timer_auto_reload_shadow_enable  gd32f10x_timer.o
    0x08019cae   0x08019cae   0x00000002   PAD
    0x08019cb0   0x08019cb0   0x000001d8   Code   RO         6533    i.timer_channel_output_config  gd32f10x_timer.o
    0x08019e88   0x08019e88   0x00000054   Code   RO         6535    i.timer_channel_output_mode_config  gd32f10x_timer.o
    0x08019edc   0x08019edc   0x00000020   Code   RO         6537    i.timer_channel_output_pulse_value_config  gd32f10x_timer.o
    0x08019efc   0x08019efc   0x00000054   Code   RO         6538    i.timer_channel_output_shadow_config  gd32f10x_timer.o
    0x08019f50   0x08019f50   0x00000188   Code   RO         6546    i.timer_deinit      gd32f10x_timer.o
    0x0801a0d8   0x0801a0d8   0x0000000a   Code   RO         6551    i.timer_enable      gd32f10x_timer.o
    0x0801a0e2   0x0801a0e2   0x00000006   Code   RO         6558    i.timer_flag_clear  gd32f10x_timer.o
    0x0801a0e8   0x0801a0e8   0x000000dc   Code   RO         6561    i.timer_init        gd32f10x_timer.o
    0x0801a1c4   0x0801a1c4   0x00000008   Code   RO         6568    i.timer_interrupt_enable  gd32f10x_timer.o
    0x0801a1cc   0x0801a1cc   0x00000006   Code   RO         6569    i.timer_interrupt_flag_clear  gd32f10x_timer.o
    0x0801a1d2   0x0801a1d2   0x00000014   Code   RO         6570    i.timer_interrupt_flag_get  gd32f10x_timer.o
    0x0801a1e6   0x0801a1e6   0x00000018   Code   RO         6575    i.timer_primary_output_config  gd32f10x_timer.o
    0x0801a1fe   0x0801a1fe   0x00000002   PAD
    0x0801a200   0x0801a200   0x0000008c   Code   RO         2563    i.uartProtocol_SendOnePacket  uartprotocol.o
    0x0801a28c   0x0801a28c   0x00000084   Code   RO         2564    i.uartProtocol_SendOnePacket_Hex  uartprotocol.o
    0x0801a310   0x0801a310   0x00000070   Code   RO         6944    i.usart_baudrate_set  gd32f10x_usart.o
    0x0801a380   0x0801a380   0x00000008   Code   RO         6945    i.usart_data_receive  gd32f10x_usart.o
    0x0801a388   0x0801a388   0x00000008   Code   RO         6946    i.usart_data_transmit  gd32f10x_usart.o
    0x0801a390   0x0801a390   0x00000090   Code   RO         6947    i.usart_deinit      gd32f10x_usart.o
    0x0801a420   0x0801a420   0x0000000a   Code   RO         6951    i.usart_enable      gd32f10x_usart.o
    0x0801a42a   0x0801a42a   0x0000001a   Code   RO         6953    i.usart_flag_get    gd32f10x_usart.o
    0x0801a444   0x0801a444   0x0000000c   Code   RO         6957    i.usart_hardware_flow_cts_config  gd32f10x_usart.o
    0x0801a450   0x0801a450   0x0000000c   Code   RO         6958    i.usart_hardware_flow_rts_config  gd32f10x_usart.o
    0x0801a45c   0x0801a45c   0x00000016   Code   RO         6959    i.usart_interrupt_disable  gd32f10x_usart.o
    0x0801a472   0x0801a472   0x00000016   Code   RO         6960    i.usart_interrupt_enable  gd32f10x_usart.o
    0x0801a488   0x0801a488   0x00000032   Code   RO         6962    i.usart_interrupt_flag_get  gd32f10x_usart.o
    0x0801a4ba   0x0801a4ba   0x00000010   Code   RO         6972    i.usart_parity_config  gd32f10x_usart.o
    0x0801a4ca   0x0801a4ca   0x0000000c   Code   RO         6974    i.usart_receive_config  gd32f10x_usart.o
    0x0801a4d6   0x0801a4d6   0x00000010   Code   RO         6980    i.usart_stop_bit_set  gd32f10x_usart.o
    0x0801a4e6   0x0801a4e6   0x0000000c   Code   RO         6984    i.usart_transmit_config  gd32f10x_usart.o
    0x0801a4f2   0x0801a4f2   0x00000010   Code   RO         6985    i.usart_word_length_set  gd32f10x_usart.o
    0x0801a502   0x0801a502   0x00000002   PAD
    0x0801a504   0x0801a504   0x00000050   Code   RO         2152    i.wr_lcd            lcd2004.o
    0x0801a554   0x0801a554   0x00000004   Data   RO         1206    .constdata          dutuartprotocol.o
    0x0801a558   0x0801a558   0x00000005   Data   RO         2153    .constdata          lcd2004.o
    0x0801a55d   0x0801a55d   0x00000001   PAD
    0x0801a55e   0x0801a55e   0x00000004   Data   RO         2324    .constdata          keymsgprocess.o
    0x0801a562   0x0801a562   0x00000002   PAD
    0x0801a564   0x0801a564   0x00000004   Data   RO         3358    .constdata          canprotocoltest.o
    0x0801a568   0x0801a568   0x00000204   Data   RO         3520    .constdata          uartprotocolxm.o
    0x0801a76c   0x0801a76c   0x00000020   Data   RO         7694    Region$$Table       anon$$obj.o


    Execution Region RW_IRAM1 (Exec base: 0x20000000, Load base: 0x0801a78c, Size: 0x000151c8, Max: 0x00018000, ABSOLUTE, COMPRESSED[0x00000144])

    Exec Addr    Load Addr    Size         Type   Attr      Idx    E Section Name        Object

    0x20000000   COMPRESSED   0x00000006   Data   RW          267    .data               spiflash.o
    0x20000006   COMPRESSED   0x00000002   PAD
    0x20000008   COMPRESSED   0x00000020   Data   RW          971    .data               avoprotocol.o
    0x20000028   COMPRESSED   0x00000018   Data   RW         1207    .data               dutuartprotocol.o
    0x20000040   COMPRESSED   0x00000008   Data   RW         1412    .data               powerprotocol.o
    0x20000048   COMPRESSED   0x000001c4   Data   RW         1622    .data               stsprotocol.o
    0x2000020c   COMPRESSED   0x0000006e   Data   RW         1831    .data               state.o
    0x2000027a   COMPRESSED   0x00000028   Data   RW         2154    .data               lcd2004.o
    0x200002a2   COMPRESSED   0x00000003   Data   RW         2280    .data               key.o
    0x200002a5   COMPRESSED   0x00000007   Data   RW         3019    .data               canprotocolupdt.o
    0x200002ac   COMPRESSED   0x0000005d   Data   RW         3359    .data               canprotocoltest.o
    0x20000309   COMPRESSED   0x00000003   Data   RW         3521    .data               uartprotocolxm.o
    0x2000030c   COMPRESSED   0x00000008   Data   RW         3646    .data               adc.o
    0x20000314   COMPRESSED   0x00000004   Data   RW         7275    .data               system_gd32f10x.o
    0x20000318   COMPRESSED   0x00000004   Data   RW         7667    .data               mc_w.l(mvars.o)
    0x2000031c   COMPRESSED   0x00000004   Data   RW         7668    .data               mc_w.l(mvars.o)
    0x20000320        -       0x00000054   Zero   RW          266    .bss                spiflash.o
    0x20000374        -       0x000002b8   Zero   RW          529    .bss                timer.o
    0x2000062c        -       0x00000528   Zero   RW          882    .bss                avodrive.o
    0x20000b54        -       0x000004cc   Zero   RW          970    .bss                avoprotocol.o
    0x20001020        -       0x00005a48   Zero   RW         1104    .bss                dutuartdrive.o
    0x20006a68        -       0x00000594   Zero   RW         1205    .bss                dutuartprotocol.o
    0x20006ffc        -       0x00000528   Zero   RW         1327    .bss                powerdrive.o
    0x20007524        -       0x00000484   Zero   RW         1411    .bss                powerprotocol.o
    0x200079a8        -       0x00000528   Zero   RW         1517    .bss                stsdrive.o
    0x20007ed0        -       0x000004fc   Zero   RW         1615    .bss                stsprotocol.o
    0x200083cc        -       0x0000012c   Zero   RW         1619    .bss                stsprotocol.o
    0x200084f8        -       0x00000096   Zero   RW         1620    .bss                stsprotocol.o
    0x2000858e   COMPRESSED   0x00000002   PAD
    0x20008590        -       0x00000050   Zero   RW         2323    .bss                keymsgprocess.o
    0x200085e0        -       0x0000012c   Zero   RW         2426    .bss                dutinfo.o
    0x2000870c        -       0x00000488   Zero   RW         2462    .bss                uartprotocol3.o
    0x20008b94        -       0x00000480   Zero   RW         2565    .bss                uartprotocol.o
    0x20009014        -       0x00000280   Zero   RW         2878    .bss                canprotocolupgb.o
    0x20009294        -       0x000014dc   Zero   RW         3018    .bss                canprotocolupdt.o
    0x2000a770        -       0x000006e4   Zero   RW         3213    .bss                canprotocol_3a.o
    0x2000ae54        -       0x00005ce4   Zero   RW         3357    .bss                canprotocoltest.o
    0x20010b38        -       0x000005a8   Zero   RW         3519    .bss                uartprotocolxm.o
    0x200110e0        -       0x000000e4   Zero   RW         3645    .bss                adc.o
    0x200111c4   COMPRESSED   0x00000004   PAD
    0x200111c8        -       0x00002000   Zero   RW         3737    HEAP                startup_gd32f10x_xd.o
    0x200131c8        -       0x00002000   Zero   RW         3736    STACK               startup_gd32f10x_xd.o


==============================================================================

Image component sizes


      Code (inc. data)   RO Data    RW Data    ZI Data      Debug   Object Name

      1158         70          0          8        228       6422   adc.o
       730         62          0          0       1320       6524   avodrive.o
      1710         84          0          0          0       6981   avopin.o
      2226         96          0         32       1228      13620   avoprotocol.o
      1236         50          0          0       1764      12856   canprotocol_3a.o
      4200        242          4         93      23780      22980   canprotocoltest.o
      3366        110          0          7       5340      19492   canprotocolupdt.o
       248         24          0          0        640       7834   canprotocolupgb.o
        76          6          0          0          0        550   dutctl.o
      1080        222          0          0        300       4211   dutinfo.o
       844         74          0          0      23112       7414   dutuartdrive.o
      3024        132          4         24       1428      17752   dutuartprotocol.o
       596         12          0          0          0       7865   gd32f10x_adc.o
       998         16          0          0          0       6090   gd32f10x_can.o
       248         34          0          0          0       3034   gd32f10x_dac.o
       460          6          0          0          0       6188   gd32f10x_dma.o
       262          6          0          0          0       3089   gd32f10x_gpio.o
        16          0          0          0          0       2984   gd32f10x_it.o
       184         24          0          0          0       1776   gd32f10x_misc.o
       852        138          0          0          0       9045   gd32f10x_rcu.o
       216          6          0          0          0       4742   gd32f10x_spi.o
      1368         74          0          0          0       8451   gd32f10x_timer.o
       498         18          0          0          0       8633   gd32f10x_usart.o
        76         12          0          0          0       2244   iap.o
       212         22          0          3          0       1611   key.o
       820         64          4          0         80       8819   keymsgprocess.o
       800         50          5         40          0       6844   lcd2004.o
       256         20          0          0          0      72634   main.o
        88          6          0          0          0        485   param.o
       738         60          0          0       1320       6554   powerdrive.o
      2430        130          0          8       1156      14075   powerprotocol.o
       186         10          0          0          0       1753   pwm.o
      1880        110          0          6         84      14043   spiflash.o
        36          8        304          0      16384        748   startup_gd32f10x_xd.o
     24688       4032          0        110          0      59266   state.o
       106          0          0          0          0       1715   stringoperation.o
       734         58          0          0       1320       6458   stsdrive.o
      5814        316          0        452       1726      27408   stsprotocol.o
       184          4          0          0          0       1194   system.o
       332         46          0          4          0       2239   system_gd32f10x.o
       694         48          0          0        696       6820   timer.o
       716         46          0          0       1152      11555   uartprotocol.o
      1160         44          0          0       1160      13347   uartprotocol3.o
      2716        114        516          3       1448      18094   uartprotocolxm.o

    ----------------------------------------------------------------------
     70332       6706        872        792      85672     466439   Object Totals
         0          0         32          0          0          0   (incl. Generated)
        70          0          3          2          6          0   (incl. Padding)

    ----------------------------------------------------------------------

      Code (inc. data)   RO Data    RW Data    ZI Data      Debug   Library Member Name

        86          0          0          0          0          0   __dczerorl2.o
         0          0          0          0          0          0   entry.o
         0          0          0          0          0          0   entry10a.o
         0          0          0          0          0          0   entry11a.o
         4          0          0          0          0          0   entry12b.o
         8          4          0          0          0          0   entry2.o
         4          0          0          0          0          0   entry5.o
         0          0          0          0          0          0   entry7b.o
         0          0          0          0          0          0   entry8b.o
         8          4          0          0          0          0   entry9a.o
        30          0          0          0          0          0   handlers.o
        36          8          0          0          0         68   init.o
         0          0          0          0          0          0   iusefp.o
        30          0          0          0          0         68   llshl.o
        36          0          0          0          0         68   llsshr.o
        32          0          0          0          0         68   llushr.o
       188         20          0          0          0        160   malloc.o
        36          0          0          0          0        108   memseta.o
         0          0          0          8          0          0   mvars.o
      2312         90          0          0          0        616   printfa.o
        28          0          0          0          0         76   strcmp.o
        18          0          0          0          0         68   strcpy.o
        14          0          0          0          0         68   strlen.o
        36          0          0          0          0         80   strstr.o
        44          0          0          0          0         80   uidiv.o
        98          0          0          0          0         92   uldiv.o
        48          0          0          0          0         68   cdrcmple.o
        20          0          0          0          0         68   cfcmple.o
        20          0          0          0          0         68   cfrcmple.o
       334          0          0          0          0        148   dadd.o
       222          0          0          0          0        100   ddiv.o
       186          0          0          0          0        176   depilogue.o
        48          0          0          0          0         68   dfixul.o
       228          0          0          0          0         96   dmul.o
        38          0          0          0          0         68   f2d.o
       110          0          0          0          0        168   fepilogue.o
        40          0          0          0          0         68   ffixui.o
        10          0          0          0          0         68   ffltui.o
       100          0          0          0          0         76   fmul.o

    ----------------------------------------------------------------------
      4456        126          0          8          0       2860   Library Totals
         4          0          0          0          0          0   (incl. Padding)

    ----------------------------------------------------------------------

      Code (inc. data)   RO Data    RW Data    ZI Data      Debug   Library Name

      3048        126          0          8          0       1620   mc_w.l
      1404          0          0          0          0       1240   mf_w.l

    ----------------------------------------------------------------------
      4456        126          0          8          0       2860   Library Totals

    ----------------------------------------------------------------------

==============================================================================


      Code (inc. data)   RO Data    RW Data    ZI Data      Debug   

     74788       6832        872        800      85672     445559   Grand Totals
     74788       6832        872        324      85672     445559   ELF Image Totals (compressed)
     74788       6832        872        324          0          0   ROM Totals

==============================================================================

    Total RO  Size (Code + RO Data)                75660 (  73.89kB)
    Total RW  Size (RW Data + ZI Data)             86472 (  84.45kB)
    Total ROM Size (Code + RO Data + RW Data)      75984 (  74.20kB)

==============================================================================

