Component: ARM Compiler 5.06 update 7 (build 960) Tool: armlink [4d3601]

==============================================================================

Section Cross References

    system_n32l40x.o(i.SetSysClock) refers to system_n32l40x.o(i.ConfigMRVoltage1V) for ConfigMRVoltage1V
    system_n32l40x.o(i.SetSysClock) refers to system_n32l40x.o(.data) for SystemCoreClock
    system_n32l40x.o(i.SystemCoreClockUpdate) refers to system_n32l40x.o(.constdata) for MSIClockTable
    system_n32l40x.o(i.SystemCoreClockUpdate) refers to system_n32l40x.o(.data) for SystemCoreClock
    system_n32l40x.o(i.SystemInit) refers to system_n32l40x.o(i.SetSysClock) for SetSysClock
    startup_n32l40x.o(RESET) refers to startup_n32l40x.o(STACK) for __initial_sp
    startup_n32l40x.o(RESET) refers to startup_n32l40x.o(.text) for Reset_Handler
    startup_n32l40x.o(RESET) refers to n32l40x_it.o(i.NMI_Handler) for NMI_Handler
    startup_n32l40x.o(RESET) refers to n32l40x_it.o(i.HardFault_Handler) for HardFault_Handler
    startup_n32l40x.o(RESET) refers to n32l40x_it.o(i.MemManage_Handler) for MemManage_Handler
    startup_n32l40x.o(RESET) refers to n32l40x_it.o(i.BusFault_Handler) for BusFault_Handler
    startup_n32l40x.o(RESET) refers to n32l40x_it.o(i.UsageFault_Handler) for UsageFault_Handler
    startup_n32l40x.o(RESET) refers to n32l40x_it.o(i.SVC_Handler) for SVC_Handler
    startup_n32l40x.o(RESET) refers to n32l40x_it.o(i.DebugMon_Handler) for DebugMon_Handler
    startup_n32l40x.o(RESET) refers to n32l40x_it.o(i.SysTick_Handler) for SysTick_Handler
    startup_n32l40x.o(RESET) refers to n32l40x_it.o(i.RCC_IRQHandler) for RCC_IRQHandler
    startup_n32l40x.o(RESET) refers to debug.o(i.USART1_IRQHandler) for USART1_IRQHandler
    startup_n32l40x.o(RESET) refers to metercontrol.o(i.USART2_IRQHandler) for USART2_IRQHandler
    startup_n32l40x.o(RESET) refers to uartdrive.o(i.USART3_IRQHandler) for USART3_IRQHandler
    startup_n32l40x.o(RESET) refers to timer.o(i.TIM6_IRQHandler) for TIM6_IRQHandler
    startup_n32l40x.o(.text) refers to system_n32l40x.o(i.SystemInit) for SystemInit
    startup_n32l40x.o(.text) refers to entry.o(.ARM.Collect$$$$00000000) for __main
    n32l40x_adc.o(i.ADC_ConfigClk) refers to n32l40x_rcc.o(i.RCC_ConfigAdcPllClk) for RCC_ConfigAdcPllClk
    n32l40x_adc.o(i.ADC_ConfigClk) refers to n32l40x_rcc.o(i.RCC_ConfigAdcHclk) for RCC_ConfigAdcHclk
    n32l40x_adc.o(i.ADC_DeInit) refers to n32l40x_rcc.o(i.RCC_EnableAHBPeriphReset) for RCC_EnableAHBPeriphReset
    n32l40x_can.o(i.CAN_DeInit) refers to n32l40x_rcc.o(i.RCC_EnableAPB1PeriphReset) for RCC_EnableAPB1PeriphReset
    n32l40x_can.o(i.CAN_GetIntStatus) refers to n32l40x_can.o(i.CheckINTStatus) for CheckINTStatus
    n32l40x_comp.o(i.COMP_DeInit) refers to n32l40x_rcc.o(i.RCC_EnableAPB1PeriphReset) for RCC_EnableAPB1PeriphReset
    n32l40x_comp.o(i.COMP_GetIntStsOneComp) refers to n32l40x_comp.o(i.COMP_GetIntSts) for COMP_GetIntSts
    n32l40x_dac.o(i.DAC_DeInit) refers to n32l40x_rcc.o(i.RCC_EnableAPB1PeriphReset) for RCC_EnableAPB1PeriphReset
    n32l40x_flash.o(i.FLASH_ConfigALLOptionByte) refers to n32l40x_flash.o(i.FLASH_GetReadOutProtectionL2STS) for FLASH_GetReadOutProtectionL2STS
    n32l40x_flash.o(i.FLASH_ConfigALLOptionByte) refers to n32l40x_flash.o(i.FLASH_ClearFlag) for FLASH_ClearFlag
    n32l40x_flash.o(i.FLASH_ConfigALLOptionByte) refers to n32l40x_flash.o(i.FLASH_WaitForLastOpt) for FLASH_WaitForLastOpt
    n32l40x_flash.o(i.FLASH_ConfigUserOB) refers to n32l40x_flash.o(i.FLASH_GetReadOutProtectionL2STS) for FLASH_GetReadOutProtectionL2STS
    n32l40x_flash.o(i.FLASH_ConfigUserOB) refers to n32l40x_flash.o(i.FLASH_GetReadOutProtectionSTS) for FLASH_GetReadOutProtectionSTS
    n32l40x_flash.o(i.FLASH_ConfigUserOB) refers to n32l40x_flash.o(i.FLASH_ClearFlag) for FLASH_ClearFlag
    n32l40x_flash.o(i.FLASH_ConfigUserOB) refers to n32l40x_flash.o(i.FLASH_WaitForLastOpt) for FLASH_WaitForLastOpt
    n32l40x_flash.o(i.FLASH_ConfigUserOB2) refers to n32l40x_flash.o(i.FLASH_GetReadOutProtectionL2STS) for FLASH_GetReadOutProtectionL2STS
    n32l40x_flash.o(i.FLASH_ConfigUserOB2) refers to n32l40x_flash.o(i.FLASH_GetReadOutProtectionSTS) for FLASH_GetReadOutProtectionSTS
    n32l40x_flash.o(i.FLASH_ConfigUserOB2) refers to n32l40x_flash.o(i.FLASH_ClearFlag) for FLASH_ClearFlag
    n32l40x_flash.o(i.FLASH_ConfigUserOB2) refers to n32l40x_flash.o(i.FLASH_WaitForLastOpt) for FLASH_WaitForLastOpt
    n32l40x_flash.o(i.FLASH_EnWriteProtection) refers to n32l40x_flash.o(i.FLASH_GetReadOutProtectionL2STS) for FLASH_GetReadOutProtectionL2STS
    n32l40x_flash.o(i.FLASH_EnWriteProtection) refers to n32l40x_flash.o(i.FLASH_ClearFlag) for FLASH_ClearFlag
    n32l40x_flash.o(i.FLASH_EnWriteProtection) refers to n32l40x_flash.o(i.FLASH_WaitForLastOpt) for FLASH_WaitForLastOpt
[...]
    i.GPIO_ResetBits                         0x08001b28   Section        0  n32l40x_gpio.o(i.GPIO_ResetBits)
    i.GPIO_SetBits                           0x08001b2c   Section        0  n32l40x_gpio.o(i.GPIO_SetBits)
    i.GPIO_WriteBit                          0x08001b30   Section        0  n32l40x_gpio.o(i.GPIO_WriteBit)
    i.Get_ADC1_Value                         0x08001b3c   Section        0  adc1.o(i.Get_ADC1_Value)
    i.HardFault_Handler                      0x08001b70   Section        0  n32l40x_it.o(i.HardFault_Handler)
    i.IAP_FlashReadWord                      0x08001b74   Section        0  iap.o(i.IAP_FlashReadWord)
    i.IAP_FlashReadWordArray                 0x08001b7c   Section        0  iap.o(i.IAP_FlashReadWordArray)
    i.IAP_FlashWriteWordArray                0x08001bbc   Section        0  iap.o(i.IAP_FlashWriteWordArray)
    i.IAP_FlashWriteWordArrayAndCheck        0x08001c10   Section        0  iap.o(i.IAP_FlashWriteWordArrayAndCheck)
    i.IAP_Init                               0x08001c70   Section        0  iap.o(i.IAP_Init)
    i.IAP_WriteAppBin2                       0x08001c78   Section        0  iap.o(i.IAP_WriteAppBin2)
    i.KEY_Init                               0x08001d08   Section        0  key.o(i.KEY_Init)
    i.KeyScanTimeCallBack                    0x08001d28   Section        0  key.o(i.KeyScanTimeCallBack)
    i.LED_Init                               0x08001e5c   Section        0  led.o(i.LED_Init)
    i.LED_Reversal                           0x08001e98   Section        0  led.o(i.LED_Reversal)
    i.LoadPrameToLocal                       0x08001ed0   Section        0  iap.o(i.LoadPrameToLocal)
    i.MemManage_Handler                      0x08001f18   Section        0  n32l40x_it.o(i.MemManage_Handler)
    i.MesureType_SwitchToGears               0x08001f1c   Section        0  uartprotocol.o(i.MesureType_SwitchToGears)
    i.MultimeterSendMsgToMaistr              0x08001f50   Section        0  state.o(i.MultimeterSendMsgToMaistr)
    i.NMI_Handler                            0x08001f98   Section        0  n32l40x_it.o(i.NMI_Handler)
    i.NVIC_Configuration                     0x08001fc4   Section        0  system.o(i.NVIC_Configuration)
    NVIC_Configuration                       0x08001fc5   Thumb Code    12  system.o(i.NVIC_Configuration)
    i.NVIC_Init                              0x08001fd0   Section        0  misc.o(i.NVIC_Init)
    i.NVIC_PriorityGroupConfig               0x08002040   Section        0  misc.o(i.NVIC_PriorityGroupConfig)
    i.OHM_RelayCtrl                          0x08002054   Section        0  source_relay.o(i.OHM_RelayCtrl)
    i.RCC_ClrIntPendingBit                   0x08002088   Section        0  n32l40x_rcc.o(i.RCC_ClrIntPendingBit)
    i.RCC_ConfigAdc1mClk                     0x08002098   Section        0  n32l40x_rcc.o(i.RCC_ConfigAdc1mClk)
    i.RCC_ConfigAdcHclk                      0x080020b4   Section        0  n32l40x_rcc.o(i.RCC_ConfigAdcHclk)
    i.RCC_ConfigAdcPllClk                    0x080020cc   Section        0  n32l40x_rcc.o(i.RCC_ConfigAdcPllClk)
    i.RCC_ConfigHclk                         0x080020f0   Section        0  n32l40x_rcc.o(i.RCC_ConfigHclk)
    i.RCC_ConfigHse                          0x08002108   Section        0  n32l40x_rcc.o(i.RCC_ConfigHse)
    i.RCC_ConfigInt                          0x08002154   Section        0  n32l40x_rcc.o(i.RCC_ConfigInt)
    i.RCC_ConfigPclk1                        0x08002178   Section        0  n32l40x_rcc.o(i.RCC_ConfigPclk1)
    i.RCC_ConfigPclk2                        0x08002190   Section        0  n32l40x_rcc.o(i.RCC_ConfigPclk2)
    i.RCC_ConfigPll                          0x080021a8   Section        0  n32l40x_rcc.o(i.RCC_ConfigPll)
    i.RCC_ConfigSysclk                       0x080021e8   Section        0  n32l40x_rcc.o(i.RCC_ConfigSysclk)
    i.RCC_DeInit                             0x08002200   Section        0  n32l40x_rcc.o(i.RCC_DeInit)
    i.RCC_EnableAHBPeriphClk                 0x08002260   Section        0  n32l40x_rcc.o(i.RCC_EnableAHBPeriphClk)
    i.RCC_EnableAPB1PeriphClk                0x08002280   Section        0  n32l40x_rcc.o(i.RCC_EnableAPB1PeriphClk)
    i.RCC_EnableAPB1PeriphReset              0x080022a0   Section        0  n32l40x_rcc.o(i.RCC_EnableAPB1PeriphReset)
    i.RCC_EnableAPB2PeriphClk                0x080022c0   Section        0  n32l40x_rcc.o(i.RCC_EnableAPB2PeriphClk)
    i.RCC_EnableAPB2PeriphReset              0x080022e0   Section        0  n32l40x_rcc.o(i.RCC_EnableAPB2PeriphReset)
    i.RCC_EnableHsi                          0x08002300   Section        0  n32l40x_rcc.o(i.RCC_EnableHsi)
    i.RCC_EnablePll                          0x0800230c   Section        0  n32l40x_rcc.o(i.RCC_EnablePll)
    i.RCC_GetClocksFreqValue                 0x08002318   Section        0  n32l40x_rcc.o(i.RCC_GetClocksFreqValue)
    i.RCC_GetFlagStatus                      0x0800246c   Section        0  n32l40x_rcc.o(i.RCC_GetFlagStatus)
    i.RCC_GetIntStatus                       0x080024a8   Section        0  n32l40x_rcc.o(i.RCC_GetIntStatus)
    i.RCC_GetSysclkSrc                       0x080024c0   Section        0  n32l40x_rcc.o(i.RCC_GetSysclkSrc)
    i.RCC_IRQHandler                         0x080024d0   Section        0  n32l40x_it.o(i.RCC_IRQHandler)
    i.RCC_WaitHseStable                      0x08002510   Section        0  n32l40x_rcc.o(i.RCC_WaitHseStable)
    i.RCC_WaitHsiStable                      0x08002548   Section        0  n32l40x_rcc.o(i.RCC_WaitHsiStable)
    i.RTC_TamperCmd                          0x08002580   Section        0  n32l40x_rtc.o(i.RTC_TamperCmd)
    i.RelayReset                             0x080025a0   Section        0  source_relay.o(i.RelayReset)
    i.Relay_HwInit                           0x08002608   Section        0  source_relay.o(i.Relay_HwInit)
    i.SVC_Handler                            0x080026e4   Section        0  n32l40x_it.o(i.SVC_Handler)
    i.SYSTEM_Init                            0x080026e6   Section        0  system.o(i.SYSTEM_Init)
    i.SetSysClock                            0x080026f8   Section        0  system_n32l40x.o(i.SetSysClock)
    SetSysClock                              0x080026f9   Thumb Code   218  system_n32l40x.o(i.SetSysClock)
    i.SysRest                                0x080027e8   Section        0  uartprotocol.o(i.SysRest)
    i.SysTick_Handler                        0x08002834   Section        0  n32l40x_it.o(i.SysTick_Handler)
    i.SystemCoreClockUpdate                  0x08002838   Section        0  system_n32l40x.o(i.SystemCoreClockUpdate)
    i.SystemInit                             0x08002944   Section        0  system_n32l40x.o(i.SystemInit)
    i.TIM6_IRQHandler                        0x08002a18   Section        0  timer.o(i.TIM6_IRQHandler)
    i.TIMER_AddTask                          0x08002a38   Section        0  timer.o(i.TIMER_AddTask)
    i.TIMER_AddToQueue                       0x08002a88   Section        0  timer.o(i.TIMER_AddToQueue)
    i.TIMER_CALLBACK_OnTimer                 0x08002af4   Section        0  timer.o(i.TIMER_CALLBACK_OnTimer)
    i.TIMER_DoNothing                        0x08002ba8   Section        0  timer.o(i.TIMER_DoNothing)
    i.TIMER_Init                             0x08002bac   Section        0  timer.o(i.TIMER_Init)
    i.TIMER_InitTimerx                       0x08002c0c   Section        0  timer.o(i.TIMER_InitTimerx)
    i.TIMER_ResetTimer                       0x08002c1c   Section        0  timer.o(i.TIMER_ResetTimer)
    i.TIMER_StartTimerx                      0x08002c3c   Section        0  timer.o(i.TIMER_StartTimerx)
    i.TIMER_TaskQueueProcess                 0x08002c4c   Section        0  timer.o(i.TIMER_TaskQueueProcess)
    i.TIM_ClearFlag                          0x08002ca4   Section        0  n32l40x_tim.o(i.TIM_ClearFlag)
    i.TIM_ClrIntPendingBit                   0x08002cac   Section        0  n32l40x_tim.o(i.TIM_ClrIntPendingBit)
    i.TIM_ConfigInt                          0x08002cb4   Section        0  n32l40x_tim.o(i.TIM_ConfigInt)
    i.TIM_DeInit                             0x08002cc8   Section        0  n32l40x_tim.o(i.TIM_DeInit)
    i.TIM_Enable                             0x08002dc4   Section        0  n32l40x_tim.o(i.TIM_Enable)
    i.TIM_GetIntStatus                       0x08002dda   Section        0  n32l40x_tim.o(i.TIM_GetIntStatus)
    i.TIM_InitTimeBase                       0x08002dfc   Section        0  n32l40x_tim.o(i.TIM_InitTimeBase)
    i.TIMx_INT_Init                          0x08002f44   Section        0  timer.o(i.TIMx_INT_Init)
    i.UART1_DRIVER_HwInit                    0x08002fb0   Section        0  debug.o(i.UART1_DRIVER_HwInit)
    UART1_DRIVER_HwInit                      0x08002fb1   Thumb Code    12  debug.o(i.UART1_DRIVER_HwInit)
    i.UART1_GPIO_Config                      0x08002fbc   Section        0  debug.o(i.UART1_GPIO_Config)
    UART1_GPIO_Config                        0x08002fbd   Thumb Code   192  debug.o(i.UART1_GPIO_Config)
    i.UART_CheckSUM_                         0x08003084   Section        0  uartprotocol.o(i.UART_CheckSUM_)
    UART_CheckSUM_                           0x08003085   Thumb Code    64  uartprotocol.o(i.UART_CheckSUM_)
    i.UART_DRIVE_AddTxArray                  0x080030c4   Section        0  uartdrive.o(i.UART_DRIVE_AddTxArray)
    i.UART_DRIVE_BC_SendData                 0x08003174   Section        0  uartdrive.o(i.UART_DRIVE_BC_SendData)
    i.UART_DRIVE_BC_StartTx                  0x08003194   Section        0  uartdrive.o(i.UART_DRIVE_BC_StartTx)
    i.UART_DRIVE_DataStructInit              0x0800321a   Section        0  uartdrive.o(i.UART_DRIVE_DataStructInit)
    i.UART_DRIVE_HwInit                      0x08003254   Section        0  uartdrive.o(i.UART_DRIVE_HwInit)
    i.UART_DRIVE_Init                        0x0800331c   Section        0  uartdrive.o(i.UART_DRIVE_Init)
    i.UART_DRIVE_Process                     0x08003334   Section        0  uartdrive.o(i.UART_DRIVE_Process)
    i.UART_DRIVE_RegisterDataSendService     0x08003344   Section        0  uartdrive.o(i.UART_DRIVE_RegisterDataSendService)
    i.UART_DRIVE_TxProcess                   0x08003350   Section        0  uartdrive.o(i.UART_DRIVE_TxProcess)
    i.UART_PROTOCOL_CmdFrameProcess          0x0800335c   Section        0  uartprotocol.o(i.UART_PROTOCOL_CmdFrameProcess)
    i.UART_PROTOCOL_ConfirmTempCmdFrameBuff  0x08003534   Section        0  uartprotocol.o(i.UART_PROTOCOL_ConfirmTempCmdFrameBuff)
    i.UART_PROTOCOL_DataStructInit           0x08003598   Section        0  uartprotocol.o(i.UART_PROTOCOL_DataStructInit)
    i.UART_PROTOCOL_Init                     0x08003610   Section        0  uartprotocol.o(i.UART_PROTOCOL_Init)
    i.UART_PROTOCOL_MacProcess               0x08003634   Section        0  uartprotocol.o(i.UART_PROTOCOL_MacProcess)
    i.UART_PROTOCOL_Process                  0x08003688   Section        0  uartprotocol.o(i.UART_PROTOCOL_Process)
    i.UART_PROTOCOL_RegisterDataSendService  0x080036a0   Section        0  uartprotocol.o(i.UART_PROTOCOL_RegisterDataSendService)
    i.UART_PROTOCOL_RxFIFOProcess            0x080036ac   Section        0  uartprotocol.o(i.UART_PROTOCOL_RxFIFOProcess)
    i.UART_PROTOCOL_TxAddData                0x08003850   Section        0  uartprotocol.o(i.UART_PROTOCOL_TxAddData)
    i.UART_PROTOCOL_TxAddFrame               0x080038ac   Section        0  uartprotocol.o(i.UART_PROTOCOL_TxAddFrame)
    i.UART_PROTOCOL_TxStateProcess           0x08003954   Section        0  uartprotocol.o(i.UART_PROTOCOL_TxStateProcess)
    i.USART1_IRQHandler                      0x080039fc   Section        0  debug.o(i.USART1_IRQHandler)
    i.USART2_IRQHandler                      0x08003a34   Section        0  metercontrol.o(i.USART2_IRQHandler)
    i.USART3_IRQHandler                      0x08003a9c   Section        0  uartdrive.o(i.USART3_IRQHandler)
    i.USART_ConfigInt                        0x08003ad8   Section        0  n32l40x_usart.o(i.USART_ConfigInt)
    i.USART_Enable                           0x08003b22   Section        0  n32l40x_usart.o(i.USART_Enable)
    i.USART_GetFlagStatus                    0x08003b3a   Section        0  n32l40x_usart.o(i.USART_GetFlagStatus)
    i.USART_GetIntStatus                     0x08003b54   Section        0  n32l40x_usart.o(i.USART_GetIntStatus)
    i.USART_Init                             0x08003ba8   Section        0  n32l40x_usart.o(i.USART_Init)
    i.USART_ReceiveData                      0x08003c5c   Section        0  n32l40x_usart.o(i.USART_ReceiveData)
    i.USART_SendData                         0x08003c66   Section        0  n32l40x_usart.o(i.USART_SendData)
    i.Uart2_CmdAskVersionACK                 0x08003c6e   Section        0  uartprotocol.o(i.Uart2_CmdAskVersionACK)
    i.Uart2_CmdRstACK                        0x08003ca0   Section        0  uartprotocol.o(i.Uart2_CmdRstACK)
    i.UsageFault_Handler                     0x08003cc4   Section        0  n32l40x_it.o(i.UsageFault_Handler)
    i.VIN_RelayCtrl                          0x08003cc8   Section        0  source_relay.o(i.VIN_RelayCtrl)
    i.__0printf                              0x08003cfc   Section        0  printfa.o(i.__0printf)
    i.__ARM_fpclassify                       0x08003d1c   Section        0  fpclassify.o(i.__ARM_fpclassify)
    i.__kernel_poly                          0x08003d44   Section        0  poly.o(i.__kernel_poly)
    i.__mathlib_dbl_divzero                  0x08003df0   Section        0  dunder.o(i.__mathlib_dbl_divzero)
    i.__mathlib_dbl_infnan2                  0x08003e00   Section        0  dunder.o(i.__mathlib_dbl_infnan2)
    i.__mathlib_dbl_invalid                  0x08003e04   Section        0  dunder.o(i.__mathlib_dbl_invalid)
    i.__mathlib_dbl_overflow                 0x08003e10   Section        0  dunder.o(i.__mathlib_dbl_overflow)
    i.__mathlib_dbl_underflow                0x08003e20   Section        0  dunder.o(i.__mathlib_dbl_underflow)
    i.__scatterload_copy                     0x08003e30   Section       14  handlers.o(i.__scatterload_copy)
    i.__scatterload_null                     0x08003e3e   Section        2  handlers.o(i.__scatterload_null)
    i.__scatterload_zeroinit                 0x08003e40   Section       14  handlers.o(i.__scatterload_zeroinit)
    i.__set_errno                            0x08003e50   Section        0  errno.o(i.__set_errno)
    i._fp_digits                             0x08003e5c   Section        0  printfa.o(i._fp_digits)
    _fp_digits                               0x08003e5d   Thumb Code   366  printfa.o(i._fp_digits)
    i._printf_core                           0x08003fe0   Section        0  printfa.o(i._printf_core)
    _printf_core                             0x08003fe1   Thumb Code  1704  printfa.o(i._printf_core)
    i._printf_post_padding                   0x08004694   Section        0  printfa.o(i._printf_post_padding)
    _printf_post_padding                     0x08004695   Thumb Code    36  printfa.o(i._printf_post_padding)
    i._printf_pre_padding                    0x080046b8   Section        0  printfa.o(i._printf_pre_padding)
    _printf_pre_padding                      0x080046b9   Thumb Code    46  printfa.o(i._printf_pre_padding)
    i.fputc                                  0x080046e8   Section        0  debug.o(i.fputc)
    i.free                                   0x0800470c   Section        0  malloc.o(i.free)
    i.main                                   0x0800475c   Section        0  main.o(i.main)
    i.malloc                                 0x080047c4   Section        0  malloc.o(i.malloc)
    i.pow                                    0x08004830   Section        0  pow.o(i.pow)
    i.sqrt                                   0x08005208   Section        0  sqrt.o(i.sqrt)
    .constdata                               0x08005254   Section       44  system_n32l40x.o(.constdata)
    .constdata                               0x08005280   Section       92  n32l40x_rcc.o(.constdata)
    s_ApbAhbPresTable                        0x08005280   Data          16  n32l40x_rcc.o(.constdata)
    s_AdcHclkPresTable                       0x08005290   Data          16  n32l40x_rcc.o(.constdata)
    s_AdcPllClkPresTable                     0x080052a0   Data          32  n32l40x_rcc.o(.constdata)
    s_msiClockTable                          0x080052c0   Data          28  n32l40x_rcc.o(.constdata)
    .constdata                               0x080052dc   Section       20  key.o(.constdata)
    .constdata                               0x080052f0   Section      136  pow.o(.constdata)
    bp                                       0x080052f0   Data          16  pow.o(.constdata)
    dp_h                                     0x08005300   Data          16  pow.o(.constdata)
    dp_l                                     0x08005310   Data          16  pow.o(.constdata)
    L                                        0x08005320   Data          48  pow.o(.constdata)
    P                                        0x08005350   Data          40  pow.o(.constdata)
    .constdata                               0x08005378   Section        8  qnan.o(.constdata)
    .data                                    0x20000000   Section        4  system_n32l40x.o(.data)
    .data                                    0x20000004   Section      132  source_relay.o(.data)
    .data                                    0x20000088   Section        1  led.o(.data)
    i                                        0x20000088   Data           1  led.o(.data)
    .data                                    0x2000008c   Section      110  metercontrol.o(.data)
    revErrCnt                                0x200000f8   Data           1  metercontrol.o(.data)
    keyFlip                                  0x200000f9   Data           1  metercontrol.o(.data)
    .data                                    0x200000fc   Section        4  debug.o(.data)
    .data                                    0x20000100   Section        8  key.o(.data)
    lastKey                                  0x20000105   Data           1  key.o(.data)
    KeyOffest                                0x20000106   Data           1  key.o(.data)
    pressDownFlag                            0x20000107   Data           1  key.o(.data)
    .data                                    0x20000108   Section        4  mvars.o(.data)
    .data                                    0x2000010c   Section        4  mvars.o(.data)
    .data                                    0x20000110   Section        4  errno.o(.data)
    _errno                                   0x20000110   Data           4  errno.o(.data)
    .bss                                     0x20000114   Section      132  iap.o(.bss)
    .bss                                     0x20000198   Section      264  timer.o(.bss)
    .bss                                     0x200002a0   Section      476  uartdrive.o(.bss)
    .bss                                     0x2000047c   Section     1876  uartprotocol.o(.bss)
    .bss                                     0x20000bd0   Section       56  metercontrol.o(.bss)
    HEAP                                     0x20000c08   Section     8192  startup_n32l40x.o(HEAP)
    STACK                                    0x20002c08   Section      512  startup_n32l40x.o(STACK)

    Global Symbols

    Symbol Name                              Value     Ov Type        Size  Object(Section)

    BuildAttributes$$THM_ISAv4$E$P$D$K$B$S$7EM$PE$A:L22UL41UL21$X:L11$S22US41US21$IEEE1$IW$USESV6$~STKCKD$USESV7$~SHL$OTIME$ROPI$IEEEX$EBA8$MICROLIB$REQ8$PRES8$EABIv2 0x00000000   Number         0  anon$$obj.o ABSOLUTE
    __ARM_use_no_argv                        0x00000000   Number         0  main.o ABSOLUTE
    __use_no_errno                           0x00000000   Number         0  useno.o ABSOLUTE
    __use_no_exception_handling              0x00000000   Number         0  useno.o ABSOLUTE
    __use_no_fp                              0x00000000   Number         0  useno.o ABSOLUTE
    __use_no_heap                            0x00000000   Number         0  useno.o ABSOLUTE
    __use_no_heap_region                     0x00000000   Number         0  useno.o ABSOLUTE
    __use_no_semihosting                     0x00000000   Number         0  useno.o ABSOLUTE
    __use_no_semihosting_swi                 0x00000000   Number         0  useno.o ABSOLUTE
    __use_no_signal_handling                 0x00000000   Number         0  useno.o ABSOLUTE
    _printf_a                                0x00000000   Number         0  stubs.o ABSOLUTE
    _printf_c                                0x00000000   Number         0  stubs.o ABSOLUTE
    _printf_charcount                        0x00000000   Number         0  stubs.o ABSOLUTE
    _printf_d                                0x00000000   Number         0  stubs.o ABSOLUTE
    _printf_e                                0x00000000   Number         0  stubs.o ABSOLUTE
    _printf_f                                0x00000000   Number         0  stubs.o ABSOLUTE
    _printf_flags                            0x00000000   Number         0  stubs.o ABSOLUTE
    _printf_fp_dec                           0x00000000   Number         0  stubs.o ABSOLUTE
    _printf_fp_hex                           0x00000000   Number         0  stubs.o ABSOLUTE
    _printf_g                                0x00000000   Number         0  stubs.o ABSOLUTE
    _printf_i                                0x00000000   Number         0  stubs.o ABSOLUTE
    _printf_int_dec                          0x00000000   Number         0  stubs.o ABSOLUTE
    _printf_l                                0x00000000   Number         0  stubs.o ABSOLUTE
    _printf_lc                               0x00000000   Number         0  stubs.o ABSOLUTE
    _printf_ll                               0x00000000   Number         0  stubs.o ABSOLUTE
    _printf_lld                              0x00000000   Number         0  stubs.o ABSOLUTE
    _printf_lli                              0x00000000   Number         0  stubs.o ABSOLUTE
    _printf_llo                              0x00000000   Number         0  stubs.o ABSOLUTE
    _printf_llu                              0x00000000   Number         0  stubs.o ABSOLUTE
    _printf_llx                              0x00000000   Number         0  stubs.o ABSOLUTE
    _printf_longlong_dec                     0x00000000   Number         0  stubs.o ABSOLUTE
    _printf_longlong_hex                     0x00000000   Number         0  stubs.o ABSOLUTE
    _printf_longlong_oct                     0x00000000   Number         0  stubs.o ABSOLUTE
    _printf_ls                               0x00000000   Number         0  stubs.o ABSOLUTE
    _printf_mbtowc                           0x00000000   Number         0  stubs.o ABSOLUTE
    _printf_n                                0x00000000   Number         0  stubs.o ABSOLUTE
    _printf_o                                0x00000000   Number         0  stubs.o ABSOLUTE
    _printf_p                                0x00000000   Number         0  stubs.o ABSOLUTE
    _printf_percent                          0x00000000   Number         0  stubs.o ABSOLUTE
    _printf_pre_padding                      0x00000000   Number         0  stubs.o ABSOLUTE
    _printf_return_value                     0x00000000   Number         0  stubs.o ABSOLUTE
    _printf_s                                0x00000000   Number         0  stubs.o ABSOLUTE
    _printf_sizespec                         0x00000000   Number         0  stubs.o ABSOLUTE
    _printf_str                              0x00000000   Number         0  stubs.o ABSOLUTE
    _printf_truncate_signed                  0x00000000   Number         0  stubs.o ABSOLUTE
    _printf_truncate_unsigned                0x00000000   Number         0  stubs.o ABSOLUTE
    _printf_u                                0x00000000   Number         0  stubs.o ABSOLUTE
    _printf_wc                               0x00000000   Number         0  stubs.o ABSOLUTE
    _printf_wctomb                           0x00000000   Number         0  stubs.o ABSOLUTE
    _printf_widthprec                        0x00000000   Number         0  stubs.o ABSOLUTE
    _printf_x                                0x00000000   Number         0  stubs.o ABSOLUTE
    __arm_fini_                               - Undefined Weak Reference
    __cpp_initialize__aeabi_                  - Undefined Weak Reference
    __cxa_finalize                            - Undefined Weak Reference
    __decompress                              - Undefined Weak Reference
    _clock_init                               - Undefined Weak Reference
    _microlib_exit                            - Undefined Weak Reference
    __Vectors_Size                           0x00000148   Number         0  startup_n32l40x.o ABSOLUTE
    __Vectors                                0x08000000   Data           4  startup_n32l40x.o(RESET)
    __Vectors_End                            0x08000148   Data           0  startup_n32l40x.o(RESET)
    __main                                   0x08000149   Thumb Code     0  entry.o(.ARM.Collect$$$$00000000)
    _main_stk                                0x08000149   Thumb Code     0  entry2.o(.ARM.Collect$$$$00000001)
    _main_scatterload                        0x0800014d   Thumb Code     0  entry5.o(.ARM.Collect$$$$00000004)
    __main_after_scatterload                 0x08000151   Thumb Code     0  entry5.o(.ARM.Collect$$$$00000004)
    _main_clock                              0x08000151   Thumb Code     0  entry7b.o(.ARM.Collect$$$$00000008)
    _main_cpp_init                           0x08000151   Thumb Code     0  entry8b.o(.ARM.Collect$$$$0000000A)
    _main_init                               0x08000151   Thumb Code     0  entry9a.o(.ARM.Collect$$$$0000000B)
    __rt_lib_shutdown_fini                   0x08000159   Thumb Code     0  entry12b.o(.ARM.Collect$$$$0000000E)
    __rt_final_cpp                           0x0800015d   Thumb Code     0  entry10a.o(.ARM.Collect$$$$0000000F)
    __rt_final_exit                          0x0800015d   Thumb Code     0  entry11a.o(.ARM.Collect$$$$00000011)
    Reset_Handler                            0x08000161   Thumb Code     8  startup_n32l40x.o(.text)
    PendSV_Handler                           0x08000177   Thumb Code     2  startup_n32l40x.o(.text)
    ADC_IRQHandler                           0x0800017b   Thumb Code     0  startup_n32l40x.o(.text)
    CAN_RX0_IRQHandler                       0x0800017b   Thumb Code     0  startup_n32l40x.o(.text)
    CAN_RX1_IRQHandler                       0x0800017b   Thumb Code     0  startup_n32l40x.o(.text)
    CAN_SCE_IRQHandler                       0x0800017b   Thumb Code     0  startup_n32l40x.o(.text)
    CAN_TX_IRQHandler                        0x0800017b   Thumb Code     0  startup_n32l40x.o(.text)
    COMP_1_2_IRQHandler                      0x0800017b   Thumb Code     0  startup_n32l40x.o(.text)
    DMA_Channel1_IRQHandler                  0x0800017b   Thumb Code     0  startup_n32l40x.o(.text)
    DMA_Channel2_IRQHandler                  0x0800017b   Thumb Code     0  startup_n32l40x.o(.text)
    DMA_Channel3_IRQHandler                  0x0800017b   Thumb Code     0  startup_n32l40x.o(.text)
    DMA_Channel4_IRQHandler                  0x0800017b   Thumb Code     0  startup_n32l40x.o(.text)
    DMA_Channel5_IRQHandler                  0x0800017b   Thumb Code     0  startup_n32l40x.o(.text)
    DMA_Channel6_IRQHandler                  0x0800017b   Thumb Code     0  startup_n32l40x.o(.text)
    DMA_Channel7_IRQHandler                  0x0800017b   Thumb Code     0  startup_n32l40x.o(.text)
    DMA_Channel8_IRQHandler                  0x0800017b   Thumb Code     0  startup_n32l40x.o(.text)
    EXTI0_IRQHandler                         0x0800017b   Thumb Code     0  startup_n32l40x.o(.text)
    EXTI15_10_IRQHandler                     0x0800017b   Thumb Code     0  startup_n32l40x.o(.text)
    EXTI1_IRQHandler                         0x0800017b   Thumb Code     0  startup_n32l40x.o(.text)
    EXTI2_IRQHandler                         0x0800017b   Thumb Code     0  startup_n32l40x.o(.text)
    EXTI3_IRQHandler                         0x0800017b   Thumb Code     0  startup_n32l40x.o(.text)
    EXTI4_IRQHandler                         0x0800017b   Thumb Code     0  startup_n32l40x.o(.text)
    EXTI9_5_IRQHandler                       0x0800017b   Thumb Code     0  startup_n32l40x.o(.text)
    FLASH_IRQHandler                         0x0800017b   Thumb Code     0  startup_n32l40x.o(.text)
    I2C1_ER_IRQHandler                       0x0800017b   Thumb Code     0  startup_n32l40x.o(.text)
    I2C1_EV_IRQHandler                       0x0800017b   Thumb Code     0  startup_n32l40x.o(.text)
    I2C2_ER_IRQHandler                       0x0800017b   Thumb Code     0  startup_n32l40x.o(.text)
    I2C2_EV_IRQHandler                       0x0800017b   Thumb Code     0  startup_n32l40x.o(.text)
    LCD_IRQHandler                           0x0800017b   Thumb Code     0  startup_n32l40x.o(.text)
    LPTIM_WKUP_IRQHandler                    0x0800017b   Thumb Code     0  startup_n32l40x.o(.text)
    LPUART_IRQHandler                        0x0800017b   Thumb Code     0  startup_n32l40x.o(.text)
    LPUART_WKUP_IRQHandler                   0x0800017b   Thumb Code     0  startup_n32l40x.o(.text)
    MMU_IRQHandler                           0x0800017b   Thumb Code     0  startup_n32l40x.o(.text)
    PVD_IRQHandler                           0x0800017b   Thumb Code     0  startup_n32l40x.o(.text)
    RAMC_PERR_IRQHandler                     0x0800017b   Thumb Code     0  startup_n32l40x.o(.text)
    RTCAlarm_IRQHandler                      0x0800017b   Thumb Code     0  startup_n32l40x.o(.text)
    RTC_WKUP_IRQHandler                      0x0800017b   Thumb Code     0  startup_n32l40x.o(.text)
    SAC_IRQHandler                           0x0800017b   Thumb Code     0  startup_n32l40x.o(.text)
    SPI1_IRQHandler                          0x0800017b   Thumb Code     0  startup_n32l40x.o(.text)
    SPI2_IRQHandler                          0x0800017b   Thumb Code     0  startup_n32l40x.o(.text)
    TAMPER_IRQHandler                        0x0800017b   Thumb Code     0  startup_n32l40x.o(.text)
    TIM1_BRK_IRQHandler                      0x0800017b   Thumb Code     0  startup_n32l40x.o(.text)
    TIM1_CC_IRQHandler                       0x0800017b   Thumb Code     0  startup_n32l40x.o(.text)
    TIM1_TRG_COM_IRQHandler                  0x0800017b   Thumb Code     0  startup_n32l40x.o(.text)
    TIM1_UP_IRQHandler                       0x0800017b   Thumb Code     0  startup_n32l40x.o(.text)
    TIM2_IRQHandler                          0x0800017b   Thumb Code     0  startup_n32l40x.o(.text)
    TIM3_IRQHandler                          0x0800017b   Thumb Code     0  startup_n32l40x.o(.text)
    TIM4_IRQHandler                          0x0800017b   Thumb Code     0  startup_n32l40x.o(.text)
    TIM5_IRQHandler                          0x0800017b   Thumb Code     0  startup_n32l40x.o(.text)
    TIM7_IRQHandler                          0x0800017b   Thumb Code     0  startup_n32l40x.o(.text)
    TIM8_BRK_IRQHandler                      0x0800017b   Thumb Code     0  startup_n32l40x.o(.text)
    TIM8_CC_IRQHandler                       0x0800017b   Thumb Code     0  startup_n32l40x.o(.text)
    TIM8_TRG_COM_IRQHandler                  0x0800017b   Thumb Code     0  startup_n32l40x.o(.text)
    TIM8_UP_IRQHandler                       0x0800017b   Thumb Code     0  startup_n32l40x.o(.text)
    TIM9_IRQHandler                          0x0800017b   Thumb Code     0  startup_n32l40x.o(.text)
    TSC_IRQHandler                           0x0800017b   Thumb Code     0  startup_n32l40x.o(.text)
    UART4_IRQHandler                         0x0800017b   Thumb Code     0  startup_n32l40x.o(.text)
    UART5_IRQHandler                         0x0800017b   Thumb Code     0  startup_n32l40x.o(.text)
    UCDR_IRQHandler                          0x0800017b   Thumb Code     0  startup_n32l40x.o(.text)
    USBWakeUp_IRQHandler                     0x0800017b   Thumb Code     0  startup_n32l40x.o(.text)
    USB_HP_IRQHandler                        0x0800017b   Thumb Code     0  startup_n32l40x.o(.text)
    USB_LP_IRQHandler                        0x0800017b   Thumb Code     0  startup_n32l40x.o(.text)
    WWDG_IRQHandler                          0x0800017b   Thumb Code     0  startup_n32l40x.o(.text)
    __aeabi_memset                           0x08000185   Thumb Code    14  memseta.o(.text)
    __aeabi_memset4                          0x08000185   Thumb Code     0  memseta.o(.text)
    __aeabi_memset8                          0x08000185   Thumb Code     0  memseta.o(.text)
    __aeabi_memclr                           0x08000193   Thumb Code     4  memseta.o(.text)
    __aeabi_memclr4                          0x08000193   Thumb Code     0  memseta.o(.text)
    __aeabi_memclr8                          0x08000193   Thumb Code     0  memseta.o(.text)
    _memset$wrapper                          0x08000197   Thumb Code    18  memseta.o(.text)
    __aeabi_fadd                             0x080001a9   Thumb Code   164  fadd.o(.text)
    __aeabi_fsub                             0x0800024d   Thumb Code     6  fadd.o(.text)
    __aeabi_frsub                            0x08000253   Thumb Code     6  fadd.o(.text)
    __aeabi_fmul                             0x08000259   Thumb Code   100  fmul.o(.text)
    __aeabi_fdiv                             0x080002bd   Thumb Code   124  fdiv.o(.text)
    __aeabi_dmul                             0x08000339   Thumb Code   228  dmul.o(.text)
    __aeabi_ddiv                             0x0800041d   Thumb Code   222  ddiv.o(.text)
    __aeabi_i2f                              0x080004fb   Thumb Code    18  fflti.o(.text)
    __aeabi_ui2d                             0x0800050d   Thumb Code    26  dfltui.o(.text)
    __aeabi_f2iz                             0x08000527   Thumb Code    50  ffixi.o(.text)
    __aeabi_f2d                              0x08000559   Thumb Code    38  f2d.o(.text)
    __aeabi_cdcmpeq                          0x08000581   Thumb Code     0  cdcmple.o(.text)
    __aeabi_cdcmple                          0x08000581   Thumb Code    48  cdcmple.o(.text)
    __aeabi_cdrcmple                         0x080005b1   Thumb Code    48  cdrcmple.o(.text)
    __aeabi_d2f                              0x080005e1   Thumb Code    56  d2f.o(.text)
    __aeabi_cfcmpeq                          0x08000619   Thumb Code     0  cfcmple.o(.text)
    __aeabi_cfcmple                          0x08000619   Thumb Code    20  cfcmple.o(.text)
    __aeabi_cfrcmple                         0x0800062d   Thumb Code    20  cfrcmple.o(.text)
    __aeabi_uidiv                            0x08000641   Thumb Code     0  uidiv.o(.text)
    __aeabi_uidivmod                         0x08000641   Thumb Code    44  uidiv.o(.text)
    __aeabi_uldivmod                         0x0800066d   Thumb Code    98  uldiv.o(.text)
    __I$use$fp                               0x080006cf   Thumb Code     0  iusefp.o(.text)
    _float_round                             0x080006cf   Thumb Code    18  fepilogue.o(.text)
    _float_epilogue                          0x080006e1   Thumb Code    92  fepilogue.o(.text)
    _double_round                            0x0800073d   Thumb Code    30  depilogue.o(.text)
    _double_epilogue                         0x0800075b   Thumb Code   156  depilogue.o(.text)
    __aeabi_dadd                             0x080007f7   Thumb Code   322  dadd.o(.text)
    __aeabi_dsub                             0x08000939   Thumb Code     6  dadd.o(.text)
    __aeabi_drsub                            0x0800093f   Thumb Code     6  dadd.o(.text)
    __ARM_scalbn                             0x08000945   Thumb Code    46  dscalb.o(.text)
    scalbn                                   0x08000945   Thumb Code     0  dscalb.o(.text)
    __aeabi_i2d                              0x08000973   Thumb Code    34  dflti.o(.text)
    __aeabi_d2ulz                            0x08000995   Thumb Code    48  dfixul.o(.text)
    __scatterload                            0x080009c5   Thumb Code    28  init.o(.text)
    __scatterload_rt2                        0x080009c5   Thumb Code     0  init.o(.text)
    __aeabi_llsl                             0x080009e9   Thumb Code    30  llshl.o(.text)
    _ll_shift_l                              0x080009e9   Thumb Code     0  llshl.o(.text)
    __aeabi_llsr                             0x08000a07   Thumb Code    32  llushr.o(.text)
    _ll_ushift_r                             0x08000a07   Thumb Code     0  llushr.o(.text)
    __aeabi_lasr                             0x08000a27   Thumb Code    36  llsshr.o(.text)
    _ll_sshift_r                             0x08000a27   Thumb Code     0  llsshr.o(.text)
    _dsqrt                                   0x08000a4b   Thumb Code   162  dsqrt.o(.text)
    ADC1_Init                                0x08000ba9   Thumb Code     8  adc1.o(i.ADC1_Init)
    ADC_ConfigClk                            0x08000bb1   Thumb Code    42  n32l40x_adc.o(i.ADC_ConfigClk)
    ADC_ConfigRegularChannel                 0x08000bdb   Thumb Code   198  n32l40x_adc.o(i.ADC_ConfigRegularChannel)
    ADC_Enable                               0x08000ca1   Thumb Code    22  n32l40x_adc.o(i.ADC_Enable)
    ADC_EnableSoftwareStartConv              0x08000cb7   Thumb Code    22  n32l40x_adc.o(i.ADC_EnableSoftwareStartConv)
    ADC_GetCalibrationStatus                 0x08000ccd   Thumb Code    20  n32l40x_adc.o(i.ADC_GetCalibrationStatus)
    ADC_GetDat                               0x08000ce1   Thumb Code     8  n32l40x_adc.o(i.ADC_GetDat)
    ADC_GetFlagStatus                        0x08000ce9   Thumb Code    18  n32l40x_adc.o(i.ADC_GetFlagStatus)
    ADC_GetFlagStatusNew                     0x08000cfb   Thumb Code    18  n32l40x_adc.o(i.ADC_GetFlagStatusNew)
    ADC_Init                                 0x08000d0d   Thumb Code    66  n32l40x_adc.o(i.ADC_Init)
    ADC_StartCalibration                     0x08000d59   Thumb Code    10  n32l40x_adc.o(i.ADC_StartCalibration)
    APP_ReportMsg                            0x08000d63   Thumb Code    70  uartprotocol.o(i.APP_ReportMsg)
    AvomentRevDataTimeout                    0x08000da9   Thumb Code   116  metercontrol.o(i.AvomentRevDataTimeout)
    Avoment_ControlPin_Init                  0x08000e2d   Thumb Code   192  metercontrol.o(i.Avoment_ControlPin_Init)
    Avoment_FormatGetNum                     0x08000ef5   Thumb Code    42  metercontrol.o(i.Avoment_FormatGetNum)
    Avoment_FormatGetSymbol                  0x08000f2d   Thumb Code    72  metercontrol.o(i.Avoment_FormatGetSymbol)
    Avoment_Init                             0x08000f81   Thumb Code    52  metercontrol.o(i.Avoment_Init)
    Avoment_Process                          0x08000fbd   Thumb Code   268  metercontrol.o(i.Avoment_Process)
    Avoment_ReportMeasureResultACK           0x080010d1   Thumb Code   212  metercontrol.o(i.Avoment_ReportMeasureResultACK)
    Avoment_RevDataParse                     0x080011ad   Thumb Code   266  metercontrol.o(i.Avoment_RevDataParse)
    Avoment_SetPTGear                        0x080012e9   Thumb Code    94  metercontrol.o(i.Avoment_SetPTGear)
    Avoment_ShortPressDown                   0x08001355   Thumb Code    88  metercontrol.o(i.Avoment_ShortPressDown)
    Avoment_StartInit                        0x080013b1   Thumb Code    12  metercontrol.o(i.Avoment_StartInit)
    Avoment_StateEnter                       0x080013bd   Thumb Code     6  metercontrol.o(i.Avoment_StateEnter)
    Avoment_StitchGear                       0x080013c9   Thumb Code    24  metercontrol.o(i.Avoment_StitchGear)
    Avoment_Uart2_Init                       0x080013e5   Thumb Code   152  metercontrol.o(i.Avoment_Uart2_Init)
    BusFault_Handler                         0x08001485   Thumb Code     4  n32l40x_it.o(i.BusFault_Handler)
    CheckDateStableAndReport                 0x08001549   Thumb Code   420  metercontrol.o(i.CheckDateStableAndReport)
    ConfigMRVoltage1V                        0x08001705   Thumb Code    78  system_n32l40x.o(i.ConfigMRVoltage1V)
    DebugMon_Handler                         0x0800175d   Thumb Code     2  n32l40x_it.o(i.DebugMon_Handler)
    Debug_Init                               0x0800175f   Thumb Code    12  debug.o(i.Debug_Init)
    Delayms                                  0x0800176b   Thumb Code    46  delay.o(i.Delayms)
    FLASH_ClearFlag                          0x08001799   Thumb Code    12  n32l40x_flash.o(i.FLASH_ClearFlag)
    FLASH_ClockInit                          0x080017a9   Thumb Code    72  n32l40x_flash.o(i.FLASH_ClockInit)
    FLASH_GetSTS                             0x080017f5   Thumb Code    76  n32l40x_flash.o(i.FLASH_GetSTS)
    FLASH_Lock                               0x08001845   Thumb Code    14  n32l40x_flash.o(i.FLASH_Lock)
    FLASH_PrefetchBufSet                     0x08001859   Thumb Code    22  n32l40x_flash.o(i.FLASH_PrefetchBufSet)
    FLASH_ProgramWord                        0x08001875   Thumb Code    86  n32l40x_flash.o(i.FLASH_ProgramWord)
    FLASH_SetLatency                         0x080018d1   Thumb Code    18  n32l40x_flash.o(i.FLASH_SetLatency)
    FLASH_Unlock                             0x080018e9   Thumb Code    12  n32l40x_flash.o(i.FLASH_Unlock)
    FLASH_WaitForLastOpt                     0x08001901   Thumb Code    38  n32l40x_flash.o(i.FLASH_WaitForLastOpt)
    GPIO_InitPeripheral                      0x08001929   Thumb Code   484  n32l40x_gpio.o(i.GPIO_InitPeripheral)
    GPIO_InitStruct                          0x08001b11   Thumb Code    24  n32l40x_gpio.o(i.GPIO_InitStruct)
    GPIO_ResetBits                           0x08001b29   Thumb Code     4  n32l40x_gpio.o(i.GPIO_ResetBits)
    GPIO_SetBits                             0x08001b2d   Thumb Code     4  n32l40x_gpio.o(i.GPIO_SetBits)
    GPIO_WriteBit                            0x08001b31   Thumb Code    10  n32l40x_gpio.o(i.GPIO_WriteBit)
    Get_ADC1_Value                           0x08001b3d   Thumb Code    46  adc1.o(i.Get_ADC1_Value)
    HardFault_Handler                        0x08001b71   Thumb Code     4  n32l40x_it.o(i.HardFault_Handler)
    IAP_FlashReadWord                        0x08001b75   Thumb Code     6  iap.o(i.IAP_FlashReadWord)
    IAP_FlashReadWordArray                   0x08001b7d   Thumb Code    56  iap.o(i.IAP_FlashReadWordArray)
    IAP_FlashWriteWordArray                  0x08001bbd   Thumb Code    74  iap.o(i.IAP_FlashWriteWordArray)
    IAP_FlashWriteWordArrayAndCheck          0x08001c11   Thumb Code    86  iap.o(i.IAP_FlashWriteWordArrayAndCheck)
    IAP_Init                                 0x08001c71   Thumb Code     8  iap.o(i.IAP_Init)
    IAP_WriteAppBin2                         0x08001c79   Thumb Code   140  iap.o(i.IAP_WriteAppBin2)
    KEY_Init                                 0x08001d09   Thumb Code    28  key.o(i.KEY_Init)
    KeyScanTimeCallBack                      0x08001d29   Thumb Code   260  key.o(i.KeyScanTimeCallBack)
    LED_Init                                 0x08001e5d   Thumb Code    54  led.o(i.LED_Init)
    LED_Reversal                             0x08001e99   Thumb Code    46  led.o(i.LED_Reversal)
    LoadPrameToLocal                         0x08001ed1   Thumb Code    64  iap.o(i.LoadPrameToLocal)
    MemManage_Handler                        0x08001f19   Thumb Code     4  n32l40x_it.o(i.MemManage_Handler)
    MesureType_SwitchToGears                 0x08001f1d   Thumb Code    52  uartprotocol.o(i.MesureType_SwitchToGears)
    MultimeterSendMsgToMaistr                0x08001f51   Thumb Code    72  state.o(i.MultimeterSendMsgToMaistr)
    NMI_Handler                              0x08001f99   Thumb Code    44  n32l40x_it.o(i.NMI_Handler)
    NVIC_Init                                0x08001fd1   Thumb Code   100  misc.o(i.NVIC_Init)
    NVIC_PriorityGroupConfig                 0x08002041   Thumb Code    10  misc.o(i.NVIC_PriorityGroupConfig)
    OHM_RelayCtrl                            0x08002055   Thumb Code    46  source_relay.o(i.OHM_RelayCtrl)
    RCC_ClrIntPendingBit                     0x08002089   Thumb Code    12  n32l40x_rcc.o(i.RCC_ClrIntPendingBit)
    RCC_ConfigAdc1mClk                       0x08002099   Thumb Code    24  n32l40x_rcc.o(i.RCC_ConfigAdc1mClk)
    RCC_ConfigAdcHclk                        0x080020b5   Thumb Code    18  n32l40x_rcc.o(i.RCC_ConfigAdcHclk)
    RCC_ConfigAdcPllClk                      0x080020cd   Thumb Code    30  n32l40x_rcc.o(i.RCC_ConfigAdcPllClk)
    RCC_ConfigHclk                           0x080020f1   Thumb Code    18  n32l40x_rcc.o(i.RCC_ConfigHclk)
    RCC_ConfigHse                            0x08002109   Thumb Code    70  n32l40x_rcc.o(i.RCC_ConfigHse)
    RCC_ConfigInt                            0x08002155   Thumb Code    30  n32l40x_rcc.o(i.RCC_ConfigInt)
    RCC_ConfigPclk1                          0x08002179   Thumb Code    18  n32l40x_rcc.o(i.RCC_ConfigPclk1)
    RCC_ConfigPclk2                          0x08002191   Thumb Code    20  n32l40x_rcc.o(i.RCC_ConfigPclk2)
    RCC_ConfigPll                            0x080021a9   Thumb Code    56  n32l40x_rcc.o(i.RCC_ConfigPll)
    RCC_ConfigSysclk                         0x080021e9   Thumb Code    18  n32l40x_rcc.o(i.RCC_ConfigSysclk)
    RCC_DeInit                               0x08002201   Thumb Code    80  n32l40x_rcc.o(i.RCC_DeInit)
    RCC_EnableAHBPeriphClk                   0x08002261   Thumb Code    26  n32l40x_rcc.o(i.RCC_EnableAHBPeriphClk)
    RCC_EnableAPB1PeriphClk                  0x08002281   Thumb Code    26  n32l40x_rcc.o(i.RCC_EnableAPB1PeriphClk)
    RCC_EnableAPB1PeriphReset                0x080022a1   Thumb Code    26  n32l40x_rcc.o(i.RCC_EnableAPB1PeriphReset)
    RCC_EnableAPB2PeriphClk                  0x080022c1   Thumb Code    26  n32l40x_rcc.o(i.RCC_EnableAPB2PeriphClk)
    RCC_EnableAPB2PeriphReset                0x080022e1   Thumb Code    26  n32l40x_rcc.o(i.RCC_EnableAPB2PeriphReset)
    RCC_EnableHsi                            0x08002301   Thumb Code     6  n32l40x_rcc.o(i.RCC_EnableHsi)
    RCC_EnablePll                            0x0800230d   Thumb Code     6  n32l40x_rcc.o(i.RCC_EnablePll)
    RCC_GetClocksFreqValue                   0x08002319   Thumb Code   302  n32l40x_rcc.o(i.RCC_GetClocksFreqValue)
    RCC_GetFlagStatus                        0x0800246d   Thumb Code    56  n32l40x_rcc.o(i.RCC_GetFlagStatus)
    RCC_GetIntStatus                         0x080024a9   Thumb Code    20  n32l40x_rcc.o(i.RCC_GetIntStatus)
    RCC_GetSysclkSrc                         0x080024c1   Thumb Code    10  n32l40x_rcc.o(i.RCC_GetSysclkSrc)
    RCC_IRQHandler                           0x080024d1   Thumb Code    64  n32l40x_it.o(i.RCC_IRQHandler)
    RCC_WaitHseStable                        0x08002511   Thumb Code    56  n32l40x_rcc.o(i.RCC_WaitHseStable)
    RCC_WaitHsiStable                        0x08002549   Thumb Code    56  n32l40x_rcc.o(i.RCC_WaitHsiStable)
    RTC_TamperCmd                            0x08002581   Thumb Code    26  n32l40x_rtc.o(i.RTC_TamperCmd)
    RelayReset                               0x080025a1   Thumb Code    90  source_relay.o(i.RelayReset)
    Relay_HwInit                             0x08002609   Thumb Code   208  source_relay.o(i.Relay_HwInit)
    SVC_Handler                              0x080026e5   Thumb Code     2  n32l40x_it.o(i.SVC_Handler)
    SYSTEM_Init                              0x080026e7   Thumb Code    16  system.o(i.SYSTEM_Init)
    SysRest                                  0x080027e9   Thumb Code    68  uartprotocol.o(i.SysRest)
    SysTick_Handler                          0x08002835   Thumb Code     2  n32l40x_it.o(i.SysTick_Handler)
    SystemCoreClockUpdate                    0x08002839   Thumb Code   236  system_n32l40x.o(i.SystemCoreClockUpdate)
    SystemInit                               0x08002945   Thumb Code   176  system_n32l40x.o(i.SystemInit)
    TIM6_IRQHandler                          0x08002a19   Thumb Code    26  timer.o(i.TIM6_IRQHandler)
    TIMER_AddTask                            0x08002a39   Thumb Code    76  timer.o(i.TIMER_AddTask)
    TIMER_AddToQueue                         0x08002a89   Thumb Code   104  timer.o(i.TIMER_AddToQueue)
    TIMER_CALLBACK_OnTimer                   0x08002af5   Thumb Code   174  timer.o(i.TIMER_CALLBACK_OnTimer)
    TIMER_DoNothing                          0x08002ba9   Thumb Code     2  timer.o(i.TIMER_DoNothing)
    TIMER_Init                               0x08002bad   Thumb Code    86  timer.o(i.TIMER_Init)
    TIMER_InitTimerx                         0x08002c0d   Thumb Code    14  timer.o(i.TIMER_InitTimerx)
    TIMER_ResetTimer                         0x08002c1d   Thumb Code    28  timer.o(i.TIMER_ResetTimer)
    TIMER_StartTimerx                        0x08002c3d   Thumb Code    12  timer.o(i.TIMER_StartTimerx)
    TIMER_TaskQueueProcess                   0x08002c4d   Thumb Code    84  timer.o(i.TIMER_TaskQueueProcess)
    TIM_ClearFlag                            0x08002ca5   Thumb Code     8  n32l40x_tim.o(i.TIM_ClearFlag)
    TIM_ClrIntPendingBit                     0x08002cad   Thumb Code     8  n32l40x_tim.o(i.TIM_ClrIntPendingBit)
    TIM_ConfigInt                            0x08002cb5   Thumb Code    18  n32l40x_tim.o(i.TIM_ConfigInt)
    TIM_DeInit                               0x08002cc9   Thumb Code   220  n32l40x_tim.o(i.TIM_DeInit)
    TIM_Enable                               0x08002dc5   Thumb Code    22  n32l40x_tim.o(i.TIM_Enable)
    TIM_GetIntStatus                         0x08002ddb   Thumb Code    34  n32l40x_tim.o(i.TIM_GetIntStatus)
    TIM_InitTimeBase                         0x08002dfd   Thumb Code   296  n32l40x_tim.o(i.TIM_InitTimeBase)
    TIMx_INT_Init                            0x08002f45   Thumb Code   104  timer.o(i.TIMx_INT_Init)
    UART_DRIVE_AddTxArray                    0x080030c5   Thumb Code   170  uartdrive.o(i.UART_DRIVE_AddTxArray)
    UART_DRIVE_BC_SendData                   0x08003175   Thumb Code    28  uartdrive.o(i.UART_DRIVE_BC_SendData)
    UART_DRIVE_BC_StartTx                    0x08003195   Thumb Code   134  uartdrive.o(i.UART_DRIVE_BC_StartTx)
    UART_DRIVE_DataStructInit                0x0800321b   Thumb Code    56  uartdrive.o(i.UART_DRIVE_DataStructInit)
    UART_DRIVE_HwInit                        0x08003255   Thumb Code   192  uartdrive.o(i.UART_DRIVE_HwInit)
    UART_DRIVE_Init                          0x0800331d   Thumb Code    18  uartdrive.o(i.UART_DRIVE_Init)
    UART_DRIVE_Process                       0x08003335   Thumb Code    10  uartdrive.o(i.UART_DRIVE_Process)
    UART_DRIVE_RegisterDataSendService       0x08003345   Thumb Code     6  uartdrive.o(i.UART_DRIVE_RegisterDataSendService)
    UART_DRIVE_TxProcess                     0x08003351   Thumb Code    12  uartdrive.o(i.UART_DRIVE_TxProcess)
    UART_PROTOCOL_CmdFrameProcess            0x0800335d   Thumb Code   440  uartprotocol.o(i.UART_PROTOCOL_CmdFrameProcess)
    UART_PROTOCOL_ConfirmTempCmdFrameBuff    0x08003535   Thumb Code   100  uartprotocol.o(i.UART_PROTOCOL_ConfirmTempCmdFrameBuff)
    UART_PROTOCOL_DataStructInit             0x08003599   Thumb Code   118  uartprotocol.o(i.UART_PROTOCOL_DataStructInit)
    UART_PROTOCOL_Init                       0x08003611   Thumb Code    22  uartprotocol.o(i.UART_PROTOCOL_Init)
    UART_PROTOCOL_MacProcess                 0x08003635   Thumb Code    80  uartprotocol.o(i.UART_PROTOCOL_MacProcess)
    UART_PROTOCOL_Process                    0x08003689   Thumb Code    20  uartprotocol.o(i.UART_PROTOCOL_Process)
    UART_PROTOCOL_RegisterDataSendService    0x080036a1   Thumb Code     8  uartprotocol.o(i.UART_PROTOCOL_RegisterDataSendService)
    UART_PROTOCOL_RxFIFOProcess              0x080036ad   Thumb Code   420  uartprotocol.o(i.UART_PROTOCOL_RxFIFOProcess)
    UART_PROTOCOL_TxAddData                  0x08003851   Thumb Code    82  uartprotocol.o(i.UART_PROTOCOL_TxAddData)
    UART_PROTOCOL_TxAddFrame                 0x080038ad   Thumb Code   160  uartprotocol.o(i.UART_PROTOCOL_TxAddFrame)
    UART_PROTOCOL_TxStateProcess             0x08003955   Thumb Code   160  uartprotocol.o(i.UART_PROTOCOL_TxStateProcess)
    USART1_IRQHandler                        0x080039fd   Thumb Code    52  debug.o(i.USART1_IRQHandler)
    USART2_IRQHandler                        0x08003a35   Thumb Code    96  metercontrol.o(i.USART2_IRQHandler)
    USART3_IRQHandler                        0x08003a9d   Thumb Code    52  uartdrive.o(i.USART3_IRQHandler)
    USART_ConfigInt                          0x08003ad9   Thumb Code    74  n32l40x_usart.o(i.USART_ConfigInt)
    USART_Enable                             0x08003b23   Thumb Code    24  n32l40x_usart.o(i.USART_Enable)
    USART_GetFlagStatus                      0x08003b3b   Thumb Code    26  n32l40x_usart.o(i.USART_GetFlagStatus)
    USART_GetIntStatus                       0x08003b55   Thumb Code    84  n32l40x_usart.o(i.USART_GetIntStatus)
    USART_Init                               0x08003ba9   Thumb Code   168  n32l40x_usart.o(i.USART_Init)
    USART_ReceiveData                        0x08003c5d   Thumb Code    10  n32l40x_usart.o(i.USART_ReceiveData)
    USART_SendData                           0x08003c67   Thumb Code     8  n32l40x_usart.o(i.USART_SendData)
    Uart2_CmdAskVersionACK                   0x08003c6f   Thumb Code    48  uartprotocol.o(i.Uart2_CmdAskVersionACK)
    Uart2_CmdRstACK                          0x08003ca1   Thumb Code    32  uartprotocol.o(i.Uart2_CmdRstACK)
    UsageFault_Handler                       0x08003cc5   Thumb Code     4  n32l40x_it.o(i.UsageFault_Handler)
    VIN_RelayCtrl                            0x08003cc9   Thumb Code    46  source_relay.o(i.VIN_RelayCtrl)
    __0printf                                0x08003cfd   Thumb Code    22  printfa.o(i.__0printf)
    __1printf                                0x08003cfd   Thumb Code     0  printfa.o(i.__0printf)
    __2printf                                0x08003cfd   Thumb Code     0  printfa.o(i.__0printf)
    __c89printf                              0x08003cfd   Thumb Code     0  printfa.o(i.__0printf)
    printf                                   0x08003cfd   Thumb Code     0  printfa.o(i.__0printf)
    __ARM_fpclassify                         0x08003d1d   Thumb Code    40  fpclassify.o(i.__ARM_fpclassify)
    __kernel_poly                            0x08003d45   Thumb Code   170  poly.o(i.__kernel_poly)
    __mathlib_dbl_divzero                    0x08003df1   Thumb Code    12  dunder.o(i.__mathlib_dbl_divzero)
    __mathlib_dbl_infnan2                    0x08003e01   Thumb Code     4  dunder.o(i.__mathlib_dbl_infnan2)
    __mathlib_dbl_invalid                    0x08003e05   Thumb Code    12  dunder.o(i.__mathlib_dbl_invalid)
    __mathlib_dbl_overflow                   0x08003e11   Thumb Code    14  dunder.o(i.__mathlib_dbl_overflow)
    __mathlib_dbl_underflow                  0x08003e21   Thumb Code    10  dunder.o(i.__mathlib_dbl_underflow)
    __scatterload_copy                       0x08003e31   Thumb Code    14  handlers.o(i.__scatterload_copy)
    __scatterload_null                       0x08003e3f   Thumb Code     2  handlers.o(i.__scatterload_null)
    __scatterload_zeroinit                   0x08003e41   Thumb Code    14  handlers.o(i.__scatterload_zeroinit)
    __set_errno                              0x08003e51   Thumb Code     6  errno.o(i.__set_errno)
    fputc                                    0x080046e9   Thumb Code    32  debug.o(i.fputc)
    free                                     0x0800470d   Thumb Code    76  malloc.o(i.free)
    main                                     0x0800475d   Thumb Code    84  main.o(i.main)
    malloc                                   0x080047c5   Thumb Code    92  malloc.o(i.malloc)
    pow                                      0x08004831   Thumb Code  2512  pow.o(i.pow)
    sqrt                                     0x08005209   Thumb Code    76  sqrt.o(i.sqrt)
    AHBPrescTable                            0x08005254   Data          16  system_n32l40x.o(.constdata)
    MSIClockTable                            0x08005264   Data          28  system_n32l40x.o(.constdata)
    KeyConstVolBuf                           0x080052dc   Data          16  key.o(.constdata)
    KeyConstStitchGear                       0x080052ec   Data           4  key.o(.constdata)
    __mathlib_zero                           0x08005378   Data           8  qnan.o(.constdata)
    Region$$Table$$Base                      0x08005380   Number         0  anon$$obj.o(Region$$Table)
    Region$$Table$$Limit                     0x080053a0   Number         0  anon$$obj.o(Region$$Table)
    SystemCoreClock                          0x20000000   Data           4  system_n32l40x.o(.data)
    OHMrelayChl                              0x20000004   Data          60  source_relay.o(.data)
    VINrelayChl                              0x20000040   Data          72  source_relay.o(.data)
    AvomentPtPin                             0x2000008c   Data          60  metercontrol.o(.data)
    AvomentFuntionPin                        0x200000c8   Data          48  metercontrol.o(.data)
    __stdout                                 0x200000fc   Data           4  debug.o(.data)
    keyVal                                   0x20000100   Data           4  key.o(.data)
    KeyChangeGear                            0x20000104   Data           1  key.o(.data)
    __microlib_freelist                      0x20000108   Data           4  mvars.o(.data)
    __microlib_freelist_initialised          0x2000010c   Data           4  mvars.o(.data)
    localPrame                               0x20000114   Data         116  iap.o(.bss)
    iapCB                                    0x20000188   Data          16  iap.o(.bss)
    timerCB                                  0x20000198   Data         264  timer.o(.bss)
    uartDriveCB                              0x200002a0   Data         476  uartdrive.o(.bss)
    uartProtocolCB                           0x2000047c   Data        1876  uartprotocol.o(.bss)
    meterControlCB                           0x20000bd0   Data          56  metercontrol.o(.bss)
    __heap_base                              0x20000c08   Data           0  startup_n32l40x.o(HEAP)
    __heap_limit                             0x20002c08   Data           0  startup_n32l40x.o(HEAP)
    __initial_sp                             0x20002e08   Data           0  startup_n32l40x.o(STACK)



==============================================================================

Memory Map of the image

  Image Entry point : 0x08000149

  Load Region LR_IROM1 (Base: 0x08000000, Size: 0x000054b4, Max: 0x0001c800, ABSOLUTE)

    Execution Region ER_IROM1 (Exec base: 0x08000000, Load base: 0x08000000, Size: 0x000053a0, Max: 0x0001c800, ABSOLUTE)

    Exec Addr    Load Addr    Size         Type   Attr      Idx    E Section Name        Object

    0x08000000   0x08000000   0x00000148   Data   RO          154    RESET               startup_n32l40x.o
    0x08000148   0x08000148   0x00000000   Code   RO         5953  * .ARM.Collect$$$$00000000  mc_w.l(entry.o)
    0x08000148   0x08000148   0x00000004   Code   RO         6304    .ARM.Collect$$$$00000001  mc_w.l(entry2.o)
    0x0800014c   0x0800014c   0x00000004   Code   RO         6307    .ARM.Collect$$$$00000004  mc_w.l(entry5.o)
    0x08000150   0x08000150   0x00000000   Code   RO         6309    .ARM.Collect$$$$00000008  mc_w.l(entry7b.o)
    0x08000150   0x08000150   0x00000000   Code   RO         6311    .ARM.Collect$$$$0000000A  mc_w.l(entry8b.o)
    0x08000150   0x08000150   0x00000008   Code   RO         6312    .ARM.Collect$$$$0000000B  mc_w.l(entry9a.o)
    0x08000158   0x08000158   0x00000004   Code   RO         6319    .ARM.Collect$$$$0000000E  mc_w.l(entry12b.o)
    0x0800015c   0x0800015c   0x00000000   Code   RO         6314    .ARM.Collect$$$$0000000F  mc_w.l(entry10a.o)
    0x0800015c   0x0800015c   0x00000000   Code   RO         6316    .ARM.Collect$$$$00000011  mc_w.l(entry11a.o)
    0x0800015c   0x0800015c   0x00000004   Code   RO         6305    .ARM.Collect$$$$00002712  mc_w.l(entry2.o)
    0x08000160   0x08000160   0x00000024   Code   RO          155    .text               startup_n32l40x.o
    0x08000184   0x08000184   0x00000024   Code   RO         5956    .text               mc_w.l(memseta.o)
    0x080001a8   0x080001a8   0x000000b0   Code   RO         6247    .text               mf_w.l(fadd.o)
    0x08000258   0x08000258   0x00000064   Code   RO         6249    .text               mf_w.l(fmul.o)
    0x080002bc   0x080002bc   0x0000007c   Code   RO         6251    .text               mf_w.l(fdiv.o)
    0x08000338   0x08000338   0x000000e4   Code   RO         6253    .text               mf_w.l(dmul.o)
    0x0800041c   0x0800041c   0x000000de   Code   RO         6255    .text               mf_w.l(ddiv.o)
    0x080004fa   0x080004fa   0x00000012   Code   RO         6257    .text               mf_w.l(fflti.o)
    0x0800050c   0x0800050c   0x0000001a   Code   RO         6261    .text               mf_w.l(dfltui.o)
    0x08000526   0x08000526   0x00000032   Code   RO         6263    .text               mf_w.l(ffixi.o)
    0x08000558   0x08000558   0x00000026   Code   RO         6265    .text               mf_w.l(f2d.o)
    0x0800057e   0x0800057e   0x00000002   PAD
    0x08000580   0x08000580   0x00000030   Code   RO         6267    .text               mf_w.l(cdcmple.o)
    0x080005b0   0x080005b0   0x00000030   Code   RO         6269    .text               mf_w.l(cdrcmple.o)
    0x080005e0   0x080005e0   0x00000038   Code   RO         6271    .text               mf_w.l(d2f.o)
    0x08000618   0x08000618   0x00000014   Code   RO         6273    .text               mf_w.l(cfcmple.o)
    0x0800062c   0x0800062c   0x00000014   Code   RO         6275    .text               mf_w.l(cfrcmple.o)
    0x08000640   0x08000640   0x0000002c   Code   RO         6320    .text               mc_w.l(uidiv.o)
    0x0800066c   0x0800066c   0x00000062   Code   RO         6322    .text               mc_w.l(uldiv.o)
    0x080006ce   0x080006ce   0x00000000   Code   RO         6337    .text               mc_w.l(iusefp.o)
    0x080006ce   0x080006ce   0x0000006e   Code   RO         6338    .text               mf_w.l(fepilogue.o)
    0x0800073c   0x0800073c   0x000000ba   Code   RO         6340    .text               mf_w.l(depilogue.o)
    0x080007f6   0x080007f6   0x0000014e   Code   RO         6342    .text               mf_w.l(dadd.o)
    0x08000944   0x08000944   0x0000002e   Code   RO         6344    .text               mf_w.l(dscalb.o)
    0x08000972   0x08000972   0x00000022   Code   RO         6346    .text               mf_w.l(dflti.o)
    0x08000994   0x08000994   0x00000030   Code   RO         6348    .text               mf_w.l(dfixul.o)
    0x080009c4   0x080009c4   0x00000024   Code   RO         6350    .text               mc_w.l(init.o)
    0x080009e8   0x080009e8   0x0000001e   Code   RO         6352    .text               mc_w.l(llshl.o)
    0x08000a06   0x08000a06   0x00000020   Code   RO         6354    .text               mc_w.l(llushr.o)
    0x08000a26   0x08000a26   0x00000024   Code   RO         6356    .text               mc_w.l(llsshr.o)
    0x08000a4a   0x08000a4a   0x000000a2   Code   RO         6358    .text               mf_w.l(dsqrt.o)
    0x08000aec   0x08000aec   0x000000bc   Code   RO         5899    i.ADC1_DEVICE_Config  adc1.o
    0x08000ba8   0x08000ba8   0x00000008   Code   RO         5900    i.ADC1_Init         adc1.o
    0x08000bb0   0x08000bb0   0x0000002a   Code   RO          244    i.ADC_ConfigClk     n32l40x_adc.o
    0x08000bda   0x08000bda   0x000000c6   Code   RO          250    i.ADC_ConfigRegularChannel  n32l40x_adc.o
    0x08000ca0   0x08000ca0   0x00000016   Code   RO          252    i.ADC_Enable        n32l40x_adc.o
    0x08000cb6   0x08000cb6   0x00000016   Code   RO          259    i.ADC_EnableSoftwareStartConv  n32l40x_adc.o
    0x08000ccc   0x08000ccc   0x00000014   Code   RO          262    i.ADC_GetCalibrationStatus  n32l40x_adc.o
    0x08000ce0   0x08000ce0   0x00000008   Code   RO          263    i.ADC_GetDat        n32l40x_adc.o
    0x08000ce8   0x08000ce8   0x00000012   Code   RO          264    i.ADC_GetFlagStatus  n32l40x_adc.o
    0x08000cfa   0x08000cfa   0x00000012   Code   RO          265    i.ADC_GetFlagStatusNew  n32l40x_adc.o
    0x08000d0c   0x08000d0c   0x0000004c   Code   RO          270    i.ADC_Init          n32l40x_adc.o
    0x08000d58   0x08000d58   0x0000000a   Code   RO          276    i.ADC_StartCalibration  n32l40x_adc.o
    0x08000d62   0x08000d62   0x00000046   Code   RO         5153    i.APP_ReportMsg     uartprotocol.o
    0x08000da8   0x08000da8   0x00000084   Code   RO         5662    i.AvomentRevDataTimeout  metercontrol.o
    0x08000e2c   0x08000e2c   0x000000c8   Code   RO         5663    i.Avoment_ControlPin_Init  metercontrol.o
    0x08000ef4   0x08000ef4   0x00000038   Code   RO         5664    i.Avoment_FormatGetNum  metercontrol.o
    0x08000f2c   0x08000f2c   0x00000054   Code   RO         5665    i.Avoment_FormatGetSymbol  metercontrol.o
    0x08000f80   0x08000f80   0x0000003c   Code   RO         5666    i.Avoment_Init      metercontrol.o
    0x08000fbc   0x08000fbc   0x00000114   Code   RO         5667    i.Avoment_Process   metercontrol.o
    0x080010d0   0x080010d0   0x000000dc   Code   RO         5668    i.Avoment_ReportMeasureResultACK  metercontrol.o
    0x080011ac   0x080011ac   0x0000013c   Code   RO         5669    i.Avoment_RevDataParse  metercontrol.o
    0x080012e8   0x080012e8   0x0000006c   Code   RO         5670    i.Avoment_SetPTGear  metercontrol.o
    0x08001354   0x08001354   0x0000005c   Code   RO         5671    i.Avoment_ShortPressDown  metercontrol.o
    0x080013b0   0x080013b0   0x0000000c   Code   RO         5672    i.Avoment_StartInit  metercontrol.o
    0x080013bc   0x080013bc   0x0000000c   Code   RO         5673    i.Avoment_StateEnter  metercontrol.o
    0x080013c8   0x080013c8   0x0000001c   Code   RO         5674    i.Avoment_StitchGear  metercontrol.o
    0x080013e4   0x080013e4   0x000000a0   Code   RO         5675    i.Avoment_Uart2_Init  metercontrol.o
    0x08001484   0x08001484   0x00000004   Code   RO         4814    i.BusFault_Handler  n32l40x_it.o
    0x08001488   0x08001488   0x000000c0   Code   RO         4889    i.CLOCK_Configuration  system.o
    0x08001548   0x08001548   0x000001bc   Code   RO         5676    i.CheckDateStableAndReport  metercontrol.o
    0x08001704   0x08001704   0x00000058   Code   RO            4    i.ConfigMRVoltage1V  system_n32l40x.o
    0x0800175c   0x0800175c   0x00000002   Code   RO         4815    i.DebugMon_Handler  n32l40x_it.o
    0x0800175e   0x0800175e   0x0000000c   Code   RO         5787    i.Debug_Init        debug.o
    0x0800176a   0x0800176a   0x0000002e   Code   RO         4660    i.Delayms           delay.o
    0x08001798   0x08001798   0x00000010   Code   RO         1210    i.FLASH_ClearFlag   n32l40x_flash.o
    0x080017a8   0x080017a8   0x0000004c   Code   RO         1211    i.FLASH_ClockInit   n32l40x_flash.o
    0x080017f4   0x080017f4   0x00000050   Code   RO         1226    i.FLASH_GetSTS      n32l40x_flash.o
    0x08001844   0x08001844   0x00000014   Code   RO         1230    i.FLASH_Lock        n32l40x_flash.o
    0x08001858   0x08001858   0x0000001c   Code   RO         1233    i.FLASH_PrefetchBufSet  n32l40x_flash.o
    0x08001874   0x08001874   0x0000005c   Code   RO         1235    i.FLASH_ProgramWord  n32l40x_flash.o
    0x080018d0   0x080018d0   0x00000018   Code   RO         1238    i.FLASH_SetLatency  n32l40x_flash.o
    0x080018e8   0x080018e8   0x00000018   Code   RO         1240    i.FLASH_Unlock      n32l40x_flash.o
    0x08001900   0x08001900   0x00000026   Code   RO         1241    i.FLASH_WaitForLastOpt  n32l40x_flash.o
    0x08001926   0x08001926   0x00000002   PAD
    0x08001928   0x08001928   0x000001e8   Code   RO         1441    i.GPIO_InitPeripheral  n32l40x_gpio.o
    0x08001b10   0x08001b10   0x00000018   Code   RO         1442    i.GPIO_InitStruct   n32l40x_gpio.o
    0x08001b28   0x08001b28   0x00000004   Code   RO         1447    i.GPIO_ResetBits    n32l40x_gpio.o
    0x08001b2c   0x08001b2c   0x00000004   Code   RO         1448    i.GPIO_SetBits      n32l40x_gpio.o
    0x08001b30   0x08001b30   0x0000000a   Code   RO         1451    i.GPIO_WriteBit     n32l40x_gpio.o
    0x08001b3a   0x08001b3a   0x00000002   PAD
    0x08001b3c   0x08001b3c   0x00000034   Code   RO         5902    i.Get_ADC1_Value    adc1.o
    0x08001b70   0x08001b70   0x00000004   Code   RO         4816    i.HardFault_Handler  n32l40x_it.o
    0x08001b74   0x08001b74   0x00000006   Code   RO         4700    i.IAP_FlashReadWord  iap.o
    0x08001b7a   0x08001b7a   0x00000002   PAD
    0x08001b7c   0x08001b7c   0x00000040   Code   RO         4701    i.IAP_FlashReadWordArray  iap.o
    0x08001bbc   0x08001bbc   0x00000054   Code   RO         4703    i.IAP_FlashWriteWordArray  iap.o
    0x08001c10   0x08001c10   0x00000060   Code   RO         4704    i.IAP_FlashWriteWordArrayAndCheck  iap.o
    0x08001c70   0x08001c70   0x00000008   Code   RO         4706    i.IAP_Init          iap.o
    0x08001c78   0x08001c78   0x00000090   Code   RO         4710    i.IAP_WriteAppBin2  iap.o
    0x08001d08   0x08001d08   0x00000020   Code   RO         5862    i.KEY_Init          key.o
    0x08001d28   0x08001d28   0x00000134   Code   RO         5863    i.KeyScanTimeCallBack  key.o
    0x08001e5c   0x08001e5c   0x0000003c   Code   RO         5631    i.LED_Init          led.o
    0x08001e98   0x08001e98   0x00000038   Code   RO         5632    i.LED_Reversal      led.o
    0x08001ed0   0x08001ed0   0x00000048   Code   RO         4711    i.LoadPrameToLocal  iap.o
    0x08001f18   0x08001f18   0x00000004   Code   RO         4817    i.MemManage_Handler  n32l40x_it.o
    0x08001f1c   0x08001f1c   0x00000034   Code   RO         5154    i.MesureType_SwitchToGears  uartprotocol.o
    0x08001f50   0x08001f50   0x00000048   Code   RO         5371    i.MultimeterSendMsgToMaistr  state.o
    0x08001f98   0x08001f98   0x0000002c   Code   RO         4818    i.NMI_Handler       n32l40x_it.o
    0x08001fc4   0x08001fc4   0x0000000c   Code   RO         4890    i.NVIC_Configuration  system.o
    0x08001fd0   0x08001fd0   0x00000070   Code   RO          162    i.NVIC_Init         misc.o
    0x08002040   0x08002040   0x00000014   Code   RO          163    i.NVIC_PriorityGroupConfig  misc.o
    0x08002054   0x08002054   0x00000034   Code   RO         5586    i.OHM_RelayCtrl     source_relay.o
    0x08002088   0x08002088   0x00000010   Code   RO         2726    i.RCC_ClrIntPendingBit  n32l40x_rcc.o
    0x08002098   0x08002098   0x0000001c   Code   RO         2728    i.RCC_ConfigAdc1mClk  n32l40x_rcc.o
    0x080020b4   0x080020b4   0x00000018   Code   RO         2729    i.RCC_ConfigAdcHclk  n32l40x_rcc.o
    0x080020cc   0x080020cc   0x00000024   Code   RO         2730    i.RCC_ConfigAdcPllClk  n32l40x_rcc.o
    0x080020f0   0x080020f0   0x00000018   Code   RO         2731    i.RCC_ConfigHclk    n32l40x_rcc.o
    0x08002108   0x08002108   0x0000004c   Code   RO         2732    i.RCC_ConfigHse     n32l40x_rcc.o
    0x08002154   0x08002154   0x00000024   Code   RO         2734    i.RCC_ConfigInt     n32l40x_rcc.o
    0x08002178   0x08002178   0x00000018   Code   RO         2742    i.RCC_ConfigPclk1   n32l40x_rcc.o
    0x08002190   0x08002190   0x00000018   Code   RO         2743    i.RCC_ConfigPclk2   n32l40x_rcc.o
    0x080021a8   0x080021a8   0x00000040   Code   RO         2744    i.RCC_ConfigPll     n32l40x_rcc.o
    0x080021e8   0x080021e8   0x00000018   Code   RO         2749    i.RCC_ConfigSysclk  n32l40x_rcc.o
    0x08002200   0x08002200   0x00000060   Code   RO         2755    i.RCC_DeInit        n32l40x_rcc.o
    0x08002260   0x08002260   0x00000020   Code   RO         2756    i.RCC_EnableAHBPeriphClk  n32l40x_rcc.o
    0x08002280   0x08002280   0x00000020   Code   RO         2758    i.RCC_EnableAPB1PeriphClk  n32l40x_rcc.o
    0x080022a0   0x080022a0   0x00000020   Code   RO         2759    i.RCC_EnableAPB1PeriphReset  n32l40x_rcc.o
    0x080022c0   0x080022c0   0x00000020   Code   RO         2760    i.RCC_EnableAPB2PeriphClk  n32l40x_rcc.o
    0x080022e0   0x080022e0   0x00000020   Code   RO         2761    i.RCC_EnableAPB2PeriphReset  n32l40x_rcc.o
    0x08002300   0x08002300   0x0000000c   Code   RO         2763    i.RCC_EnableHsi     n32l40x_rcc.o
    0x0800230c   0x0800230c   0x0000000c   Code   RO         2768    i.RCC_EnablePll     n32l40x_rcc.o
    0x08002318   0x08002318   0x00000154   Code   RO         2773    i.RCC_GetClocksFreqValue  n32l40x_rcc.o
    0x0800246c   0x0800246c   0x0000003c   Code   RO         2774    i.RCC_GetFlagStatus  n32l40x_rcc.o
    0x080024a8   0x080024a8   0x00000018   Code   RO         2775    i.RCC_GetIntStatus  n32l40x_rcc.o
    0x080024c0   0x080024c0   0x00000010   Code   RO         2781    i.RCC_GetSysclkSrc  n32l40x_rcc.o
    0x080024d0   0x080024d0   0x00000040   Code   RO         4819    i.RCC_IRQHandler    n32l40x_it.o
    0x08002510   0x08002510   0x00000038   Code   RO         2784    i.RCC_WaitHseStable  n32l40x_rcc.o
    0x08002548   0x08002548   0x00000038   Code   RO         2785    i.RCC_WaitHsiStable  n32l40x_rcc.o
    0x08002580   0x08002580   0x00000020   Code   RO         3160    i.RTC_TamperCmd     n32l40x_rtc.o
    0x080025a0   0x080025a0   0x00000068   Code   RO         5587    i.RelayReset        source_relay.o
    0x08002608   0x08002608   0x000000dc   Code   RO         5588    i.Relay_HwInit      source_relay.o
    0x080026e4   0x080026e4   0x00000002   Code   RO         4820    i.SVC_Handler       n32l40x_it.o
    0x080026e6   0x080026e6   0x00000010   Code   RO         4891    i.SYSTEM_Init       system.o
    0x080026f6   0x080026f6   0x00000002   PAD
    0x080026f8   0x080026f8   0x000000f0   Code   RO            5    i.SetSysClock       system_n32l40x.o
    0x080027e8   0x080027e8   0x0000004c   Code   RO         5155    i.SysRest           uartprotocol.o
    0x08002834   0x08002834   0x00000002   Code   RO         4821    i.SysTick_Handler   n32l40x_it.o
    0x08002836   0x08002836   0x00000002   PAD
    0x08002838   0x08002838   0x0000010c   Code   RO            6    i.SystemCoreClockUpdate  system_n32l40x.o
    0x08002944   0x08002944   0x000000d4   Code   RO            7    i.SystemInit        system_n32l40x.o
    0x08002a18   0x08002a18   0x00000020   Code   RO         4940    i.TIM6_IRQHandler   timer.o
    0x08002a38   0x08002a38   0x00000050   Code   RO         4941    i.TIMER_AddTask     timer.o
    0x08002a88   0x08002a88   0x0000006c   Code   RO         4942    i.TIMER_AddToQueue  timer.o
    0x08002af4   0x08002af4   0x000000b4   Code   RO         4943    i.TIMER_CALLBACK_OnTimer  timer.o
    0x08002ba8   0x08002ba8   0x00000002   Code   RO         4945    i.TIMER_DoNothing   timer.o
    0x08002baa   0x08002baa   0x00000002   PAD
    0x08002bac   0x08002bac   0x00000060   Code   RO         4946    i.TIMER_Init        timer.o
    0x08002c0c   0x08002c0c   0x0000000e   Code   RO         4947    i.TIMER_InitTimerx  timer.o
    0x08002c1a   0x08002c1a   0x00000002   PAD
    0x08002c1c   0x08002c1c   0x00000020   Code   RO         4951    i.TIMER_ResetTimer  timer.o
    0x08002c3c   0x08002c3c   0x00000010   Code   RO         4953    i.TIMER_StartTimerx  timer.o
    0x08002c4c   0x08002c4c   0x00000058   Code   RO         4955    i.TIMER_TaskQueueProcess  timer.o
    0x08002ca4   0x08002ca4   0x00000008   Code   RO         3617    i.TIM_ClearFlag     n32l40x_tim.o
    0x08002cac   0x08002cac   0x00000008   Code   RO         3618    i.TIM_ClrIntPendingBit  n32l40x_tim.o
    0x08002cb4   0x08002cb4   0x00000012   Code   RO         3640    i.TIM_ConfigInt     n32l40x_tim.o
    0x08002cc6   0x08002cc6   0x00000002   PAD
    0x08002cc8   0x08002cc8   0x000000fc   Code   RO         3667    i.TIM_DeInit        n32l40x_tim.o
    0x08002dc4   0x08002dc4   0x00000016   Code   RO         3668    i.TIM_Enable        n32l40x_tim.o
    0x08002dda   0x08002dda   0x00000022   Code   RO         3686    i.TIM_GetIntStatus  n32l40x_tim.o
    0x08002dfc   0x08002dfc   0x00000148   Code   RO         3699    i.TIM_InitTimeBase  n32l40x_tim.o
    0x08002f44   0x08002f44   0x0000006c   Code   RO         4956    i.TIMx_INT_Init     timer.o
    0x08002fb0   0x08002fb0   0x0000000c   Code   RO         5789    i.UART1_DRIVER_HwInit  debug.o
    0x08002fbc   0x08002fbc   0x000000c8   Code   RO         5790    i.UART1_GPIO_Config  debug.o
    0x08003084   0x08003084   0x00000040   Code   RO         5156    i.UART_CheckSUM_    uartprotocol.o
    0x080030c4   0x080030c4   0x000000b0   Code   RO         5063    i.UART_DRIVE_AddTxArray  uartdrive.o
    0x08003174   0x08003174   0x00000020   Code   RO         5064    i.UART_DRIVE_BC_SendData  uartdrive.o
    0x08003194   0x08003194   0x00000086   Code   RO         5065    i.UART_DRIVE_BC_StartTx  uartdrive.o
    0x0800321a   0x0800321a   0x00000038   Code   RO         5066    i.UART_DRIVE_DataStructInit  uartdrive.o
    0x08003252   0x08003252   0x00000002   PAD
    0x08003254   0x08003254   0x000000c8   Code   RO         5067    i.UART_DRIVE_HwInit  uartdrive.o
    0x0800331c   0x0800331c   0x00000018   Code   RO         5069    i.UART_DRIVE_Init   uartdrive.o
    0x08003334   0x08003334   0x00000010   Code   RO         5070    i.UART_DRIVE_Process  uartdrive.o
    0x08003344   0x08003344   0x0000000c   Code   RO         5071    i.UART_DRIVE_RegisterDataSendService  uartdrive.o
    0x08003350   0x08003350   0x0000000c   Code   RO         5072    i.UART_DRIVE_TxProcess  uartdrive.o
    0x0800335c   0x0800335c   0x000001d8   Code   RO         5160    i.UART_PROTOCOL_CmdFrameProcess  uartprotocol.o
    0x08003534   0x08003534   0x00000064   Code   RO         5161    i.UART_PROTOCOL_ConfirmTempCmdFrameBuff  uartprotocol.o
    0x08003598   0x08003598   0x00000076   Code   RO         5162    i.UART_PROTOCOL_DataStructInit  uartprotocol.o
    0x0800360e   0x0800360e   0x00000002   PAD
    0x08003610   0x08003610   0x00000024   Code   RO         5163    i.UART_PROTOCOL_Init  uartprotocol.o
    0x08003634   0x08003634   0x00000054   Code   RO         5164    i.UART_PROTOCOL_MacProcess  uartprotocol.o
    0x08003688   0x08003688   0x00000018   Code   RO         5165    i.UART_PROTOCOL_Process  uartprotocol.o
    0x080036a0   0x080036a0   0x0000000c   Code   RO         5166    i.UART_PROTOCOL_RegisterDataSendService  uartprotocol.o
    0x080036ac   0x080036ac   0x000001a4   Code   RO         5167    i.UART_PROTOCOL_RxFIFOProcess  uartprotocol.o
    0x08003850   0x08003850   0x0000005c   Code   RO         5172    i.UART_PROTOCOL_TxAddData  uartprotocol.o
    0x080038ac   0x080038ac   0x000000a8   Code   RO         5173    i.UART_PROTOCOL_TxAddFrame  uartprotocol.o
    0x08003954   0x08003954   0x000000a8   Code   RO         5174    i.UART_PROTOCOL_TxStateProcess  uartprotocol.o
    0x080039fc   0x080039fc   0x00000038   Code   RO         5792    i.USART1_IRQHandler  debug.o
    0x08003a34   0x08003a34   0x00000068   Code   RO         5677    i.USART2_IRQHandler  metercontrol.o
    0x08003a9c   0x08003a9c   0x0000003c   Code   RO         5073    i.USART3_IRQHandler  uartdrive.o
    0x08003ad8   0x08003ad8   0x0000004a   Code   RO         4333    i.USART_ConfigInt   n32l40x_usart.o
    0x08003b22   0x08003b22   0x00000018   Code   RO         4338    i.USART_Enable      n32l40x_usart.o
    0x08003b3a   0x08003b3a   0x0000001a   Code   RO         4345    i.USART_GetFlagStatus  n32l40x_usart.o
    0x08003b54   0x08003b54   0x00000054   Code   RO         4346    i.USART_GetIntStatus  n32l40x_usart.o
    0x08003ba8   0x08003ba8   0x000000b4   Code   RO         4347    i.USART_Init        n32l40x_usart.o
    0x08003c5c   0x08003c5c   0x0000000a   Code   RO         4348    i.USART_ReceiveData  n32l40x_usart.o
    0x08003c66   0x08003c66   0x00000008   Code   RO         4350    i.USART_SendData    n32l40x_usart.o
    0x08003c6e   0x08003c6e   0x00000030   Code   RO         5176    i.Uart2_CmdAskVersionACK  uartprotocol.o
    0x08003c9e   0x08003c9e   0x00000002   PAD
    0x08003ca0   0x08003ca0   0x00000024   Code   RO         5177    i.Uart2_CmdRstACK   uartprotocol.o
    0x08003cc4   0x08003cc4   0x00000004   Code   RO         4822    i.UsageFault_Handler  n32l40x_it.o
    0x08003cc8   0x08003cc8   0x00000034   Code   RO         5589    i.VIN_RelayCtrl     source_relay.o
    0x08003cfc   0x08003cfc   0x00000020   Code   RO         6191    i.__0printf         mc_w.l(printfa.o)
    0x08003d1c   0x08003d1c   0x00000028   Code   RO         6291    i.__ARM_fpclassify  m_ws.l(fpclassify.o)
    0x08003d44   0x08003d44   0x000000aa   Code   RO         6293    i.__kernel_poly     m_ws.l(poly.o)
    0x08003dee   0x08003dee   0x00000002   PAD
    0x08003df0   0x08003df0   0x00000010   Code   RO         6277    i.__mathlib_dbl_divzero  m_ws.l(dunder.o)
    0x08003e00   0x08003e00   0x00000004   Code   RO         6279    i.__mathlib_dbl_infnan2  m_ws.l(dunder.o)
    0x08003e04   0x08003e04   0x0000000c   Code   RO         6280    i.__mathlib_dbl_invalid  m_ws.l(dunder.o)
    0x08003e10   0x08003e10   0x0000000e   Code   RO         6281    i.__mathlib_dbl_overflow  m_ws.l(dunder.o)
    0x08003e1e   0x08003e1e   0x00000002   PAD
    0x08003e20   0x08003e20   0x00000010   Code   RO         6283    i.__mathlib_dbl_underflow  m_ws.l(dunder.o)
    0x08003e30   0x08003e30   0x0000000e   Code   RO         6362    i.__scatterload_copy  mc_w.l(handlers.o)
    0x08003e3e   0x08003e3e   0x00000002   Code   RO         6363    i.__scatterload_null  mc_w.l(handlers.o)
    0x08003e40   0x08003e40   0x0000000e   Code   RO         6364    i.__scatterload_zeroinit  mc_w.l(handlers.o)
    0x08003e4e   0x08003e4e   0x00000002   PAD
    0x08003e50   0x08003e50   0x0000000c   Code   RO         6332    i.__set_errno       mc_w.l(errno.o)
    0x08003e5c   0x08003e5c   0x00000184   Code   RO         6198    i._fp_digits        mc_w.l(printfa.o)
    0x08003fe0   0x08003fe0   0x000006b4   Code   RO         6199    i._printf_core      mc_w.l(printfa.o)
    0x08004694   0x08004694   0x00000024   Code   RO         6200    i._printf_post_padding  mc_w.l(printfa.o)
    0x080046b8   0x080046b8   0x0000002e   Code   RO         6201    i._printf_pre_padding  mc_w.l(printfa.o)
    0x080046e6   0x080046e6   0x00000002   PAD
    0x080046e8   0x080046e8   0x00000024   Code   RO         5794    i.fputc             debug.o
    0x0800470c   0x0800470c   0x00000050   Code   RO         6219    i.free              mc_w.l(malloc.o)
    0x0800475c   0x0800475c   0x00000068   Code   RO         4575    i.main              main.o
    0x080047c4   0x080047c4   0x0000006c   Code   RO         6220    i.malloc            mc_w.l(malloc.o)
    0x08004830   0x08004830   0x000009d8   Code   RO         5944    i.pow               m_ws.l(pow.o)
    0x08005208   0x08005208   0x0000004c   Code   RO         6297    i.sqrt              m_ws.l(sqrt.o)
    0x08005254   0x08005254   0x0000002c   Data   RO            8    .constdata          system_n32l40x.o
    0x08005280   0x08005280   0x0000005c   Data   RO         2787    .constdata          n32l40x_rcc.o
    0x080052dc   0x080052dc   0x00000014   Data   RO         5864    .constdata          key.o
    0x080052f0   0x080052f0   0x00000088   Data   RO         5945    .constdata          m_ws.l(pow.o)
    0x08005378   0x08005378   0x00000008   Data   RO         6295    .constdata          m_ws.l(qnan.o)
    0x08005380   0x08005380   0x00000020   Data   RO         6360    Region$$Table       anon$$obj.o


    Execution Region RW_IRAM1 (Exec base: 0x20000000, Load base: 0x080053a0, Size: 0x00002e08, Max: 0x00006000, ABSOLUTE)

    Exec Addr    Load Addr    Size         Type   Attr      Idx    E Section Name        Object

    0x20000000   0x080053a0   0x00000004   Data   RW            9    .data               system_n32l40x.o
    0x20000004   0x080053a4   0x00000084   Data   RW         5590    .data               source_relay.o
    0x20000088   0x08005428   0x00000001   Data   RW         5633    .data               led.o
    0x20000089   0x08005429   0x00000003   PAD
    0x2000008c   0x0800542c   0x0000006e   Data   RW         5679    .data               metercontrol.o
    0x200000fa   0x0800549a   0x00000002   PAD
    0x200000fc   0x0800549c   0x00000004   Data   RW         5795    .data               debug.o
    0x20000100   0x080054a0   0x00000008   Data   RW         5865    .data               key.o
    0x20000108   0x080054a8   0x00000004   Data   RW         6328    .data               mc_w.l(mvars.o)
    0x2000010c   0x080054ac   0x00000004   Data   RW         6329    .data               mc_w.l(mvars.o)
    0x20000110   0x080054b0   0x00000004   Data   RW         6333    .data               mc_w.l(errno.o)
    0x20000114        -       0x00000084   Zero   RW         4712    .bss                iap.o
    0x20000198        -       0x00000108   Zero   RW         4957    .bss                timer.o
    0x200002a0        -       0x000001dc   Zero   RW         5074    .bss                uartdrive.o
    0x2000047c        -       0x00000754   Zero   RW         5178    .bss                uartprotocol.o
    0x20000bd0        -       0x00000038   Zero   RW         5678    .bss                metercontrol.o
    0x20000c08        -       0x00002000   Zero   RW          153    HEAP                startup_n32l40x.o
    0x20002c08        -       0x00000200   Zero   RW          152    STACK               startup_n32l40x.o


==============================================================================

Image component sizes


      Code (inc. data)   RO Data    RW Data    ZI Data      Debug   Object Name

       248         16          0          0          0       1461   adc1.o
       316         16          0          4          0       4143   debug.o
        46          0          0          0          0        478   delay.o
       474         40          0          0        132       6065   iap.o
       340         52         20          8          0       1746   key.o
       116         16          0          1          0        870   led.o
       104         20          0          0          0       7632   main.o
      2304        192          0        110         56      16244   metercontrol.o
       132         22          0          0          0     244207   misc.o
       434         10          0          0          0       8351   n32l40x_adc.o
       398         48          0          0          0       6956   n32l40x_flash.o
       530          4          0          0          0       4116   n32l40x_gpio.o
       130          0          0          0          0       3650   n32l40x_it.o
      1208        172         92          0          0      18975   n32l40x_rcc.o
        32          6          0          0          0        552   n32l40x_rtc.o
       670         64          0          0          0       5003   n32l40x_tim.o
       406         12          0          0          0       6182   n32l40x_usart.o
       428         38          0        132          0       2738   source_relay.o
        36          8        328          0       8704        760   startup_n32l40x.o
        72          0          0          0          0       3808   state.o
       220          0          0          0          0      31377   system.o
       808        100         44          4          0      81923   system_n32l40x.o
       756         46          0          0        264       6074   timer.o
       722         44          0          0        476       6766   uartdrive.o
      2040        112          0          0       1876      27470   uartprotocol.o

    ----------------------------------------------------------------------
     12992       1038        516        264      11508     497547   Object Totals
         0          0         32          0          0          0   (incl. Generated)
        22          0          0          5          0          0   (incl. Padding)

    ----------------------------------------------------------------------

      Code (inc. data)   RO Data    RW Data    ZI Data      Debug   Library Member Name

        62         10          0          0          0        340   dunder.o
        40          0          0          0          0         68   fpclassify.o
       170          0          0          0          0         96   poly.o
      2520        190        136          0          0        324   pow.o
         0          0          8          0          0          0   qnan.o
        76          0          0          0          0         84   sqrt.o
         0          0          0          0          0          0   entry.o
         0          0          0          0          0          0   entry10a.o
         0          0          0          0          0          0   entry11a.o
         4          0          0          0          0          0   entry12b.o
         8          4          0          0          0          0   entry2.o
         4          0          0          0          0          0   entry5.o
         0          0          0          0          0          0   entry7b.o
         0          0          0          0          0          0   entry8b.o
         8          4          0          0          0          0   entry9a.o
        12          6          0          4          0         68   errno.o
        30          0          0          0          0          0   handlers.o
        36          8          0          0          0         68   init.o
         0          0          0          0          0          0   iusefp.o
        30          0          0          0          0         68   llshl.o
        36          0          0          0          0         68   llsshr.o
        32          0          0          0          0         68   llushr.o
       188         20          0          0          0        160   malloc.o
        36          0          0          0          0        108   memseta.o
         0          0          0          8          0          0   mvars.o
      2218         90          0          0          0        464   printfa.o
        44          0          0          0          0         80   uidiv.o
        98          0          0          0          0         92   uldiv.o
        48          0          0          0          0         68   cdcmple.o
        48          0          0          0          0         68   cdrcmple.o
        20          0          0          0          0         68   cfcmple.o
        20          0          0          0          0         68   cfrcmple.o
        56          0          0          0          0         88   d2f.o
       334          0          0          0          0        148   dadd.o
       222          0          0          0          0        100   ddiv.o
       186          0          0          0          0        176   depilogue.o
        48          0          0          0          0         68   dfixul.o
        34          0          0          0          0         76   dflti.o
        26          0          0          0          0         76   dfltui.o
       228          0          0          0          0         96   dmul.o
        46          0          0          0          0         80   dscalb.o
       162          0          0          0          0        100   dsqrt.o
        38          0          0          0          0         68   f2d.o
       176          0          0          0          0        140   fadd.o
       124          0          0          0          0         88   fdiv.o
       110          0          0          0          0        168   fepilogue.o
        50          0          0          0          0         68   ffixi.o
        18          0          0          0          0         68   fflti.o
       100          0          0          0          0         76   fmul.o

    ----------------------------------------------------------------------
      7756        332        144         12          0       4112   Library Totals
        10          0          0          0          0          0   (incl. Padding)

    ----------------------------------------------------------------------

      Code (inc. data)   RO Data    RW Data    ZI Data      Debug   Library Name

      2868        200        144          0          0        912   m_ws.l
      2784        132          0         12          0       1244   mc_w.l
      2094          0          0          0          0       1956   mf_w.l

    ----------------------------------------------------------------------
      7756        332        144         12          0       4112   Library Totals

    ----------------------------------------------------------------------

==============================================================================


      Code (inc. data)   RO Data    RW Data    ZI Data      Debug   

     20748       1370        660        276      11508     491411   Grand Totals
     20748       1370        660        276      11508     491411   ELF Image Totals
     20748       1370        660        276          0          0   ROM Totals

==============================================================================

    Total RO  Size (Code + RO Data)                21408 (  20.91kB)
    Total RW  Size (RW Data + ZI Data)             11784 (  11.51kB)
    Total ROM Size (Code + RO Data + RW Data)      21684 (  21.18kB)

==============================================================================

